 tzcmcpld

 Timestamp is 5356cf3d (Tue Apr 22 16:21:17 2014)

 Preferred load address is 10000000

 Start         Length     Name                   Class
 0001:00000000 00013171H .text                   CODE
 0002:00000000 000001dcH .rdata                  DATA
 0002:000001e0 000031f4H .edata                  DATA
 0003:00000000 00000104H .CRT$XCA                DATA
 0003:00000104 00000104H .CRT$XCZ                DATA
 0003:00000208 00000104H .CRT$XIA                DATA
 0003:0000030c 00000104H .CRT$XIZ                DATA
 0003:00000410 00002c46H .data                   DATA
 0003:00003058 00000058H .bss                    DATA
 0004:00000000 0000008cH .idata$2                DATA
 0004:0000008c 00000014H .idata$3                DATA
 0004:000000a0 00000394H .idata$4                DATA
 0004:00000434 00000394H .idata$5                DATA
 0004:000007c8 000003f0H .idata$6                DATA
 0005:00000000 000001d8H .rsrc$01                DATA
 0005:000001e0 00000499H .rsrc$02                DATA

  Address         Publics by Value              Rva+Base     Lib:Object

 0001:000005f0       _DllMain@12                100015f0 f   zdllinst.obj
 0001:00000616       _GetDLL_Instance@4         10001616 f   zdllinst.obj
 0001:00000630       _zwTZCMCPLD_InitSignOn@4   10001630 f   tzcmcpld.obj
 0001:00000e1d       _zwTZCMCPLD_SaveInstall@4  10001e1d f   tzcmcpld.obj
 0001:00000e95       _zwTZCMCPLD_ExitDialog@4   10001e95 f   tzcmcpld.obj
 0001:000010b5       _zwTZCMCPLD_SignOnOK@4     100020b5 f   tzcmcpld.obj
 0001:00001784       _zwTZCMCPLD_DropUserView@4 10002784 f   tzcmcpld.obj
 0001:000017b5       _zwTZCMCPLD_CPL_PopUp@4    100027b5 f   tzcmcpld.obj
 0001:0000188a       _zwTZCMCPLD_InitMenu@4     1000288a f   tzcmcpld.obj
 0001:00001994       _zwTZCMCPLD_DisableControls@4 10002994 f   tzcmcpld.obj
 0001:00001a99       _zwTZCMCPLD_AddAnother@4   10002a99 f   tzcmcpld.obj
 0001:00001b4c       _zwTZCMCPLD_DeleteCPL@4    10002b4c f   tzcmcpld.obj
 0001:00001c57       _zwTZCMCPLD_TransferToAddCPLR@4 10002c57 f   tzcmcpld.obj
 0001:00001cf8       _zwTZCMCPLD_CancelCPLR@4   10002cf8 f   tzcmcpld.obj
 0001:00001dce       _zwTZCMCPLD_DeleteCPLR@4   10002dce f   tzcmcpld.obj
 0001:00001f9e       _zwTZCMCPLD_DeleteCPLR_WithEnq@4 10002f9e f   tzcmcpld.obj
 0001:00002167       _zwTZCMCPLD_DeleteMetaFromListAll@4 10003167 f   tzcmcpld.obj
 0001:00002400       _zwTZCMCPLD_DeleteMetaFromList@4 10003400 f   tzcmcpld.obj
 0001:00002719       _zwTZCMCPLD_DeleteMeta@4   10003719 f   tzcmcpld.obj
 0001:00002c4f       _zwTZCMCPLD_XferToAddUser@4 10003c4f f   tzcmcpld.obj
 0001:00002cdd       _zwTZCMCPLD_DeleteInstallUser@4 10003cdd f   tzcmcpld.obj
 0001:00002e78       _zwTZCMCPLD_AddInstallUser@4 10003e78 f   tzcmcpld.obj
 0001:00002f85       _zwTZCMCPLD_CancelAddUser@4 10003f85 f   tzcmcpld.obj
 0001:00002fb6       _zwTZCMCPLD_GetNextUser@4  10003fb6 f   tzcmcpld.obj
 0001:0000303b       _zwTZCMCPLD_GetPrevUser@4  1000403b f   tzcmcpld.obj
 0001:000030c0       _zwTZCMCPLD_BuildUserWkList@4 100040c0 f   tzcmcpld.obj
 0001:00003386       _zwTZCMCPLD_SetAuthority@4 10004386 f   tzcmcpld.obj
 0001:000034f4       _zwTZCMCPLD_AddUserToCPLR@4 100044f4 f   tzcmcpld.obj
 0001:00003615       _zwTZCMCPLD_CPLR_OK@4      10004615 f   tzcmcpld.obj
 0001:000039a8       _zwTZCMCPLD_CancelUserToCPLR@4 100049a8 f   tzcmcpld.obj
 0001:00003a24       _zwTZCMCPLD_AddCPLR_Users@4 10004a24 f   tzcmcpld.obj
 0001:00004106       _zwTZCMCPLD_LoadCPRO_WithEnq@4 10005106 f   tzcmcpld.obj
 0001:0000416f       _zwTZCMCPLD_LoadCPLR_WithEnq@4 1000516f f   tzcmcpld.obj
 0001:000041d8       _zwTZCMCPLD_LoadUser@4     100051d8 f   tzcmcpld.obj
 0001:00004403       _zwTZCMCPLD_AddCPL@4       10005403 f   tzcmcpld.obj
 0001:00004438       _zwTZCMCPLD_AcceptCPL@4    10005438 f   tzcmcpld.obj
 0001:000046f2       _zwTZCMCPLD_BuildAdminList@4 100056f2 f   tzcmcpld.obj
 0001:0000483b       _zwTZCMCPLD_MetaInfoInit@4 1000583b f   tzcmcpld.obj
 0001:00004a09       _zwTZCMCPLD_BuildFileList@4 10005a09 f   tzcmcpld.obj
 0001:00004ab0       _zwTZCMCPLD_BuildMetaList@4 10005ab0 f   tzcmcpld.obj
 0001:00005018       _zwTZCMCPLD_ListAll@4      10006018 f   tzcmcpld.obj
 0001:000053ac       _zwTZCMCPLD_PreBuildReusableCPLR@4 100063ac f   tzcmcpld.obj
 0001:000058c7       _zwTZCMCPLD_BuildReusCPLR_List@4 100068c7 f   tzcmcpld.obj
 0001:000061f3       _zwTZCMCPLD_RemoveReusableCPLR@4 100071f3 f   tzcmcpld.obj
 0001:0000633f       _zwTZCMCPLD_CancelAddReusableCPLR@4 1000733f f   tzcmcpld.obj
 0001:00006394       _zwTZCMCPLD_ReusCreateErrorLod@4 10007394 f   tzcmcpld.obj
 0001:0000649e       _zwTZCMCPLD_ReusSetCountError@4 1000749e f   tzcmcpld.obj
 0001:000066cb       _zwTZCMCPLD_ReusRefreshErrorList@4 100076cb f   tzcmcpld.obj
 0001:00006703       _zwTZCMCPLD_SelectReusableCPLR@4 10007703 f   tzcmcpld.obj
 0001:000074fe       _zwTZCMCPLD_RemoveCO_Status@4 100084fe f   tzcmcpld.obj
 0001:00007981       _zwTZCMCPLD_DeleteWorkstation@4 10008981 f   tzcmcpld.obj
 0001:00007bd4       _zwTZCMCPLD_BuildWS_UserList@4 10008bd4 f   tzcmcpld.obj
 0001:00007de2       _zwTZCMCPLD_DropTZCMWULO@4 10008de2 f   tzcmcpld.obj
 0001:00007e13       _zwTZCMCPLD_HelpAbout@4    10008e13 f   tzcmcpld.obj
 0001:00007e37       _zwTZCMCPLD_HelpBasics@4   10008e37 f   tzcmcpld.obj
 0001:00007e4f       _zwTZCMCPLD_HelpOnHelp@4   10008e4f f   tzcmcpld.obj
 0001:00007e67       _zwTZCMCPLD_HelpContents@4 10008e67 f   tzcmcpld.obj
 0001:00007e7f       _zwTZCMCPLD_GrayWorkstation@4 10008e7f f   tzcmcpld.obj
 0001:00007eab       _zwTZCMCPLD_GrayInstallUsers@4 10008eab f   tzcmcpld.obj
 0001:00007ee7       _zwTZCMCPLD_GrayUserMaintenance@4 10008ee7 f   tzcmcpld.obj
 0001:00007f85       _zwTZCMCPLD_CancelSignOn@4 10008f85 f   tzcmcpld.obj
 0001:00007fdd       _zwTZCMCPLD_SetDIL_Message@4 10008fdd f   tzcmcpld.obj
 0001:00008085       _zwTZCMCPLD_CancelCPL@4    10009085 f   tzcmcpld.obj
 0001:00008104       _zwTZCMCPLD_LoadAuditTrailC@4 10009104 f   tzcmcpld.obj
 0001:000082cc       _zwTZCMCPLD_LoadAuditTrailM@4 100092cc f   tzcmcpld.obj
 0001:00008497       _zwTZCMCPLD_LoadAuditTrailM2_All@4 10009497 f   tzcmcpld.obj
 0001:00008662       _zwTZCMCPLD_LoadAuditTrailM2@4 10009662 f   tzcmcpld.obj
 0001:000086ef       _zwTZCMCPLD_DeleteFile@4   100096ef f   tzcmcpld.obj
 0001:00008860       _zwTZCMCPLD_CancelReusableCPLR@4 10009860 f   tzcmcpld.obj
 0001:00008911       _zwTZCMCPLD_OKReusableCPLR@4 10009911 f   tzcmcpld.obj
 0001:00008ed2       _zwTZCMCPLD_BuildUserOnWorkstList@4 10009ed2 f   tzcmcpld.obj
 0001:00008f0c       _zwTZCMCPLD_RefreshUserOnWorkst@4 10009f0c f   tzcmcpld.obj
 0001:00008f32       _zwTZCMCPLD_CloseUserOnWorkst@4 10009f32 f   tzcmcpld.obj
 0001:00008f82       _zwTZCMCPLD_CheckOutItems@4 10009f82 f   tzcmcpld.obj
 0001:00009239       _zwTZCMCPLD_BuildWS_RefreshDetail@4 1000a239 f   tzcmcpld.obj
 0001:0000942b       _zwTZCMCPLD_RefreshFileList@4 1000a42b f   tzcmcpld.obj
 0001:0000945a       _zwTZCMCPLD_SaveAsPreBuild@4 1000a45a f   tzcmcpld.obj
 0001:000094e8       _zwTZCMCPLD_SaveAsSetCPLName@4 1000a4e8 f   tzcmcpld.obj
 0001:00009557       _zwTZCMCPLD_DeleteCPLWithoutCPLR@4 1000a557 f   tzcmcpld.obj
 0001:000095f2       _zwTZCMCPLD_SaveAsCancel@4 1000a5f2 f   tzcmcpld.obj
 0001:00009652       _zwTZCMCPLD_SaveAsInNewCPL@4 1000a652 f   tzcmcpld.obj
 0001:0000969f       _zwTZCMCPLD_SaveAsCheckData@4 1000a69f f   tzcmcpld.obj
 0001:000098b7       _zwTZCMCPLD_SaveAsAccessAuthority@12 1000a8b7 f   tzcmcpld.obj
 0001:000099dc       _zwTZCMCPLD_SaveAsReusableCPLR@12 1000a9dc f   tzcmcpld.obj
 0001:00009ad7       _zwTZCMCPLD_FileErrorMessage@12 1000aad7 f   tzcmcpld.obj
 0001:00009b6c       _zwTZCMCPLD_SearchFile@12  1000ab6c f   tzcmcpld.obj
 0001:00009c77       _zwTZCMCPLD_LoadShadowFile@24 1000ac77 f   tzcmcpld.obj
 0001:00009f20       _zwTZCMCPLD_CopyShadowWithZKey@12 1000af20 f   tzcmcpld.obj
 0001:0000a165       _zwTZCMCPLD_SaveAsZ_MetaDef@12 1000b165 f   tzcmcpld.obj
 0001:0000a29d       _zwTZCMCPLD_CreateAuditTrail@28 1000b29d f   tzcmcpld.obj
 0001:0000a51a       _zwTZCMCPLD_LoadAuditTrailObject@12 1000b51a f   tzcmcpld.obj
 0001:0000a702       _zwTZCMCPLD_SaveAsAuditTrail@16 1000b702 f   tzcmcpld.obj
 0001:0000a923       _zwTZCMCPLD_LoadFileObject@12 1000b923 f   tzcmcpld.obj
 0001:0000aa5d       _zwTZCMCPLD_SaveAsFile@12  1000ba5d f   tzcmcpld.obj
 0001:0000ada2       _zwTZCMCPLD_SaveAS@12      1000bda2 f   tzcmcpld.obj
 0001:0000afbc       _zwTZCMCPLD_SetCPLR_CPL_Name@4 1000bfbc f   tzcmcpld.obj
 0001:0000b0d5       _zwTZCMCPLD_SaveAsSetAuditTrail@4 1000c0d5 f   tzcmcpld.obj
 0001:0000b0f1       _zwTZCMCPLD_SaveAsCPLR@4   1000c0f1 f   tzcmcpld.obj
 0001:0000b39e       _zwTZCMCPLD_SaveAsAborted@12 1000c39e f   tzcmcpld.obj
 0001:0000b565       _zwTZCMCPLD_PasswordPostbuild@4 1000c565 f   tzcmcpld.obj
 0001:0000b62a       _zwTZCMCPLD_Password_OK@4  1000c62a f   tzcmcpld.obj
 0001:0000b67e       _zwTZCMCPLD_SetMinCtrlPos_Users@4 1000c67e f   tzcmcpld.obj
 0001:0000bbdb       _zwTZCMCPLD_ReusableSetButtonText@4 1000cbdb f   tzcmcpld.obj
 0001:0000bc7f       _zwTZCMCPLD_AddReusableSetBtnText@4 1000cc7f f   tzcmcpld.obj
 0001:0000bc94       _zwTZCMCPLD_LoadOperForReusable@4 1000cc94 f   tzcmcpld.obj
 0001:0000bde6       _zwTZCMCPLD_LoadOperForAddReus@4 1000cde6 f   tzcmcpld.obj
 0001:0000be67       _zwTZCMCPLD_SetButtonPos@4 1000ce67 f   tzcmcpld.obj
 0001:0000bf1b       _zwTZCMCPLD_SetButtonPos_Select@4 1000cf1b f   tzcmcpld.obj
 0001:0000bfa3       _zwTZCMCPLD_ExpandReusable@4 1000cfa3 f   tzcmcpld.obj
 0001:0000c060       _zwTZCMCPLD_ExpandAddReusable@4 1000d060 f   tzcmcpld.obj
 0001:0000c075       _zwTZCMCPLD_ExpandAllReusable@4 1000d075 f   tzcmcpld.obj
 0001:0000c091       _zwTZCMCPLD_CollapseReusable@4 1000d091 f   tzcmcpld.obj
 0001:0000c139       _zwTZCMCPLD_CollapseAddReusable@4 1000d139 f   tzcmcpld.obj
 0001:0000c14e       _zwTZCMCPLD_CollapseAllReusable@4 1000d14e f   tzcmcpld.obj
 0001:0000c16d       _zwTZCMCPLD_ExpandAllCPLRs@4 1000d16d f   tzcmcpld.obj
 0001:0000c18c       _zwTZCMCPLD_CollapseAllCPLRs@4 1000d18c f   tzcmcpld.obj
 0001:0000c1ab       _zwTZCMCPLD_LoadPopupForReusable@4 1000d1ab f   tzcmcpld.obj
 0001:0000c457       _zwTZCMCPLD_LoadPopupForAddReus@4 1000d457 f   tzcmcpld.obj
 0001:0000c46c       _zwTZCMCPLD_DropComponentViews@4 1000d46c f   tzcmcpld.obj
 0001:0000c509       _zwTZCMCPLD_SetOkButtonText@4 1000d509 f   tzcmcpld.obj
 0001:0000c587       _zwTZCMCPLD_GrayCPLR_User@4 1000d587 f   tzcmcpld.obj
 0001:0000c5df       _zwTZCMCPLD_GrayReusableCPLR@4 1000d5df f   tzcmcpld.obj
 0001:0000c624       _zwTZCMCPLD_ErrorListSaveToFile@4 1000d624 f   tzcmcpld.obj
 0001:0000ce64       _zwTZCMCPLD_SetCPL_Name@4  1000de64 f   tzcmcpld.obj
 0001:0000cf5d       _zwTZCMCPLD_LoadCPLR_Users@4 1000df5d f   tzcmcpld.obj
 0001:0000d05a       _zwTZCMCPLD_DropViewForCPLR_Users@4 1000e05a f   tzcmcpld.obj
 0001:0000d08b       _zwTZCMCPLD_CPLR_Dependencies@4 1000e08b f   tzcmcpld.obj
 0001:0000d0fe       _zwTZCMCPLD_CloseDependencies@4 1000e0fe f   tzcmcpld.obj
 0001:0000d153       _zwTZCMCPLD_Search_CPLR@4  1000e153 f   tzcmcpld.obj
 0001:0000d493       _zwTZCMCPLD_ExpandAllSearchCPLR@4 1000e493 f   tzcmcpld.obj
 0001:0000d4b2       _zwTZCMCPLD_CollapseAllSearchCPLR@4 1000e4b2 f   tzcmcpld.obj
 0001:0000d4d1       _zwTZCMCPLD_LoadReusedBy@4 1000e4d1 f   tzcmcpld.obj
 0001:0000d514       _zwTZCMCPLD_LoadNewReusedBy@4 1000e514 f   tzcmcpld.obj
 0001:0000d54e       _zwTZCMCPLD_SetMinCtrlPos_Depend@4 1000e54e f   tzcmcpld.obj
 0001:0000d597       _zwTZCMCPLD_ListPrefDisableUserCB@4 1000e597 f   tzcmcpld.obj
 0001:0000d608       _zwTZCMCPLD_ListPrefSetCPL_Name@4 1000e608 f   tzcmcpld.obj
 0001:0000d771       _zwTZCMCPLD_ListPrefPostBuild@4 1000e771 f   tzcmcpld.obj
 0001:0000d85f       _zwTZCMCPLD_MetaInfoInit_All@4 1000e85f f   tzcmcpld.obj
 0001:0000d89a       _zwTZCMCPLD_DisableButton@4 1000e89a f   tzcmcpld.obj
 0001:0000d986       _zwTZCMCPLD_Load_WithEnq_Cluster@4 1000e986 f   tzcmcpld.obj
 0001:0000da15       _zwTZCMCPLD_ComponentPostBuild@4 1000ea15 f   tzcmcpld.obj
 0001:0000dbbe       _zwTZCMCPLD_CancelComponents@4 1000ebbe f   tzcmcpld.obj
 0001:0000dcc4       _zwTZCMCPLD_OKComponents@4 1000ecc4 f   tzcmcpld.obj
 0001:0000df9a       _zwTZCMCPLD_LoadPopup_Users@4 1000ef9a f   tzcmcpld.obj
 0001:0000e04a       _zwTZCMCPLD_SetAuthForSelUsers@4 1000f04a f   tzcmcpld.obj
 0001:0000e116       _zwTZCMCPLD_RemoveAuthForSelUsers@4 1000f116 f   tzcmcpld.obj
 0001:0000e1d5       _zwTZCMCPLD_GrayCPL_Detail@4 1000f1d5 f   tzcmcpld.obj
 0001:0000e2dc       _zwTZCMCPLD_DisableCompCtrls@4 1000f2dc f   tzcmcpld.obj
 0001:0000e464       _zwTZCMCPLD_SearchComponents@4 1000f464 f   tzcmcpld.obj
 0001:0000e4d8       _zwTZCMCPLD_AddAnotherTextLimit@4 1000f4d8 f   tzcmcpld.obj
 0001:00011ca2       _oTZCMQSYO_ActivateREPO_Enqueue@8 10012ca2 f   tzlodopr:tzlodopr.dll
 0001:00011ca8       _oTZCMCPRO_CPLR_Enqueue@12 10012ca8 f   tzlodopr:tzlodopr.dll
 0001:00011cae       _oTZCMCPRO_DeleteMetaWithCluster@16 10012cae f   tzlodopr:tzlodopr.dll
 0001:00011cb4       _oTZCMLPLO_ActivateFileOI@12 10012cb4 f   tzlodopr:tzlodopr.dll
 0001:00011cba       _oTZCMCPRO_DeleteMeta@12   10012cba f   tzlodopr:tzlodopr.dll
 0001:00011cc0       _zgSortEntityWithinGParent4@44 10012cc0 f   tzlodopr:tzlodopr.dll
 0001:00011cc6       _IssueToolAbout@20         10012cc6 f   tzlodopr:tzlodopr.dll
 0001:00011ccc       _StartZeidonHelp@8         10012ccc f   tzlodopr:tzlodopr.dll
 0001:00011cd2       _oTZCMCPRO_DeleteFileWithCluster@16 10012cd2 f   tzlodopr:tzlodopr.dll
 0001:00011cd8       _zltoxa@8                  10012cd8 f   tzlodopr:tzlodopr.dll
 0001:00011cde       _zgGetZeidonToolsDir@12    10012cde f   tzlodopr:tzlodopr.dll
 0001:00011ce4       _LoadFileAndActivateMeta@28 10012ce4 f   tzlodopr:tzlodopr.dll
 0001:00011cea       _zGetFirstEntityNameForView@8 10012cea f   tzvmlip:tzvmlip.dll
 0001:00011cf0       _TG_SetCellData@20         10012cf0 f   truegrid:truegrid.dll
 0001:00011cf6       _TG_GetActiveCell@16       10012cf6 f   truegrid:truegrid.dll
 0001:00011cfc       _TG_LockColumn@16          10012cfc f   truegrid:truegrid.dll
 0001:00011d02       _TG_GetMouseClick@8        10012d02 f   truegrid:truegrid.dll
 0001:00011d08       _SetNameForView@16         10012d08 f   kzoengaa:KZOENGAA.DLL
 0001:00011d0e       _MessageSend@24            10012d0e f   kzoengaa:KZOENGAA.DLL
 0001:00011d14       _DropObjectInstance@4      10012d14 f   kzoengaa:KZOENGAA.DLL
 0001:00011d1a       _ActivateObjectInstance@20 10012d1a f   kzoengaa:KZOENGAA.DLL
 0001:00011d20       _SfGetCurrentTask@4        10012d20 f   kzoengaa:KZOENGAA.DLL
 0001:00011d26       _SfGetTaskInfo@12          10012d26 f   kzoengaa:KZOENGAA.DLL
 0001:00011d2c       _SfGetNextTask@4           10012d2c f   kzoengaa:KZOENGAA.DLL
 0001:00011d32       _CommitObjectInstance@4    10012d32 f   kzoengaa:KZOENGAA.DLL
 0001:00011d38       _SetAttributeFromString@16 10012d38 f   kzoengaa:KZOENGAA.DLL
 0001:00011d3e       _SetAttributeFromInteger@16 10012d3e f   kzoengaa:KZOENGAA.DLL
 0001:00011d44       _CreateEntity@12           10012d44 f   kzoengaa:KZOENGAA.DLL
 0001:00011d4a       _ActivateEmptyObjectInstance@16 10012d4a f   kzoengaa:KZOENGAA.DLL
 0001:00011d50       _MessagePrompt@32          10012d50 f   kzoengaa:KZOENGAA.DLL
 0001:00011d56       _DropView@4                10012d56 f   kzoengaa:KZOENGAA.DLL
 0001:00011d5c       _GetStringFromAttribute@16 10012d5c f   kzoengaa:KZOENGAA.DLL
 0001:00011d62       _GetStringFromAttributeByContext@24 10012d62 f   kzoengaa:KZOENGAA.DLL
 0001:00011d68       _SetCursorLastEntity@12    10012d68 f   kzoengaa:KZOENGAA.DLL
 0001:00011d6e       _OrderEntityForView@12     10012d6e f   kzoengaa:KZOENGAA.DLL
 0001:00011d74       _GetViewByName@16          10012d74 f   kzoengaa:KZOENGAA.DLL
 0001:00011d7a       _SetCursorFirstEntity@12   10012d7a f   kzoengaa:KZOENGAA.DLL
 0001:00011d80       _CheckExistenceOfEntity@8  10012d80 f   kzoengaa:KZOENGAA.DLL
 0001:00011d86       _CommitMultipleObjectInstances@8 10012d86 f   kzoengaa:KZOENGAA.DLL
 0001:00011d8c       _GetIntegerFromAttribute@16 10012d8c f   kzoengaa:KZOENGAA.DLL
 0001:00011d92       _DropViewCluster@4         10012d92 f   kzoengaa:KZOENGAA.DLL
 0001:00011d98       _DeleteEntity@12           10012d98 f   kzoengaa:KZOENGAA.DLL
 0001:00011d9e       _CompareAttributeToInteger@16 10012d9e f   kzoengaa:KZOENGAA.DLL
 0001:00011da4       _ObjectInstanceUpdatedFromFile@4 10012da4 f   kzoengaa:KZOENGAA.DLL
 0001:00011daa       _SetIncrementalUpdateFlags@12 10012daa f   kzoengaa:KZOENGAA.DLL
 0001:00011db0       _AddToViewCluster@12       10012db0 f   kzoengaa:KZOENGAA.DLL
 0001:00011db6       _CreateViewCluster@8       10012db6 f   kzoengaa:KZOENGAA.DLL
 0001:00011dbc       _SetCursorFirstEntityByString@20 10012dbc f   kzoengaa:KZOENGAA.DLL
 0001:00011dc2       _CompareAttributeToAttribute@24 10012dc2 f   kzoengaa:KZOENGAA.DLL
 0001:00011dc8       _SetCursorPrevEntity@12    10012dc8 f   kzoengaa:KZOENGAA.DLL
 0001:00011dce       _SetAttributeFromAttribute@24 10012dce f   kzoengaa:KZOENGAA.DLL
 0001:00011dd4       _SysGetDateTime@4          10012dd4 f   kzoengaa:KZOENGAA.DLL
 0001:00011dda       _SetSelectStateOfEntity@12 10012dda f   kzoengaa:KZOENGAA.DLL
 0001:00011de0       _ExcludeEntity@12          10012de0 f   kzoengaa:KZOENGAA.DLL
 0001:00011de6       _RelinkInstanceToInstance@16 10012de6 f   kzoengaa:KZOENGAA.DLL
 0001:00011dec       _SetCursorNextSelectedEntity@12 10012dec f   kzoengaa:KZOENGAA.DLL
 0001:00011df2       _SetCursorFirstSelectedEntity@12 10012df2 f   kzoengaa:KZOENGAA.DLL
 0001:00011df8       _SetCursorFirstEntityByInteger@20 10012df8 f   kzoengaa:KZOENGAA.DLL
 0001:00011dfe       _SetCursorNextEntity@12    10012dfe f   kzoengaa:KZOENGAA.DLL
 0001:00011e04       _SetCursorNextEntityByString@20 10012e04 f   kzoengaa:KZOENGAA.DLL
 0001:00011e0a       _CreateViewFromViewForTask@12 10012e0a f   kzoengaa:KZOENGAA.DLL
 0001:00011e10       _GetIncrementalUpdateFlags@12 10012e10 f   kzoengaa:KZOENGAA.DLL
 0001:00011e16       _CompareAttributeToString@16 10012e16 f   kzoengaa:KZOENGAA.DLL
 0001:00011e1c       _IncludeSubobjectFromSubobject@20 10012e1c f   kzoengaa:KZOENGAA.DLL
 0001:00011e22       _UfCompressName@32         10012e22 f   kzoengaa:KZOENGAA.DLL
 0001:00011e28       _CreateTemporalSubobjectVersion@8 10012e28 f   kzoengaa:KZOENGAA.DLL
 0001:00011e2e       _ResetView@4               10012e2e f   kzoengaa:KZOENGAA.DLL
 0001:00011e34       _SetMatchingAttributesByName@20 10012e34 f   kzoengaa:KZOENGAA.DLL
 0001:00011e3a       _SetCursorNextEntityByInteger@20 10012e3a f   kzoengaa:KZOENGAA.DLL
 0001:00011e40       _CountEntitiesForView@8    10012e40 f   kzoengaa:KZOENGAA.DLL
 0001:00011e46       _ResetViewFromSubobject@4  10012e46 f   kzoengaa:KZOENGAA.DLL
 0001:00011e4c       _SetViewToSubobject@8      10012e4c f   kzoengaa:KZOENGAA.DLL
 0001:00011e52       _ActivateOI_FromOI_ForTask@16 10012e52 f   kzoengaa:KZOENGAA.DLL
 0001:00011e58       _SetCursorFirstEntityByAttr@28 10012e58 f   kzoengaa:KZOENGAA.DLL
 0001:00011e5e       _CancelSubobject@8         10012e5e f   kzoengaa:KZOENGAA.DLL
 0001:00011e64       _AcceptSubobject@8         10012e64 f   kzoengaa:KZOENGAA.DLL
 0001:00011e6a       _SetCursorNextEntityByAttr@28 10012e6a f   kzoengaa:KZOENGAA.DLL
 0001:00011e70       _SysCloseFile@12           10012e70 f   kzoengaa:KZOENGAA.DLL
 0001:00011e76       _SetAttributeFromBlob@20   10012e76 f   kzoengaa:KZOENGAA.DLL
 0001:00011e7c       _SysReadFile@16            10012e7c f   kzoengaa:KZOENGAA.DLL
 0001:00011e82       _SysOpenFile@12            10012e82 f   kzoengaa:KZOENGAA.DLL
 0001:00011e88       _CommitOI_ToFile@12        10012e88 f   kzoengaa:KZOENGAA.DLL
 0001:00011e8e       _GetAddrForAttribute@16    10012e8e f   kzoengaa:KZOENGAA.DLL
 0001:00011e94       _GetVariableFromAttribute@36 10012e94 f   kzoengaa:KZOENGAA.DLL
 0001:00011e9a       _SysWriteLine@12           10012e9a f   kzoengaa:KZOENGAA.DLL
 0001:00011ea0       _AppendViewCluster@8       10012ea0 f   kzoengaa:KZOENGAA.DLL
 0001:00011ea6       __stricmp                  10012ea6 f   msvcrtd:MSVCRTD.dll
 0001:00011eac       __strnicmp                 10012eac f   msvcrtd:MSVCRTD.dll
 0001:00011eb2       _strlen                    10012eb2 f   msvcrtd:MSVCRTD.dll
 0001:00011eb8       _strcat                    10012eb8 f   msvcrtd:MSVCRTD.dll
 0001:00011ebe       _strcpy                    10012ebe f   msvcrtd:MSVCRTD.dll
 0001:00011ec4       _strcmp                    10012ec4 f   msvcrtd:MSVCRTD.dll
 0001:00011eca       __ltoa                     10012eca f   msvcrtd:MSVCRTD.dll
 0001:00011ed0       _sprintf                   10012ed0 f   msvcrtd:MSVCRTD.dll
 0001:00011ee0       __alloca_probe             10012ee0 f   msvcrtd:chkstk.obj
 0001:00011ee0       __chkstk                   10012ee0 f   msvcrtd:chkstk.obj
 0001:00011f10       __CRT_INIT@12              10012f10 f   msvcrtd:crtdll.obj
 0001:00012020       __DllMainCRTStartup@12     10013020 f   msvcrtd:crtdll.obj
 0001:00012114       __free_dbg                 10013114 f   msvcrtd:MSVCRTD.dll
 0001:0001211a       __initterm                 1001311a f   msvcrtd:MSVCRTD.dll
 0001:00012120       __onexit                   10013120 f   msvcrtd:atonexit.obj
 0001:00012160       _atexit                    10013160 f   msvcrtd:atonexit.obj
 0001:00012178       __malloc_dbg               10013178 f   msvcrtd:MSVCRTD.dll
 0001:0001217e       ___dllonexit               1001317e f   msvcrtd:MSVCRTD.dll
 0001:00012184       _SetWindowActionBehavior@16 10013184 f   zdrapp:ZDrApp.dll
 0001:0001218a       _SetFocusToCtrl@8          1001318a f   zdrapp:ZDrApp.dll
 0001:00012190       _CreateTrackingPopupMenu@24 10013190 f   zdrapp:ZDrApp.dll
 0001:00012196       _EnableAction@12           10013196 f   zdrapp:ZDrApp.dll
 0001:0001219c       _SetOptionState@16         1001319c f   zdrapp:ZDrApp.dll
 0001:000121a2       _SetCtrlState@16           100131a2 f   zdrapp:ZDrApp.dll
 0001:000121a8       _SetCtrlText@12            100131a8 f   zdrapp:ZDrApp.dll
 0001:000121ae       _RefreshWindow@4           100131ae f   zdrapp:ZDrApp.dll
 0001:000121b4       _GetSubtaskForWindowName@12 100131b4 f   zdrapp:ZDrApp.dll
 0001:000121ba       _GetCtrlState@12           100131ba f   zdrapp:ZDrApp.dll
 0001:000121c0       _GetParentWindow@8         100131c0 f   zdrapp:ZDrApp.dll
 0001:000121c6       _MapWindow@4               100131c6 f   zdrapp:ZDrApp.dll
 0001:000121cc       _GetCtrlText@16            100131cc f   zdrapp:ZDrApp.dll
 0001:000121d2       _RefreshCtrl@8             100131d2 f   zdrapp:ZDrApp.dll
 0001:000121d8       _OperatorPrompt@28         100131d8 f   zdrapp:ZDrApp.dll
 0001:000121de       _SetCtrlRowColText@20      100131de f   zdrapp:ZDrApp.dll
 0001:000121e4       _InvokeWindowActionBehavior@16 100131e4 f   zdrapp:ZDrApp.dll
 0001:000121ea       _SetWindowCaptionTitle@12  100131ea f   zdrapp:ZDrApp.dll
 0001:000121f0       _SetCtrlPosition@20        100131f0 f   zdrapp:ZDrApp.dll
 0001:000121f6       _GetCtrlSize@20            100131f6 f   zdrapp:ZDrApp.dll
 0001:000121fc       _OperatorPromptForFile@24  100131fc f   zdrapp:ZDrApp.dll
 0001:00012202       _SetCtrlSize@20            10013202 f   zdrapp:ZDrApp.dll
 0001:00012208       _GetCtrlPosition@20        10013208 f   zdrapp:ZDrApp.dll
 0001:0001220e       _MB_SetMessage@12          1001320e f   zdctl:ZdCtl.dll
 0001:00012214       _OL_SetCtrlState@16        10013214 f   zdctl:ZdCtl.dll
 0001:0001221a       _ED_LimitTextLength@12     1001321a f   zdctl:ZdCtl.dll
 0001:00012220       _OL_GetCurrentEntityName@16 10013220 f   zdctl:ZdCtl.dll
 0001:00012226       _OL_ExpandEntity@16        10013226 f   zdctl:ZdCtl.dll
 0001:0001222c       _OL_SetTextColorForItemText@20 1001322c f   zdctl:ZdCtl.dll
 0001:00012232       _OL_ResetAllTextColorsForItemText@8 10013232 f   zdctl:ZdCtl.dll
 0002:00000020       _IID_IDocHostUIHandlerDispatch 10015020     tzcmcpld.obj
 0002:00000038       _IID_IInternalConnection   10015038     tzcmcpld.obj
 0002:00000050       _IID_IAxWinAmbientDispatch 10015050     tzcmcpld.obj
 0002:00000068       _IID_IAxWinHostWindow      10015068     tzcmcpld.obj
 0002:00000080       _IID_IRegistrar            10015080     tzcmcpld.obj
 0002:00000098       _CLSID_Registrar           10015098     tzcmcpld.obj
 0002:000000b0       _LIBID_ATLLib              100150b0     tzcmcpld.obj
 0002:000000c4       ??_C@_08JKC@crtdll?4c?$AA@ 100150c4     msvcrtd:crtdll.obj
 0003:00000000       ___xc_a                    10019000     msvcrtd:cinitexe.obj
 0003:00000104       ___xc_z                    10019104     msvcrtd:cinitexe.obj
 0003:00000208       ___xi_a                    10019208     msvcrtd:cinitexe.obj
 0003:0000030c       ___xi_z                    1001930c     msvcrtd:cinitexe.obj
 0003:00000420       _SRC_CMOD                  10019420     tzcmcpld.obj
 0003:00000560       _REFER_CMOD                10019560     tzcmcpld.obj
 0003:00000724       ??_C@_03CLCO@uir?$AA@      10019724     tzcmcpld.obj
 0003:00000728       ??_C@_03HGFH@wdr?$AA@      10019728     tzcmcpld.obj
 0003:0000072c       ??_C@_03NOJM@per?$AA@      1001972c     tzcmcpld.obj
 0003:00000730       ??_C@_03DJBH@vrr?$AA@      10019730     tzcmcpld.obj
 0003:00000734       ??_C@_04GMGO@podr?$AA@     10019734     tzcmcpld.obj
 0003:0000073c       ??_C@_03MHII@odr?$AA@      1001973c     tzcmcpld.obj
 0003:00000740       ??_C@_03JGMG@ter?$AA@      10019740     tzcmcpld.obj
 0003:00000744       ??_C@_03HCAN@sar?$AA@      10019744     tzcmcpld.obj
 0003:00000748       ??_C@_03GDKF@mdr?$AA@      10019748     tzcmcpld.obj
 0003:0000074c       ??_C@_03JKPJ@dgr?$AA@      1001974c     tzcmcpld.obj
 0003:00000750       ??_C@_03GMMC@ggr?$AA@      10019750     tzcmcpld.obj
 0003:00000754       ??_C@_04MJFO@srcr?$AA@     10019754     tzcmcpld.obj
 0003:0000075c       ??_C@_02MBNN@hr?$AA@       1001975c     tzcmcpld.obj
 0003:00000760       ??_C@_02BOCA@pr?$AA@       10019760     tzcmcpld.obj
 0003:00000764       ??_C@_04BKBH@?4PRP?$AA@    10019764     tzcmcpld.obj
 0003:0000076c       ??_C@_06LKEP@Report?$AA@   1001976c     tzcmcpld.obj
 0003:00000774       ??_C@_08IFHA@TZRPSRCO?$AA@ 10019774     tzcmcpld.obj
 0003:00000780       ??_C@_0BF@MDKP@GlobalOperationGroup?$AA@ 10019780     tzcmcpld.obj
 0003:0000079c       ??_C@_0M@NDFG@DomainGroup?$AA@ 1001979c     tzcmcpld.obj
 0003:000007ac       ??_C@_02FAFB@ui?$AA@       100197ac     tzcmcpld.obj
 0003:000007b0       ??_C@_04CMBN@?4PUI?$AA@    100197b0     tzcmcpld.obj
 0003:000007b8       ??_C@_07FBKB@UI_Spec?$AA@  100197b8     tzcmcpld.obj
 0003:000007c4       ??_C@_08IFDA@TZADCSDO?$AA@ 100197c4     tzcmcpld.obj
 0003:000007d0       ??_C@_02CJHH@wd?$AA@       100197d0     tzcmcpld.obj
 0003:000007d4       ??_C@_04FFDL@?4PWD?$AA@    100197d4     tzcmcpld.obj
 0003:000007dc       ??_C@_03CHAC@Tag?$AA@      100197dc     tzcmcpld.obj
 0003:000007e0       ??_C@_06FPEO@Dialog?$AA@   100197e0     tzcmcpld.obj
 0003:000007e8       ??_C@_08BABA@TZWDLGSO?$AA@ 100197e8     tzcmcpld.obj
 0003:000007f4       ??_C@_02OCLF@pe?$AA@       100197f4     tzcmcpld.obj
 0003:000007f8       ??_C@_04JOPJ@?4PPE?$AA@    100197f8     tzcmcpld.obj
 0003:00000800       ??_C@_0L@BJAM@PresEnvDef?$AA@ 10019800     tzcmcpld.obj
 0003:00000810       ??_C@_08IMNF@TZPESRCO?$AA@ 10019810     tzcmcpld.obj
 0003:0000081c       ??_C@_02GJNP@vr?$AA@       1001981c     tzcmcpld.obj
 0003:00000820       ??_C@_04BFJD@?4PVR?$AA@    10019820     tzcmcpld.obj
 0003:00000828       ??_C@_0L@NDNG@ViewObjRef?$AA@ 10019828     tzcmcpld.obj
 0003:00000838       ??_C@_08KDBK@TZWDVORO?$AA@ 10019838     tzcmcpld.obj
 0003:00000844       ??_C@_03BAJP@pod?$AA@      10019844     tzcmcpld.obj
 0003:00000848       ??_C@_04IKMG@?4POD?$AA@    10019848     tzcmcpld.obj
 0003:00000850       ??_C@_03NFPI@POD?$AA@      10019850     tzcmcpld.obj
 0003:00000854       ??_C@_08OOME@TZZOPODO?$AA@ 10019854     tzcmcpld.obj
 0003:00000860       ??_C@_02PGIK@od?$AA@       10019860     tzcmcpld.obj
 0003:00000864       ??_C@_04HDED@?4LOD?$AA@    10019864     tzcmcpld.obj
 0003:0000086c       ??_C@_03CMHN@LOD?$AA@      1001986c     tzcmcpld.obj
 0003:00000870       ??_C@_08EDN@TZZOLODO?$AA@  10019870     tzcmcpld.obj
 0003:0000087c       ??_C@_02LIBP@te?$AA@       1001987c     tzcmcpld.obj
 0003:00000880       ??_C@_04KNGD@?4DTE?$AA@    10019880     tzcmcpld.obj
 0003:00000888       ??_C@_0O@DNOO@TE_DB_Environ?$AA@ 10019888     tzcmcpld.obj
 0003:00000898       ??_C@_08CBKH@TZTENVRO?$AA@ 10019898     tzcmcpld.obj
 0003:000008a4       ??_C@_02HDBG@sa?$AA@       100198a4     tzcmcpld.obj
 0003:000008a8       ??_C@_04PFK@?4PSA?$AA@     100198a8     tzcmcpld.obj
 0003:000008b0       ??_C@_0M@KDAL@SubjectArea?$AA@ 100198b0     tzcmcpld.obj
 0003:000008c0       ??_C@_08MKKA@TZERSASO?$AA@ 100198c0     tzcmcpld.obj
 0003:000008cc       ??_C@_02NLNP@md?$AA@       100198cc     tzcmcpld.obj
 0003:000008d0       ??_C@_04KHJD@?4PMD?$AA@    100198d0     tzcmcpld.obj
 0003:000008d8       ??_C@_0N@PLLM@EntpER_Model?$AA@ 100198d8     tzcmcpld.obj
 0003:000008e8       ??_C@_08JDHO@TZEREMDO?$AA@ 100198e8     tzcmcpld.obj
 0003:000008f4       ??_C@_02IHJI@dg?$AA@       100198f4     tzcmcpld.obj
 0003:000008f8       ??_C@_04PLNE@?4PDG?$AA@    100198f8     tzcmcpld.obj
 0003:00000900       ??_C@_06CDGA@Domain?$AA@   10019900     tzcmcpld.obj
 0003:00000908       ??_C@_08MABN@TZDGSRCO?$AA@ 10019908     tzcmcpld.obj
 0003:00000914       ??_C@_02LMGH@gg?$AA@       10019914     tzcmcpld.obj
 0003:00000918       ??_C@_04HFHP@?4POG?$AA@    10019918     tzcmcpld.obj
 0003:00000920       ??_C@_09GMMJ@Operation?$AA@ 10019920     tzcmcpld.obj
 0003:0000092c       ??_C@_08NDPM@TZOGSRCO?$AA@ 1001992c     tzcmcpld.obj
 0003:00000938       ??_C@_03CALM@src?$AA@      10019938     tzcmcpld.obj
 0003:0000093c       ??_C@_04LKOF@?4SRC?$AA@    1001993c     tzcmcpld.obj
 0003:00000944       ??_C@_0L@JLBE@SourceFile?$AA@ 10019944     tzcmcpld.obj
 0003:00000954       ??_C@_08DDIM@?9?9?9?9?9?9?9?9?$AA@ 10019954     tzcmcpld.obj
 0003:00000960       ??_C@_01KDJI@h?$AA@        10019960     tzcmcpld.obj
 0003:00000964       ??_C@_04ODLA@?4HDR?$AA@    10019964     tzcmcpld.obj
 0003:0000096c       ??_C@_04EFNI@Name?$AA@     1001996c     tzcmcpld.obj
 0003:00000974       ??_C@_0L@KMKO@HeaderFile?$AA@ 10019974     tzcmcpld.obj
 0003:00000984       ??_C@_08BAAK@TZOPHDRO?$AA@ 10019984     tzcmcpld.obj
 0003:00000990       ?GUID_ATLVer30@ATL@@3U_GUID@@A 10019990     tzcmcpld.obj
 0003:000009a4       ??_C@_07PGDH@CM00101?$AA@  100199a4     tzcmcpld.obj
 0003:000009b0       ??_C@_0BJ@JFDF@Configuration?5Management?$AA@ 100199b0     tzcmcpld.obj
 0003:000009d0       ??_C@_0CM@GGLL@Unable?5to?5activate?5Repository?5at@ 100199d0     tzcmcpld.obj
 0003:00000a04       ??_C@_08ICBC@TZCMREPO?$AA@ 10019a04     tzcmcpld.obj
 0003:00000a10       ??_C@_07KMJN@CM00141?$AA@  10019a10     tzcmcpld.obj
 0003:00000a1c       ??_C@_0FN@NOMA@Zeidon?5Tools?5still?5running?4?6Shut@ 10019a1c     tzcmcpld.obj
 0003:00000a8c       ??_C@_08EKAG@TZOBRWAD?$AA@ 10019a8c     tzcmcpld.obj
 0003:00000a98       ??_C@_02JHIA@TZ?$AA@       10019a98     tzcmcpld.obj
 0003:00000a9c       ??_C@_08BJPE@UserName?$AA@ 10019a9c     tzcmcpld.obj
 0003:00000aa8       ??_C@_04DIDG@ROOT?$AA@     10019aa8     tzcmcpld.obj
 0003:00000ab0       ??_C@_08OKOH@TZCMWIPO?$AA@ 10019ab0     tzcmcpld.obj
 0003:00000abc       ??_C@_04DKMG@Desc?$AA@     10019abc     tzcmcpld.obj
 0003:00000ac4       ??_C@_0BC@BJCO@Zeidon?5Repository?$AA@ 10019ac4     tzcmcpld.obj
 0003:00000adc       ??_C@_08NKKK@Password?$AA@ 10019adc     tzcmcpld.obj
 0003:00000ae8       ??_C@_0BB@OOCO@New?5installation?$AA@ 10019ae8     tzcmcpld.obj
 0003:00000afc       ??_C@_06PFDI@Sysadm?$AA@   10019afc     tzcmcpld.obj
 0003:00000b04       ??_C@_06JOLH@SYSADM?$AA@   10019b04     tzcmcpld.obj
 0003:00000b0c       ??_C@_0L@NFEK@NextWKS_Id?$AA@ 10019b0c     tzcmcpld.obj
 0003:00000b1c       ??_C@_04BBDM@ZKey?$AA@     10019b1c     tzcmcpld.obj
 0003:00000b24       ??_C@_0N@IKBJ@Installation?$AA@ 10019b24     tzcmcpld.obj
 0003:00000b34       ??_C@_07JIO@CM00102?$AA@   10019b34     tzcmcpld.obj
 0003:00000b40       ??_C@_0HK@KCOF@Unable?5to?5initialize?5Repository?5@ 10019b40     tzcmcpld.obj
 0003:00000bd4       ??_C@_07KDBJ@CM00103?$AA@  10019bd4     tzcmcpld.obj
 0003:00000be0       ??_C@_0BN@NPDH@?5?5?5?5?5?5?5?5?5?5?5?5Exit?5Dialog?5Now?$DP?$AA@ 10019be0     tzcmcpld.obj
 0003:00000c04       ??_C@_0DA@NBAA@however?0?5any?5current?5enqueues?5wi@ 10019c04     tzcmcpld.obj
 0003:00000c40       ??_C@_0CP@DJBA@Responding?5NO?5will?5allow?5you?5int@ 10019c40     tzcmcpld.obj
 0003:00000c78       ??_C@_0CF@BKNB@Respond?5YES?5to?5exit?5the?5dialog?5n@ 10019c78     tzcmcpld.obj
 0003:00000ca4       ??_C@_06BNMB@?$CJ?4?5?6?6?5?$AA@ 10019ca4     tzcmcpld.obj
 0003:00000cac       ??_C@_08GGOK@UserDesc?$AA@ 10019cac     tzcmcpld.obj
 0003:00000cb8       ??_C@_02NDAK@?5?$CI?$AA@   10019cb8     tzcmcpld.obj
 0003:00000cbc       ??_C@_04ELOJ@?6by?7?$AA@   10019cbc     tzcmcpld.obj
 0003:00000cc4       ??_C@_0BE@FEMB@DD?4MM?4YYYY?5HH?3MM?3SS?$AA@ 10019cc4     tzcmcpld.obj
 0003:00000cdc       ??_C@_0CB@NAHE@The?5repository?5was?5enqueued?5?6on?7@ 10019cdc     tzcmcpld.obj
 0003:00000d04       ??_C@_0L@BNAL@SysEnqueue?$AA@ 10019d04     tzcmcpld.obj
 0003:00000d14       ??_C@_09KIEB@TimeStamp?$AA@ 10019d14     tzcmcpld.obj
 0003:00000d20       ??_C@_05KBGO@Value?$AA@    10019d20     tzcmcpld.obj
 0003:00000d28       ??_C@_01PLJA@0?$AA@        10019d28     tzcmcpld.obj
 0003:00000d2c       ??_C@_04FKDH@Oper?$AA@     10019d2c     tzcmcpld.obj
 0003:00000d34       ??_C@_01KPOD@?$DN?$AA@     10019d34     tzcmcpld.obj
 0003:00000d38       ??_C@_0O@JICG@AttributeName?$AA@ 10019d38     tzcmcpld.obj
 0003:00000d48       ??_C@_0L@LOJF@EntityName?$AA@ 10019d48     tzcmcpld.obj
 0003:00000d58       ??_C@_0L@DIOI@QualAttrib?$AA@ 10019d58     tzcmcpld.obj
 0003:00000d68       ??_C@_0L@EIGE@EntitySpec?$AA@ 10019d68     tzcmcpld.obj
 0003:00000d78       ??_C@_08ILBJ@KZDBHQUA?$AA@ 10019d78     tzcmcpld.obj
 0003:00000d84       ??_C@_0BN@LMMC@Unable?5to?5load?5Installation?$CB?$AA@ 10019d84     tzcmcpld.obj
 0003:00000da8       ??_C@_08KEOL@TZCMZKEY?$AA@ 10019da8     tzcmcpld.obj
 0003:00000db4       ??_C@_04IDHG@CPLR?$AA@     10019db4     tzcmcpld.obj
 0003:00000dbc       ??_C@_07LBJG@Name?5A?5?$AA@ 10019dbc     tzcmcpld.obj
 0003:00000dc8       ??_C@_03OILJ@CPL?$AA@      10019dc8     tzcmcpld.obj
 0003:00000dcc       ??_C@_0BK@MBLC@Unable?5to?5load?5CPLR?5List?$CB?$AA@ 10019dcc     tzcmcpld.obj
 0003:00000dec       ??_C@_07INKD@TZCMCPL?$AA@  10019dec     tzcmcpld.obj
 0003:00000df8       ??_C@_0CI@KBGM@Unable?5to?5save?5Repository?5View?5C@ 10019df8     tzcmcpld.obj
 0003:00000e28       ??_C@_0BB@OELK@Repo_ViewCluster?$AA@ 10019e28     tzcmcpld.obj
 0003:00000e3c       ??_C@_08IDAH@TZCMQSYO?$AA@ 10019e3c     tzcmcpld.obj
 0003:00000e48       ??_C@_08JJIG@TZCMREUS?$AA@ 10019e48     tzcmcpld.obj
 0003:00000e54       ??_C@_08LBBD@TZCMCPLR?$AA@ 10019e54     tzcmcpld.obj
 0003:00000e60       ??_C@_08PFON@TZCMREVO?$AA@ 10019e60     tzcmcpld.obj
 0003:00000e6c       ??_C@_07IDCJ@DM00115?$AA@  10019e6c     tzcmcpld.obj
 0003:00000e78       ??_C@_0BK@NGAE@Configuration?5Maintenance?$AA@ 10019e78     tzcmcpld.obj
 0003:00000e98       ??_C@_0CH@MHKC@Repository?5has?5been?5modified?0?5sa@ 10019e98     tzcmcpld.obj
 0003:00000ec8       ??_C@_0BB@KOA@UpdateAuditTrail?$AA@ 10019ec8     tzcmcpld.obj
 0003:00000edc       ??_C@_07KCIP@CM00109?$AA@  10019edc     tzcmcpld.obj
 0003:00000ee8       ??_C@_0BO@GFGH@Password?5is?5invalid?5for?5User?$CB?$AA@ 10019ee8     tzcmcpld.obj
 0003:00000f0c       ??_C@_06NHJO@edName?$AA@   10019f0c     tzcmcpld.obj
 0003:00000f14       ??_C@_07IBI@CM00108?$AA@   10019f14     tzcmcpld.obj
 0003:00000f20       ??_C@_0CG@COII@User?5is?5Not?5registered?5to?5Reposi@ 10019f20     tzcmcpld.obj
 0003:00000f50       ??_C@_04JJBJ@User?$AA@     10019f50     tzcmcpld.obj
 0003:00000f58       ??_C@_0L@LAJE@edPassword?$AA@ 10019f58     tzcmcpld.obj
 0003:00000f68       ??_C@_0CA@LONC@Password?5is?5invalid?5for?5Sysadm?$CB?$AA@ 10019f68     tzcmcpld.obj
 0003:00000f90       ??_C@_0DF@FHBE@Internal?5Error?3?5View?5TZCMREPO?5no@ 10019f90     tzcmcpld.obj
 0003:00000fd0       ??_C@_07JEF@CM00107?$AA@   10019fd0     tzcmcpld.obj
 0003:00000fdc       ??_C@_0DF@EANC@Internal?5Error?3?5View?5TZCMWIPO?5no@ 10019fdc     tzcmcpld.obj
 0003:0000101c       ??_C@_02IPIG@?$CJ?4?$AA@   1001a01c     tzcmcpld.obj
 0003:00001020       ??_C@_0CN@JEHK@Be?5careful?0?5the?5repository?5was?5e@ 1001a020     tzcmcpld.obj
 0003:00001058       ??_C@_0EH@GBKH@Unknown?5Error?5during?5Commit?5of?5E@ 1001a058     tzcmcpld.obj
 0003:000010b0       ??_C@_0BE@MJOP@SystemAdministrator?$AA@ 1001a0b0     tzcmcpld.obj
 0003:000010c8       ??_C@_08GOBL@TZCMUSER?$AA@ 1001a0c8     tzcmcpld.obj
 0003:000010d4       ??_C@_09FAMH@CPL_PopUp?$AA@ 1001a0d4     tzcmcpld.obj
 0003:000010e0       ??_C@_0BD@BHEB@DeleteCPLR_WithEnq?$AA@ 1001a0e0     tzcmcpld.obj
 0003:000010f8       ??_C@_0BC@IPD@TransferToAddCPLR?$AA@ 1001a0f8     tzcmcpld.obj
 0003:00001110       ??_C@_09HCJI@DeleteCPL?$AA@ 1001a110     tzcmcpld.obj
 0003:0000111c       ??_C@_0BC@BFLP@TransferToCPL_Add?$AA@ 1001a11c     tzcmcpld.obj
 0003:00001134       ??_C@_0BB@JCBA@DeleteAuditTrail?$AA@ 1001a134     tzcmcpld.obj
 0003:00001148       ??_C@_0L@MLML@SaveAsCPLR?$AA@ 1001a148     tzcmcpld.obj
 0003:00001158       ??_C@_07MFLC@NewCPLR?$AA@  1001a158     tzcmcpld.obj
 0003:00001164       ??_C@_0P@IPLF@SaveRepository?$AA@ 1001a164     tzcmcpld.obj
 0003:00001178       ??_C@_07NPNN@NewUser?$AA@  1001a178     tzcmcpld.obj
 0003:00001184       ??_C@_06CMGH@NewCPL?$AA@   1001a184     tzcmcpld.obj
 0003:0000118c       ??_C@_0P@GIO@edVerification?$AA@ 1001a18c     tzcmcpld.obj
 0003:000011a0       ??_C@_09HIP@OpenUsers?$AA@ 1001a1a0     tzcmcpld.obj
 0003:000011ac       ??_C@_07EKAK@CM00110?$AA@  1001a1ac     tzcmcpld.obj
 0003:000011b8       ??_C@_02EOMK@?8?$DP?$AA@   1001a1b8     tzcmcpld.obj
 0003:000011bc       ??_C@_0BD@LNLF@OK?5to?5delete?5CPL?5?8?$AA@ 1001a1bc     tzcmcpld.obj
 0003:000011d4       ??_C@_07KMFG@CM00144?$AA@  1001a1d4     tzcmcpld.obj
 0003:000011e0       ??_C@_0CN@IJNO@You?5cannot?5delete?5a?5CPL?5with?5exi@ 1001a1e0     tzcmcpld.obj
 0003:00001218       ??_C@_0BB@EHFP@CPLR_ViewCluster?$AA@ 1001a218     tzcmcpld.obj
 0003:0000122c       ??_C@_0N@NFBM@ReusableCPLR?$AA@ 1001a22c     tzcmcpld.obj
 0003:0000123c       ??_C@_07OAJN@CM00111?$AA@  1001a23c     tzcmcpld.obj
 0003:00001248       ??_C@_0BE@KGNF@OK?5to?5delete?5CPLR?5?8?$AA@ 1001a248     tzcmcpld.obj
 0003:00001260       ??_C@_08OEBC@TZCMCPRO?$AA@ 1001a260     tzcmcpld.obj
 0003:0000126c       ??_C@_0BI@HELD@Meta?5deletion?5complete?4?$AA@ 1001a26c     tzcmcpld.obj
 0003:00001288       ??_C@_0L@KPOF@DeleteMeta?$AA@ 1001a288     tzcmcpld.obj
 0003:00001298       ??_C@_07GMB@CM00145?$AA@   1001a298     tzcmcpld.obj
 0003:000012a4       ??_C@_0CJ@GEBI@Remove?5check?5out?5status?5before?5d@ 1001a2a4     tzcmcpld.obj
 0003:000012d8       ??_C@_0DD@NJFB@?8?5could?5not?5be?5deleted?5because?5i@ 1001a2d8     tzcmcpld.obj
 0003:00001318       ??_C@_06FCPG@Meta?5?8?$AA@ 1001a318     tzcmcpld.obj
 0003:00001320       ??_C@_0P@GEFH@UserMetaStatus?$AA@ 1001a320     tzcmcpld.obj
 0003:00001334       ??_C@_09OIHM@Z_MetaDef?$AA@ 1001a334     tzcmcpld.obj
 0003:00001340       ??_C@_08BOFF@TZCMFILE?$AA@ 1001a340     tzcmcpld.obj
 0003:0000134c       ??_C@_07BPCE@CM00112?$AA@  1001a34c     tzcmcpld.obj
 0003:00001358       ??_C@_0CC@OBLC@OK?5to?5delete?5selected?5Components@ 1001a358     tzcmcpld.obj
 0003:00001380       ??_C@_0O@HELM@CPLR_AllMetas?$AA@ 1001a380     tzcmcpld.obj
 0003:00001390       ??_C@_0O@CBFG@CPLR_MetaList?$AA@ 1001a390     tzcmcpld.obj
 0003:000013a0       ??_C@_0L@JOHM@lbMetaList?$AA@ 1001a3a0     tzcmcpld.obj
 0003:000013b0       ??_C@_0BA@MPHA@CPLR_Components?$AA@ 1001a3b0     tzcmcpld.obj
 0003:000013c4       ??_C@_0BJ@FNPH@OK?5to?5delete?5Component?5?8?$AA@ 1001a3c4     tzcmcpld.obj
 0003:000013e4       ??_C@_0CD@PEGD@Delete?5CPLR?5completed?5successful@ 1001a3e4     tzcmcpld.obj
 0003:00001410       ??_C@_07PHEK@CM00299?$AA@  1001a410     tzcmcpld.obj
 0003:0000141c       ??_C@_0P@LANE@File?5not?5found?$AA@ 1001a41c     tzcmcpld.obj
 0003:00001430       ??_C@_04OJFH@File?$AA@     1001a430     tzcmcpld.obj
 0003:00001438       ??_C@_04FCOP@Type?$AA@     1001a438     tzcmcpld.obj
 0003:00001440       ??_C@_07LFLD@CM00113?$AA@  1001a440     tzcmcpld.obj
 0003:0000144c       ??_C@_0CP@EBAA@well?4?6Do?5you?5wish?5to?5continue?5wi@ 1001a44c     tzcmcpld.obj
 0003:00001484       ??_C@_0ED@NKMB@?5contains?5Metas?4?5Deleting?6?5the?5C@ 1001a484     tzcmcpld.obj
 0003:000014d4       ??_C@_05KGD@CPLR?5?$AA@    1001a4d4     tzcmcpld.obj
 0003:000014dc       ??_C@_0O@DHNF@Type?5D?5Name?5A?$AA@ 1001a4dc     tzcmcpld.obj
 0003:000014ec       ??_C@_07GAK@CM00140?$AA@   1001a4ec     tzcmcpld.obj
 0003:000014f8       ??_C@_03MOLM@?$CJ?8?$DP?$AA@ 1001a4f8     tzcmcpld.obj
 0003:000014fc       ??_C@_0BE@ICIH@OK?5to?5delete?5User?5?8?$AA@ 1001a4fc     tzcmcpld.obj
 0003:00001514       ??_C@_07OAFG@CM00114?$AA@  1001a514     tzcmcpld.obj
 0003:00001520       ??_C@_0DB@DCED@You?5cannot?5delete?5a?5User?5with?5cu@ 1001a520     tzcmcpld.obj
 0003:0000155c       ??_C@_0BA@ILIB@AccessAuthority?$AA@ 1001a55c     tzcmcpld.obj
 0003:00001570       ??_C@_07EKMB@CM00115?$AA@  1001a570     tzcmcpld.obj
 0003:0000157c       ??_C@_0BF@BHGL@User?5already?5exists?4?$AA@ 1001a57c     tzcmcpld.obj
 0003:00001598       ??_C@_08GIHB@TZCMRUWK?$AA@ 1001a598     tzcmcpld.obj
 0003:000015a4       ??_C@_01PCJP@Y?$AA@        1001a5a4     tzcmcpld.obj
 0003:000015a8       ??_C@_09IGKO@Authority?$AA@ 1001a5a8     tzcmcpld.obj
 0003:000015b4       ??_C@_09NMIP@CPLR_User?$AA@ 1001a5b4     tzcmcpld.obj
 0003:000015c0       ??_C@_01OAK@N?$AA@         1001a5c0     tzcmcpld.obj
 0003:000015c4       ??_C@_07LFHI@CM00116?$AA@  1001a5c4     tzcmcpld.obj
 0003:000015d0       ??_C@_0CF@FPJD@Error?5creating?5TZCMRUWK?5Installa@ 1001a5d0     tzcmcpld.obj
 0003:000015fc       ??_C@_08NLFK@TZCMULWO?$AA@ 1001a5fc     tzcmcpld.obj
 0003:00001608       ??_C@_06CEJC@tgUser?$AA@   1001a608     tzcmcpld.obj
 0003:00001610       ??_C@_0CE@NEEJ@Unable?5to?5Commit?5CPLR?5View?5Clust@ 1001a610     tzcmcpld.obj
 0003:0000163c       ??_C@_0CB@NFGC@CPLR?5Name?5already?5exists?5in?5CPL?4@ 1001a63c     tzcmcpld.obj
 0003:00001664       ??_C@_07OAHG@CM00283?$AA@  1001a664     tzcmcpld.obj
 0003:00001670       ??_C@_0BH@CBFD@CPLR?5Name?5is?5required?4?$AA@ 1001a670     tzcmcpld.obj
 0003:0000168c       ??_C@_0BB@MCCH@CPLR_Maintenance?$AA@ 1001a68c     tzcmcpld.obj
 0003:000016a0       ??_C@_0BD@ELK@CPLR_Administrator?$AA@ 1001a6a0     tzcmcpld.obj
 0003:000016b8       ??_C@_07BOLC@CM00118?$AA@  1001a6b8     tzcmcpld.obj
 0003:000016c4       ??_C@_03NBJB@?8?5?$CB?$AA@ 1001a6c4     tzcmcpld.obj
 0003:000016c8       ??_C@_0BK@OOOM@Unable?5to?5Activate?5CPLR?5?8?$AA@ 1001a6c8     tzcmcpld.obj
 0003:000016e8       ??_C@_07LECF@CM00119?$AA@  1001a6e8     tzcmcpld.obj
 0003:000016f4       ??_C@_02ENCN@?8?4?$AA@     1001a6f4     tzcmcpld.obj
 0003:000016f8       ??_C@_0BK@MKLO@Unable?5to?5Activate?5User?5?8?$AA@ 1001a6f8     tzcmcpld.obj
 0003:00001718       ??_C@_0BJ@LJEE@Unable?5to?5save?5CPL?5List?$CB?$AA@ 1001a718     tzcmcpld.obj
 0003:00001738       ??_C@_08FCJB@CPL_List?$AA@ 1001a738     tzcmcpld.obj
 0003:00001744       ??_C@_08OHBB@TZCMCPLD?$AA@ 1001a744     tzcmcpld.obj
 0003:00001750       ??_C@_09GFP@lbCPLList?$AA@ 1001a750     tzcmcpld.obj
 0003:0000175c       ??_C@_06JFOP@SaveAs?$AA@   1001a75c     tzcmcpld.obj
 0003:00001764       ??_C@_0M@EJAG@NewOrUpdate?$AA@ 1001a764     tzcmcpld.obj
 0003:00001774       ??_C@_0BJ@BJCH@CPL?5Name?5already?5exists?4?$AA@ 1001a774     tzcmcpld.obj
 0003:00001794       ??_C@_0BG@GEGN@CPL?5Name?5is?5required?4?$AA@ 1001a794     tzcmcpld.obj
 0003:000017b0       ??_C@_08IEOG@TZCMADMW?$AA@ 1001a7b0     tzcmcpld.obj
 0003:000017bc       ??_C@_07IOEM@CM00123?$AA@  1001a7bc     tzcmcpld.obj
 0003:000017c8       ??_C@_0CF@JK@Error?5creating?5TZCMADMW?5Installa@ 1001a7c8     tzcmcpld.obj
 0003:000017f4       ??_C@_0L@LGIN@MetaDetail?$AA@ 1001a7f4     tzcmcpld.obj
 0003:00001804       ??_C@_06IOLI@Status?$AA@   1001a804     tzcmcpld.obj
 0003:0000180c       ??_C@_0BJ@LGMP@List?5requested?5is?5empty?4?$AA@ 1001a80c     tzcmcpld.obj
 0003:0000182c       ??_C@_0L@LOBG@lbFileList?$AA@ 1001a82c     tzcmcpld.obj
 0003:0000183c       ??_C@_0BE@JEEM@Loading?5CPLR?5Files?4?$AA@ 1001a83c     tzcmcpld.obj
 0003:00001854       ??_C@_08GKCG@ListXSLT?$AA@ 1001a854     tzcmcpld.obj
 0003:00001860       ??_C@_0M@DCJJ@ListReports?$AA@ 1001a860     tzcmcpld.obj
 0003:00001870       ??_C@_06GKIL@ListTE?$AA@   1001a870     tzcmcpld.obj
 0003:00001878       ??_C@_07DBNI@ListVOR?$AA@  1001a878     tzcmcpld.obj
 0003:00001884       ??_C@_06DACB@ListPE?$AA@   1001a884     tzcmcpld.obj
 0003:0000188c       ??_C@_07BKIL@ListUIS?$AA@  1001a88c     tzcmcpld.obj
 0003:00001898       ??_C@_06KBIC@ListSA?$AA@   1001a898     tzcmcpld.obj
 0003:000018a0       ??_C@_0P@PJKK@ListGlobalOper?$AA@ 1001a8a0     tzcmcpld.obj
 0003:000018b4       ??_C@_0M@PAHM@ListDialogs?$AA@ 1001a8b4     tzcmcpld.obj
 0003:000018c4       ??_C@_07CDHG@ListERD?$AA@  1001a8c4     tzcmcpld.obj
 0003:000018d0       ??_C@_07HCCI@ListLOD?$AA@  1001a8d0     tzcmcpld.obj
 0003:000018dc       ??_C@_0L@OJND@ListDomain?$AA@ 1001a8dc     tzcmcpld.obj
 0003:000018ec       ??_C@_0BA@ECOA@ComponentStatus?$AA@ 1001a8ec     tzcmcpld.obj
 0003:00001900       ??_C@_08BFPH@TZCMCUSR?$AA@ 1001a900     tzcmcpld.obj
 0003:0000190c       ??_C@_08KKLN@TZCMCOML?$AA@ 1001a90c     tzcmcpld.obj
 0003:00001918       ??_C@_0O@OMMK@lbAllMetaList?$AA@ 1001a918     tzcmcpld.obj
 0003:00001928       ??_C@_02HFBK@?3?5?$AA@     1001a928     tzcmcpld.obj
 0003:0000192c       ??_C@_07OIMA@CM_Type?$AA@  1001a92c     tzcmcpld.obj
 0003:00001938       ??_C@_08GCMO@Loading?5?$AA@ 1001a938     tzcmcpld.obj
 0003:00001944       ??_C@_04BJAB@?5of?5?$AA@   1001a944     tzcmcpld.obj
 0003:0000194c       ??_C@_08EDDA@TZCMRCRO?$AA@ 1001a94c     tzcmcpld.obj
 0003:00001958       ??_C@_08EHBJ@TempREPO?$AA@ 1001a958     tzcmcpld.obj
 0003:00001964       ??_C@_0BA@POLD@TZCMRCRO_Select?$AA@ 1001a964     tzcmcpld.obj
 0003:00001978       ??_C@_07GHFP@CM00130?$AA@  1001a978     tzcmcpld.obj
 0003:00001984       ??_C@_0N@JDMJ@TZCMRCRO_All?$AA@ 1001a984     tzcmcpld.obj
 0003:00001994       ??_C@_07IPNK@CM00129?$AA@  1001a994     tzcmcpld.obj
 0003:000019a0       ??_C@_0CI@OHIO@Activation?5failed?5on?5load?5of?5Rep@ 1001a9a0     tzcmcpld.obj
 0003:000019d0       ??_C@_0BB@GIKB@CurrentReusables?$AA@ 1001a9d0     tzcmcpld.obj
 0003:000019e4       ??_C@_0BE@FIOO@OK?5to?5remove?5CPLR?5?8?$AA@ 1001a9e4     tzcmcpld.obj
 0003:000019fc       ??_C@_0M@HPLK@lbErrorList?$AA@ 1001a9fc     tzcmcpld.obj
 0003:00001a0c       ??_C@_08GOPG@txtCheck?$AA@ 1001aa0c     tzcmcpld.obj
 0003:00001a18       ??_C@_0BN@ECMC@CPLR?5reusing?5the?5current?5one?$AA@ 1001aa18     tzcmcpld.obj
 0003:00001a3c       ??_C@_0BE@DADB@Check?5reusing?5CPLR?3?$AA@ 1001aa3c     tzcmcpld.obj
 0003:00001a54       ??_C@_0O@BDEK@CheckReusedBy?$AA@ 1001aa54     tzcmcpld.obj
 0003:00001a64       ??_C@_09GEKM@ErrorList?$AA@ 1001aa64     tzcmcpld.obj
 0003:00001a70       ??_C@_0BC@NIKE@CPLR?5to?5be?5reused?$AA@ 1001aa70     tzcmcpld.obj
 0003:00001a88       ??_C@_0BD@HIOD@Add?5Reusable?5CPLR?3?$AA@ 1001aa88     tzcmcpld.obj
 0003:00001aa0       ??_C@_0O@LPJH@txtCountError?$AA@ 1001aaa0     tzcmcpld.obj
 0003:00001ab0       ??_C@_0BM@FIGG@?5?5No?5duplicate?5Component?$CIs?$CJ?$AA@ 1001aab0     tzcmcpld.obj
 0003:00001ad4       ??_C@_0BO@KDBK@?5duplicate?5Component?$CIs?$CJ?5found?$AA@ 1001aad4     tzcmcpld.obj
 0003:00001af8       ??_C@_02IHLC@?5?5?$AA@     1001aaf8     tzcmcpld.obj
 0003:00001afc       ??_C@_08PJNG@MetaName?$AA@ 1001aafc     tzcmcpld.obj
 0003:00001b08       ??_C@_0BO@KMCN@?$CK?$CK?$CK?5Check?5aborted?5by?5User?5?$CK?$CK?$CK?$AA@ 1001ab08     tzcmcpld.obj
 0003:00001b2c       ??_C@_08DII@ErrorMsg?$AA@  1001ab2c     tzcmcpld.obj
 0003:00001b38       ??_C@_0BC@ECMK@ReusableErrorList?$AA@ 1001ab38     tzcmcpld.obj
 0003:00001b50       ??_C@_0N@HICB@ResuableCPLR?$AA@ 1001ab50     tzcmcpld.obj
 0003:00001b60       ??_C@_08GPOP@DateTime?$AA@ 1001ab60     tzcmcpld.obj
 0003:00001b6c       ??_C@_0BG@NPPE@ReusableCPLR_CPL_Name?$AA@ 1001ab6c     tzcmcpld.obj
 0003:00001b88       ??_C@_0O@IKBB@CPLR_CPL_Name?$AA@ 1001ab88     tzcmcpld.obj
 0003:00001b98       ??_C@_0O@KHLG@ReusableToAdd?$AA@ 1001ab98     tzcmcpld.obj
 0003:00001ba8       ??_C@_0P@MLBF@Checking?5CPLR?5?$AA@ 1001aba8     tzcmcpld.obj
 0003:00001bbc       ??_C@_0L@GIPB@Z_MetaType?$AA@ 1001abbc     tzcmcpld.obj
 0003:00001bcc       ??_C@_0BA@ECKL@CPLR_ToBeReused?$AA@ 1001abcc     tzcmcpld.obj
 0003:00001be0       ??_C@_0M@FMBA@CurrentCPLR?$AA@ 1001abe0     tzcmcpld.obj
 0003:00001bf0       ??_C@_08OOOB@MetaType?$AA@ 1001abf0     tzcmcpld.obj
 0003:00001bfc       ??_C@_0DK@JNA@Would?5you?5like?5to?5continue?5to?5ch@ 1001abfc     tzcmcpld.obj
 0003:00001c44       ??_C@_04PHHM@?8?4?6?6?$AA@ 1001ac44     tzcmcpld.obj
 0003:00001c4c       ??_C@_0BJ@CHCN@?8?0?5?6?7?7with?5reuses?5CPLR?5?8?$AA@ 1001ac4c     tzcmcpld.obj
 0003:00001c6c       ??_C@_0BD@NHOF@?8?5and?5?6?7?7in?5CPLR?5?8?$AA@ 1001ac6c     tzcmcpld.obj
 0003:00001c84       ??_C@_0BG@CICC@?8?5exists?5?6?7?7in?5CPLR?5?8?$AA@ 1001ac84     tzcmcpld.obj
 0003:00001ca0       ??_C@_02NCFH@?5?8?$AA@     1001aca0     tzcmcpld.obj
 0003:00001ca4       ??_C@_0N@DJPI@?6?7?7in?5CPLR?5?8?$AA@ 1001aca4     tzcmcpld.obj
 0003:00001cb4       ??_C@_08HHCM@?5exists?5?$AA@ 1001acb4     tzcmcpld.obj
 0003:00001cc0       ??_C@_0BO@KFDA@is?5defined?5more?5than?5once?3?6?6?7?$AA@ 1001acc0     tzcmcpld.obj
 0003:00001ce4       ??_C@_0DB@HHBN@CPLR?5reuse?5rejected?5because?5foll@ 1001ace4     tzcmcpld.obj
 0003:00001d20       ??_C@_0CE@OKDG@OK?5to?5Remove?5Check?5Out?5Status?5fo@ 1001ad20     tzcmcpld.obj
 0003:00001d4c       ??_C@_07BJCC@CM00253?$AA@  1001ad4c     tzcmcpld.obj
 0003:00001d58       ??_C@_0CI@OCKC@?6?6Continue?5with?5Remove?5Check?5Out@ 1001ad58     tzcmcpld.obj
 0003:00001d88       ??_C@_0HD@BLHM@Removing?5Check?5Out?5State?5from?5a?5@ 1001ad88     tzcmcpld.obj
 0003:00001e14       ??_C@_0GD@NMHB@Removing?5Check?5Out?5State?5from?5TE@ 1001ae14     tzcmcpld.obj
 0003:00001e8c       ??_C@_0GD@BNLB@Removing?5Check?5Out?5State?5from?5Da@ 1001ae8c     tzcmcpld.obj
 0003:00001f04       ??_C@_07GGBK@PN00219?$AA@  1001af04     tzcmcpld.obj
 0003:00001f10       ??_C@_0DK@IJMJ@Unable?5to?5save?5lase?5ZKey?5in?5oper@ 1001af10     tzcmcpld.obj
 0003:00001f58       ??_C@_0BA@PFLO@NextInstallZKey?$AA@ 1001af58     tzcmcpld.obj
 0003:00001f6c       ??_C@_07JICN@CM00136?$AA@  1001af6c     tzcmcpld.obj
 0003:00001f78       ??_C@_0DE@OJDO@Unable?5to?5set?5ZKey?5in?5operation?5@ 1001af78     tzcmcpld.obj
 0003:00001fb8       ??_C@_0M@GJGO@TZCMFILO_?$CFp?$AA@ 1001afb8     tzcmcpld.obj
 0003:00001fc8       ??_C@_08HFDF@TZCMWKSO?$AA@ 1001afc8     tzcmcpld.obj
 0003:00001fd4       ??_C@_0BB@CJP@RepositoryClient?$AA@ 1001afd4     tzcmcpld.obj
 0003:00001fe8       ??_C@_06ICBL@WKS_Id?$AA@   1001afe8     tzcmcpld.obj
 0003:00001ff0       ??_C@_0BL@IMFO@OK?5to?5delete?5Workstation?5?8?$AA@ 1001aff0     tzcmcpld.obj
 0003:00002010       ??_C@_07DDOH@CM00138?$AA@  1001b010     tzcmcpld.obj
 0003:0000201c       ??_C@_01PIHH@?$CB?$AA@     1001b01c     tzcmcpld.obj
 0003:00002020       ??_C@_0CA@DIOM@Unable?5to?5Activate?5Workstation?5?$AA@ 1001b020     tzcmcpld.obj
 0003:00002048       ??_C@_08JGDF@TZCMWULO?$AA@ 1001b048     tzcmcpld.obj
 0003:00002054       ??_C@_0BG@HEHC@?4?4?2?4?4?2a?2tz?2tzcmcpld?4c?$AA@ 1001b054     tzcmcpld.obj
 0003:00002070       ??_C@_0M@EKIC@Apr?522?52014?$AA@ 1001b070     tzcmcpld.obj
 0003:00002080       ??_C@_08OCGI@16?321?315?$AA@ 1001b080     tzcmcpld.obj
 0003:0000208c       ??_C@_0N@NBPL@BasicsManual?$AA@ 1001b08c     tzcmcpld.obj
 0003:0000209c       ??_C@_0L@JNHO@SystemHelp?$AA@ 1001b09c     tzcmcpld.obj
 0003:000020ac       ??_C@_0L@DNLA@UsersGuide?$AA@ 1001b0ac     tzcmcpld.obj
 0003:000020bc       ??_C@_0BC@CFGL@DeleteWorkstation?$AA@ 1001b0bc     tzcmcpld.obj
 0003:000020d4       ??_C@_0L@DHID@DeleteUser?$AA@ 1001b0d4     tzcmcpld.obj
 0003:000020e4       ??_C@_07BFAC@AddUser?$AA@  1001b0e4     tzcmcpld.obj
 0003:000020f0       ??_C@_06KIIA@edDesc?$AA@   1001b0f0     tzcmcpld.obj
 0003:000020f8       ??_C@_09PBDL@vTZCMQSYO?$AA@ 1001b0f8     tzcmcpld.obj
 0003:00002104       ??_C@_0EA@NJI@There?5are?5no?5Audit?5Trail?5Informa@ 1001b104     tzcmcpld.obj
 0003:00002150       ??_C@_0L@LCGA@AuditTrail?$AA@ 1001b150     tzcmcpld.obj
 0003:00002160       ??_C@_08DNCI@TZBRAU2O?$AA@ 1001b160     tzcmcpld.obj
 0003:0000216c       ??_C@_0DL@GGPI@There?5are?5no?5AuditTrail?9Informat@ 1001b16c     tzcmcpld.obj
 0003:000021b4       ??_C@_08FPIJ@TZBRAUDO?$AA@ 1001b1b4     tzcmcpld.obj
 0003:000021c0       ??_C@_0M@CFEE@?6?6Continue?$DP?$AA@ 1001b1c0     tzcmcpld.obj
 0003:000021d0       ??_C@_0DD@GOIF@if?5you?5do?5not?5fully?5understand?5w@ 1001b1d0     tzcmcpld.obj
 0003:00002210       ??_C@_0CL@KMDI@This?5could?5?5D?5E?5S?5T?5R?5O?5Y?5the?5Re@ 1001b210     tzcmcpld.obj
 0003:00002244       ??_C@_01PJCK@?4?$AA@       1001b244     tzcmcpld.obj
 0003:00002248       ??_C@_0DF@CMOH@?6?6?5You?5are?5going?5to?5delete?5a?5fil@ 1001b248     tzcmcpld.obj
 0003:00002288       ??_C@_0O@JMLD@W?5A?5R?5N?5I?5N?5G?$AA@ 1001b288     tzcmcpld.obj
 0003:00002298       ??_C@_09FFKP@Extension?$AA@ 1001b298     tzcmcpld.obj
 0003:000022a4       ??_C@_0L@LHAN@ResuParent?$AA@ 1001b2a4     tzcmcpld.obj
 0003:000022b4       ??_C@_08FFFO@TZCMWKUS?$AA@ 1001b2b4     tzcmcpld.obj
 0003:000022c0       ??_C@_0BE@MFHP@lbUserOnWorkstation?$AA@ 1001b2c0     tzcmcpld.obj
 0003:000022d8       ??_C@_0L@PGEE@edComments?$AA@ 1001b2d8     tzcmcpld.obj
 0003:000022e8       ??_C@_0L@MNE@edUserDesc?$AA@ 1001b2e8     tzcmcpld.obj
 0003:000022f8       ??_C@_07HPEE@txtCLPR?$AA@  1001b2f8     tzcmcpld.obj
 0003:00002304       ??_C@_06IBJ@txtCPL?$AA@    1001b304     tzcmcpld.obj
 0003:0000230c       ??_C@_0L@PEII@txtProject?$AA@ 1001b30c     tzcmcpld.obj
 0003:0000231c       ??_C@_0P@CIOI@txtWorkstation?$AA@ 1001b31c     tzcmcpld.obj
 0003:00002330       ??_C@_0BA@NELA@txtCheckoutDate?$AA@ 1001b330     tzcmcpld.obj
 0003:00002344       ??_C@_0N@IOCH@txtUserInfos?$AA@ 1001b344     tzcmcpld.obj
 0003:00002354       ??_C@_0L@JOOA@gbUserDesc?$AA@ 1001b354     tzcmcpld.obj
 0003:00002364       ??_C@_0L@GHJM@gbCheckOut?$AA@ 1001b364     tzcmcpld.obj
 0003:00002374       ??_C@_0M@ICP@txtDescShow?$AA@ 1001b374     tzcmcpld.obj
 0003:00002384       ??_C@_07LKCG@txtDesc?$AA@  1001b384     tzcmcpld.obj
 0003:00002390       ??_C@_0BA@BALC@txtMetaTypeShow?$AA@ 1001b390     tzcmcpld.obj
 0003:000023a4       ??_C@_0M@GCGL@txtMetaType?$AA@ 1001b3a4     tzcmcpld.obj
 0003:000023b4       ??_C@_08GIAA@UserList?$AA@ 1001b3b4     tzcmcpld.obj
 0003:000023c0       ??_C@_08KIEI@FileList?$AA@ 1001b3c0     tzcmcpld.obj
 0003:000023cc       ??_C@_0N@EMLB@TZCMCPRO_New?$AA@ 1001b3cc     tzcmcpld.obj
 0003:000023dc       ??_C@_0BA@FHMN@TZCMCPRO_Source?$AA@ 1001b3dc     tzcmcpld.obj
 0003:000023f0       ??_C@_07FCLC@CM00148?$AA@  1001b3f0     tzcmcpld.obj
 0003:000023fc       ??_C@_07FDOP@CM00147?$AA@  1001b3fc     tzcmcpld.obj
 0003:00002408       ??_C@_0BF@LCKK@CPL?5is?5not?5selected?4?$AA@ 1001b408     tzcmcpld.obj
 0003:00002424       ??_C@_0L@GIMB@edCPLRName?$AA@ 1001b424     tzcmcpld.obj
 0003:00002434       ??_C@_07PJHI@CM00146?$AA@  1001b434     tzcmcpld.obj
 0003:00002440       ??_C@_0BE@MBGO@CPLR?5name?5required?4?$AA@ 1001b440     tzcmcpld.obj
 0003:00002458       ??_C@_0L@NGF@SaveAsName?$AA@ 1001b458     tzcmcpld.obj
 0003:00002468       ??_C@_0CE@EHAO@Copying?5Access?5Authority?5for?5Use@ 1001b468     tzcmcpld.obj
 0003:00002494       ??_C@_0BI@PABF@Copying?5Reusable?5CPLR?3?5?$AA@ 1001b494     tzcmcpld.obj
 0003:000024b0       ??_C@_07EFIO@CM00152?$AA@  1001b4b0     tzcmcpld.obj
 0003:000024bc       ??_C@_0BF@GANM@?4?6?6?5Save?5as?5aborted?$CB?$AA@ 1001b4bc     tzcmcpld.obj
 0003:000024d8       ??_C@_0BL@HEOJ@Error?5while?5copying?5File?3?5?$AA@ 1001b4d8     tzcmcpld.obj
 0003:000024f8       ??_C@_05FKJB@Seqno?$AA@    1001b4f8     tzcmcpld.obj
 0003:00002500       ??_C@_08BPMD@TZCMFILO?$AA@ 1001b500     tzcmcpld.obj
 0003:0000250c       ??_C@_06FOPI@Buffer?$AA@   1001b50c     tzcmcpld.obj
 0003:00002514       ??_C@_04CJIC@?4tmp?$AA@    1001b514     tzcmcpld.obj
 0003:0000251c       ??_C@_07BBFF@CM00316?$AA@  1001b51c     tzcmcpld.obj
 0003:00002528       ??_C@_0DO@LMFI@zAPPL_DIR_LOCAL?5Directory?5does?5n@ 1001b528     tzcmcpld.obj
 0003:00002574       ??_C@_01FCOA@?5?$AA@       1001b574     tzcmcpld.obj
 0003:00002578       ??_C@_0BE@EMGM@Copying?5Component?3?5?$AA@ 1001b578     tzcmcpld.obj
 0003:00002590       ??_C@_0M@DHDB@MetaDefName?$AA@ 1001b590     tzcmcpld.obj
 0003:000025a0       ??_C@_0M@CAAG@MetaDefType?$AA@ 1001b5a0     tzcmcpld.obj
 0003:000025b0       ??_C@_0CE@KOKL@Copying?5Audit?5Trail?5for?5Componen@ 1001b5b0     tzcmcpld.obj
 0003:000025dc       ??_C@_0P@KECP@AuditTrailMeta?$AA@ 1001b5dc     tzcmcpld.obj
 0003:000025f0       ??_C@_07MPLK@Subtype?$AA@  1001b5f0     tzcmcpld.obj
 0003:000025fc       ??_C@_0M@HBIF@RevSubEvent?$AA@ 1001b5fc     tzcmcpld.obj
 0003:0000260c       ??_C@_08MIEM@RevEvent?$AA@ 1001b60c     tzcmcpld.obj
 0003:00002618       ??_C@_0BA@JLCL@TZCMAUDO_Source?$AA@ 1001b618     tzcmcpld.obj
 0003:0000262c       ??_C@_08KJKM@TZCMAUDO?$AA@ 1001b62c     tzcmcpld.obj
 0003:00002638       ??_C@_03LACO@AND?$AA@      1001b638     tzcmcpld.obj
 0003:0000263c       ??_C@_07PICF@CM00149?$AA@  1001b63c     tzcmcpld.obj
 0003:00002648       ??_C@_0DH@MFCF@Couldn?8t?5load?5Message?5Queue?5Obje@ 1001b648     tzcmcpld.obj
 0003:0000268c       ??_C@_07BAKA@CM00150?$AA@  1001b68c     tzcmcpld.obj
 0003:00002698       ??_C@_0O@GMGA@Save?5CPLR?5as?3?$AA@ 1001b698     tzcmcpld.obj
 0003:000026a8       ??_C@_0BM@NMDL@?6?6?5Do?5you?5want?5to?5continue?$DP?$AA@ 1001b6a8     tzcmcpld.obj
 0003:000026cc       ??_C@_0DA@FCAG@Error?5while?5copying?5Audit?5Trail?5@ 1001b6cc     tzcmcpld.obj
 0003:00002708       ??_C@_0N@GPON@TZCMAUDO_New?$AA@ 1001b708     tzcmcpld.obj
 0003:00002718       ??_C@_0BA@KBPK@TZCMFILO_Source?$AA@ 1001b718     tzcmcpld.obj
 0003:0000272c       ??_C@_07LKDH@CM00151?$AA@  1001b72c     tzcmcpld.obj
 0003:00002738       ??_C@_0P@ILKO@Copying?5File?3?5?$AA@ 1001b738     tzcmcpld.obj
 0003:0000274c       ??_C@_0N@BNIE@TZCMFILO_New?$AA@ 1001b74c     tzcmcpld.obj
 0003:0000275c       ??_C@_03EKKN@PVR?$AA@      1001b75c     tzcmcpld.obj
 0003:00002760       ??_C@_07OPBJ@CM00153?$AA@  1001b760     tzcmcpld.obj
 0003:0000276c       ??_C@_0BE@IIOK@?6?6?5Save?5as?5aborted?$CB?$AA@ 1001b76c     tzcmcpld.obj
 0003:00002784       ??_C@_0BG@EKE@Couldn?8t?5commit?5CPLR?5?$AA@ 1001b784     tzcmcpld.obj
 0003:000027a0       ??_C@_0BE@ENNH@Commiting?5new?5CPLR?4?$AA@ 1001b7a0     tzcmcpld.obj
 0003:000027b8       ??_C@_0N@OELK@cbAuditTrail?$AA@ 1001b7b8     tzcmcpld.obj
 0003:000027c8       ??_C@_07LMFN@ExecDir?$AA@  1001b7c8     tzcmcpld.obj
 0003:000027d4       ??_C@_09JPDJ@PgmSrcDir?$AA@ 1001b7d4     tzcmcpld.obj
 0003:000027e0       ??_C@_0L@JDPM@MetaSrcDir?$AA@ 1001b7e0     tzcmcpld.obj
 0003:000027f0       ??_C@_0BA@BIPD@LastCheckInDate?$AA@ 1001b7f0     tzcmcpld.obj
 0003:00002804       ??_C@_0BH@BPKM@Copy?5CPLR?5Directories?4?$AA@ 1001b804     tzcmcpld.obj
 0003:00002820       ??_C@_08MCGM@?0?5?5CPL?3?5?$AA@ 1001b820     tzcmcpld.obj
 0003:0000282c       ??_C@_06EDEC@CPLR?3?5?$AA@ 1001b82c     tzcmcpld.obj
 0003:00002834       ??_C@_07LKPM@CM00154?$AA@  1001b834     tzcmcpld.obj
 0003:00002840       ??_C@_0BJ@OJPI@Unable?5to?5Activate?5CPLR?5?$AA@ 1001b840     tzcmcpld.obj
 0003:00002860       ??_C@_0BH@NCEC@Rollback?5of?5CPLR?5data?4?$AA@ 1001b860     tzcmcpld.obj
 0003:0000287c       ??_C@_0DD@NBFB@Password?5and?5Verification?5Passwo@ 1001b87c     tzcmcpld.obj
 0003:000028bc       ??_C@_08NNJH@pbCancel?$AA@ 1001b8bc     tzcmcpld.obj
 0003:000028c8       ??_C@_04LINB@pbOK?$AA@     1001b8c8     tzcmcpld.obj
 0003:000028d0       ??_C@_0BF@HJIA@?8?5has?5no?5Components?4?$AA@ 1001b8d0     tzcmcpld.obj
 0003:000028ec       ??_C@_06OEAP@CPLR?5?8?$AA@ 1001b8ec     tzcmcpld.obj
 0003:000028f4       ??_C@_0O@FPEB@Type?5A?5Name?5A?$AA@ 1001b8f4     tzcmcpld.obj
 0003:00002904       ??_C@_0BJ@GPBI@Loading?5CPLR?5Components?4?$AA@ 1001b904     tzcmcpld.obj
 0003:00002924       ??_C@_08PNCJ@TZCMCOMP?$AA@ 1001b924     tzcmcpld.obj
 0003:00002930       ??_C@_0BK@GEND@Activating?5Reusable?5CPLR?5?$AA@ 1001b930     tzcmcpld.obj
 0003:00002950       ??_C@_0N@CPCF@pbComponents?$AA@ 1001b950     tzcmcpld.obj
 0003:00002960       ??_C@_0M@DPLA@?$CGComponents?$AA@ 1001b960     tzcmcpld.obj
 0003:00002970       ??_C@_0O@JBOC@Re?$CGmove?5Comp?4?$AA@ 1001b970     tzcmcpld.obj
 0003:00002980       ??_C@_0BP@KLPM@Removing?5Components?5from?5List?4?$AA@ 1001b980     tzcmcpld.obj
 0003:000029a8       ??_C@_0M@CJAH@pbErrorList?$AA@ 1001b9a8     tzcmcpld.obj
 0003:000029b8       ??_C@_08IKMA@pbRemove?$AA@ 1001b9b8     tzcmcpld.obj
 0003:000029c4       ??_C@_05BEFF@pbAdd?$AA@    1001b9c4     tzcmcpld.obj
 0003:000029cc       ??_C@_0O@GJKF@ReusablePopup?$AA@ 1001b9cc     tzcmcpld.obj
 0003:000029dc       ??_C@_0M@NKBO@CollapseAll?$AA@ 1001b9dc     tzcmcpld.obj
 0003:000029ec       ??_C@_09KKFH@ExpandAll?$AA@ 1001b9ec     tzcmcpld.obj
 0003:000029f8       ??_C@_08FGEI@Collapse?$AA@ 1001b9f8     tzcmcpld.obj
 0003:00002a04       ??_C@_06HLAH@Expand?$AA@   1001ba04     tzcmcpld.obj
 0003:00002a0c       ??_C@_04GOHB@Save?$AA@     1001ba0c     tzcmcpld.obj
 0003:00002a14       ??_C@_02HAGF@OK?$AA@       1001ba14     tzcmcpld.obj
 0003:00002a18       ??_C@_0BD@IIJG@RemoveReusableCPLR?$AA@ 1001ba18     tzcmcpld.obj
 0003:00002a30       ??_C@_0BE@DFGD@XferToReusableCPLRs?$AA@ 1001ba30     tzcmcpld.obj
 0003:00002a48       ??_C@_06MPHL@FEH001?$AA@   1001ba48     tzcmcpld.obj
 0003:00002a50       ??_C@_0BA@HGAF@Unable?5to?5open?5?$AA@ 1001ba50     tzcmcpld.obj
 0003:00002a64       ??_C@_0BK@GEBL@Text?5Files?5?$CI?$CK?4txt?$CJ?$HM?$CK?4txt?$HM?$AA@ 1001ba64     tzcmcpld.obj
 0003:00002a84       ??_C@_03PKEJ@txt?$AA@      1001ba84     tzcmcpld.obj
 0003:00002a88       ??_C@_0BC@JDAI@End?5of?5Error?5List?$AA@ 1001ba88     tzcmcpld.obj
 0003:00002aa0       ??_C@_0CD@JFIP@________________________________@ 1001baa0     tzcmcpld.obj
 0003:00002acc       ??_C@_0CB@HCCH@________________________________@ 1001bacc     tzcmcpld.obj
 0003:00002af4       ??_C@_0CE@MAHI@________________________________@ 1001baf4     tzcmcpld.obj
 0003:00002b20       ??_C@_0CD@NNE@CPLR?5to?5be?5reused?3?5?5?5?5?5?5?5?5?5?5?5?5?5?5@ 1001bb20     tzcmcpld.obj
 0003:00002b4c       ??_C@_0CD@IJGN@CPLR?5reusing?5the?5current?5one?3?5?5?5@ 1001bb4c     tzcmcpld.obj
 0003:00002b78       ??_C@_0CE@JDIH@CPLR?3?5?5?5?5?5?5?5?5?5?5?5?5?5?5?5?5?5?5?5?5?5?5?5?5?5?5?5@ 1001bb78     tzcmcpld.obj
 0003:00002ba4       ??_C@_0CB@IHPF@Meta?5Type?3?5?5?5?5?5?5?5?5?5?5?5?5?5?5?5?5?5?5?5?5?5?5@ 1001bba4     tzcmcpld.obj
 0003:00002bcc       ??_C@_0CE@GENF@Meta?5Name?3?5?5?5?5?5?5?5?5?5?5?5?5?5?5?5?5?5?5?5?5?5?5@ 1001bbcc     tzcmcpld.obj
 0003:00002bf8       ??_C@_0M@ELMD@?8?5to?5CPLR?5?8?$AA@ 1001bbf8     tzcmcpld.obj
 0003:00002c08       ??_C@_0BN@FLDL@?5?5?5?5?5?5?5?5?5Add?5Reusable?5CPLR?5?8?$AA@ 1001bc08     tzcmcpld.obj
 0003:00002c2c       ??_C@_01HAF@?8?$AA@        1001bc2c     tzcmcpld.obj
 0003:00002c30       ??_C@_0BO@CCDB@?5?5?5?5?5?5?5?5?5Check?5reusing?5CPLR?5?8?$AA@ 1001bc30     tzcmcpld.obj
 0003:00002c54       ??_C@_0BK@NFEB@Zeidon?3?5?5Error?5List?5from?5?$AA@ 1001bc54     tzcmcpld.obj
 0003:00002c74       ??_C@_06DHPE@Delete?$AA@   1001bc74     tzcmcpld.obj
 0003:00002c7c       ??_C@_06HEME@?5CPL?3?5?$AA@ 1001bc7c     tzcmcpld.obj
 0003:00002c84       ??_C@_0L@GFFF@lbCPLRList?$AA@ 1001bc84     tzcmcpld.obj
 0003:00002c94       ??_C@_0BA@JKAP@AllReusableCPLR?$AA@ 1001bc94     tzcmcpld.obj
 0003:00002ca8       ??_C@_0N@OBLF@SearchResult?$AA@ 1001bca8     tzcmcpld.obj
 0003:00002cb8       ??_C@_06KMCP@cbCPLR?$AA@   1001bcb8     tzcmcpld.obj
 0003:00002cc0       ??_C@_08HJPB@pbSearch?$AA@ 1001bcc0     tzcmcpld.obj
 0003:00002ccc       ??_C@_06LGEA@cbUser?$AA@   1001bccc     tzcmcpld.obj
 0003:00002cd4       ??_C@_07CKBL@AllComp?$AA@  1001bcd4     tzcmcpld.obj
 0003:00002ce0       ??_C@_06CMKJ@Remove?$AA@   1001bce0     tzcmcpld.obj
 0003:00002ce8       ??_C@_08IIGH@ListPref?$AA@ 1001bce8     tzcmcpld.obj
 0003:00002cf4       ??_C@_0BG@OAIJ@DeleteMetaFromListAll?$AA@ 1001bcf4     tzcmcpld.obj
 0003:00002d10       ??_C@_0BD@NJKG@DeleteMetaFromList?$AA@ 1001bd10     tzcmcpld.obj
 0003:00002d28       ??_C@_0L@EHMN@DeleteFile?$AA@ 1001bd28     tzcmcpld.obj
 0003:00002d38       ??_C@_0BB@MPHF@File_ViewCluster?$AA@ 1001bd38     tzcmcpld.obj
 0003:00002d4c       ??_C@_0CB@FMME@Unable?5to?5Commit?5Component?5View?$CB@ 1001bd4c     tzcmcpld.obj
 0003:00002d74       ??_C@_0CO@DPCI@Unable?5to?5Commit?5Component?1File?5@ 1001bd74     tzcmcpld.obj
 0003:00002dac       ??_C@_05KLHA@Users?$AA@    1001bdac     tzcmcpld.obj
 0003:00002db4       ??_C@_08GICA@AllFiles?$AA@ 1001bdb4     tzcmcpld.obj
 0003:00002dc0       ??_C@_0N@HMOP@ComponentTyp?$AA@ 1001bdc0     tzcmcpld.obj
 0003:00002dd0       ??_C@_0N@JDJD@SelectedComp?$AA@ 1001bdd0     tzcmcpld.obj
 0003:00003058       _g_hInstanceDLL            1001c058     zdllinst.obj
 0003:0000305c       ?ATL_CREATE_OBJECT@CComApartment@ATL@@2IA 1001c05c     tzcmcpld.obj
 0003:00003060       ?m_libid@CComModule@ATL@@2U_GUID@@A 1001c060     tzcmcpld.obj
 0003:00003074       ?_pModule@ATL@@3PAVCComModule@1@A 1001c074     tzcmcpld.obj
 0003:00003078       ??_C@_00A@?$AA@            1001c078     tzcmcpld.obj
 0003:0000307c       __afxForceEXCLUDE          1001c07c     MFCS42:nolib.obj
 0003:00003084       __adjust_fdiv              1001c084     <common>
 0003:00003090       ___onexitend               1001c090     <common>
 0003:000030a0       ___onexitbegin             1001c0a0     <common>
 0003:000030a4       __pRawDllMain              1001c0a4     <common>
 0004:00000000       __IMPORT_DESCRIPTOR_tzlodopr 1001d000     tzlodopr:tzlodopr.dll
 0004:00000014       __IMPORT_DESCRIPTOR_tzvmlip 1001d014     tzvmlip:tzvmlip.dll
 0004:00000028       __IMPORT_DESCRIPTOR_truegrid 1001d028     truegrid:truegrid.dll
 0004:0000003c       __IMPORT_DESCRIPTOR_KZOENGAA 1001d03c     kzoengaa:KZOENGAA.DLL
 0004:00000050       __IMPORT_DESCRIPTOR_MSVCRTD 1001d050     msvcrtd:MSVCRTD.dll
 0004:00000064       __IMPORT_DESCRIPTOR_ZDrApp 1001d064     zdrapp:ZDrApp.dll
 0004:00000078       __IMPORT_DESCRIPTOR_ZdCtl  1001d078     zdctl:ZdCtl.dll
 0004:0000008c       __NULL_IMPORT_DESCRIPTOR   1001d08c     tzlodopr:tzlodopr.dll
 0004:00000434       __imp__CreateTemporalSubobjectVersion@8 1001d434     kzoengaa:KZOENGAA.DLL
 0004:00000438       __imp__AppendViewCluster@8 1001d438     kzoengaa:KZOENGAA.DLL
 0004:0000043c       __imp__SysWriteLine@12     1001d43c     kzoengaa:KZOENGAA.DLL
 0004:00000440       __imp__GetVariableFromAttribute@36 1001d440     kzoengaa:KZOENGAA.DLL
 0004:00000444       __imp__GetAddrForAttribute@16 1001d444     kzoengaa:KZOENGAA.DLL
 0004:00000448       __imp__CommitOI_ToFile@12  1001d448     kzoengaa:KZOENGAA.DLL
 0004:0000044c       __imp__SysOpenFile@12      1001d44c     kzoengaa:KZOENGAA.DLL
 0004:00000450       __imp__SysReadFile@16      1001d450     kzoengaa:KZOENGAA.DLL
 0004:00000454       __imp__SetAttributeFromBlob@20 1001d454     kzoengaa:KZOENGAA.DLL
 0004:00000458       __imp__SysCloseFile@12     1001d458     kzoengaa:KZOENGAA.DLL
 0004:0000045c       __imp__SetCursorNextEntityByAttr@28 1001d45c     kzoengaa:KZOENGAA.DLL
 0004:00000460       __imp__AcceptSubobject@8   1001d460     kzoengaa:KZOENGAA.DLL
 0004:00000464       __imp__CancelSubobject@8   1001d464     kzoengaa:KZOENGAA.DLL
 0004:00000468       __imp__SetCursorFirstEntityByAttr@28 1001d468     kzoengaa:KZOENGAA.DLL
 0004:0000046c       __imp__ActivateOI_FromOI_ForTask@16 1001d46c     kzoengaa:KZOENGAA.DLL
 0004:00000470       __imp__SetViewToSubobject@8 1001d470     kzoengaa:KZOENGAA.DLL
 0004:00000474       __imp__ResetViewFromSubobject@4 1001d474     kzoengaa:KZOENGAA.DLL
 0004:00000478       __imp__CountEntitiesForView@8 1001d478     kzoengaa:KZOENGAA.DLL
 0004:0000047c       __imp__SetCursorNextEntityByInteger@20 1001d47c     kzoengaa:KZOENGAA.DLL
 0004:00000480       __imp__SetNameForView@16   1001d480     kzoengaa:KZOENGAA.DLL
 0004:00000484       __imp__MessageSend@24      1001d484     kzoengaa:KZOENGAA.DLL
 0004:00000488       __imp__DropObjectInstance@4 1001d488     kzoengaa:KZOENGAA.DLL
 0004:0000048c       __imp__ActivateObjectInstance@20 1001d48c     kzoengaa:KZOENGAA.DLL
 0004:00000490       __imp__SfGetCurrentTask@4  1001d490     kzoengaa:KZOENGAA.DLL
 0004:00000494       __imp__SfGetTaskInfo@12    1001d494     kzoengaa:KZOENGAA.DLL
 0004:00000498       __imp__SfGetNextTask@4     1001d498     kzoengaa:KZOENGAA.DLL
 0004:0000049c       __imp__CommitObjectInstance@4 1001d49c     kzoengaa:KZOENGAA.DLL
 0004:000004a0       __imp__SetAttributeFromString@16 1001d4a0     kzoengaa:KZOENGAA.DLL
 0004:000004a4       __imp__SetAttributeFromInteger@16 1001d4a4     kzoengaa:KZOENGAA.DLL
 0004:000004a8       __imp__CreateEntity@12     1001d4a8     kzoengaa:KZOENGAA.DLL
 0004:000004ac       __imp__ActivateEmptyObjectInstance@16 1001d4ac     kzoengaa:KZOENGAA.DLL
 0004:000004b0       __imp__MessagePrompt@32    1001d4b0     kzoengaa:KZOENGAA.DLL
 0004:000004b4       __imp__DropView@4          1001d4b4     kzoengaa:KZOENGAA.DLL
 0004:000004b8       __imp__GetStringFromAttribute@16 1001d4b8     kzoengaa:KZOENGAA.DLL
 0004:000004bc       __imp__GetStringFromAttributeByContext@24 1001d4bc     kzoengaa:KZOENGAA.DLL
 0004:000004c0       __imp__SetCursorLastEntity@12 1001d4c0     kzoengaa:KZOENGAA.DLL
 0004:000004c4       __imp__OrderEntityForView@12 1001d4c4     kzoengaa:KZOENGAA.DLL
 0004:000004c8       __imp__GetViewByName@16    1001d4c8     kzoengaa:KZOENGAA.DLL
 0004:000004cc       __imp__SetCursorFirstEntity@12 1001d4cc     kzoengaa:KZOENGAA.DLL
 0004:000004d0       __imp__CheckExistenceOfEntity@8 1001d4d0     kzoengaa:KZOENGAA.DLL
 0004:000004d4       __imp__CommitMultipleObjectInstances@8 1001d4d4     kzoengaa:KZOENGAA.DLL
 0004:000004d8       __imp__GetIntegerFromAttribute@16 1001d4d8     kzoengaa:KZOENGAA.DLL
 0004:000004dc       __imp__DropViewCluster@4   1001d4dc     kzoengaa:KZOENGAA.DLL
 0004:000004e0       __imp__DeleteEntity@12     1001d4e0     kzoengaa:KZOENGAA.DLL
 0004:000004e4       __imp__CompareAttributeToInteger@16 1001d4e4     kzoengaa:KZOENGAA.DLL
 0004:000004e8       __imp__ObjectInstanceUpdatedFromFile@4 1001d4e8     kzoengaa:KZOENGAA.DLL
 0004:000004ec       __imp__SetIncrementalUpdateFlags@12 1001d4ec     kzoengaa:KZOENGAA.DLL
 0004:000004f0       __imp__AddToViewCluster@12 1001d4f0     kzoengaa:KZOENGAA.DLL
 0004:000004f4       __imp__CreateViewCluster@8 1001d4f4     kzoengaa:KZOENGAA.DLL
 0004:000004f8       __imp__SetCursorFirstEntityByString@20 1001d4f8     kzoengaa:KZOENGAA.DLL
 0004:000004fc       __imp__CompareAttributeToAttribute@24 1001d4fc     kzoengaa:KZOENGAA.DLL
 0004:00000500       __imp__SetCursorPrevEntity@12 1001d500     kzoengaa:KZOENGAA.DLL
 0004:00000504       __imp__SetAttributeFromAttribute@24 1001d504     kzoengaa:KZOENGAA.DLL
 0004:00000508       __imp__SysGetDateTime@4    1001d508     kzoengaa:KZOENGAA.DLL
 0004:0000050c       __imp__SetSelectStateOfEntity@12 1001d50c     kzoengaa:KZOENGAA.DLL
 0004:00000510       __imp__ExcludeEntity@12    1001d510     kzoengaa:KZOENGAA.DLL
 0004:00000514       __imp__RelinkInstanceToInstance@16 1001d514     kzoengaa:KZOENGAA.DLL
 0004:00000518       __imp__SetCursorNextSelectedEntity@12 1001d518     kzoengaa:KZOENGAA.DLL
 0004:0000051c       __imp__SetCursorFirstSelectedEntity@12 1001d51c     kzoengaa:KZOENGAA.DLL
 0004:00000520       __imp__SetCursorFirstEntityByInteger@20 1001d520     kzoengaa:KZOENGAA.DLL
 0004:00000524       __imp__SetCursorNextEntity@12 1001d524     kzoengaa:KZOENGAA.DLL
 0004:00000528       __imp__SetCursorNextEntityByString@20 1001d528     kzoengaa:KZOENGAA.DLL
 0004:0000052c       __imp__CreateViewFromViewForTask@12 1001d52c     kzoengaa:KZOENGAA.DLL
 0004:00000530       __imp__GetIncrementalUpdateFlags@12 1001d530     kzoengaa:KZOENGAA.DLL
 0004:00000534       __imp__CompareAttributeToString@16 1001d534     kzoengaa:KZOENGAA.DLL
 0004:00000538       __imp__IncludeSubobjectFromSubobject@20 1001d538     kzoengaa:KZOENGAA.DLL
 0004:0000053c       __imp__UfCompressName@32   1001d53c     kzoengaa:KZOENGAA.DLL
 0004:00000540       __imp__SetMatchingAttributesByName@20 1001d540     kzoengaa:KZOENGAA.DLL
 0004:00000544       __imp__ResetView@4         1001d544     kzoengaa:KZOENGAA.DLL
 0004:00000548       \177KZOENGAA_NULL_THUNK_DATA 1001d548     kzoengaa:KZOENGAA.DLL
 0004:000005a8       __imp__strcat              1001d5a8     msvcrtd:MSVCRTD.dll
 0004:000005ac       __imp____dllonexit         1001d5ac     msvcrtd:MSVCRTD.dll
 0004:000005b0       __imp___adjust_fdiv        1001d5b0     msvcrtd:MSVCRTD.dll
 0004:000005b4       __imp___malloc_dbg         1001d5b4     msvcrtd:MSVCRTD.dll
 0004:000005b8       __imp___initterm           1001d5b8     msvcrtd:MSVCRTD.dll
 0004:000005bc       __imp___free_dbg           1001d5bc     msvcrtd:MSVCRTD.dll
 0004:000005c0       __imp__sprintf             1001d5c0     msvcrtd:MSVCRTD.dll
 0004:000005c4       __imp___ltoa               1001d5c4     msvcrtd:MSVCRTD.dll
 0004:000005c8       __imp__strcmp              1001d5c8     msvcrtd:MSVCRTD.dll
 0004:000005cc       __imp__strcpy              1001d5cc     msvcrtd:MSVCRTD.dll
 0004:000005d0       __imp__strlen              1001d5d0     msvcrtd:MSVCRTD.dll
 0004:000005d4       __imp___strnicmp           1001d5d4     msvcrtd:MSVCRTD.dll
 0004:000005d8       __imp___stricmp            1001d5d8     msvcrtd:MSVCRTD.dll
 0004:000005dc       __imp___onexit             1001d5dc     msvcrtd:MSVCRTD.dll
 0004:000005e0       \177MSVCRTD_NULL_THUNK_DATA 1001d5e0     msvcrtd:MSVCRTD.dll
 0004:00000614       __imp__GetSubtaskForWindowName@12 1001d614     zdrapp:ZDrApp.dll
 0004:00000618       __imp__RefreshWindow@4     1001d618     zdrapp:ZDrApp.dll
 0004:0000061c       __imp__GetCtrlState@12     1001d61c     zdrapp:ZDrApp.dll
 0004:00000620       __imp__SetCtrlState@16     1001d620     zdrapp:ZDrApp.dll
 0004:00000624       __imp__SetOptionState@16   1001d624     zdrapp:ZDrApp.dll
 0004:00000628       __imp__GetParentWindow@8   1001d628     zdrapp:ZDrApp.dll
 0004:0000062c       __imp__GetCtrlPosition@20  1001d62c     zdrapp:ZDrApp.dll
 0004:00000630       __imp__MapWindow@4         1001d630     zdrapp:ZDrApp.dll
 0004:00000634       __imp__SetCtrlSize@20      1001d634     zdrapp:ZDrApp.dll
 0004:00000638       __imp__OperatorPromptForFile@24 1001d638     zdrapp:ZDrApp.dll
 0004:0000063c       __imp__GetCtrlSize@20      1001d63c     zdrapp:ZDrApp.dll
 0004:00000640       __imp__SetCtrlPosition@20  1001d640     zdrapp:ZDrApp.dll
 0004:00000644       __imp__SetWindowCaptionTitle@12 1001d644     zdrapp:ZDrApp.dll
 0004:00000648       __imp__InvokeWindowActionBehavior@16 1001d648     zdrapp:ZDrApp.dll
 0004:0000064c       __imp__SetCtrlRowColText@20 1001d64c     zdrapp:ZDrApp.dll
 0004:00000650       __imp__OperatorPrompt@28   1001d650     zdrapp:ZDrApp.dll
 0004:00000654       __imp__RefreshCtrl@8       1001d654     zdrapp:ZDrApp.dll
 0004:00000658       __imp__GetCtrlText@16      1001d658     zdrapp:ZDrApp.dll
 0004:0000065c       __imp__SetCtrlText@12      1001d65c     zdrapp:ZDrApp.dll
 0004:00000660       __imp__SetWindowActionBehavior@16 1001d660     zdrapp:ZDrApp.dll
 0004:00000664       __imp__SetFocusToCtrl@8    1001d664     zdrapp:ZDrApp.dll
 0004:00000668       __imp__CreateTrackingPopupMenu@24 1001d668     zdrapp:ZDrApp.dll
 0004:0000066c       __imp__EnableAction@12     1001d66c     zdrapp:ZDrApp.dll
 0004:00000670       \177ZDrApp_NULL_THUNK_DATA 1001d670     zdrapp:ZDrApp.dll
 0004:000006ac       __imp__OL_SetTextColorForItemText@20 1001d6ac     zdctl:ZdCtl.dll
 0004:000006b0       __imp__OL_ExpandEntity@16  1001d6b0     zdctl:ZdCtl.dll
 0004:000006b4       __imp__OL_GetCurrentEntityName@16 1001d6b4     zdctl:ZdCtl.dll
 0004:000006b8       __imp__ED_LimitTextLength@12 1001d6b8     zdctl:ZdCtl.dll
 0004:000006bc       __imp__OL_SetCtrlState@16  1001d6bc     zdctl:ZdCtl.dll
 0004:000006c0       __imp__MB_SetMessage@12    1001d6c0     zdctl:ZdCtl.dll
 0004:000006c4       __imp__OL_ResetAllTextColorsForItemText@8 1001d6c4     zdctl:ZdCtl.dll
 0004:000006c8       \177ZdCtl_NULL_THUNK_DATA  1001d6c8     zdctl:ZdCtl.dll
 0004:000006f8       __imp__TG_GetMouseClick@8  1001d6f8     truegrid:truegrid.dll
 0004:000006fc       __imp__TG_LockColumn@16    1001d6fc     truegrid:truegrid.dll
 0004:00000700       __imp__TG_GetActiveCell@16 1001d700     truegrid:truegrid.dll
 0004:00000704       __imp__TG_SetCellData@20   1001d704     truegrid:truegrid.dll
 0004:00000708       \177truegrid_NULL_THUNK_DATA 1001d708     truegrid:truegrid.dll
 0004:00000734       __imp__oTZCMCPRO_CPLR_Enqueue@12 1001d734     tzlodopr:tzlodopr.dll
 0004:00000738       __imp__oTZCMCPRO_DeleteMetaWithCluster@16 1001d738     tzlodopr:tzlodopr.dll
 0004:0000073c       __imp__LoadFileAndActivateMeta@28 1001d73c     tzlodopr:tzlodopr.dll
 0004:00000740       __imp__zgGetZeidonToolsDir@12 1001d740     tzlodopr:tzlodopr.dll
 0004:00000744       __imp__zltoxa@8            1001d744     tzlodopr:tzlodopr.dll
 0004:00000748       __imp__oTZCMCPRO_DeleteFileWithCluster@16 1001d748     tzlodopr:tzlodopr.dll
 0004:0000074c       __imp__StartZeidonHelp@8   1001d74c     tzlodopr:tzlodopr.dll
 0004:00000750       __imp__IssueToolAbout@20   1001d750     tzlodopr:tzlodopr.dll
 0004:00000754       __imp__zgSortEntityWithinGParent4@44 1001d754     tzlodopr:tzlodopr.dll
 0004:00000758       __imp__oTZCMCPRO_DeleteMeta@12 1001d758     tzlodopr:tzlodopr.dll
 0004:0000075c       __imp__oTZCMLPLO_ActivateFileOI@12 1001d75c     tzlodopr:tzlodopr.dll
 0004:00000760       __imp__oTZCMQSYO_ActivateREPO_Enqueue@8 1001d760     tzlodopr:tzlodopr.dll
 0004:00000764       \177tzlodopr_NULL_THUNK_DATA 1001d764     tzlodopr:tzlodopr.dll
 0004:00000798       __imp__zGetFirstEntityNameForView@8 1001d798     tzvmlip:tzvmlip.dll
 0004:0000079c       \177tzvmlip_NULL_THUNK_DATA 1001d79c     tzvmlip:tzvmlip.dll

 entry point at        0001:00012020

