 tzdmupdd

 Timestamp is 5356cf48 (Tue Apr 22 16:21:28 2014)

 Preferred load address is 10000000

 Start         Length     Name                   Class
 0001:00000000 0000c946H .text                   CODE
 0002:00000000 000001dcH .rdata                  DATA
 0002:000001e0 00002cf6H .edata                  DATA
 0003:00000000 00000104H .CRT$XCA                DATA
 0003:00000104 00000104H .CRT$XCZ                DATA
 0003:00000208 00000104H .CRT$XIA                DATA
 0003:0000030c 00000104H .CRT$XIZ                DATA
 0003:00000410 00001541H .data                   DATA
 0003:00001958 00000058H .bss                    DATA
 0004:00000000 00000078H .idata$2                DATA
 0004:00000078 00000014H .idata$3                DATA
 0004:0000008c 000002e8H .idata$4                DATA
 0004:00000374 000002e8H .idata$5                DATA
 0004:0000065c 00000526H .idata$6                DATA
 0005:00000000 000001d8H .rsrc$01                DATA
 0005:000001e0 00000499H .rsrc$02                DATA

  Address         Publics by Value              Rva+Base     Lib:Object

 0001:00000510       _DllMain@12                10001510 f   zdllinst.obj
 0001:00000536       _GetDLL_Instance@4         10001536 f   zdllinst.obj
 0001:00000550       _zwTZDMUPDD_InitTool1@4    10001550 f   tzdmupdd.obj
 0001:000006ba       _zwTZDMUPDD_InitTool2@4    100016ba f   tzdmupdd.obj
 0001:00000770       _zwTZDMUPDD_MainRtnFromSubWnd@4 10001770 f   tzdmupdd.obj
 0001:000008ab       _zwTZDMUPDD_ListRtnFromSubwnd@4 100018ab f   tzdmupdd.obj
 0001:00000974       _zwTZDMUPDD_AskForSave@4   10001974 f   tzdmupdd.obj
 0001:00000cd6       _zwTZDMUPDD_SwitchLPLR@4   10001cd6 f   tzdmupdd.obj
 0001:00000d9f       _zwTZDMUPDD_ExitSaveDomain@4 10001d9f f   tzdmupdd.obj
 0001:00000e5b       _zwTZDMUPDD_SaveDomain@4   10001e5b f   tzdmupdd.obj
 0001:00000f56       _zwfnTZDMUPDD_SaveDomain@8 10001f56 f   tzdmupdd.obj
 0001:000011f2       _zwTZDMUPDD_ActivateDomain@4 100021f2 f   tzdmupdd.obj
 0001:00001331       _zwTZDMUPDD_CreateNewDomain@4 10002331 f   tzdmupdd.obj
 0001:00001539       _zwfnTZDMUPDD_DeleteFromXLP@8 10002539 f   tzdmupdd.obj
 0001:000015e8       _zwfnTZDMUPDD_PromptForDelete@16 100025e8 f   tzdmupdd.obj
 0001:00001784       _zwfnTZDMUPDD_DeleteCode@8 10002784 f   tzdmupdd.obj
 0001:000017fd       _zwfnTZDMUPDD_DeleteDomain@12 100027fd f   tzdmupdd.obj
 0001:000019d5       _zwTZDMUPDD_DeleteDomain@4 100029d5 f   tzdmupdd.obj
 0001:000019f4       _zwTZDMUPDD_ContextPopup@4 100029f4 f   tzdmupdd.obj
 0001:00001a1b       _zwTZDMUPDD_SetDefaultContext@4 10002a1b f   tzdmupdd.obj
 0001:00001ace       _zwTZDMUPDD_DeleteContext@4 10002ace f   tzdmupdd.obj
 0001:00001ca7       _zwTZDMUPDD_DuplicateContext@4 10002ca7 f   tzdmupdd.obj
 0001:00001d7c       _zwTZDMUPDD_GoToUpdateTableEntry@4 10002d7c f   tzdmupdd.obj
 0001:00001e39       _zwTZDMUPDD_GoToNewTableEntry@4 10002e39 f   tzdmupdd.obj
 0001:00001ef8       _zwTZDMUPDD_AddTableEntry@4 10002ef8 f   tzdmupdd.obj
 0001:00002055       _zwTZDMUPDD_DeleteTableEntry@4 10003055 f   tzdmupdd.obj
 0001:00002182       _zwTZDMUPDD_CONTEXT_INIT@4 10003182 f   tzdmupdd.obj
 0001:0000224f       _zwTZDMUPDD_CONTEXT_PINIT@4 1000324f f   tzdmupdd.obj
 0001:000022b8       _zwTZDMUPDD_CONTEXT_BUTTON_OK@4 100032b8 f   tzdmupdd.obj
 0001:0000233b       _zwTZDMUPDD_CONTEXT_BUTTON_Next@4 1000333b f   tzdmupdd.obj
 0001:000023e5       _zwTZDMUPDD_CONTEXT_BUTTON_Prev@4 100033e5 f   tzdmupdd.obj
 0001:0000248f       _zwTZDMUPDD_TABLEENT_BUTTON_Next@4 1000348f f   tzdmupdd.obj
 0001:00002684       _zwTZDMUPDD_TABLEENT_BUTTON_Prev@4 10003684 f   tzdmupdd.obj
 0001:00002879       _zwTZDMUPDD_REGULARE_BUTTON_Next@4 10003879 f   tzdmupdd.obj
 0001:000028c1       _zwTZDMUPDD_REGULARE_BUTTON_Prev@4 100038c1 f   tzdmupdd.obj
 0001:00002909       _zwTZDMUPDD_CreateByCopy@4 10003909 f   tzdmupdd.obj
 0001:00002b7d       _zwTZDMUPDD_RebuildXDM@4   10003b7d f   tzdmupdd.obj
 0001:00002d3b       _zwTZDMUPDD_HelpAbout@4    10003d3b f   tzdmupdd.obj
 0001:00002d5f       _zwTZDMUPDD_HelpBasics@4   10003d5f f   tzdmupdd.obj
 0001:00002d77       _zwTZDMUPDD_HelpOnHelp@4   10003d77 f   tzdmupdd.obj
 0001:00002d8f       _zwTZDMUPDD_HelpContents@4 10003d8f f   tzdmupdd.obj
 0001:00002da7       _zwTZDMUPDD_DeleteDomainGrp@4 10003da7 f   tzdmupdd.obj
 0001:00002f37       _zwTZDMUPDD_AcceptOperation@4 10003f37 f   tzdmupdd.obj
 0001:00002fe7       _zwTZDMUPDD_CreateNewContext@4 10003fe7 f   tzdmupdd.obj
 0001:000030c0       _zwTZDMUPDD_CreateCloneContext@4 100040c0 f   tzdmupdd.obj
 0001:00003303       _zwTZDMUPDD_CreateDomainParameter@8 10004303 f   tzdmupdd.obj
 0001:000033b3       _zwTZDMUPDD_CheckDomainGroupTyp@8 100043b3 f   tzdmupdd.obj
 0001:0000347a       _zwTZDMUPDD_TransferToEditor@8 1000447a f   tzdmupdd.obj
 0001:000036bd       _zwTZDMUPDD_DomainGroupPopup@4 100046bd f   tzdmupdd.obj
 0001:00003719       _zwTZDMUPDD_OpenDomainPreBuild@4 10004719 f   tzdmupdd.obj
 0001:00003842       _zwTZDMUPDD_SortByName@4   10004842 f   tzdmupdd.obj
 0001:0000388f       _zwTZDMUPDD_SortByDate@4   1000488f f   tzdmupdd.obj
 0001:000038d3       _zwTZDMUPDD_SortByGroup@4  100048d3 f   tzdmupdd.obj
 0001:00003917       _zwTZDMUPDD_OrderByExternalValue@4 10004917 f   tzdmupdd.obj
 0001:00003960       _zwTZDMUPDD_OrderByInternalValue@4 10004960 f   tzdmupdd.obj
 0001:000039a9       _zwTZDMUPDD_TableEntryIntegerOK@4 100049a9 f   tzdmupdd.obj
 0001:00003a7a       _zwTZDMUPDD_TableEntryIntegerInit@4 10004a7a f   tzdmupdd.obj
 0001:00003b18       _zwTZDMUPDD_OpenNextDom@4  10004b18 f   tzdmupdd.obj
 0001:00003d60       _zwTZDMUPDD_OpenPrevDom@4  10004d60 f   tzdmupdd.obj
 0001:00003e1c       _zwTZDMUPDD_NewDomainPrebuild@4 10004e1c f   tzdmupdd.obj
 0001:00003e9a       _zwTZDMUPDD_LoadDomain@4   10004e9a f   tzdmupdd.obj
 0001:0000406b       _zwTZDMUPDD_RefreshDomainList@4 1000506b f   tzdmupdd.obj
 0001:000040a1       _zwTZDMUPDD_DeleteOperation@4 100050a1 f   tzdmupdd.obj
 0001:0000428c       _zwTZDMUPDD_DeleteSelOperation@4 1000528c f   tzdmupdd.obj
 0001:0000430b       _zwTZDMUPDD_EditOperationcode@4 1000530b f   tzdmupdd.obj
 0001:00004320       _zwTZDMUPDD_EditOperationcodeMenu@4 10005320 f   tzdmupdd.obj
 0001:00004335       _zwTZDMUPDD_InitMenu@4     10005335 f   tzdmupdd.obj
 0001:00004721       _zwTZDMUPDD_MoveDomainPreBuild@4 10005721 f   tzdmupdd.obj
 0001:00004841       _zwTZDMUPDD_MoveDomainPostBuild@4 10005841 f   tzdmupdd.obj
 0001:00004a62       _zwTZDMUPDD_Set_CM_List@4  10005a62 f   tzdmupdd.obj
 0001:00004ad4       _zwTZDMUPDD_SaveAsPreBuild@4 10005ad4 f   tzdmupdd.obj
 0001:00004b28       _zwTZDMUPDD_SaveAsPostBuild@4 10005b28 f   tzdmupdd.obj
 0001:00004ce3       _zwTZDMUPDD_RefreshGroupList@4 10005ce3 f   tzdmupdd.obj
 0001:00004d77       _zwTZDMUPDD_SetSaveAsName@4 10005d77 f   tzdmupdd.obj
 0001:00004f29       _zwTZDMUPDD_SetGroupName@4 10005f29 f   tzdmupdd.obj
 0001:00005010       _zwTZDMUPDD_ResetProfileXFER@4 10006010 f   tzdmupdd.obj
 0001:00005079       _zwTZDMUPDD_SaveAsCancel@4 10006079 f   tzdmupdd.obj
 0001:000050de       _zwTZDMUPDD_SaveAsCheckValues@12 100060de f   tzdmupdd.obj
 0001:000054a6       _zwTZDMUPDD_SaveAsDomain@4 100064a6 f   tzdmupdd.obj
 0001:000057c1       _zwTZDMUPDD_CopyOperationWorkLOD@12 100067c1 f   tzdmupdd.obj
 0001:00005894       _zwTZDMUPDD_SaveAsNewDomain@20 10006894 f   tzdmupdd.obj
 0001:00005b5e       _zwTZDMUPDD_CreateDeleteWorkLod@12 10006b5e f   tzdmupdd.obj
 0001:00005c0a       _zwTZDMUPDD_RemoveOperFromGroup@12 10006c0a f   tzdmupdd.obj
 0001:00005d19       _zwTZDMUPDD_CreateOperation@16 10006d19 f   tzdmupdd.obj
 0001:00006086       _zwTZDMUPDD_CreateContext@12 10007086 f   tzdmupdd.obj
 0001:000062b9       _zwTZDMUPDD_CreateContextAndOper@16 100072b9 f   tzdmupdd.obj
 0001:000062fa       _zwTZDMUPDD_MoveCheckGroupType@12 100072fa f   tzdmupdd.obj
 0001:000064d3       _zwTZDMUPDD_DeleteOperFromFile@12 100074d3 f   tzdmupdd.obj
 0001:000065df       _zwTZDMUPDD_MoveDomainOperToFile@8 100075df f   tzdmupdd.obj
 0001:000067a3       _zwTZDMUPDD_MoveDomainToNewGroup@4 100077a3 f   tzdmupdd.obj
 0001:00006ab4       _zwTZDMUPDD_CheckGroupName@12 10007ab4 f   tzdmupdd.obj
 0001:00006b93       _zwTZDMUPDD_CheckGroupType@8 10007b93 f   tzdmupdd.obj
 0001:00006d12       _zwTZDMUPDD_AcceptDomainGroup@4 10007d12 f   tzdmupdd.obj
 0001:00006f88       _zwTZDMUPDD_SaveAsInNewGroup@4 10007f88 f   tzdmupdd.obj
 0001:000071fb       _zwTZDMUPDD_Check_CheckoutStatus@4 100081fb f   tzdmupdd.obj
 0001:00007332       _zwTZDMUPDD_GroupCheckedOut@4 10008332 f   tzdmupdd.obj
 0001:00007374       _zwTZDMUPDD_SetCeckOutState@4 10008374 f   tzdmupdd.obj
 0001:0000740b       _zwTZDMUPDD_NewDomain@4    1000840b f   tzdmupdd.obj
 0001:00007484       _zwTZDMUPDD_OpenDomain@4   10008484 f   tzdmupdd.obj
 0001:000074fd       _zwTZDMUPDD_SaveAsKeepCurrentDesc@4 100084fd f   tzdmupdd.obj
 0001:00007578       _zwTZDMUPDD_SetFlagForNewDomain@4 10008578 f   tzdmupdd.obj
 0001:000075ff       _zwTZDMUPDD_ShowDetail@4   100085ff f   tzdmupdd.obj
 0001:000077a5       _zwTZDMUPDD_CreateWorkLOD@4 100087a5 f   tzdmupdd.obj
 0001:00007980       _zwTZDMUPDD_MoveRtnFromSubwindow@4 10008980 f   tzdmupdd.obj
 0001:00007ab5       _zwTZDMUPDD_SaveAsRtnFromSubwnd@4 10008ab5 f   tzdmupdd.obj
 0001:00007bbe       _zwTZDMUPDD_AcceptSubobject@16 10008bbe f   tzdmupdd.obj
 0001:00007ea2       _zwTZDMUPDD_SetNullEntry@8 10008ea2 f   tzdmupdd.obj
 0001:00007f59       _zwTZDMUPDD_TableEntryOK@4 10008f59 f   tzdmupdd.obj
 0001:00007fad       _zwTZDMUPDD_LoadDomainGroupList@4 10008fad f   tzdmupdd.obj
 0001:00007ff5       _zwTZDMUPDD_LoadDomainList@4 10008ff5 f   tzdmupdd.obj
 0001:0000803d       _zwTZDMUPDD_LoadOperationList@4 1000903d f   tzdmupdd.obj
 0001:00008085       _zwTZDMUPDD_LoadPopup@20   10009085 f   tzdmupdd.obj
 0001:000081af       _zwTZDMUPDD_TablePopup@4   100091af f   tzdmupdd.obj
 0001:000081d6       _zwTZDMUPDD_OperationPopup@4 100091d6 f   tzdmupdd.obj
 0001:000081fd       _zwTZDMUPDD_DIL_Popup@4    100091fd f   tzdmupdd.obj
 0001:000082e3       _zwTZDMUPDD_ExtValue_Popup@4 100092e3 f   tzdmupdd.obj
 0001:000083c9       _zwTZDMUPDD_MoveDomainCancel@4 100093c9 f   tzdmupdd.obj
 0001:0000a3b0       _NLS_DIL_DeleteText@4      1000b3b0 f   tzdmup2d.obj
 0001:0000a415       _GrayGroupControls@4       1000b415 f   tzdmup2d.obj
 0001:0000a667       _NewDomainGroup@4          1000b667 f   tzdmup2d.obj
 0001:0000a8dc       _NLS_CreateNLS_View@4      1000b8dc f   tzdmup2d.obj
 0001:0000a954       _NLS_DIL_NewText@4         1000b954 f   tzdmup2d.obj
 0001:0000aaa9       _NLS_DIL_Refresh@4         1000baa9 f   tzdmup2d.obj
 0001:0000ac1d       _NLS_DIL_SaveText@4        1000bc1d f   tzdmup2d.obj
 0001:0000acf6       _NLS_ExtValueDeleteText@4  1000bcf6 f   tzdmup2d.obj
 0001:0000ad5b       _NLS_ExtValueNewText@4     1000bd5b f   tzdmup2d.obj
 0001:0000aeb0       _NLS_ExtValueRefresh@4     1000beb0 f   tzdmup2d.obj
 0001:0000b024       _NLS_ExtValueSaveText@4    1000c024 f   tzdmup2d.obj
 0001:0000b0fd       _LoadProperties@4          1000c0fd f   tzdmup2d.obj
 0001:0000b540       _RetrieveViewForMetaList@12 1000c540 f   tzlodopr:tzlodopr.dll
 0001:0000b546       _InitializeDefaultLPL@4    1000c546 f   tzlodopr:tzlodopr.dll
 0001:0000b54c       _oTZ__PRFO_GetViewToProfile@16 1000c54c f   tzlodopr:tzlodopr.dll
 0001:0000b552       _SetTitleWithCheckOutState@24 1000c552 f   tzlodopr:tzlodopr.dll
 0001:0000b558       _IssueToolMsg@32           1000c558 f   tzlodopr:tzlodopr.dll
 0001:0000b55e       _ComponentIsCheckedOut@12  1000c55e f   tzlodopr:tzlodopr.dll
 0001:0000b564       _TerminateLPLR@4           1000c564 f   tzlodopr:tzlodopr.dll
 0001:0000b56a       _DropMetaOI@8              1000c56a f   tzlodopr:tzlodopr.dll
 0001:0000b570       _oTZDMSRCO_ReplaceOrAddDomToXDM@12 1000c570 f   tzlodopr:tzlodopr.dll
 0001:0000b576       _CommitMetaOI@12           1000c576 f   tzlodopr:tzlodopr.dll
 0001:0000b57c       _oTZDMSRCO_UniqueDomainName@8 1000c57c f   tzlodopr:tzlodopr.dll
 0001:0000b582       _AssignZKeyToMetaOI@16     1000c582 f   tzlodopr:tzlodopr.dll
 0001:0000b588       _oTZDMSRCO_CheckDomainType@4 1000c588 f   tzlodopr:tzlodopr.dll
 0001:0000b58e       _ActivateMetaOI@20         1000c58e f   tzlodopr:tzlodopr.dll
 0001:0000b594       _CreateMetaEntity@16       1000c594 f   tzlodopr:tzlodopr.dll
 0001:0000b59a       _CheckExistenceOfMetaOI@12 1000c59a f   tzlodopr:tzlodopr.dll
 0001:0000b5a0       _oTZDMSRCO_RemoveDomainFromXDM@8 1000c5a0 f   tzlodopr:tzlodopr.dll
 0001:0000b5a6       _CreateTemporalMetaEntity@16 1000c5a6 f   tzlodopr:tzlodopr.dll
 0001:0000b5ac       _ActivateEmptyMetaOI@16    1000c5ac f   tzlodopr:tzlodopr.dll
 0001:0000b5b2       _oTZDMXGPO_GetViewForXDM@12 1000c5b2 f   tzlodopr:tzlodopr.dll
 0001:0000b5b8       _IssueToolAbout@20         1000c5b8 f   tzlodopr:tzlodopr.dll
 0001:0000b5be       _StartZeidonHelp@8         1000c5be f   tzlodopr:tzlodopr.dll
 0001:0000b5c4       _DeleteMetaOI@12           1000c5c4 f   tzlodopr:tzlodopr.dll
 0001:0000b5ca       _TransferToEditor@16       1000c5ca f   tzlodopr:tzlodopr.dll
 0001:0000b5d0       _CheckOutStateForCurrentWindow@8 1000c5d0 f   tzlodopr:tzlodopr.dll
 0001:0000b5d6       _TZEDFRMD_CopyOperationCode@8 1000c5d6 f   tzedfrmd:tzedfrmd.dll
 0001:0000b5dc       _TZEDFRMD_MoveOperationCode@8 1000c5dc f   tzedfrmd:tzedfrmd.dll
 0001:0000b5e2       _TZEDFRMD_DropOperationFromSource@4 1000c5e2 f   tzedfrmd:tzedfrmd.dll
 0001:0000b5e8       _zGetStringWithoutBlank@8  1000c5e8 f   tzvmlip:tzvmlip.dll
 0001:0000b5ee       _SetAttributeFromInteger@16 1000c5ee f   kzoengaa:KZOENGAA.DLL
 0001:0000b5f4       _CreateEntity@12           1000c5f4 f   kzoengaa:KZOENGAA.DLL
 0001:0000b5fa       _ActivateEmptyObjectInstance@16 1000c5fa f   kzoengaa:KZOENGAA.DLL
 0001:0000b600       _GetViewByName@16          1000c600 f   kzoengaa:KZOENGAA.DLL
 0001:0000b606       _SetAttributeFromString@16 1000c606 f   kzoengaa:KZOENGAA.DLL
 0001:0000b60c       _SetNameForView@16         1000c60c f   kzoengaa:KZOENGAA.DLL
 0001:0000b612       _CreateViewFromViewForTask@12 1000c612 f   kzoengaa:KZOENGAA.DLL
 0001:0000b618       _SetCursorFirstEntity@12   1000c618 f   kzoengaa:KZOENGAA.DLL
 0001:0000b61e       _DropView@4                1000c61e f   kzoengaa:KZOENGAA.DLL
 0001:0000b624       _ObjectInstanceUpdatedFromFile@4 1000c624 f   kzoengaa:KZOENGAA.DLL
 0001:0000b62a       _MiGetUpdateForView@4      1000c62a f   kzoengaa:KZOENGAA.DLL
 0001:0000b630       _CancelSubobject@8         1000c630 f   kzoengaa:KZOENGAA.DLL
 0001:0000b636       _MessagePrompt@32          1000c636 f   kzoengaa:KZOENGAA.DLL
 0001:0000b63c       _GetStringFromAttribute@16 1000c63c f   kzoengaa:KZOENGAA.DLL
 0001:0000b642       _OrderEntityForView@12     1000c642 f   kzoengaa:KZOENGAA.DLL
 0001:0000b648       _CheckExistenceOfEntity@8  1000c648 f   kzoengaa:KZOENGAA.DLL
 0001:0000b64e       _AcceptSubobject@8         1000c64e f   kzoengaa:KZOENGAA.DLL
 0001:0000b654       _MessageSend@24            1000c654 f   kzoengaa:KZOENGAA.DLL
 0001:0000b65a       _GetIntegerFromAttribute@16 1000c65a f   kzoengaa:KZOENGAA.DLL
 0001:0000b660       _SetAttributeFromAttribute@24 1000c660 f   kzoengaa:KZOENGAA.DLL
 0001:0000b666       _SetCursorFirstEntityByAttr@28 1000c666 f   kzoengaa:KZOENGAA.DLL
 0001:0000b66c       _CompareAttributeToAttribute@24 1000c66c f   kzoengaa:KZOENGAA.DLL
 0001:0000b672       _SetCursorFirstEntityByInteger@20 1000c672 f   kzoengaa:KZOENGAA.DLL
 0001:0000b678       _SetViewReadOnly@4         1000c678 f   kzoengaa:KZOENGAA.DLL
 0001:0000b67e       _SysGetPointerFromHandle@4 1000c67e f   kzoengaa:KZOENGAA.DLL
 0001:0000b684       _CompareAttributeToString@16 1000c684 f   kzoengaa:KZOENGAA.DLL
 0001:0000b68a       _SetCursorPrevEntity@12    1000c68a f   kzoengaa:KZOENGAA.DLL
 0001:0000b690       _DeleteEntity@12           1000c690 f   kzoengaa:KZOENGAA.DLL
 0001:0000b696       _SetCursorNextEntityByString@20 1000c696 f   kzoengaa:KZOENGAA.DLL
 0001:0000b69c       _SetCursorFirstEntityByString@20 1000c69c f   kzoengaa:KZOENGAA.DLL
 0001:0000b6a2       _SetCursorFirstEntityByEntityCsr@20 1000c6a2 f   kzoengaa:KZOENGAA.DLL
 0001:0000b6a8       _DropObjectInstance@4      1000c6a8 f   kzoengaa:KZOENGAA.DLL
 0001:0000b6ae       _SetSelectStateOfEntityForSet@16 1000c6ae f   kzoengaa:KZOENGAA.DLL
 0001:0000b6b4       _SetEntityCursor@40        1000c6b4 f   kzoengaa:KZOENGAA.DLL
 0001:0000b6ba       _SetMatchingAttributesByName@20 1000c6ba f   kzoengaa:KZOENGAA.DLL
 0001:0000b6c0       _SetCursorNextEntity@12    1000c6c0 f   kzoengaa:KZOENGAA.DLL
 0001:0000b6c6       _CreateViewFromView@8      1000c6c6 f   kzoengaa:KZOENGAA.DLL
 0001:0000b6cc       _SetViewUpdate@4           1000c6cc f   kzoengaa:KZOENGAA.DLL
 0001:0000b6d2       _CreateTemporalSubobjectVersion@8 1000c6d2 f   kzoengaa:KZOENGAA.DLL
 0001:0000b6d8       _SetSelectStateOfEntity@12 1000c6d8 f   kzoengaa:KZOENGAA.DLL
 0001:0000b6de       _GetSelectStateOfEntity@8  1000c6de f   kzoengaa:KZOENGAA.DLL
 0001:0000b6e4       _GetStringFromAttributeByContext@24 1000c6e4 f   kzoengaa:KZOENGAA.DLL
 0001:0000b6ea       _UfCompressName@32         1000c6ea f   kzoengaa:KZOENGAA.DLL
 0001:0000b6f0       _IncludeSubobjectFromSubobject@20 1000c6f0 f   kzoengaa:KZOENGAA.DLL
 0001:0000b6f6       _CompareAttributeToInteger@16 1000c6f6 f   kzoengaa:KZOENGAA.DLL
 0001:0000b6fc       _strcat                    1000c6fc f   msvcrtd:MSVCRTD.dll
 0001:0000b702       _strcpy                    1000c702 f   msvcrtd:MSVCRTD.dll
 0001:0000b708       _strcmp                    1000c708 f   msvcrtd:MSVCRTD.dll
 0001:0000b710       __CRT_INIT@12              1000c710 f   msvcrtd:crtdll.obj
 0001:0000b820       __DllMainCRTStartup@12     1000c820 f   msvcrtd:crtdll.obj
 0001:0000b914       __free_dbg                 1000c914 f   msvcrtd:MSVCRTD.dll
 0001:0000b91a       __initterm                 1000c91a f   msvcrtd:MSVCRTD.dll
 0001:0000b920       __onexit                   1000c920 f   msvcrtd:atonexit.obj
 0001:0000b960       _atexit                    1000c960 f   msvcrtd:atonexit.obj
 0001:0000b978       __malloc_dbg               1000c978 f   msvcrtd:MSVCRTD.dll
 0001:0000b97e       ___dllonexit               1000c97e f   msvcrtd:MSVCRTD.dll
 0001:0000b984       _SetWindowActionBehavior@16 1000c984 f   zdrapp:ZDrApp.dll
 0001:0000b98a       _RefreshAllSubwindows@4    1000c98a f   zdrapp:ZDrApp.dll
 0001:0000b990       _GetCtrlText@16            1000c990 f   zdrapp:ZDrApp.dll
 0001:0000b996       _MapCtrl@8                 1000c996 f   zdrapp:ZDrApp.dll
 0001:0000b99c       _MapWindow@4               1000c99c f   zdrapp:ZDrApp.dll
 0001:0000b9a2       _RefreshWindow@4           1000c9a2 f   zdrapp:ZDrApp.dll
 0001:0000b9a8       _GetSubtaskForWindowName@12 1000c9a8 f   zdrapp:ZDrApp.dll
 0001:0000b9ae       _SetFocusToCtrl@8          1000c9ae f   zdrapp:ZDrApp.dll
 0001:0000b9b4       _GetParentWindow@8         1000c9b4 f   zdrapp:ZDrApp.dll
 0001:0000b9ba       _SetCtrlState@16           1000c9ba f   zdrapp:ZDrApp.dll
 0001:0000b9c0       _RefreshCtrl@8             1000c9c0 f   zdrapp:ZDrApp.dll
 0001:0000b9c6       _CreateTrackingPopupMenu@24 1000c9c6 f   zdrapp:ZDrApp.dll
 0001:0000b9cc       _EnableAction@12           1000c9cc f   zdrapp:ZDrApp.dll
 0001:0000b9d2       _SetOptionState@16         1000c9d2 f   zdrapp:ZDrApp.dll
 0001:0000b9d8       _SetCtrlText@12            1000c9d8 f   zdrapp:ZDrApp.dll
 0001:0000b9de       _GetCtrlState@12           1000c9de f   zdrapp:ZDrApp.dll
 0001:0000b9e4       _OperatorPrompt@28         1000c9e4 f   zdrapp:ZDrApp.dll
 0001:0000b9ea       _SetWindowState@12         1000c9ea f   zdrapp:ZDrApp.dll
 0001:0000b9f0       _SetWindowCaptionTitle@12  1000c9f0 f   zdrapp:ZDrApp.dll
 0002:00000020       _IID_IDocHostUIHandlerDispatch 1000e020     tzdmupdd.obj
 0002:00000038       _IID_IInternalConnection   1000e038     tzdmupdd.obj
 0002:00000050       _IID_IAxWinAmbientDispatch 1000e050     tzdmupdd.obj
 0002:00000068       _IID_IAxWinHostWindow      1000e068     tzdmupdd.obj
 0002:00000080       _IID_IRegistrar            1000e080     tzdmupdd.obj
 0002:00000098       _CLSID_Registrar           1000e098     tzdmupdd.obj
 0002:000000b0       _LIBID_ATLLib              1000e0b0     tzdmupdd.obj
 0002:000000c4       ??_C@_08JKC@crtdll?4c?$AA@ 1000e0c4     msvcrtd:crtdll.obj
 0003:00000000       ___xc_a                    10011000     msvcrtd:cinitexe.obj
 0003:00000104       ___xc_z                    10011104     msvcrtd:cinitexe.obj
 0003:00000208       ___xi_a                    10011208     msvcrtd:cinitexe.obj
 0003:0000030c       ___xi_z                    1001130c     msvcrtd:cinitexe.obj
 0003:00000410       ?GUID_ATLVer30@ATL@@3U_GUID@@A 10011410     tzdmupdd.obj
 0003:00000434       ??_C@_03EGK@Typ?$AA@       10011434     tzdmupdd.obj
 0003:00000438       ??_C@_0BC@MMGI@ActionAfterSaveAS?$AA@ 10011438     tzdmupdd.obj
 0003:00000450       ??_C@_08OHHA@TZSAVEAS?$AA@ 10011450     tzdmupdd.obj
 0003:0000045c       ??_C@_0N@HDPA@CM_ListGroup?$AA@ 1001145c     tzdmupdd.obj
 0003:0000046c       ??_C@_07IOAD@CM_List?$AA@  1001146c     tzdmupdd.obj
 0003:00000478       ??_C@_0BD@CPKB@NewDomainGroupFlag?$AA@ 10011478     tzdmupdd.obj
 0003:00000490       ??_C@_03EIF@MSG?$AA@       10011490     tzdmupdd.obj
 0003:00000494       ??_C@_0M@CKE@ProfileXFER?$AA@ 10011494     tzdmupdd.obj
 0003:000004a4       ??_C@_02BLM@DM?$AA@        100114a4     tzdmupdd.obj
 0003:000004a8       ??_C@_0BD@OOCE@Domain?5Maintenance?$AA@ 100114a8     tzdmupdd.obj
 0003:000004c0       ??_C@_06CDGA@Domain?$AA@   100114c0     tzdmupdd.obj
 0003:000004c8       ??_C@_0BA@IFP@TZDGSRCO_DETAIL?$AA@ 100114c8     tzdmupdd.obj
 0003:000004dc       ??_C@_08DAOI@TZDMUPDD?$AA@ 100114dc     tzdmupdd.obj
 0003:000004e8       ??_C@_07OLND@DOMLIST?$AA@  100114e8     tzdmupdd.obj
 0003:000004f4       ??_C@_09DBFF@W_MetaDef?$AA@ 100114f4     tzdmupdd.obj
 0003:00000500       ??_C@_08MABN@TZDGSRCO?$AA@ 10011500     tzdmupdd.obj
 0003:0000050c       ??_C@_0O@IODE@TZDMUPDD_MAIN?$AA@ 1001150c     tzdmupdd.obj
 0003:0000051c       ??_C@_09BPIC@MaxString?$AA@ 1001151c     tzdmupdd.obj
 0003:00000528       ??_C@_0O@ICMH@DecimalFormat?$AA@ 10011528     tzdmupdd.obj
 0003:00000538       ??_C@_0L@ENLK@DomainType?$AA@ 10011538     tzdmupdd.obj
 0003:00000548       ??_C@_08FNON@DataType?$AA@ 10011548     tzdmupdd.obj
 0003:00000554       ??_C@_04DKMG@Desc?$AA@     10011554     tzdmupdd.obj
 0003:0000055c       ??_C@_0L@FKIN@DomainName?$AA@ 1001155c     tzdmupdd.obj
 0003:0000056c       ??_C@_09GMMJ@Operation?$AA@ 1001156c     tzdmupdd.obj
 0003:00000578       ??_C@_0L@CDCC@Restricted?$AA@ 10011578     tzdmupdd.obj
 0003:00000588       ??_C@_07IDCJ@DM00115?$AA@  10011588     tzdmupdd.obj
 0003:00000594       ??_C@_0BN@MIA@save?5it?5with?5differend?5name?$DP?$AA@ 10011594     tzdmupdd.obj
 0003:000005b8       ??_C@_0CK@LFOK@?8?5has?5been?5modified?4?5?6?6Would?5you@ 100115b8     tzdmupdd.obj
 0003:000005ec       ??_C@_0CO@IBGN@Domain?5Group?5is?5not?5checked?5out?0@ 100115ec     tzdmupdd.obj
 0003:00000624       ??_C@_04EFNI@Name?$AA@     10011624     tzdmupdd.obj
 0003:0000062c       ??_C@_06HGGI@Name?5A?$AA@  1001162c     tzdmupdd.obj
 0003:00000634       ??_C@_07DECK@Context?$AA@  10011634     tzdmupdd.obj
 0003:00000640       ??_C@_06JFOP@SaveAs?$AA@   10011640     tzdmupdd.obj
 0003:00000648       ??_C@_0L@KNON@DOMGRPLIST?$AA@ 10011648     tzdmupdd.obj
 0003:00000658       ??_C@_07DPNP@DM00101?$AA@  10011658     tzdmupdd.obj
 0003:00000664       ??_C@_0DC@FMN@A?5String?5Domain?5must?5have?5a?5max?5@ 10011664     tzdmupdd.obj
 0003:000006a0       ??_C@_0N@FPPC@MaxStringLth?$AA@ 100116a0     tzdmupdd.obj
 0003:000006b0       ??_C@_0BN@DJCH@Unable?5to?5save?5Domain?5Group?4?$AA@ 100116b0     tzdmupdd.obj
 0003:000006d4       ??_C@_09FEKK@CPLR_ZKey?$AA@ 100116d4     tzdmupdd.obj
 0003:000006e0       ??_C@_04BBDM@ZKey?$AA@     100116e0     tzdmupdd.obj
 0003:000006e8       ??_C@_0BL@GGOB@Domain?5Name?5is?5not?5unique?4?$AA@ 100116e8     tzdmupdd.obj
 0003:00000708       ??_C@_01FKHJ@C?$AA@        10011708     tzdmupdd.obj
 0003:0000070c       ??_C@_09FFKP@Extension?$AA@ 1001170c     tzdmupdd.obj
 0003:00000718       ??_C@_03EAGC@VML?$AA@      10011718     tzdmupdd.obj
 0003:0000071c       ??_C@_0N@IOOH@LanguageType?$AA@ 1001171c     tzdmupdd.obj
 0003:0000072c       ??_C@_0M@NDFG@DomainGroup?$AA@ 1001172c     tzdmupdd.obj
 0003:0000073c       ??_C@_0N@LEEM@Subdirectory?$AA@ 1001173c     tzdmupdd.obj
 0003:0000074c       ??_C@_01OAK@N?$AA@         1001174c     tzdmupdd.obj
 0003:00000750       ??_C@_0BD@PDCC@ContextRestriction?$AA@ 10011750     tzdmupdd.obj
 0003:00000768       ??_C@_09JIBE@IsDefault?$AA@ 10011768     tzdmupdd.obj
 0003:00000774       ??_C@_01PCJP@Y?$AA@        10011774     tzdmupdd.obj
 0003:00000778       ??_C@_0L@CFJD@DomainDesc?$AA@ 10011778     tzdmupdd.obj
 0003:00000788       ??_C@_07DPBE@DM00104?$AA@  10011788     tzdmupdd.obj
 0003:00000794       ??_C@_0CG@KHJI@A?5Domain?5already?5exists?5by?5that?5@ 10011794     tzdmupdd.obj
 0003:000007c4       ??_C@_0N@BPAI@edDomainName?$AA@ 100117c4     tzdmupdd.obj
 0003:000007d4       ??_C@_07GKPB@DM00103?$AA@  100117d4     tzdmupdd.obj
 0003:000007e0       ??_C@_0BG@LHD@Domain?5name?5required?4?$AA@ 100117e0     tzdmupdd.obj
 0003:000007fc       ??_C@_0L@KGCI@W_MetaType?$AA@ 100117fc     tzdmupdd.obj
 0003:0000080c       ??_C@_04FCOP@Type?$AA@     1001180c     tzdmupdd.obj
 0003:00000814       ??_C@_07HCHB@OP00810?$AA@  10011814     tzdmupdd.obj
 0003:00000820       ??_C@_0BE@OAFL@?8?5from?5Source?5File?$DP?$AA@ 10011820     tzdmupdd.obj
 0003:00000838       ??_C@_0CD@KHCJ@Delete?5assigned?5Domain?5Operation@ 10011838     tzdmupdd.obj
 0003:00000864       ??_C@_0BC@KGOH@SelectedOperation?$AA@ 10011864     tzdmupdd.obj
 0003:0000087c       ??_C@_0L@LHJJ@AddContext?$AA@ 1001187c     tzdmupdd.obj
 0003:0000088c       ??_C@_0O@BDED@DeleteContext?$AA@ 1001188c     tzdmupdd.obj
 0003:0000089c       ??_C@_0N@MHBJ@ContextPopup?$AA@ 1001189c     tzdmupdd.obj
 0003:000008ac       ??_C@_0M@KPMK@ContextName?$AA@ 100118ac     tzdmupdd.obj
 0003:000008bc       ??_C@_07OLKB@CONTEXT?$AA@  100118bc     tzdmupdd.obj
 0003:000008c8       ??_C@_07GKDK@DM00106?$AA@  100118c8     tzdmupdd.obj
 0003:000008d4       ??_C@_07JFID@DM00105?$AA@  100118d4     tzdmupdd.obj
 0003:000008e0       ??_C@_0CM@KFBE@Unable?5to?5Delete?5Default?5Context@ 100118e0     tzdmupdd.obj
 0003:00000914       ??_C@_0L@GLN@TableEntry?$AA@ 10011914     tzdmupdd.obj
 0003:00000924       ??_C@_0BB@FBHJ@TABLEENT_Integer?$AA@ 10011924     tzdmupdd.obj
 0003:00000938       ??_C@_0M@CMMP@WorkNumeric?$AA@ 10011938     tzdmupdd.obj
 0003:00000948       ??_C@_01FLCE@L?$AA@        10011948     tzdmupdd.obj
 0003:0000094c       ??_C@_0N@CCA@InternalName?$AA@ 1001194c     tzdmupdd.obj
 0003:0000095c       ??_C@_0P@PFJN@Internal?5Value?$AA@ 1001195c     tzdmupdd.obj
 0003:00000970       ??_C@_0O@FGCJ@InternalValue?$AA@ 10011970     tzdmupdd.obj
 0003:00000980       ??_C@_08FMDC@TABLEENT?$AA@ 10011980     tzdmupdd.obj
 0003:0000098c       ??_C@_0O@CKCG@ExternalValue?$AA@ 1001198c     tzdmupdd.obj
 0003:0000099c       ??_C@_06DHPE@Delete?$AA@   1001199c     tzdmupdd.obj
 0003:000009a4       ??_C@_03MBCK@New?$AA@      100119a4     tzdmupdd.obj
 0003:000009a8       ??_C@_0BC@HOGC@RegularExpression?$AA@ 100119a8     tzdmupdd.obj
 0003:000009c0       ??_C@_07MAKN@DM00107?$AA@  100119c0     tzdmupdd.obj
 0003:000009cc       ??_C@_07MBPA@DM00108?$AA@  100119cc     tzdmupdd.obj
 0003:000009d8       ??_C@_0LK@GCON@The?5Domain?5currently?5active?5has?5@ 100119d8     tzdmupdd.obj
 0003:00000ab8       ??_C@_0BG@IBOJ@?4?4?2?4?4?2a?2tz?2tzdmupdd?4c?$AA@ 10011ab8     tzdmupdd.obj
 0003:00000ad4       ??_C@_0M@EKIC@Apr?522?52014?$AA@ 10011ad4     tzdmupdd.obj
 0003:00000ae4       ??_C@_08CGCO@16?321?326?$AA@ 10011ae4     tzdmupdd.obj
 0003:00000af0       ??_C@_0N@NBPL@BasicsManual?$AA@ 10011af0     tzdmupdd.obj
 0003:00000b00       ??_C@_0L@JNHO@SystemHelp?$AA@ 10011b00     tzdmupdd.obj
 0003:00000b10       ??_C@_0L@DNLA@UsersGuide?$AA@ 10011b10     tzdmupdd.obj
 0003:00000b20       ??_C@_07GLGH@DM00109?$AA@  10011b20     tzdmupdd.obj
 0003:00000b2c       ??_C@_0DD@CDOD@The?5Domain?5Group?5is?5not?5maintain@ 10011b2c     tzdmupdd.obj
 0003:00000b6c       ??_C@_06IOLI@Status?$AA@   10011b6c     tzdmupdd.obj
 0003:00000b74       ??_C@_01PBLD@M?$AA@        10011b74     tzdmupdd.obj
 0003:00000b78       ??_C@_0P@JMMB@NLS_TableEntry?$AA@ 10011b78     tzdmupdd.obj
 0003:00000b8c       ??_C@_0BB@LNNB@ExtValueNLS_Text?$AA@ 10011b8c     tzdmupdd.obj
 0003:00000ba0       ??_C@_0BB@NIPM@DomainDataStruct?$AA@ 10011ba0     tzdmupdd.obj
 0003:00000bb4       ??_C@_01FLOP@I?$AA@        10011bb4     tzdmupdd.obj
 0003:00000bb8       ??_C@_09GNHM@ShortDesc?$AA@ 10011bb8     tzdmupdd.obj
 0003:00000bc4       ??_C@_09NDFD@EntryType?$AA@ 10011bc4     tzdmupdd.obj
 0003:00000bd0       ??_C@_09IOKP@Parameter?$AA@ 10011bd0     tzdmupdd.obj
 0003:00000bdc       ??_C@_0BJ@MCEL@and?5correct?5the?5problem?4?$AA@ 10011bdc     tzdmupdd.obj
 0003:00000bfc       ??_C@_0CK@NGLP@Please?5switch?5to?5Domain?5Group?5Pr@ 10011bfc     tzdmupdd.obj
 0003:00000c30       ??_C@_0BB@GAEJ@Type?5selected?4?6?6?$AA@ 10011c30     tzdmupdd.obj
 0003:00000c44       ??_C@_0CM@MLBG@DLL?5Name?5does?5not?5exists?5or?5wron@ 10011c44     tzdmupdd.obj
 0003:00000c78       ??_C@_0BL@LAPK@DomainAndGlobalOpGroupName?$AA@ 10011c78     tzdmupdd.obj
 0003:00000c98       ??_C@_0L@JLBE@SourceFile?$AA@ 10011c98     tzdmupdd.obj
 0003:00000ca8       ??_C@_03CMHN@LOD?$AA@      10011ca8     tzdmupdd.obj
 0003:00000cac       ??_C@_0P@INKH@DGP_SourceFile?$AA@ 10011cac     tzdmupdd.obj
 0003:00000cc0       ??_C@_08EDN@TZZOLODO?$AA@  10011cc0     tzdmupdd.obj
 0003:00000ccc       ??_C@_0BB@IODE@DomainGroupPopup?$AA@ 10011ccc     tzdmupdd.obj
 0003:00000ce0       ??_C@_0BC@BHG@DeleteDomainGroup?$AA@ 10011ce0     tzdmupdd.obj
 0003:00000cf8       ??_C@_0P@MKJO@LastUpdateDate?$AA@ 10011cf8     tzdmupdd.obj
 0003:00000d0c       ??_C@_09EPF@GroupName?$AA@ 10011d0c     tzdmupdd.obj
 0003:00000d18       ??_C@_0BI@EFNI@LastUpdateDate?5D?5Name?5A?$AA@ 10011d18     tzdmupdd.obj
 0003:00000d34       ??_C@_0BD@PJMI@GroupName?5A?5Name?5A?$AA@ 10011d34     tzdmupdd.obj
 0003:00000d4c       ??_C@_0BA@JMPL@ExternalValue?5A?$AA@ 10011d4c     tzdmupdd.obj
 0003:00000d60       ??_C@_0BA@EHIJ@InternalValue?5A?$AA@ 10011d60     tzdmupdd.obj
 0003:00000d74       ??_C@_0CC@BMCN@This?5was?5already?5the?5last?5Domain@ 10011d74     tzdmupdd.obj
 0003:00000d9c       ??_C@_08OPAD@OPERLIST?$AA@ 10011d9c     tzdmupdd.obj
 0003:00000da8       ??_C@_0BA@BBJM@DOMLISTunderGRP?$AA@ 10011da8     tzdmupdd.obj
 0003:00000dbc       ??_C@_0CD@DEHO@This?5was?5already?5the?5first?5Domai@ 10011dbc     tzdmupdd.obj
 0003:00000de8       ??_C@_0CD@MKGI@Delete?5Operation?5from?5Source?5Fil@ 10011de8     tzdmupdd.obj
 0003:00000e14       ??_C@_07CHJE@OP00817?$AA@  10011e14     tzdmupdd.obj
 0003:00000e20       ??_C@_0DB@NDID@?8?5cannot?5be?5deleted?5?6if?5it?5is?5us@ 10011e20     tzdmupdd.obj
 0003:00000e5c       ??_C@_0BD@PGJC@Domain?5Operation?5?8?$AA@ 10011e5c     tzdmupdd.obj
 0003:00000e74       ??_C@_07GEBA@OP00805?$AA@  10011e74     tzdmupdd.obj
 0003:00000e80       ??_C@_03NDCL@?8?5?$DP?$AA@ 10011e80     tzdmupdd.obj
 0003:00000e84       ??_C@_0CA@MODF@OK?5to?5Delete?5Domain?5Operation?5?8?$AA@ 10011e84     tzdmupdd.obj
 0003:00000eac       ??_C@_0BA@BMEI@DeleteOperation?$AA@ 10011eac     tzdmupdd.obj
 0003:00000ec0       ??_C@_0BA@OMCK@UpdateOperation?$AA@ 10011ec0     tzdmupdd.obj
 0003:00000ed4       ??_C@_0O@NEDO@EditOperation?$AA@ 10011ed4     tzdmupdd.obj
 0003:00000ee4       ??_C@_0BC@DMPM@SetDefaultContext?$AA@ 10011ee4     tzdmupdd.obj
 0003:00000efc       ??_C@_0O@DLGP@UpdateContext?$AA@ 10011efc     tzdmupdd.obj
 0003:00000f0c       ??_C@_0L@EEPK@MoveDomain?$AA@ 10011f0c     tzdmupdd.obj
 0003:00000f1c       ??_C@_0N@BEGF@AddOperation?$AA@ 10011f1c     tzdmupdd.obj
 0003:00000f2c       ??_C@_04GOHB@Save?$AA@     10011f2c     tzdmupdd.obj
 0003:00000f34       ??_C@_0BC@MHFC@OperationsInGroup?$AA@ 10011f34     tzdmupdd.obj
 0003:00000f4c       ??_C@_0P@MIBK@DomainsInGroup?$AA@ 10011f4c     tzdmupdd.obj
 0003:00000f60       ??_C@_0BA@PDAI@DomainGroupList?$AA@ 10011f60     tzdmupdd.obj
 0003:00000f74       ??_C@_08PNMF@Generate?$AA@ 10011f74     tzdmupdd.obj
 0003:00000f80       ??_C@_04NKD@Open?$AA@      10011f80     tzdmupdd.obj
 0003:00000f88       ??_C@_05NJOH@New12?$AA@    10011f88     tzdmupdd.obj
 0003:00000f90       ??_C@_08HHLD@TaskLPLR?$AA@ 10011f90     tzdmupdd.obj
 0003:00000f9c       ??_C@_0L@PGIJ@cbCopyCode?$AA@ 10011f9c     tzdmupdd.obj
 0003:00000fac       ??_C@_07NCAP@txtType?$AA@  10011fac     tzdmupdd.obj
 0003:00000fb8       ??_C@_0P@MPF@txtDomainGroup?$AA@ 10011fb8     tzdmupdd.obj
 0003:00000fcc       ??_C@_0O@PJOG@txtDomainName?$AA@ 10011fcc     tzdmupdd.obj
 0003:00000fdc       ??_C@_01PFH@A?$AA@         10011fdc     tzdmupdd.obj
 0003:00000fe0       ??_C@_0BC@MACA@cbKeepCurrentDesc?$AA@ 10011fe0     tzdmupdd.obj
 0003:00000ff8       ??_C@_0M@GOBH@lbGroupList?$AA@ 10011ff8     tzdmupdd.obj
 0003:00001008       ??_C@_0N@GABG@edDomainDesc?$AA@ 10012008     tzdmupdd.obj
 0003:00001018       ??_C@_0N@BDGC@lbDomainList?$AA@ 10012018     tzdmupdd.obj
 0003:00001028       ??_C@_0CM@INFE@Language?5Type?5of?5Domain?5Group?5do@ 10012028     tzdmupdd.obj
 0003:0000105c       ??_C@_02ENCN@?8?4?$AA@     1001205c     tzdmupdd.obj
 0003:00001060       ??_C@_0BC@IBKE@in?5Domain?5Group?5?8?$AA@ 10012060     tzdmupdd.obj
 0003:00001078       ??_C@_0CM@DFMI@Cannot?5save?5Domain?0?5because?5alre@ 10012078     tzdmupdd.obj
 0003:000010ac       ??_C@_0BJ@DHDI@Domain?5Name?5is?5required?4?$AA@ 100120ac     tzdmupdd.obj
 0003:000010cc       ??_C@_07KKJI@ZO00137?$AA@  100120cc     tzdmupdd.obj
 0003:000010d8       ??_C@_0BP@NNNL@Target?5Group?5Name?5is?5required?4?$AA@ 100120d8     tzdmupdd.obj
 0003:00001100       ??_C@_07KLMF@ZO00138?$AA@  10012100     tzdmupdd.obj
 0003:0000110c       ??_C@_0DA@JMHB@Domain?5already?5exists?4?5Replace?5e@ 1001210c     tzdmupdd.obj
 0003:00001148       ??_C@_08MOOC@TZCMSLPD?$AA@ 10012148     tzdmupdd.obj
 0003:00001154       ??_C@_0L@DCBI@SwitchLPLR?$AA@ 10012154     tzdmupdd.obj
 0003:00001164       ??_C@_07HGNF@NEWNAME?$AA@  10012164     tzdmupdd.obj
 0003:00001170       ??_C@_08GFMB@TZEDWDEL?$AA@ 10012170     tzdmupdd.obj
 0003:0000117c       ??_C@_08BKL@DeleteOp?$AA@  1001217c     tzdmupdd.obj
 0003:00001188       ??_C@_01PDAJ@S?$AA@        10012188     tzdmupdd.obj
 0003:0000118c       ??_C@_07IMFO@OP00819?$AA@  1001218c     tzdmupdd.obj
 0003:00001198       ??_C@_0BP@MLMK@Operation?5Code?5will?5be?5copied?4?$AA@ 10012198     tzdmupdd.obj
 0003:000011c0       ??_C@_0CL@GOOI@Operation?5is?5related?5to?5an?5other@ 100121c0     tzdmupdd.obj
 0003:000011f4       ??_C@_0CJ@BMN@Operation?5Code?5cannot?5be?5moved?0?5@ 100121f4     tzdmupdd.obj
 0003:00001228       ??_C@_0BC@LKCE@already?5exists?4?6?6?$AA@ 10012228     tzdmupdd.obj
 0003:00001240       ??_C@_0BN@GCKB@Replace?5existing?5Operation?$DP?5?$AA@ 10012240     tzdmupdd.obj
 0003:00001264       ??_C@_0CI@NACD@is?5assigned?5to?5more?5than?5one?5Dom@ 10012264     tzdmupdd.obj
 0003:00001294       ??_C@_02OGOH@?8?5?$AA@     10012294     tzdmupdd.obj
 0003:00001298       ??_C@_0N@OAPH@DIL_NLS_Text?$AA@ 10012298     tzdmupdd.obj
 0003:000012a8       ??_C@_0CO@FHKH@Target?5and?5Source?5Domain?5Group?5a@ 100122a8     tzdmupdd.obj
 0003:000012e0       ??_C@_0M@ILLD@Move?5Domain?$AA@ 100122e0     tzdmupdd.obj
 0003:000012f0       ??_C@_0FG@IBHA@Language?5Type?5of?5Domain?5Group?5do@ 100122f0     tzdmupdd.obj
 0003:00001358       ??_C@_0BE@PCB@InvokeEditorCommand?$AA@ 10012358     tzdmupdd.obj
 0003:00001370       ??_C@_06NJIA@Editor?$AA@   10012370     tzdmupdd.obj
 0003:00001378       ??_C@_02OJDJ@ED?$AA@       10012378     tzdmupdd.obj
 0003:0000137c       ??_C@_0N@PHKH@InvokingTool?$AA@ 1001237c     tzdmupdd.obj
 0003:0000138c       ??_C@_02GPGN@GO?$AA@       1001238c     tzdmupdd.obj
 0003:00001390       ??_C@_0P@NKNH@METAOPERATIONS?$AA@ 10012390     tzdmupdd.obj
 0003:000013a4       ??_C@_08JFMO@TZEDWRKO?$AA@ 100123a4     tzdmupdd.obj
 0003:000013b0       ??_C@_01FIAI@X?$AA@        100123b0     tzdmupdd.obj
 0003:000013b4       ??_C@_07DGFN@DM00202?$AA@  100123b4     tzdmupdd.obj
 0003:000013c0       ??_C@_0CM@CMG@A?5Domain?5Group?5already?5exists?5by@ 100123c0     tzdmupdd.obj
 0003:000013f4       ??_C@_0BA@ICPM@DomainGroupName?$AA@ 100123f4     tzdmupdd.obj
 0003:00001408       ??_C@_07MJOE@DM00201?$AA@  10012408     tzdmupdd.obj
 0003:00001414       ??_C@_0BM@DJLI@Domain?5Group?5Name?5required?4?$AA@ 10012414     tzdmupdd.obj
 0003:00001438       ??_C@_07MJCP@DM00204?$AA@  10012438     tzdmupdd.obj
 0003:00001444       ??_C@_0EB@GCGI@Executable?5Name?5should?5be?5entere@ 10012444     tzdmupdd.obj
 0003:00001494       ??_C@_0N@JPKE@edExecutable?$AA@ 10012494     tzdmupdd.obj
 0003:000014a4       ??_C@_07JMMK@DM00203?$AA@  100124a4     tzdmupdd.obj
 0003:000014b0       ??_C@_0EB@CGAO@Language?5Type?5should?5be?5entered?5@ 100124b0     tzdmupdd.obj
 0003:00001500       ??_C@_07JLKJ@OP00806?$AA@  10012500     tzdmupdd.obj
 0003:0000150c       ??_C@_0CC@CBAH@A?5Language?5Type?5was?5not?5selected@ 1001250c     tzdmupdd.obj
 0003:00001534       ??_C@_01MHL@U?$AA@         10012534     tzdmupdd.obj
 0003:00001538       ??_C@_01KFAL@E?$AA@        10012538     tzdmupdd.obj
 0003:0000153c       ??_C@_0CA@IPBJ@Domain?5exists?5in?5Doamin?5Group?5?8?$AA@ 1001253c     tzdmupdd.obj
 0003:00001564       ??_C@_0DK@JNPA@Cannot?5create?5a?5new?5Domain?5Group@ 10012564     tzdmupdd.obj
 0003:000015ac       ??_C@_0N@EKEM@DeleteDomain?$AA@ 100125ac     tzdmupdd.obj
 0003:000015bc       ??_C@_04LCOO@Move?$AA@     100125bc     tzdmupdd.obj
 0003:000015c4       ??_C@_02HAGF@OK?$AA@       100125c4     tzdmupdd.obj
 0003:000015c8       ??_C@_01MLA@P?$AA@         100125c8     tzdmupdd.obj
 0003:000015cc       ??_C@_07NICN@OP00814?$AA@  100125cc     tzdmupdd.obj
 0003:000015d8       ??_C@_0BO@GLKC@?5already?5exists?5by?5this?5name?$CB?$AA@ 100125d8     tzdmupdd.obj
 0003:000015fc       ??_C@_02OOOP@A?5?$AA@      100125fc     tzdmupdd.obj
 0003:00001600       ??_C@_07NHLD@PE00114?$AA@  10012600     tzdmupdd.obj
 0003:0000160c       ??_C@_0BD@IJLH@?5Name?5is?5required?4?$AA@ 1001260c     tzdmupdd.obj
 0003:00001624       ??_C@_0O@CEMF@AddTableEntry?$AA@ 10012624     tzdmupdd.obj
 0003:00001634       ??_C@_0BB@CGMN@DeleteTableEntry?$AA@ 10012634     tzdmupdd.obj
 0003:00001648       ??_C@_0L@NGCK@TablePopup?$AA@ 10012648     tzdmupdd.obj
 0003:00001658       ??_C@_0N@PMEJ@NewOperation?$AA@ 10012658     tzdmupdd.obj
 0003:00001668       ??_C@_0P@PBBI@OperationPopup?$AA@ 10012668     tzdmupdd.obj
 0003:0000167c       ??_C@_0O@FLEO@NLS_TextPopup?$AA@ 1001267c     tzdmupdd.obj
 0003:0000168c       ??_C@_0L@LDED@DeleteText?$AA@ 1001268c     tzdmupdd.obj
 0003:0000169c       ??_C@_07FLBN@NewText?$AA@  1001269c     tzdmupdd.obj
 0003:000016a8       ??_C@_0N@OLFP@TZDGSRCO_NLS?$AA@ 100126a8     tzdmupdd.obj
 0003:000016b8       ??_C@_0BH@MNAD@NLS_ExternalValuePopup?$AA@ 100126b8     tzdmupdd.obj
 0003:000016d4       ??_C@_06OCBO@rbNone?$AA@   100126d4     tzdmup2d.obj
 0003:000016dc       ??_C@_03EKOD@rbC?$AA@      100126dc     tzdmup2d.obj
 0003:000016e0       ??_C@_0O@CIAO@edDescription?$AA@ 100126e0     tzdmup2d.obj
 0003:000016f0       ??_C@_0BI@CLEJ@Domain?5Group?5Properties?$AA@ 100126f0     tzdmup2d.obj
 0003:0000170c       ??_C@_07HNOJ@Save?5as?$AA@ 1001270c     tzdmup2d.obj
 0003:00001718       ??_C@_06PKKD@Create?$AA@   10012718     tzdmup2d.obj
 0003:00001720       ??_C@_0M@CHEL@NLS_ListBox?$AA@ 10012720     tzdmup2d.obj
 0003:00001730       ??_C@_08HHPB@NLS_Code?$AA@ 10012730     tzdmup2d.obj
 0003:0000173c       ??_C@_08GKEG@NLS_Text?$AA@ 1001273c     tzdmup2d.obj
 0003:00001748       ??_C@_0O@IHAG@LanguageIndex?$AA@ 10012748     tzdmup2d.obj
 0003:00001758       ??_C@_04BNNJ@Text?$AA@     10012758     tzdmup2d.obj
 0003:00001760       ??_C@_0N@MKND@NLS_LastText?$AA@ 10012760     tzdmup2d.obj
 0003:00001770       ??_C@_08DAMP@DIL_Text?$AA@ 10012770     tzdmup2d.obj
 0003:0000177c       ??_C@_02JHIA@TZ?$AA@       1001277c     tzdmup2d.obj
 0003:00001780       ??_C@_0BC@FIIK@NLS_LanguageIndex?$AA@ 10012780     tzdmup2d.obj
 0003:00001958       _g_hInstanceDLL            10012958     zdllinst.obj
 0003:0000195c       ?ATL_CREATE_OBJECT@CComApartment@ATL@@2IA 1001295c     tzdmupdd.obj
 0003:00001960       ?m_libid@CComModule@ATL@@2U_GUID@@A 10012960     tzdmupdd.obj
 0003:00001974       ?_pModule@ATL@@3PAVCComModule@1@A 10012974     tzdmupdd.obj
 0003:00001978       ??_C@_00A@?$AA@            10012978     tzdmupdd.obj
 0003:0000197c       __afxForceEXCLUDE          1001297c     MFCS42:nolib.obj
 0003:00001984       __adjust_fdiv              10012984     <common>
 0003:00001990       ___onexitend               10012990     <common>
 0003:000019a0       ___onexitbegin             100129a0     <common>
 0003:000019a4       __pRawDllMain              100129a4     <common>
 0004:00000000       __IMPORT_DESCRIPTOR_tzlodopr 10013000     tzlodopr:tzlodopr.dll
 0004:00000014       __IMPORT_DESCRIPTOR_tzedfrmd 10013014     tzedfrmd:tzedfrmd.dll
 0004:00000028       __IMPORT_DESCRIPTOR_tzvmlip 10013028     tzvmlip:tzvmlip.dll
 0004:0000003c       __IMPORT_DESCRIPTOR_KZOENGAA 1001303c     kzoengaa:KZOENGAA.DLL
 0004:00000050       __IMPORT_DESCRIPTOR_MSVCRTD 10013050     msvcrtd:MSVCRTD.dll
 0004:00000064       __IMPORT_DESCRIPTOR_ZDrApp 10013064     zdrapp:ZDrApp.dll
 0004:00000078       __NULL_IMPORT_DESCRIPTOR   10013078     tzlodopr:tzlodopr.dll
 0004:00000374       __imp__SetCursorFirstEntityByInteger@20 10013374     kzoengaa:KZOENGAA.DLL
 0004:00000378       __imp__UfCompressName@32   10013378     kzoengaa:KZOENGAA.DLL
 0004:0000037c       __imp__GetStringFromAttributeByContext@24 1001337c     kzoengaa:KZOENGAA.DLL
 0004:00000380       __imp__GetSelectStateOfEntity@8 10013380     kzoengaa:KZOENGAA.DLL
 0004:00000384       __imp__SetSelectStateOfEntity@12 10013384     kzoengaa:KZOENGAA.DLL
 0004:00000388       __imp__CreateTemporalSubobjectVersion@8 10013388     kzoengaa:KZOENGAA.DLL
 0004:0000038c       __imp__SetViewUpdate@4     1001338c     kzoengaa:KZOENGAA.DLL
 0004:00000390       __imp__CreateViewFromView@8 10013390     kzoengaa:KZOENGAA.DLL
 0004:00000394       __imp__SetCursorNextEntity@12 10013394     kzoengaa:KZOENGAA.DLL
 0004:00000398       __imp__SetMatchingAttributesByName@20 10013398     kzoengaa:KZOENGAA.DLL
 0004:0000039c       __imp__SetEntityCursor@40  1001339c     kzoengaa:KZOENGAA.DLL
 0004:000003a0       __imp__SetSelectStateOfEntityForSet@16 100133a0     kzoengaa:KZOENGAA.DLL
 0004:000003a4       __imp__DropObjectInstance@4 100133a4     kzoengaa:KZOENGAA.DLL
 0004:000003a8       __imp__SetCursorFirstEntityByEntityCsr@20 100133a8     kzoengaa:KZOENGAA.DLL
 0004:000003ac       __imp__SetCursorFirstEntityByString@20 100133ac     kzoengaa:KZOENGAA.DLL
 0004:000003b0       __imp__SetCursorNextEntityByString@20 100133b0     kzoengaa:KZOENGAA.DLL
 0004:000003b4       __imp__DeleteEntity@12     100133b4     kzoengaa:KZOENGAA.DLL
 0004:000003b8       __imp__SetCursorPrevEntity@12 100133b8     kzoengaa:KZOENGAA.DLL
 0004:000003bc       __imp__CompareAttributeToString@16 100133bc     kzoengaa:KZOENGAA.DLL
 0004:000003c0       __imp__SysGetPointerFromHandle@4 100133c0     kzoengaa:KZOENGAA.DLL
 0004:000003c4       __imp__SetViewReadOnly@4   100133c4     kzoengaa:KZOENGAA.DLL
 0004:000003c8       __imp__CompareAttributeToAttribute@24 100133c8     kzoengaa:KZOENGAA.DLL
 0004:000003cc       __imp__SetCursorFirstEntityByAttr@28 100133cc     kzoengaa:KZOENGAA.DLL
 0004:000003d0       __imp__SetAttributeFromAttribute@24 100133d0     kzoengaa:KZOENGAA.DLL
 0004:000003d4       __imp__GetIntegerFromAttribute@16 100133d4     kzoengaa:KZOENGAA.DLL
 0004:000003d8       __imp__MessageSend@24      100133d8     kzoengaa:KZOENGAA.DLL
 0004:000003dc       __imp__AcceptSubobject@8   100133dc     kzoengaa:KZOENGAA.DLL
 0004:000003e0       __imp__CheckExistenceOfEntity@8 100133e0     kzoengaa:KZOENGAA.DLL
 0004:000003e4       __imp__OrderEntityForView@12 100133e4     kzoengaa:KZOENGAA.DLL
 0004:000003e8       __imp__GetStringFromAttribute@16 100133e8     kzoengaa:KZOENGAA.DLL
 0004:000003ec       __imp__CompareAttributeToInteger@16 100133ec     kzoengaa:KZOENGAA.DLL
 0004:000003f0       __imp__SetAttributeFromInteger@16 100133f0     kzoengaa:KZOENGAA.DLL
 0004:000003f4       __imp__CreateEntity@12     100133f4     kzoengaa:KZOENGAA.DLL
 0004:000003f8       __imp__ActivateEmptyObjectInstance@16 100133f8     kzoengaa:KZOENGAA.DLL
 0004:000003fc       __imp__GetViewByName@16    100133fc     kzoengaa:KZOENGAA.DLL
 0004:00000400       __imp__SetAttributeFromString@16 10013400     kzoengaa:KZOENGAA.DLL
 0004:00000404       __imp__SetNameForView@16   10013404     kzoengaa:KZOENGAA.DLL
 0004:00000408       __imp__CreateViewFromViewForTask@12 10013408     kzoengaa:KZOENGAA.DLL
 0004:0000040c       __imp__SetCursorFirstEntity@12 1001340c     kzoengaa:KZOENGAA.DLL
 0004:00000410       __imp__DropView@4          10013410     kzoengaa:KZOENGAA.DLL
 0004:00000414       __imp__ObjectInstanceUpdatedFromFile@4 10013414     kzoengaa:KZOENGAA.DLL
 0004:00000418       __imp__MiGetUpdateForView@4 10013418     kzoengaa:KZOENGAA.DLL
 0004:0000041c       __imp__CancelSubobject@8   1001341c     kzoengaa:KZOENGAA.DLL
 0004:00000420       __imp__MessagePrompt@32    10013420     kzoengaa:KZOENGAA.DLL
 0004:00000424       __imp__IncludeSubobjectFromSubobject@20 10013424     kzoengaa:KZOENGAA.DLL
 0004:00000428       \177KZOENGAA_NULL_THUNK_DATA 10013428     kzoengaa:KZOENGAA.DLL
 0004:00000478       __imp__strcpy              10013478     msvcrtd:MSVCRTD.dll
 0004:0000047c       __imp__strcmp              1001347c     msvcrtd:MSVCRTD.dll
 0004:00000480       __imp___free_dbg           10013480     msvcrtd:MSVCRTD.dll
 0004:00000484       __imp___initterm           10013484     msvcrtd:MSVCRTD.dll
 0004:00000488       __imp___malloc_dbg         10013488     msvcrtd:MSVCRTD.dll
 0004:0000048c       __imp___adjust_fdiv        1001348c     msvcrtd:MSVCRTD.dll
 0004:00000490       __imp____dllonexit         10013490     msvcrtd:MSVCRTD.dll
 0004:00000494       __imp__strcat              10013494     msvcrtd:MSVCRTD.dll
 0004:00000498       __imp___onexit             10013498     msvcrtd:MSVCRTD.dll
 0004:0000049c       \177MSVCRTD_NULL_THUNK_DATA 1001349c     msvcrtd:MSVCRTD.dll
 0004:000004cc       __imp__SetWindowActionBehavior@16 100134cc     zdrapp:ZDrApp.dll
 0004:000004d0       __imp__RefreshAllSubwindows@4 100134d0     zdrapp:ZDrApp.dll
 0004:000004d4       __imp__GetCtrlText@16      100134d4     zdrapp:ZDrApp.dll
 0004:000004d8       __imp__MapCtrl@8           100134d8     zdrapp:ZDrApp.dll
 0004:000004dc       __imp__RefreshWindow@4     100134dc     zdrapp:ZDrApp.dll
 0004:000004e0       __imp__GetSubtaskForWindowName@12 100134e0     zdrapp:ZDrApp.dll
 0004:000004e4       __imp__SetFocusToCtrl@8    100134e4     zdrapp:ZDrApp.dll
 0004:000004e8       __imp__GetParentWindow@8   100134e8     zdrapp:ZDrApp.dll
 0004:000004ec       __imp__SetCtrlState@16     100134ec     zdrapp:ZDrApp.dll
 0004:000004f0       __imp__RefreshCtrl@8       100134f0     zdrapp:ZDrApp.dll
 0004:000004f4       __imp__CreateTrackingPopupMenu@24 100134f4     zdrapp:ZDrApp.dll
 0004:000004f8       __imp__EnableAction@12     100134f8     zdrapp:ZDrApp.dll
 0004:000004fc       __imp__SetOptionState@16   100134fc     zdrapp:ZDrApp.dll
 0004:00000500       __imp__SetCtrlText@12      10013500     zdrapp:ZDrApp.dll
 0004:00000504       __imp__GetCtrlState@12     10013504     zdrapp:ZDrApp.dll
 0004:00000508       __imp__OperatorPrompt@28   10013508     zdrapp:ZDrApp.dll
 0004:0000050c       __imp__SetWindowState@12   1001350c     zdrapp:ZDrApp.dll
 0004:00000510       __imp__SetWindowCaptionTitle@12 10013510     zdrapp:ZDrApp.dll
 0004:00000514       __imp__MapWindow@4         10013514     zdrapp:ZDrApp.dll
 0004:00000518       \177ZDrApp_NULL_THUNK_DATA 10013518     zdrapp:ZDrApp.dll
 0004:00000550       __imp__TZEDFRMD_MoveOperationCode@8 10013550     tzedfrmd:tzedfrmd.dll
 0004:00000554       __imp__TZEDFRMD_DropOperationFromSource@4 10013554     tzedfrmd:tzedfrmd.dll
 0004:00000558       __imp__TZEDFRMD_CopyOperationCode@8 10013558     tzedfrmd:tzedfrmd.dll
 0004:0000055c       \177tzedfrmd_NULL_THUNK_DATA 1001355c     tzedfrmd:tzedfrmd.dll
 0004:00000588       __imp__InitializeDefaultLPL@4 10013588     tzlodopr:tzlodopr.dll
 0004:0000058c       __imp__CheckExistenceOfMetaOI@12 1001358c     tzlodopr:tzlodopr.dll
 0004:00000590       __imp__CheckOutStateForCurrentWindow@8 10013590     tzlodopr:tzlodopr.dll
 0004:00000594       __imp__TransferToEditor@16 10013594     tzlodopr:tzlodopr.dll
 0004:00000598       __imp__DeleteMetaOI@12     10013598     tzlodopr:tzlodopr.dll
 0004:0000059c       __imp__StartZeidonHelp@8   1001359c     tzlodopr:tzlodopr.dll
 0004:000005a0       __imp__IssueToolAbout@20   100135a0     tzlodopr:tzlodopr.dll
 0004:000005a4       __imp__oTZDMXGPO_GetViewForXDM@12 100135a4     tzlodopr:tzlodopr.dll
 0004:000005a8       __imp__ActivateEmptyMetaOI@16 100135a8     tzlodopr:tzlodopr.dll
 0004:000005ac       __imp__CreateTemporalMetaEntity@16 100135ac     tzlodopr:tzlodopr.dll
 0004:000005b0       __imp__oTZDMSRCO_RemoveDomainFromXDM@8 100135b0     tzlodopr:tzlodopr.dll
 0004:000005b4       __imp__RetrieveViewForMetaList@12 100135b4     tzlodopr:tzlodopr.dll
 0004:000005b8       __imp__CreateMetaEntity@16 100135b8     tzlodopr:tzlodopr.dll
 0004:000005bc       __imp__ActivateMetaOI@20   100135bc     tzlodopr:tzlodopr.dll
 0004:000005c0       __imp__oTZDMSRCO_CheckDomainType@4 100135c0     tzlodopr:tzlodopr.dll
 0004:000005c4       __imp__AssignZKeyToMetaOI@16 100135c4     tzlodopr:tzlodopr.dll
 0004:000005c8       __imp__oTZDMSRCO_UniqueDomainName@8 100135c8     tzlodopr:tzlodopr.dll
 0004:000005cc       __imp__CommitMetaOI@12     100135cc     tzlodopr:tzlodopr.dll
 0004:000005d0       __imp__oTZDMSRCO_ReplaceOrAddDomToXDM@12 100135d0     tzlodopr:tzlodopr.dll
 0004:000005d4       __imp__DropMetaOI@8        100135d4     tzlodopr:tzlodopr.dll
 0004:000005d8       __imp__TerminateLPLR@4     100135d8     tzlodopr:tzlodopr.dll
 0004:000005dc       __imp__ComponentIsCheckedOut@12 100135dc     tzlodopr:tzlodopr.dll
 0004:000005e0       __imp__IssueToolMsg@32     100135e0     tzlodopr:tzlodopr.dll
 0004:000005e4       __imp__SetTitleWithCheckOutState@24 100135e4     tzlodopr:tzlodopr.dll
 0004:000005e8       __imp__oTZ__PRFO_GetViewToProfile@16 100135e8     tzlodopr:tzlodopr.dll
 0004:000005ec       \177tzlodopr_NULL_THUNK_DATA 100135ec     tzlodopr:tzlodopr.dll
 0004:0000062c       __imp__zGetStringWithoutBlank@8 1001362c     tzvmlip:tzvmlip.dll
 0004:00000630       \177tzvmlip_NULL_THUNK_DATA 10013630     tzvmlip:tzvmlip.dll

 entry point at        0001:0000b820

