 tzlodopr

 Timestamp is 5356cf28 (Tue Apr 22 16:20:56 2014)

 Preferred load address is 10000000

 Start         Length     Name                   Class
 0001:00000000 000f3319H .text                   CODE
 0002:00000000 000001eeH .rdata                  DATA
 0002:000001f0 0000a32cH .edata                  DATA
 0003:00000000 00000104H .CRT$XCA                DATA
 0003:00000104 00000104H .CRT$XCZ                DATA
 0003:00000208 00000104H .CRT$XIA                DATA
 0003:0000030c 00000104H .CRT$XIZ                DATA
 0003:00000410 00020d22H .data                   DATA
 0003:00021138 000009d0H .bss                    DATA
 0004:00000000 000000c8H .idata$2                DATA
 0004:000000c8 00000014H .idata$3                DATA
 0004:000000dc 000006d8H .idata$4                DATA
 0004:000007b4 000006d8H .idata$5                DATA
 0004:00000e8c 00000925H .idata$6                DATA
 0005:00000000 00000250H .rsrc$01                DATA
 0005:00000250 00000a43H .rsrc$02                DATA

  Address         Publics by Value              Rva+Base     Lib:Object

 0001:00001650       _DllMain@12                10002650 f   zdllinst.obj
 0001:00001676       _GetDLL_Instance@4         10002676 f   zdllinst.obj
 0001:00001690       _IssueToolMsg@32           10002690 f   tzlooprs.obj
 0001:0000185b       _IssueToolAbout@20         1000285b f   tzlooprs.obj
 0001:000019a5       _zgGetZeidonToolsDir@12    100029a5 f   tzlooprs.obj
 0001:00001a24       _zgSortEntityWithinParent4@40 10002a24 f   tzlooprs.obj
 0001:00001e59       _zgSortEntityWithinGParent4@44 10002e59 f   tzlooprs.obj
 0001:000022af       _zgSysGetTimestamp@4       100032af f   tzlooprs.obj
 0001:0000236e       _zgSysGetTimestampFromFFB@8 1000336e f   tzlooprs.obj
 0001:00002437       _SourceFileOpenForRead@8   10003437 f   tzlooprs.obj
 0001:00002459       _SourceFileReadLine@12     10003459 f   tzlooprs.obj
 0001:0000249f       _ConvertStringToQSName@4   1000349f f   tzlooprs.obj
 0001:00002541       _ParseLine4@20             10003541 f   tzlooprs.obj
 0001:00002789       _TransferToEditor@16       10003789 f   tzlooprs.obj
 0001:00002ad6       _zDeleteFile@4             10003ad6 f   tzlooprs.obj
 0001:00002b0b       _TranslateStringToUpperCase@4 10003b0b f   tzlooprs.obj
 0001:00002b20       _GetStrFromAttrByContext@24 10003b20 f   tzlooprs.obj
 0001:00002b92       _fnPainterCall@16          10003b92 f   tzlooprs.obj
 0001:00002cb0       _DetermineDataType@20      10003cb0 f   tzlooprs.obj
 0001:00002f27       _BuildOperationPrototype@20 10003f27 f   tzlooprs.obj
 0001:000033fc       _MergeGlobalPrototypes@16  100043fc f   tzlooprs.obj
 0001:000039a0       _fnWriteDFB_MSVC15@16      100049a0 f   tzlooprs.obj
 0001:00003ab8       _fnWriteDFB_MSVC50@16      10004ab8 f   tzlooprs.obj
 0001:00003b40       _fnWriteDFB_IBMC20@16      10004b40 f   tzlooprs.obj
 0001:00003c01       _fnCreateDEF_IBMC20@20     10004c01 f   tzlooprs.obj
 0001:000043d0       _fnWriteZeidonResourcesToRC@20 100053d0 f   tzlooprs.obj
 0001:00004581       _fnCreateRC@20             10005581 f   tzlooprs.obj
 0001:00004970       _FindCompilerType@4        10005970 f   tzlooprs.obj
 0001:00004a43       _FormatMakefileLine@16     10005a43 f   tzlooprs.obj
 0001:00004c22       _fnCreateMakefileForTarget@16 10005c22 f   tzlooprs.obj
 0001:00005f53       _CreateMakefileForTarget@28 10006f53 f   tzlooprs.obj
 0001:000067a9       _CreateMakefileForAllTargets@24 100077a9 f   tzlooprs.obj
 0001:00007136       _CheckDuplicateEntityByString@20 10008136 f   tzlooprs.obj
 0001:000071be       _GetStringLength@4         100081be f   tzlooprs.obj
 0001:000071d1       _ConvertIntegerToString@12 100081d1 f   tzlooprs.obj
 0001:00007231       _StartZeidonHelp@8         10008231 f   tzlooprs.obj
 0001:00007464       _zdmCardinalityMaximum@8   10008464 f   tzlooprs.obj
 0001:00007a51       _zdmCardinalityMinimum@8   10008a51 f   tzlooprs.obj
 0001:00007f80       _DeleteOperationFromSourceFile@12 10008f80 f   tzlooprs.obj
 0001:000086ba       _zGetTickCount@4           100096ba f   tzlooprs.obj
 0001:000086cc       _LOD_DialogListBuildControl@12 100096cc f   tzlooprs.obj
 0001:00008d64       _fnRecursiveXrefLOD_Entity@24 10009d64 f   tzlooprs.obj
 0001:000094bd       _LOD_DialogListActivateMeta@24 1000a4bd f   tzlooprs.obj
 0001:00009661       _LOD_DialogListSub@20      1000a661 f   tzlooprs.obj
 0001:00009bc7       _FindTextInAttribute@16    1000abc7 f   tzlooprs.obj
 0001:00009c6e       _GetVMLConstChar@0         1000ac6e f   tzlooprs.obj
 0001:00009ce7       _VerifyDir@16              1000ace7 f   tzlooprs.obj
 0001:00009f40       _fnSetupEventList@8        1000af40 f   tzlooprs.obj
 0001:0000a0c6       _fnSetupWndEventList@4     1000b0c6 f   tzlooprs.obj
 0001:0000a22b       _fnCreateEmptyActionView@8 1000b22b f   tzlooprs.obj
 0001:0000a295       _WL_QC@20                  1000b295 f   tzlooprs.obj
 0001:0000a30e       _GetStringFromControlBlob@16 1000b30e f   tzlooprs.obj
 0001:0000a54b       _fnIsComment@8             1000b54b f   tzlooprs.obj
 0001:0000a681       _fnLocateOperInLine@8      1000b681 f   tzlooprs.obj
 0001:0000a806       _fnLocateOperationInLine@4 1000b806 f   tzlooprs.obj
 0001:0000a9ac       _fnTestForKeyWord@8        1000b9ac f   tzlooprs.obj
 0001:0000acc9       _fnParseLine@8             1000bcc9 f   tzlooprs.obj
 0001:0000ad74       _fnLocateOperationInFile@20 1000bd74 f   tzlooprs.obj
 0001:0000ae52       _CopyOperationCode@16      1000be52 f   tzlooprs.obj
 0001:0000b43c       _InsertSpacesInPrompt@16   1000c43c f   tzlooprs.obj
 0001:0000dce0       _oTZ__PRFO_GetViewToProfile@16 1000ece0 f   tz__prfo.obj
 0001:0000e565       _oTZ__PRFO_CommitProfile@4 1000f565 f   tz__prfo.obj
 0001:0000e840       _oTZADCSDO_DS_RelinkDelete@8 1000f840 f   tzadcs2o.obj
 0001:0000fb66       _oTZADCSDO_DialogSpecMigrate@16 10010b66 f   tzadcs2o.obj
 0001:00011a80       _oTZADCSDO_DeriveKey@16    10012a80 f   tzadcsdo.obj
 0001:00011cf3       _oTZADCSDO_DerivedAttr@16  10012cf3 f   tzadcsdo.obj
 0001:00011e50       _oTZADCSDO_CreateButton@32 10012e50 f   tzadw1aw.obj
 0001:000120ed       _oTZADCSDO_CreateButtonActOper@44 100130ed f   tzadw1aw.obj
 0001:0001228c       _oTZADCSDO_CreateButtonActObject@52 1001328c f   tzadw1aw.obj
 0001:0001253a       _oTZWDLGSO_SetGroupboxPosition@8 1001353a f   tzadw1aw.obj
 0001:00012697       _oTZWDLGSO_CreateGroupbox@16 10013697 f   tzadw1aw.obj
 0001:0001287e       _oTZWDLGSO_AutoDesignGroupboxM@24 1001387e f   tzadw1aw.obj
 0001:00012a90       _oTZWDLGSO_AutoDesignGroupboxL@24 10013a90 f   tzadw1aw.obj
 0001:00012dc9       _oTZWDLGSO_AutoDesignGroupboxMT@28 10013dc9 f   tzadw1aw.obj
 0001:00013055       _ofnTZWDLGSO_AutoDesignListbox@28 10014055 f   tzadw1aw.obj
 0001:0001329e       _oTZWDLGSO_AddActionDoubleClick@12 1001429e f   tzadw1aw.obj
 0001:00013366       _oTZWDLGSO_ResetScopeToObject@4 10014366 f   tzadw1aw.obj
 0001:00013434       _oTZWDLGSO_GetNbrOfGroupboxes@4 10014434 f   tzadw1aw.obj
 0001:000134da       _oTZWDLGSO_AssignTabbingOrder@4 100144da f   tzadw1aw.obj
 0001:000135f1       _oTZWDLGSO_SetGroupboxSize@8 100145f1 f   tzadw1aw.obj
 0001:000136fd       _oTZADCSDO_AutoDesignAssocDep@32 100146fd f   tzadw1aw.obj
 0001:0001380b       _oTZADCSDO_BuildAutoInclCombobox@40 1001480b f   tzadw1aw.obj
 0001:00013d53       _oTZADCSDO_AutoDesignCase5Attrs@28 10014d53 f   tzadw1aw.obj
 0001:0001431a       _oTZWDLGSO_CreateListViewLST@16 1001531a f   tzadw1aw.obj
 0001:00014484       _oTZADCSDO_AutoDesignListWindow@16 10015484 f   tzadw1aw.obj
 0001:00014e68       _oTZADCSDO_DuplicateButton@12 10015e68 f   tzadw1aw.obj
 0001:00014efe       _oTZADCSDO_AutoDesignCase1@20 10015efe f   tzadw1aw.obj
 0001:00016b08       _ofnTZWDLGSO_AutoDsgnWndAndSubs@20 10017b08 f   tzadw1aw.obj
 0001:00016b6c       _ofnTZWDLGSO_LoadStyleInfo@12 10017b6c f   tzadw1aw.obj
 0001:000171ba       _ofnTZWDLGSO_AddStyleEssentials@8 100181ba f   tzadw1aw.obj
 0001:00017258       _ofnTZWDLGSO_CreateWndDesign@8 10018258 f   tzadw1aw.obj
 0001:000172dc       _ofnTZWDLGSO_CreateMaintAttribs@8 100182dc f   tzadw1aw.obj
 0001:000174b8       _ofnTZWDLGSO_CreateListAttribs@8 100184b8 f   tzadw1aw.obj
 0001:00017606       _ofnTZWDLGSO_UpdtExistStyleAttrs@12 10018606 f   tzadw1aw.obj
 0001:000176da       _ofnTZWDLGSO_AddNewEntityToStyle@16 100186da f   tzadw1aw.obj
 0001:000179c5       _ofnTZWDLGSO_DeleteWindows@8 100189c5 f   tzadw1aw.obj
 0001:00017ae1       _ofnTZWDLGSO_AddDialogVORs@16 10018ae1 f   tzadw1aw.obj
 0001:00017b9f       _ofnTZWDLGSO_GetUserExitAddress@8 10018b9f f   tzadw1aw.obj
 0001:000193a0       _oTZADCSDO_AutoDesignCase2INCL@28 1001a3a0 f   tzadw2aw.obj
 0001:000198d8       _oTZADCSDO_AutoDesignCase2Group@32 1001a8d8 f   tzadw2aw.obj
 0001:00019c53       _oTZADCSDO_CreateCase1Buttons@36 1001ac53 f   tzadw2aw.obj
 0001:0001a1bb       _oTZADCSDO_AutoDesignCase1List@32 1001b1bb f   tzadw2aw.obj
 0001:0001a33a       _oTZADCSDO_AutoDesignCase4INCL@28 1001b33a f   tzadw2aw.obj
 0001:0001ac49       _oTZADCSDO_AutoDesignCase4UPD@32 1001bc49 f   tzadw2aw.obj
 0001:0001af9e       _oTZADCSDO_AutoDesignCase4Group@32 1001bf9e f   tzadw2aw.obj
 0001:0001b740       _oTZADCSDO_AutoDesignListQual@24 1001c740 f   tzadw2aw.obj
 0001:0001c720       _ofnTZWDLGSO_CalculateWindowSize@12 1001d720 f   tzadw3aw.obj
 0001:0001c81a       _ofnTZWDLGSO_CreateListBox@28 1001d81a f   tzadw3aw.obj
 0001:0001cc20       _ofnTZWDLGSO_AutoPaintListBox@16 1001dc20 f   tzadw4aw.obj
 0001:0001ce2d       _ofnTZWDLGSO_AutoPaintLstLitPart@28 1001de2d f   tzadw4aw.obj
 0001:0001d183       _ofnTZWDLGSO_AutoPaintListPart@28 1001e183 f   tzadw4aw.obj
 0001:0001d960       _ofnTZWDLGSO_AutoPntFldPartWLits@16 1001e960 f   tzadw4aw.obj
 0001:0001e23b       _ofnTZWDLGSO_AssignTag@16  1001f23b f   tzadw4aw.obj
 0001:0001e8b0       _ofnTZWDLGSO_CreateQualifierWnd@12 1001f8b0 f   tzadw5aw.obj
 0001:0001eb9d       _ofnTZWDLGSO_CreateEntryFields@16 1001fb9d f   tzadw5aw.obj
 0001:0001ed90       _ofnTZWDLGSO_CreateEntryWindow@12 1001fd90 f   tzadw5aw.obj
 0001:0001f04e       _ofnTZWDLGSO_LocateLstboxAttribs@8 1002004e f   tzadw5aw.obj
 0001:0001f125       _ofnTZWDLGSO_GetSizeForListAttr@12 10020125 f   tzadw5aw.obj
 0001:0001f2b0       _ofnTZWDLGSO_GetSizeForAttr@16 100202b0 f   tzadw5aw.obj
 0001:0001f650       _ofnTZWDLGSO_CreateGenericDialog@8 10020650 f   tzadw6aw.obj
 0001:0001f6b0       _CL@24                     100206b0 f   tzadw7aw.obj
 0001:0001f71b       _AddQualToWhereSub@24      1002071b f   tzadw7aw.obj
 0001:0001fa32       _AddQualToWhere@24         10020a32 f   tzadw7aw.obj
 0001:0001fad3       _UserPostVariableExit@16   10020ad3 f   tzadw7aw.obj
 0001:0001fb49       _ofnTZWDLGSO_CreateSourceCode@16 10020b49 f   tzadw7aw.obj
 0001:000258e0       _qbldelta@16               100268e0 f   tzadw8aw.obj
 0001:00025bad       _qfind@24                  10026bad f   tzadw8aw.obj
 0001:00025d0b       _qchange@40                10026d0b f   tzadw8aw.obj
 0001:00025f98       _qfindr@24                 10026f98 f   tzadw8aw.obj
 0001:000262b0       _ofnTZWDLGSO_CreateNewWindowInfo@16 100272b0 f   tzadwoaw.obj
 0001:00026522       _ofnTZWDLGSO_CreateMenuActions@16 10027522 f   tzadwoaw.obj
 0001:000277a0       _ofnTZWDLGSO_BuildButton@28 100287a0 f   tzadwoaw.obj
 0001:000279c1       _ofnTZWDLGSO_CreateButtonActions@16 100289c1 f   tzadwoaw.obj
 0001:00028a43       _AddSpacesToString@4       10029a43 f   tzadwoaw.obj
 0001:00028b22       _ofnTZWDLGSO_BasicWindowPainting@24 10029b22 f   tzadwoaw.obj
 0001:00029810       _ofnTZWDLGSO_AutoDesignWindow@16 1002a810 f   tzadwoaw.obj
 0001:000298d2       _ofnTZWDLGSO_CreateTheButton@24 1002a8d2 f   tzadwoaw.obj
 0001:00029a75       _ofnTZWDLGSO_CreateTheOperation@24 1002aa75 f   tzadwoaw.obj
 0001:00029c20       _ofnTZWDLGSO_CreateDIL@12  1002ac20 f   tzadwoaw.obj
 0001:0002aca0       _ADW_Exp_ReplaceHex@16     1002bca0 f   tzadwexp.obj
 0001:0002ae3d       _ReplaceSpecialCharacter@16 1002be3d f   tzadwexp.obj
 0001:0002afa8       _GetBorderLineWidth@8      1002bfa8 f   tzadwexp.obj
 0001:0002afea       _SetRptShapeFromBlob@4     1002bfea f   tzadwexp.obj
 0001:0002b310       _oTZDGSRCO_DIL_InheritedMessage@16 1002c310 f   tzdgsrco.obj
 0001:0002b3e1       _oTZDGSRCO_DomainMigrate@20 1002c3e1 f   tzdgsrco.obj
 0001:0002b535       _oTZDGSRCO_DomainMigrateReus@12 1002c535 f   tzdgsrco.obj
 0001:0002b7b9       _oTZDGSRCO_DomainAddForMerge@24 1002c7b9 f   tzdgsrco.obj
 0001:0002bc96       _oTZDGSRCO_DIL_TextMsg@16  1002cc96 f   tzdgsrco.obj
 0001:0002bcc8       _oTZDGSRCO_DomainGrpMigrate@16 1002ccc8 f   tzdgsrco.obj
 0001:0002c4df       _oTZDGSRCO_NLS_ExtValueText@16 1002d4df f   tzdgsrco.obj
 0001:0002c66f       _oTZDGSRCO_NLS_DIL_Text@16 1002d66f f   tzdgsrco.obj
 0001:0002cd40       _oTZDMSRCO_UniqueDomainName@8 1002dd40 f   tzdmsrco.obj
 0001:0002cdef       _oTZDMSRCO_RemoveDomainFromXDM@8 1002ddef f   tzdmsrco.obj
 0001:0002cebe       _oTZDMSRCO_ReplaceOrAddDomToXDM@12 1002debe f   tzdmsrco.obj
 0001:0002cfb8       _oTZDMSRCO_AddDomToXDM@8   1002dfb8 f   tzdmsrco.obj
 0001:0002d08e       _ofnTZDMSRCO_CopyDomToXDM@12 1002e08e f   tzdmsrco.obj
 0001:0002d352       _oTZDMSRCO_DeriveDomName@16 1002e352 f   tzdmsrco.obj
 0001:0002d44d       _oTZDMSRCO_DeriveDomDataType@16 1002e44d f   tzdmsrco.obj
 0001:0002d52b       _oTZDMSRCO_DeriveDomType@16 1002e52b f   tzdmsrco.obj
 0001:0002d5fe       _oTZDMSRCO_DeriveDomStringLth@16 1002e5fe f   tzdmsrco.obj
 0001:0002d6d0       _oTZDMSRCO_DeriveDomDecFormat@16 1002e6d0 f   tzdmsrco.obj
 0001:0002d7a2       _oTZDMSRCO_DeriveContextName@16 1002e7a2 f   tzdmsrco.obj
 0001:0002da2d       _oTZDMSRCO_DeriveDLL_Name@16 1002ea2d f   tzdmsrco.obj
 0001:0002db5a       _oTZDMSRCO_DeriveOperName@16 1002eb5a f   tzdmsrco.obj
 0001:0002dbb0       _oTZDMSRCO_DIL_Inherited@16 1002ebb0 f   tzdmsrco.obj
 0001:0002dc21       _oTZDMSRCO_DIL_TextMsg@16  1002ec21 f   tzdmsrco.obj
 0001:0002dc92       _oTZDMSRCO_CheckDomainType@4 1002ec92 f   tzdmsrco.obj
 0001:0002e310       _oTZDMXGPO_GetViewForXDM@12 1002f310 f   tzdmxgpo.obj
 0001:0002e4e6       _oTZDMXGPO_CommitXDM@8     1002f4e6 f   tzdmxgpo.obj
 0001:0002e620       _oTZEREMDO_DeriveKey@16    1002f620 f   tzeremdo.obj
 0001:0002e6a0       _oTZEREMDO_FactTypeType@16 1002f6a0 f   tzeremdo.obj
 0001:0002e6f1       _oTZEREMDO_DeleteEntity@8  1002f6f1 f   tzeremdo.obj
 0001:0002e923       _oTZEREMDO_DeleteRelationship@12 1002f923 f   tzeremdo.obj
 0001:0002ebbb       _oTZEREMDO_GetUpdViewForER@12 1002fbbb f   tzeremdo.obj
 0001:0002ec31       _oTZEREMDO_GetRefViewForER@12 1002fc31 f   tzeremdo.obj
 0001:0002ee50       _oTZEREMXO_BuildExecutableModel@16 1002fe50 f   tzeremxo.obj
 0001:0002f4b0       _oTZERSASO_SA_Migrate@16   100304b0 f   tzersa2o.obj
 0001:0002f7e8       _oTZERSASO_SA_MigrateWithERDs@20 100307e8 f   tzersa2o.obj
 0001:00030136       _oTZERSASO_SA_RelinkDelete@8 10031136 f   tzersa2o.obj
 0001:00030b70       _oTZERSASO_RefreshSA_FromEMD@8 10031b70 f   tzersaso.obj
 0001:00030bca       _oTZERSASO_RefreshOneSA_Entity@8 10031bca f   tzersaso.obj
 0001:00030e37       _oTZERSASO_AddOneSA_EntityFrER@12 10031e37 f   tzersaso.obj
 0001:000310b6       _oTZERSASO_RemoveOneSA_Entity@4 100320b6 f   tzersaso.obj
 0001:000312d0       _oTZERSASO_CompleteRelCreate@8 100322d0 f   tzersaso.obj
 0001:000314e0       _oTZOGSRCO_GlobalOperGrpMigrate@16 100324e0 f   tzogsrco.obj
 0001:00031ba3       _oTZOGSRCO_AcceptParameter@16 10032ba3 f   tzogsrco.obj
 0001:00031d80       _oTZOPGRPO_GetViewForXGO@8 10032d80 f   tzopgrpo.obj
 0001:0003209d       _oTZOPGRPO_CommitXGO@4     1003309d f   tzopgrpo.obj
 0001:000322e0       _oTZOPHDRO_DeriveFileSpec@16 100332e0 f   tzophdro.obj
 0001:000324b6       _oTZOPHDRO_DeriveName@16   100334b6 f   tzophdro.obj
 0001:00032600       _oTZOPSIGO_RemoveOperFromXGO@4 10033600 f   tzopsigo.obj
 0001:000326cb       _oTZOPSIGO_ReplaceOrAddOperToXGO@8 100336cb f   tzopsigo.obj
 0001:000327b5       _oTZOPSIGO_AddOperToXGO@8  100337b5 f   tzopsigo.obj
 0001:00032883       _ofnTZOPSIGO_CopyOperToXGO@12 10033883 f   tzopsigo.obj
 0001:00032b6a       _oTZOPSIGO_UniqueHdrName@8 10033b6a f   tzopsigo.obj
 0001:00032c1d       _oTZOPSIGO_RemoveHdrFromXGO@4 10033c1d f   tzopsigo.obj
 0001:00032ce8       _oTZOPSIGO_ReplaceOrAddHdrToXGO@4 10033ce8 f   tzopsigo.obj
 0001:00032dce       _oTZOPSIGO_AddHdrToXGO@4   10033dce f   tzopsigo.obj
 0001:00032e98       _ofnTZOPSIGO_CopyHdrToXGO@8 10033e98 f   tzopsigo.obj
 0001:00033090       _oTZOPSIGO_DeriveSourceName@16 10034090 f   tzopsigo.obj
 0001:00033400       _IncludeMapping@20         10034400 f   tzpnoldc.obj
 0001:000336b7       _CloneCtrlMapO@24          100346b7 f   tzpnoldc.obj
 0001:000338ac       _CloneControlO@20          100348ac f   tzpnoldc.obj
 0001:00033af1       _MergeWindowComponentsO@12 10034af1 f   tzpnoldc.obj
 0001:00033d61       _OldCloneWindow@12         10034d61 f   tzpnoldc.obj
 0001:00033db8       _PositionOnVOR@16          10034db8 f   tzpnoldc.obj
 0001:0003403e       _CloneAction@12            1003503e f   tzpnoldc.obj
 0001:0003409f       _CloneMenuAndOptions@12    1003509f f   tzpnoldc.obj
 0001:0003421d       _CloneOption@20            1003521d f   tzpnoldc.obj
 0001:000343d7       _CloneOptMap@24            100353d7 f   tzpnoldc.obj
 0001:00034b80       _zoTZSIXSKO_SaveXSK@8      10035b80 f   tzsixsko.obj
 0001:00034dd4       _zofnTZSIXSKO_BldXSK@16    10035dd4 f   tzsixsko.obj
 0001:0003540b       _zofnTZSIXSKO_BldXSKChildEnt@20 1003640b f   tzsixsko.obj
 0001:00035f50       _oTZTEMPMO_Create@12       10036f50 f   tztempmo.obj
 0001:00036460       _oTZTENVRO_SyncTablRecKey@12 10037460 f   tztenv2o.obj
 0001:000366f5       _oTZTENVRO_TE_Migrate@16   100376f5 f   tztenv2o.obj
 0001:00037cb2       _oTZTENVRO_TE_RelinkDelete@8 10038cb2 f   tztenv2o.obj
 0001:00038c98       _oTZTENVRO_SetFieldSequence@4 10039c98 f   tztenv2o.obj
 0001:00038da9       _oTZTENVRO_SortFields@8    10039da9 f   tztenv2o.obj
 0001:00038ec6       _oTZTENVRO_NewFieldSequence@4 10039ec6 f   tztenv2o.obj
 0001:00039012       _oTZTENVRO_DelFieldFromSequence@4 1003a012 f   tztenv2o.obj
 0001:00039113       _oTZTENVRO_MoveFieldInSequence@4 1003a113 f   tztenv2o.obj
 0001:00039316       _oTZTENVRO_SetFieldDataRelKeyFlag@4 1003a316 f   tztenv2o.obj
 0001:0003942e       _oTZTENVRO_Accept_FieldDataRelKey@16 1003a42e f   tztenv2o.obj
 0001:0003a050       _oTZTENVRO_BuildTablRecsFromEMD@16 1003b050 f   tztenvro.obj
 0001:0003ab21       _ofnTZTENVRO_BldPrimaryKeyToken@16 1003bb21 f   tztenvro.obj
 0001:0003ac59       _ofnTZTENVRO_BldPrimaryKeyAttr@12 1003bc59 f   tztenvro.obj
 0001:0003ae8a       _ofnTZTENVRO_BldPrimaryKeyAttRel@12 1003be8a f   tztenvro.obj
 0001:0003b386       _ofnTZTENVRO_ImplementRelAs@28 1003c386 f   tztenvro.obj
 0001:0003bf92       _oTZTENVRO_BuildAutoSeqField@16 1003cf92 f   tztenvro.obj
 0001:0003c092       _oTZTENVRO_BuildSQL_RelsFromEMD@12 1003d092 f   tztenvro.obj
 0001:0003cacd       _oTZTENVRO_BuildNET_RelsFromEMD@12 1003dacd f   tztenvro.obj
 0001:0003d1db       _oTZTENVRO_BuildRelationsFromEMD@12 1003e1db f   tztenvro.obj
 0001:0003d26d       _ofnTZTENVRO_ImplementSQL_RelLink@24 1003e26d f   tztenvro.obj
 0001:0003dd4d       _ofnTZTENVRO_ImplementNET_RelLink@24 1003ed4d f   tztenvro.obj
 0001:0003df89       _ofnTZTENVRO_CreateRelTablRec@28 1003ef89 f   tztenvro.obj
 0001:0003e26e       _ofnTZTENVRO_GenerateUniqueName@32 1003f26e f   tztenvro.obj
 0001:0003e327       _oTZTENVRO_GetUpdViewForDTE_P@8 1003f327 f   tztenvro.obj
 0001:0003e4b7       _oTZTENVRO_GetRefViewForDTE_P@8 1003f4b7 f   tztenvro.obj
 0001:0003e684       _oTZTENVRO_WriteErrorMsgToList@12 1003f684 f   tztenvro.obj
 0001:0003e715       _oTZTENVRO_SwitchForeignKeys@8 1003f715 f   tztenvro.obj
 0001:0003fd10       _oTZWDGRWO_LoadOrInitialize@8 10040d10 f   tzwdgrwo.obj
 0001:0003ff8f       _oTZWDGRWO_Save@4          10040f8f f   tzwdgrwo.obj
 0001:000400a8       _oTZWDGRWO_ReInit@8        100410a8 f   tzwdgrwo.obj
 0001:000405c5       _oTZWDGRWO_NodeWindowSync@8 100415c5 f   tzwdgrwo.obj
 0001:00040828       _oTZWDGRWO_NodeActionSync@8 10041828 f   tzwdgrwo.obj
 0001:00041176       _oTZWDGRWO_ArcActionWindow@12 10042176 f   tzwdgrwo.obj
 0001:0004142d       _oTZWDGRWO_ArcWindowAction@16 1004242d f   tzwdgrwo.obj
 0001:000419c0       _oTZWDGRWO_ArcGroupEvents@16 100429c0 f   tzwdgrwo.obj
 0001:00041b84       _oTZWDGRWO_NodeEntitySync@16 10042b84 f   tzwdgrwo.obj
 0001:00042560       _oTZWDLGSO_ControlRelinkDelete@24 10043560 f   tzwdlg2o.obj
 0001:0004389e       _oTZWDLGSO_NLS_ControlText@16 1004489e f   tzwdlg2o.obj
 0001:000438a8       _oTZWDLGSO_NLS_ControlDIL_Text@16 100448a8 f   tzwdlg2o.obj
 0001:00043a38       _oTZWDLGSO_NLS_CaptionText@16 10044a38 f   tzwdlg2o.obj
 0001:00043bc9       _oTZWDLGSO_DialogRelinkDelete@8 10044bc9 f   tzwdlg2o.obj
 0001:000455a4       _oTZWDLGSO_NLS_OptionText@16 100465a4 f   tzwdlg2o.obj
 0001:000463b0       _oTZWDLGSO_DIL_TextMsg@16  100473b0 f   tzwdlg3o.obj
 0001:000463ea       _oTZWDLGSO_DIL_Inherited_Ctrl@16 100473ea f   tzwdlg3o.obj
 0001:0004657c       _oTZWDLGSO_DIL_Inherited_Opt@16 1004757c f   tzwdlg3o.obj
 0001:000465a7       _oTZWDLGSO_DIL_Inherited_LOD@16 100475a7 f   tzwdlg3o.obj
 0001:000465d2       _oTZWDLGSO_ConvertCtrlTextToWeb@4 100475d2 f   tzwdlg3o.obj
 0001:00046790       _oTZWDLGSO_CloneCtrlMap@24 10047790 f   tzwdlgso.obj
 0001:00046b2c       _oTZWDLGSO_CloneOptMap@24  10047b2c f   tzwdlgso.obj
 0001:00046d92       _oTZWDLGSO_CloneWindow@16  10047d92 f   tzwdlgso.obj
 0001:000473da       _oTZWDLGSO_MergeWindowComponents@20 100483da f   tzwdlgso.obj
 0001:00048624       _oTZWDLGSO_MergeWebMenus@12 10049624 f   tzwdlgso.obj
 0001:00048f17       _oTZWDLGSO_PositionOnVOR@20 10049f17 f   tzwdlgso.obj
 0001:00049220       _oTZWDLGSO_WndEventName@16 1004a220 f   tzwdlgso.obj
 0001:0004944d       _oTZWDLGSO_BuildWebCtrlPropOpts@16 1004a44d f   tzwdlgso.obj
 0001:00049586       _oTZWDLGSO_BuildMapTypeList@16 1004a586 f   tzwdlgso.obj
 0001:000496bf       _oTZWDLGSO_BuildCtrlMapByTagList@4 1004a6bf f   tzwdlgso.obj
 0001:0004977f       _oTZWDLGSO_DialogMigrate@16 1004a77f f   tzwdlgso.obj
 0001:0004aa90       _oTZZOLODO_LOD_EntityCopy@48 1004ba90 f   tzzolo2o.obj
 0001:0004c21d       _oTZZOLODO_LOD_CreateER_Attribute@20 1004d21d f   tzzolo2o.obj
 0001:0004c4bc       _oTZZOLODO_LOD_AttributeCopy@36 1004d4bc f   tzzolo2o.obj
 0001:0004cca5       _oTZZOLODO_LOD_OperationCopy@16 1004dca5 f   tzzolo2o.obj
 0001:0004d0f9       _oTZZOLODO_AttributeConstraints@16 1004e0f9 f   tzzolo2o.obj
 0001:0004d220       _oTZZOLODO_DIL_NLS_Text@16 1004e220 f   tzzolo2o.obj
 0001:0004d3b0       _oTZZOLODO_LOD_Migrate@16  1004e3b0 f   tzzolo2o.obj
 0001:0004ed32       _oTZZOLODO_LOD_RelinkDelete@8 1004fd32 f   tzzolo2o.obj
 0001:0004ff7d       _oTZZOLODO_SetAttributeSequence@4 10050f7d f   tzzolo2o.obj
 0001:0005008b       _oTZZOLODO_NewAttributeSequence@4 1005108b f   tzzolo2o.obj
 0001:000501d7       _oTZZOLODO_DelAttribFromSequence@4 100511d7 f   tzzolo2o.obj
 0001:000502d8       _oTZZOLODO_SortAttributes@4 100512d8 f   tzzolo2o.obj
 0001:00050388       _oTZZOLODO_MoveAttribInSequence@4 10051388 f   tzzolo2o.obj
 0001:00050832       _oTZZOLODO_dAttributeTextMapName@16 10051832 f   tzzolo2o.obj
 0001:0005093d       _oTZZOLODO_LOD_Compare@8   1005193d f   tzzolo2o.obj
 0001:00052f54       _oTZZOLODO_LOD_Merge@12    10053f54 f   tzzolo2o.obj
 0001:000560d0       _oTZZOLODO_RefreshLOD_FromEMD@12 100570d0 f   tzzolodo.obj
 0001:00056964       _ofnTZZOLODO_RefLODChildEnt@20 10057964 f   tzzolodo.obj
 0001:00057587       _oTZZOLODO_SaveAllLODs@8   10058587 f   tzzolodo.obj
 0001:000578bb       _oTZZOLODO_SaveLOD_WithTE@12 100588bb f   tzzolodo.obj
 0001:00057a77       _oTZZOLODO_AddEntity@12    10058a77 f   tzzolodo.obj
 0001:00058499       _oTZZOLODO_DeriveKey@16    10059499 f   tzzolodo.obj
 0001:00058673       _oTZZOLODO_DIL_Inherited@16 10059673 f   tzzolodo.obj
 0001:00058695       _oTZZOLODO_DIL_TextMsg@16  10059695 f   tzzolodo.obj
 0001:000586c0       _oTZZOLODO_ConstraintRecurs1@16 100596c0 f   tzzolodo.obj
 0001:00058ae2       _oTZZOLODO_ConstraintRecurs2@16 10059ae2 f   tzzolodo.obj
 0001:00058fb9       _oTZZOLODO_Constraint@16   10059fb9 f   tzzolodo.obj
 0001:000590ba       _oTZZOLODO_ConstraintOperACC@20 1005a0ba f   tzzolodo.obj
 0001:00059162       _oTZZOLODO_DerivedGenName@16 1005a162 f   tzzolodo.obj
 0001:00059235       _oTZZOLODO_OCOPERGenName@16 1005a235 f   tzzolodo.obj
 0001:00059308       _oTZZOLODO_ECOPERGenName@16 1005a308 f   tzzolodo.obj
 0001:000593db       _oTZZOLODO_OperationGenName@16 1005a3db f   tzzolodo.obj
 0001:000594ae       _oTZZOLODO_DeleteAllPOD_Entities@4 1005a4ae f   tzzolodo.obj
 0001:000595a0       _oTZZOLODO_DeleteOldPOD_Entities@8 1005a5a0 f   tzzolodo.obj
 0001:00059716       _fnRetrieveNextToken@20    1005a716 f   tzzolodo.obj
 0001:000599ea       _fnParseDerivedExpression@4 1005a9ea f   tzzolodo.obj
 0001:0005a802       _oTZZOLODO_ParseDerivedExpr@8 1005b802 f   tzzolodo.obj
 0001:0005ba00       _oTZZOLODO_ReportOI@8      1005ca00 f   tzzolodr.obj
 0001:00063690       _oTZZOLODO_SummaryReport@8 10064690 f   tzzorpts.obj
 0001:00064cf0       _oTZZOXODO_SaveXOD@8       10065cf0 f   tzzoxodo.obj
 0001:000656d2       _fnResetSequenceAttributes@4 100666d2 f   tzzoxodo.obj
 0001:00065a8f       _fnCopyRecursiveWorkAttributes@4 10066a8f f   tzzoxodo.obj
 0001:00065c3c       _ofnTZZOXODO_BldXOD@24     10066c3c f   tzzoxodo.obj
 0001:000669d4       _ofnTZZOXODO_BldXODChildEnt@44 100679d4 f   tzzoxodo.obj
 0001:0006779a       _ofnTZZOXODO_BldXODEntity@12 1006879a f   tzzoxodo.obj
 0001:0006804c       _ofnTZZOXODO_BldXODAttrib@20 1006904c f   tzzoxodo.obj
 0001:0006894d       _ofnTZZOXODO_BldXODAttribHidden@16 1006994d f   tzzoxodo.obj
 0001:00068e62       _ofnTZZOXODO_BldXODDataField@12 10069e62 f   tzzoxodo.obj
 0001:00068f9f       _ofnTZZOXODO_BldDB_DataFields@8 10069f9f f   tzzoxodo.obj
 0001:0006914b       _ofnTZZOXODO_BldAttribFK@12 1006a14b f   tzzoxodo.obj
 0001:000696ad       _ofnTZZOXODO_BldDataFieldFK@8 1006a6ad f   tzzoxodo.obj
 0001:000697ed       _ofnTZZOXODO_BldAttribGK@8 1006a7ed f   tzzoxodo.obj
 0001:00069ce1       _ofnTZZOXODO_BldDataFieldGK@8 1006ace1 f   tzzoxodo.obj
 0001:00069db1       _ofnTZZOXODO_BldXODRelRec@28 1006adb1 f   tzzoxodo.obj
 0001:0006a6c4       _ofnTZZOXODO_BldRelFieldFK@16 1006b6c4 f   tzzoxodo.obj
 0001:0006acd7       _ofnTZZOXODO_BldRelFieldsForMM@28 1006bcd7 f   tzzoxodo.obj
 0001:0006b03f       _ofnTZZOXODO_PosOnBaseField@16 1006c03f f   tzzoxodo.obj
 0001:0006b1fc       _ofnTZZOXODO_BldAutoSeq@16 1006c1fc f   tzzoxodo.obj
 0001:0006b460       _ofnTZZOXODO_ProcDupEntity@24 1006c460 f   tzzoxodo.obj
 0001:0006d480       _zstrblank@12              1006e480 f   tzcmcpro.obj
 0001:0006d4d9       _oTZCMCPRO_ActivateCPLR@12 1006e4d9 f   tzcmcpro.obj
 0001:0006d5f0       _oTZCMCPRO_CleanUpER_TE_SA@8 1006e5f0 f   tzcmcpro.obj
 0001:0006d958       _oTZCMCRWO_DeriveCPL_CPLR_Name@16 1006e958 f   tzcmcpro.obj
 0001:0006d9da       _oTZCMCPRO_TestCPLR@24     1006e9da f   tzcmcpro.obj
 0001:0006df2c       _oTZCMCPRO_WriteEnqueue@16 1006ef2c f   tzcmcpro.obj
 0001:0006e095       _oTZCMCPRO_CPLR_Enqueue@12 1006f095 f   tzcmcpro.obj
 0001:0006e47f       _oTZCMCPRO_DeleteFileWithCluster@16 1006f47f f   tzcmcpro.obj
 0001:0006e68d       _oTZCMCPRO_DeleteDependentsWithCluster@20 1006f68d f   tzcmcpro.obj
 0001:0006ead7       _oTZCMCPRO_DeleteMetaWithCluster@16 1006fad7 f   tzcmcpro.obj
 0001:0006ee23       _oTZCMCPRO_DeleteMeta@12   1006fe23 f   tzcmcpro.obj
 0001:0006f178       _oTZCMCPRO_DeleteDependents@16 10070178 f   tzcmcpro.obj
 0001:0006f59a       _oTZCMCPRO_DeleteServerFile@12 1007059a f   tzcmcpro.obj
 0001:0006f6bc       _LoadFileAndActivateMeta@28 100706bc f   tzcmcpro.obj
 0001:0006f7b2       _oTZCMRCRO_DeriveCPLR_CPL_Name@16 100707b2 f   tzcmcpro.obj
 0001:000701b0       _fnRemoveChar@12           100711b0 f   tzcmcvto.obj
 0001:00070245       _fnCloneActions@20         10071245 f   tzcmcvto.obj
 0001:00070433       _fnCloneOption@28          10071433 f   tzcmcvto.obj
 0001:000705bf       _fnCloneMenuAndOptions@20  100715bf f   tzcmcvto.obj
 0001:0007072b       _ConvertDialog@16          1007172b f   tzcmcvto.obj
 0001:00073202       _fnRemoveAmpersand@4       10074202 f   tzcmcvto.obj
 0001:0007324b       _fnProcessOptions@24       1007424b f   tzcmcvto.obj
 0001:00073a32       _fnProcessControls@16      10074a32 f   tzcmcvto.obj
 0001:00073ab3       _fnCountRelCtrls@28        10074ab3 f   tzcmcvto.obj
 0001:00073d67       _fnProcessControlsAtLevel@52 10074d67 f   tzcmcvto.obj
 0001:0007562d       _SetCSV_CtrlColumns@20     1007662d f   tzcmcvto.obj
 0001:00075818       _SetCSV_Columns@8          10076818 f   tzcmcvto.obj
 0001:00075932       _ConvertReport@12          10076932 f   tzcmcvto.obj
 0001:00076499       _ConvertXSLT@12            10077499 f   tzcmcvto.obj
 0001:00078af0       _oTZCMQSYO_ActivateREPO_Enqueue@8 10079af0 f   tzcmqsyo.obj
 0001:00078c60       _cfPostCheckout@20         10079c60 f   tzcmlops.obj
 0001:00078e26       _cfPostActivate@32         10079e26 f   tzcmlops.obj
 0001:00079068       _cfTZOPSIGO_PostActivate@28 1007a068 f   tzcmlops.obj
 0001:000790cc       _cfTZEREMDO_PostCheckout@16 1007a0cc f   tzcmlops.obj
 0001:000791a4       _cfTZEREMDO_PostActivate@28 1007a1a4 f   tzcmlops.obj
 0001:000794e4       _cfTZERSASO_PostCheckout@16 1007a4e4 f   tzcmlops.obj
 0001:00079669       _cfTZERSASO_PostActivate@28 1007a669 f   tzcmlops.obj
 0001:0007978c       _cfTZTENVRO_PostCheckout@16 1007a78c f   tzcmlops.obj
 0001:00079796       _cfTZTENVRO_PostActivate@28 1007a796 f   tzcmlops.obj
 0001:00079972       _cfTZZOLODO_PostCheckout@16 1007a972 f   tzcmlops.obj
 0001:0007999a       _cfTZZOLODO_PostActivate@28 1007a99a f   tzcmlops.obj
 0001:000799c8       _cfTZWDVORO_PostCheckout@16 1007a9c8 f   tzcmlops.obj
 0001:000799d2       _cfTZWDVORO_PostActivate@28 1007a9d2 f   tzcmlops.obj
 0001:00079b1c       _cfTZPESRCO_PostCheckout@16 1007ab1c f   tzcmlops.obj
 0001:00079b26       _cfTZPESRCO_PostActivate@28 1007ab26 f   tzcmlops.obj
 0001:00079cdc       _cfTZWDLGSO_PostCheckout@16 1007acdc f   tzcmlops.obj
 0001:00079ce6       _cfTZWDLGSO_PostActivate@28 1007ace6 f   tzcmlops.obj
 0001:00079d14       _cfTZRPSRCO_PostCheckout@16 1007ad14 f   tzcmlops.obj
 0001:00079d1e       _cfTZRPSRCO_PostActivate@28 1007ad1e f   tzcmlops.obj
 0001:00079d4c       _cfTZXSLTSO_PostCheckout@16 1007ad4c f   tzcmlops.obj
 0001:00079d56       _cfTZXSLTSO_PostActivate@28 1007ad56 f   tzcmlops.obj
 0001:00079d77       _cfTZADCSDO_PostCheckout@16 1007ad77 f   tzcmlops.obj
 0001:00079d81       _cfTZADCSDO_PostActivate@28 1007ad81 f   tzcmlops.obj
 0001:0007a08b       _fnGetActiveMetaByType@20  1007b08b f   tzcmlops.obj
 0001:0007a36d       _fnActivateDependentBySyncDate@24 1007b36d f   tzcmlops.obj
 0001:0007a51a       _ofnTZZOLODO_BldFlatFromChild@8 1007b51a f   tzcmlops.obj
 0001:0007a5c9       _fnTZZOLODO_BuildFlatFromRec@4 1007b5c9 f   tzcmlops.obj
 0001:0007a656       _fnLinkAndSyncER_ToSA@12   1007b656 f   tzcmlops.obj
 0001:0007b2f0       _oTZCMLPLO_CheckOI_ForDupZKey@12 1007c2f0 f   tzcmlp2o.obj
 0001:0007b9c3       _oTZCMLPLO_GenerateCallHeader@8 1007c9c3 f   tzcmlp2o.obj
 0001:0007ca43       _oTZCMLPLO_GenerateTransShell@8 1007da43 f   tzcmlp2o.obj
 0001:0007f4d0       _oTZCMLPLO_UpdateDomains@8 100804d0 f   tzcmlplo.obj
 0001:0007f6a4       _oTZCMLPLO_ERD_Refreshed@12 100806a4 f   tzcmlplo.obj
 0001:0007f856       _oTZCMLPLO_CheckUpdateFlags@12 10080856 f   tzcmlplo.obj
 0001:0007f8a2       _oTZCMLPLO_RefreshLPLR@12  100808a2 f   tzcmlplo.obj
 0001:0007fa10       _zwfnTZCMLPLO_CheckDuplicateComponents@8 10080a10 f   tzcmlplo.obj
 0001:0007fb60       _zwfnTZCMLPLO_CheckDuplicateNames@16 10080b60 f   tzcmlplo.obj
 0001:0007fd97       _zwfnTZCMLPLO_Create_W_MetaType@8 10080d97 f   tzcmlplo.obj
 0001:0007fdf8       _zwfnTZCMLPLO_CheckTypeForAddMeta@32 10080df8 f   tzcmlplo.obj
 0001:0007fe9f       _zwfnTZCMLPLO_GetLPLR_Directories@12 10080e9f f   tzcmlplo.obj
 0001:0007fee9       _zwTZCMLPLO_WriteReportView@24 10080ee9 f   tzcmlplo.obj
 0001:00080007       _zwTZCMLPLO_WriteReportView1@20 10081007 f   tzcmlplo.obj
 0001:000801ce       _zwfnTZCMLPLO_DeleteDomainsAndOperations@8 100811ce f   tzcmlplo.obj
 0001:000802a1       _zwfnTZCMLPLO_DeleteMetaInLPLR@8 100812a1 f   tzcmlplo.obj
 0001:00080417       _zwfnTZCMLPLO_OverwriteMetaFromCPLR@12 10081417 f   tzcmlplo.obj
 0001:00080483       _oTZCMLPLO_CheckDuplicateERD_TE_PPE@20 10081483 f   tzcmlplo.obj
 0001:000805f1       _zwfnTZCMLPLO_AddMetaToLPLR@36 100815f1 f   tzcmlplo.obj
 0001:00080941       _zwfnTZCMLPLO_UpdateMetaFromCPLR@32 10081941 f   tzcmlplo.obj
 0001:00080afb       _zwfnTZCMLPLO_DeleteMeta@16 10081afb f   tzcmlplo.obj
 0001:00080bfe       _zwTZCMLPLO_CheckDeleteFromRepo@12 10081bfe f   tzcmlplo.obj
 0001:00080c8e       _zwfnTZCMLPLO_UpdateMeta@40 10081c8e f   tzcmlplo.obj
 0001:00081044       _zwfnTZCMLPLO_RefreshFromCPLR@20 10082044 f   tzcmlplo.obj
 0001:00081309       _zwTZCMLPLO_RefreshReusableCPLRs@24 10082309 f   tzcmlplo.obj
 0001:000814ce       _oTZCMLPLO_CommitLPLR@4    100824ce f   tzcmlplo.obj
 0001:000815f5       _oTZCMLPLO_CheckInMetas@16 100825f5 f   tzcmlplo.obj
 0001:00083188       _fnPostRefreshLPLR@28      10084188 f   tzcmlplo.obj
 0001:0008376e       _ofnTZCMLPLO_CopyMetaToLPLR@24 1008476e f   tzcmlplo.obj
 0001:000839c6       _ofnTZCMLPLO_CopyHDR_File@24 100849c6 f   tzcmlplo.obj
 0001:00083afc       _ofnTZCMLPLO_CopySourceFiles@28 10084afc f   tzcmlplo.obj
 0001:00083ce9       _ofnTZCMLPLO_SironReport_Files@28 10084ce9 f   tzcmlplo.obj
 0001:00083e41       _ofnTZCMLPLO_CopyX_File@32 10084e41 f   tzcmlplo.obj
 0001:0008416f       _ofnTZCMLPLO_GetNextCheckInType@12 1008516f f   tzcmlplo.obj
 0001:000842b6       _oTZCMLPLO_DeleteMetas@16  100852b6 f   tzcmlplo.obj
 0001:00084b25       _oTZCMLPLO_OrderLPLR@8     10085b25 f   tzcmlplo.obj
 0001:00084d8e       _oTZCMLPLO_SetCM_ViewName@16 10085d8e f   tzcmlplo.obj
 0001:00084ea5       _oTZCMLPLO_ActivateFileOI@12 10085ea5 f   tzcmlplo.obj
 0001:00084faa       _oTZCMLPLO_CopyFileFromServerFile@20 10085faa f   tzcmlplo.obj
 0001:000851f5       _oTZCMLPLO_CopyFileToServerFile@24 100861f5 f   tzcmlplo.obj
 0001:0008564f       _zwTZCMLPLO_LoadRefreshListForCPLR@16 1008664f f   tzcmlplo.obj
 0001:000858e5       _zwfnTZCMLPLO_CheckUpdateFromRepo@12 100868e5 f   tzcmlplo.obj
 0001:00085a54       _oTZCMLPLO_Create_RootEntity@12 10086a54 f   tzcmlplo.obj
 0001:00085ad1       _oTZCMLPLO_DeleteSelectedMeta@20 10086ad1 f   tzcmlplo.obj
 0001:00085bcc       _oTZCMLPLO_RefreshPartialFromCPLR@24 10086bcc f   tzcmlplo.obj
 0001:00085dfe       _oTZCMLPLO_RefreshPartial@12 10086dfe f   tzcmlplo.obj
 0001:00085f32       _oTZCMLPLO_RefreshFinish@24 10086f32 f   tzcmlplo.obj
 0001:00087b00       _oTZCMLPLO_CompilerMigrate@12 10088b00 f   tzcmlpmo.obj
 0001:0008803d       _oTZCMLPLO_HeaderMigrate@16 1008903d f   tzcmlpmo.obj
 0001:00088b10       _oTZCMREPO_ActivateRepository@8 10089b10 f   tzcmrepo.obj
 0001:00088b75       _oTZCMREPO_EnumFindWindow@8 10089b75 f   tzcmrepo.obj
 0001:00088be0       _LocalSysWait@4            10089be0 f   tzcmrepo.obj
 0001:00088c09       _oTZCMREPO_ObjectConstraints@12 10089c09 f   tzcmrepo.obj
 0001:00088ef0       _zgSortEntityWithinParent@20 10089ef0 f   tzcmutil.obj
 0001:00088f97       _TruncateName8@4           10089f97 f   tzcmutil.obj
 0001:00088ffa       _fnVerifyType@4            10089ffa f   tzcmutil.obj
 0001:00089076       _fnBuildMetas@16           1008a076 f   tzcmutil.obj
 0001:0008940a       _fnGetAndSetZKey@12        1008a40a f   tzcmutil.obj
 0001:00089978       _fnGetTaskOI_ListName@8    1008a978 f   tzcmutil.obj
 0001:000899ca       _fnCheckCM_ForActiveMetaByTask@8 1008a9ca f   tzcmutil.obj
 0001:00089b08       _fnCheckForDuplicateName@20 1008ab08 f   tzcmutil.obj
 0001:00089df9       _fnCleanupActiveMetas@8    1008adf9 f   tzcmutil.obj
 0001:0008a2f0       _ofnTZCMWKSO_AppendSlash@4 1008b2f0 f   tzcmwkso.obj
 0001:0008a332       _oTZCMWKSO_GetWKS_FileName@4 1008b332 f   tzcmwkso.obj
 0001:0008a376       _oTZCMWKSO_ActivateWorkStation@12 1008b376 f   tzcmwkso.obj
 0001:0008a3b5       _oTZCMWKSO_CommitWorkstation@4 1008b3b5 f   tzcmwkso.obj
 0001:0008a450       _oTZRPSRCO_AutodesignReport@16 1008b450 f   tzrpsrco.obj
 0001:0008b777       _oTZRPSRCO_CreatePageFooter@4 1008c777 f   tzrpsrco.obj
 0001:0008b96e       _oTZRPSRCO_CreatePageHeader@4 1008c96e f   tzrpsrco.obj
 0001:0008bb65       _oTZRPSRCO_DeleteGroupSet@4 1008cb65 f   tzrpsrco.obj
 0001:0008bcee       _oTZRPSRCO_CreateFieldsForGrpSet@8 1008ccee f   tzrpsrco.obj
 0001:0008c893       _oTZRPSRCO_DeleteNonDisplayEntsR@4 1008d893 f   tzrpsrco.obj
 0001:0008c95e       _oTZRPSRCO_CrtePartialLODStructR@12 1008d95e f   tzrpsrco.obj
 0001:0008cb6a       _oTZRPSRCO_CreateEntityGroupSet@4 1008db6a f   tzrpsrco.obj
 0001:0008d1b1       _oTZRPSRCO_InitReportStructure@4 1008e1b1 f   tzrpsrco.obj
 0001:0008d4a1       _oTZRPSRCO_InitReportStructureR@12 1008e4a1 f   tzrpsrco.obj
 0001:0008d6b0       _oTZRPSRCO_BuildReportDispObject@4 1008e6b0 f   tzrpsrco.obj
 0001:0008d6f3       _oTZRPSRCO_BuildReportDispObjectR@8 1008e6f3 f   tzrpsrco.obj
 0001:0008d6fd       _oTZRPSRCO_GenerateXRP@8   1008e6fd f   tzrpsrco.obj
 0001:0008eeac       _oTZRPSRCO_ChangeRepFileContents@32 1008feac f   tzrpsrco.obj
 0001:0008fbb2       _oTZRPSRCO_ReportCopy@16   10090bb2 f   tzrpsrco.obj
 0001:00090243       _oTZRPSRCO_ReportRelinkDelete@8 10091243 f   tzrpsrco.obj
 0001:000907a0       _oTZRPSRCO_ReportMigrate@16 100917a0 f   tzrpsrco.obj
 0001:000912a6       _oTZRPSRCO_AutodesignReportEntity@20 100922a6 f   tzrpsrco.obj
 0001:00095f90       _oTZRPSRCO_XSLT_BuildCtrlsInRows@24 10096f90 f   tzrpsxm2.obj
 0001:000962b2       _oTZRPSRCO_XSLT_BuildBlockData@28 100972b2 f   tzrpsxm2.obj
 0001:00096442       _oTZRPSRCO_XSLT_BuildControl@20 10097442 f   tzrpsxm2.obj
 0001:00097301       _oTZRPSRCO_XSLT_BuildTable@36 10098301 f   tzrpsxm2.obj
 0001:000978fa       _oTZRPSRCO_XSLT_EntityRecur@28 100988fa f   tzrpsxm2.obj
 0001:00098721       _oTZRPSRCO_XSLT_GetStyleShape@8 10099721 f   tzrpsxm2.obj
 0001:00098d06       _oTZRPSRCO_XSLT_GetStyleText@8 10099d06 f   tzrpsxm2.obj
 0001:0009972c       _oTZRPSRCO_XSLT_GroupRecur@28 1009a72c f   tzrpsxm2.obj
 0001:0009afb1       _oTZRPSRCO_XSLT_GroupTable@28 1009bfb1 f   tzrpsxm2.obj
 0001:0009bfb3       _oTZRPSRCO_XSLT_HeaderFooter@24 1009cfb3 f   tzrpsxm2.obj
 0001:0009c50b       _oTZRPSRCO_XSLT_MainHeader@12 1009d50b f   tzrpsxm2.obj
 0001:0009dd18       _oTZRPSRCO_XSLT_BuildCtrlsAsTable@28 1009ed18 f   tzrpsxm2.obj
 0001:0009e9ea       _oTZRPSRCO_GenerateXSLT@4  1009f9ea f   tzrpsxm2.obj
 0001:0009f2a6       _oTZRPSRCO_GenerateXSLT_PDF@16 100a02a6 f   tzrpsxm2.obj
 0001:000a1900       _fnAllowBinaryDataInSourceMetaFiles@4 100a2900 f   tzcmoprs.obj
 0001:000a19e4       _fnGetDirectorySpec@16     100a29e4 f   tzcmoprs.obj
 0001:000a1aca       _fnBreakDownZKey@12        100a2aca f   tzcmoprs.obj
 0001:000a1b47       _InitializeLPLR@8          100a2b47 f   tzcmoprs.obj
 0001:000a25d6       _InitializeDefaultLPL@4    100a35d6 f   tzcmoprs.obj
 0001:000a25eb       _TerminateLPLR@4           100a35eb f   tzcmoprs.obj
 0001:000a29b7       _RetrieveViewForMetaList@12 100a39b7 f   tzcmoprs.obj
 0001:000a2b73       _fnActivateMetaOI@20       100a3b73 f   tzcmoprs.obj
 0001:000a3c53       _ActivateMetaOI@20         100a4c53 f   tzcmoprs.obj
 0001:000a3ce6       _ActivateMetaOI_ByName@28  100a4ce6 f   tzcmoprs.obj
 0001:000a3e7f       _ActivateMetaOI_ByZKey@28  100a4e7f f   tzcmoprs.obj
 0001:000a3fa0       _ActivateMetaOI_KeepList@40 100a4fa0 f   tzcmoprs.obj
 0001:000a40c9       _DropMetaOI_FromList@4     100a50c9 f   tzcmoprs.obj
 0001:000a415b       _fnRemoveCreateFlag@4      100a515b f   tzcmoprs.obj
 0001:000a422a       _fnCommitMetaOI@24         100a522a f   tzcmoprs.obj
 0001:000a5e6f       _CommitMetaOI@12           100a6e6f f   tzcmoprs.obj
 0001:000a60fb       _CommitDependentOI@12      100a70fb f   tzcmoprs.obj
 0001:000a69dd       _ActivateEmptyMetaOI@16    100a79dd f   tzcmoprs.obj
 0001:000a6c54       _DropMetaOI@8              100a7c54 f   tzcmoprs.obj
 0001:000a6e22       _DeleteMetaOI@12           100a7e22 f   tzcmoprs.obj
 0001:000a7ff4       _CreatePE_ExecVersion@8    100a8ff4 f   tzcmoprs.obj
 0001:000a8370       _CheckExistenceOfMetaOI@12 100a9370 f   tzcmoprs.obj
 0001:000a842d       _CheckExistenceOfMetaOI_ByZKey@12 100a942d f   tzcmoprs.obj
 0001:000a84e5       _CreateTE_MetaEntity@16    100a94e5 f   tzcmoprs.obj
 0001:000a85f1       _CreateMetaEntity@16       100a95f1 f   tzcmoprs.obj
 0001:000a872e       _CreateTemporalMetaEntity@16 100a972e f   tzcmoprs.obj
 0001:000a887b       _CreateFileNameFromZKey@12 100a987b f   tzcmoprs.obj
 0001:000a88b1       _zltoxa@8                  100a98b1 f   tzcmoprs.obj
 0001:000a89b0       _zxatol@8                  100a99b0 f   tzcmoprs.obj
 0001:000a8aaf       _AssignZKeyToMetaOI@16     100a9aaf f   tzcmoprs.obj
 0001:000a8d08       _SetZKeyToNextZKey@12      100a9d08 f   tzcmoprs.obj
 0001:000a8f08       _CM_GetTypePrefix@8        100a9f08 f   tzcmoprs.obj
 0001:000a8f5b       _fnSetCPLR_ZKey@12         100a9f5b f   tzcmoprs.obj
 0001:000a915d       _BuildLPLR_MetaTypes@12    100aa15d f   tzcmoprs.obj
 0001:000a9408       _LoadZeidonPPE@24          100aa408 f   tzcmoprs.obj
 0001:000a965a       _ComponentIsCheckedOut@12  100aa65a f   tzcmoprs.obj
 0001:000a9831       _CheckDuplicateComponents@16 100aa831 f   tzcmoprs.obj
 0001:000a9995       _CheckAllDuplicateName@20  100aa995 f   tzcmoprs.obj
 0001:000a9a42       _CheckDuplicateName@20     100aaa42 f   tzcmoprs.obj
 0001:000a9bf1       _CheckDuplicateNameForRefresh@24 100aabf1 f   tzcmoprs.obj
 0001:000a9daa       _SetTitleWithCheckOutState@24 100aadaa f   tzcmoprs.obj
 0001:000a9f4a       _CheckOutStateForCurrentWindow@8 100aaf4a f   tzcmoprs.obj
 0001:000aa048       _SaveSortOrder@8           100ab048 f   tzcmoprs.obj
 0001:000aa20e       _SortComponents@4          100ab20e f   tzcmoprs.obj
 0001:000aa33f       _IntGenFullQualPathFromRelPath@20 100ab33f f   tzcmoprs.obj
 0001:000aa3d4       _SetCompSpecPaths@36       100ab3d4 f   tzcmoprs.obj
 0001:000aa68a       _SetUpMapLOD@16            100ab68a f   tzcmoprs.obj
 0001:000acae0       ??_GZDualCorrelatedList@@QAEPAXI@Z 100adae0 f i tzcmoprs.obj
 0001:000acb20       _oTZWDLGSO_GenerateJSP@8   100adb20 f   tzwdlg4o.obj
 0001:000c0f28       _oTZWDLGSO_GenJSP_ProcessFileIn@12 100c1f28 f   tzwdlg4o.obj
 0001:000c9e00       _oTZWDLGSO_GenerateJSPJava@8 100cae00 f   tzwdlg6o.obj
 0001:000de309       _oTZWDLGSO_GenJSPJ_ProcessFileIn@12 100df309 f   tzwdlg6o.obj
 0001:000e68b0       _oTZEREMDO_ImportADW_Model@12 100e78b0 f   tzerem2o.obj
 0001:000e7994       _oTZEREMDO_AttributeConstraints@16 100e8994 f   tzerem2o.obj
 0001:000e7a75       _oTZEREMDO_IdentifierConstraints@16 100e8a75 f   tzerem2o.obj
 0001:000e7c4b       _oTZEREMDO_DimHierConstraints@16 100e8c4b f   tzerem2o.obj
 0001:000e7e01       _oTZEREMDO_AnalyzeZKeys@4  100e8e01 f   tzerem2o.obj
 0001:000e826e       _oTZEREMDO_ERD_Migrate@12  100e926e f   tzerem2o.obj
 0001:000e92cc       _oTZEREMDO_MergeSA_ToER@20 100ea2cc f   tzerem2o.obj
 0001:000ea478       _oTZEREMDO_CompareDataModels@20 100eb478 f   tzerem2o.obj
 0001:000eb0cf       _oTZEREMDO_SetAttributeSequence@4 100ec0cf f   tzerem2o.obj
 0001:000eb1a0       _oTZEREMDO_NewAttributeSequence@4 100ec1a0 f   tzerem2o.obj
 0001:000eb2ec       _oTZEREMDO_DelAttribFromSequence@4 100ec2ec f   tzerem2o.obj
 0001:000eb3ed       _oTZEREMDO_SortAttributes@4 100ec3ed f   tzerem2o.obj
 0001:000eb49d       _oTZEREMDO_MoveAttribInSequence@4 100ec49d f   tzerem2o.obj
 0001:000eb6a0       _oTZEREMDO_DimHierInitLevels@8 100ec6a0 f   tzerem2o.obj
 0001:000ebb86       _oTZEREMDO_DimHierCopyLevelSub@20 100ecb86 f   tzerem2o.obj
 0001:000ebd4a       _oTZEREMDO_DimHierAddSiblingLevel@12 100ecd4a f   tzerem2o.obj
 0001:000ebe17       _oTZEREMDO_DimHierCopyLevel@16 100ece17 f   tzerem2o.obj
 0001:000ebf95       _oTZEREMDO_DimHierDeleteLevel@12 100ecf95 f   tzerem2o.obj
 0001:000ec019       _oTZEREMDO_DimHierAddChildLevel@12 100ed019 f   tzerem2o.obj
 0001:000ec090       _oTZEREMDO_DimHierRemoveChildLvl@12 100ed090 f   tzerem2o.obj
 0001:000ec115       _oTZEREMDO_DimHierAddAttribute@20 100ed115 f   tzerem2o.obj
 0001:000ec2cf       _oTZEREMDO_DimHierSyncLevelsF2R@12 100ed2cf f   tzerem2o.obj
 0001:000ec5bc       _oTZEREMDO_DimHierSyncLevelsR2F@12 100ed5bc f   tzerem2o.obj
 0001:000ec6e7       _oTZEREMDO_DimHierSetCounts@8 100ed6e7 f   tzerem2o.obj
 0001:000ecbb1       _oTZEREMDO_DimSetLevelByZKeys@20 100edbb1 f   tzerem2o.obj
 0001:000ecd43       _oTZEREMDO_dParentNames@16 100edd43 f   tzerem2o.obj
 0001:000ecf10       _oTZEREMDO_DimHierRemoveFlatSide@8 100edf10 f   tzerem2o.obj
 0001:000ecfdb       _oTZEREMDO_ERD_RelationshipCopy@12 100edfdb f   tzerem2o.obj
 0001:000ed61c       _oTZEREMDO_ERD_Compare@8   100ee61c f   tzerem2o.obj
 0001:000ee61e       _oTZEREMDO_ERD_Merge@12    100ef61e f   tzerem2o.obj
 0001:000f1b60       _GetSetStringValue@16      100f2b60 f   TZVSRTOO.obj
 0001:000f1fa6       _zGetStringWithoutBlank@8  100f2fa6 f   tzvmlip:tzvmlip.dll
 0001:000f1fac       _zReplaceSubString@16      100f2fac f   tzvmlip:tzvmlip.dll
 0001:000f1fb2       _zSearchAndReplace@16      100f2fb2 f   tzvmlip:tzvmlip.dll
 0001:000f1fb8       _zSearchSubString@16       100f2fb8 f   tzvmlip:tzvmlip.dll
 0001:000f1fbe       _zSysReadLine@16           100f2fbe f   tzvmlip:tzvmlip.dll
 0001:000f1fc4       _zIntegerToString@12       100f2fc4 f   tzvmlip:tzvmlip.dll
 0001:000f1fca       _zGetFirstEntityNameForView@8 100f2fca f   tzvmlip:tzvmlip.dll
 0001:000f1fd0       _GenFullQualPathFromRelPath@16 100f2fd0 f   tzvmlip:tzvmlip.dll
 0001:000f1fd6       _zToUpper@8                100f2fd6 f   tzvmlip:tzvmlip.dll
 0001:000f1fdc       _CreateAbsolStyleString@20 100f2fdc f   tzweb:tzweb.dll
 0001:000f1fe2       _GenJSP_CrteCtrlsRecurs@40 100f2fe2 f   tzweb:tzweb.dll
 0001:000f1fe8       _PIX_PER_DU@8              100f2fe8 f   tzweb:tzweb.dll
 0001:000f1fee       _BuildSideNavSection@20    100f2fee f   tzweb:tzweb.dll
 0001:000f1ff4       _BuildMainNavSection@12    100f2ff4 f   tzweb:tzweb.dll
 0001:000f1ffa       _GenJSP_TableExport@16     100f2ffa f   tzweb:tzweb.dll
 0001:000f2000       _GenJSP_OutputMapRecurs@16 100f3000 f   tzweb:tzweb.dll
 0001:000f2006       _GenJSP_ChildFunctions@16  100f3006 f   tzweb:tzweb.dll
 0001:000f200c       _GenJSP_MenuFunctions@24   100f300c f   tzweb:tzweb.dll
 0001:000f2012       _GenJSP_EmailEntries@20    100f3012 f   tzweb:tzweb.dll
 0001:000f2018       _GenJSP_Action@28          100f3018 f   tzweb:tzweb.dll
 0001:000f201e       _GenJSP_InputMapRecurs@20  100f301e f   tzweb:tzweb.dll
 0001:000f2024       _GenJSPJ_CrteCtrlsRecurs@44 100f3024 f   tzweb:tzweb.dll
 0001:000f202a       _BuildSideNavSectionJ@20   100f302a f   tzweb:tzweb.dll
 0001:000f2030       _GenJSPJ_OutputMapRecurs@20 100f3030 f   tzweb:tzweb.dll
 0001:000f2036       _GenJSPJ_Action@28         100f3036 f   tzweb:tzweb.dll
 0001:000f203c       _GenJSPJ_InputMapRecurs@24 100f303c f   tzweb:tzweb.dll
 0001:000f2042       _WriteFile@20              100f3042 f   kernel32:KERNEL32.dll
 0001:000f2048       _SetFilePointer@16         100f3048 f   kernel32:KERNEL32.dll
 0001:000f204e       _GetFileSize@8             100f304e f   kernel32:KERNEL32.dll
 0001:000f2054       _lstrcmpA@8                100f3054 f   kernel32:KERNEL32.dll
 0001:000f205a       _GetTickCount@0            100f305a f   kernel32:KERNEL32.dll
 0001:000f2060       _FindClose@4               100f3060 f   kernel32:KERNEL32.dll
 0001:000f2066       _FindNextFileA@8           100f3066 f   kernel32:KERNEL32.dll
 0001:000f206c       _FindFirstFileA@8          100f306c f   kernel32:KERNEL32.dll
 0001:000f2072       _GetPrivateProfileStringA@24 100f3072 f   kernel32:KERNEL32.dll
 0001:000f2078       _LoadStringA@16            100f3078 f   user32:USER32.dll
 0001:000f207e       _ReleaseDC@8               100f307e f   user32:USER32.dll
 0001:000f2084       _GetDC@4                   100f3084 f   user32:USER32.dll
 0001:000f208a       _GetActiveWindow@0         100f308a f   user32:USER32.dll
 0001:000f2090       _GetDialogBaseUnits@0      100f3090 f   user32:USER32.dll
 0001:000f2096       _MessageBoxA@16            100f3096 f   user32:USER32.dll
 0001:000f209c       _GetWindowTextA@12         100f309c f   user32:USER32.dll
 0001:000f20a2       _GetTextExtentPoint32A@16  100f30a2 f   gdi32:GDI32.dll
 0001:000f20a8       _MessagePrompt@32          100f30a8 f   kzoengaa:KZOENGAA.DLL
 0001:000f20ae       _GetVariableFromAttribute@36 100f30ae f   kzoengaa:KZOENGAA.DLL
 0001:000f20b4       _SetNameForView@16         100f30b4 f   kzoengaa:KZOENGAA.DLL
 0001:000f20ba       _SetAttributeFromInteger@16 100f30ba f   kzoengaa:KZOENGAA.DLL
 0001:000f20c0       _SetAttributeFromString@16 100f30c0 f   kzoengaa:KZOENGAA.DLL
 0001:000f20c6       _CreateEntity@12           100f30c6 f   kzoengaa:KZOENGAA.DLL
 0001:000f20cc       _ActivateEmptyObjectInstance@16 100f30cc f   kzoengaa:KZOENGAA.DLL
 0001:000f20d2       _SfDropSubtask@8           100f30d2 f   kzoengaa:KZOENGAA.DLL
 0001:000f20d8       _GetApplDirectoryFromView@16 100f30d8 f   kzoengaa:KZOENGAA.DLL
 0001:000f20de       _SfCreateSubtask@12        100f30de f   kzoengaa:KZOENGAA.DLL
 0001:000f20e4       _TraceLineS@8              100f30e4 f   kzoengaa:KZOENGAA.DLL
 0001:000f20ea       _DropView@4                100f30ea f   kzoengaa:KZOENGAA.DLL
 0001:000f20f0       _MoveSubobject@24          100f30f0 f   kzoengaa:KZOENGAA.DLL
 0001:000f20f6       _CompareAttributeToAttribute@24 100f30f6 f   kzoengaa:KZOENGAA.DLL
 0001:000f20fc       _SetCursorNextEntity@12    100f30fc f   kzoengaa:KZOENGAA.DLL
 0001:000f2102       _SetViewFromView@8         100f3102 f   kzoengaa:KZOENGAA.DLL
 0001:000f2108       _SetCursorFirstEntity@12   100f3108 f   kzoengaa:KZOENGAA.DLL
 0001:000f210e       _CreateViewFromViewForTask@12 100f310e f   kzoengaa:KZOENGAA.DLL
 0001:000f2114       _SysGetDateTime@4          100f3114 f   kzoengaa:KZOENGAA.DLL
 0001:000f211a       _SysGetFileDateTime@8      100f311a f   kzoengaa:KZOENGAA.DLL
 0001:000f2120       _SysOpenFile@12            100f3120 f   kzoengaa:KZOENGAA.DLL
 0001:000f2126       _SysReadLine@12            100f3126 f   kzoengaa:KZOENGAA.DLL
 0001:000f212c       _SysReadZeidonIni@16       100f312c f   kzoengaa:KZOENGAA.DLL
 0001:000f2132       _GetIntegerFromAttribute@16 100f3132 f   kzoengaa:KZOENGAA.DLL
 0001:000f2138       _SetCursorFirstEntityByString@20 100f3138 f   kzoengaa:KZOENGAA.DLL
 0001:000f213e       _SysAppendcDirSep@4        100f313e f   kzoengaa:KZOENGAA.DLL
 0001:000f2144       _GetStringFromAttribute@16 100f3144 f   kzoengaa:KZOENGAA.DLL
 0001:000f214a       _GetViewByName@16          100f314a f   kzoengaa:KZOENGAA.DLL
 0001:000f2150       _GetDefaultViewForActiveTask@0 100f3150 f   kzoengaa:KZOENGAA.DLL
 0001:000f2156       _SysTranslateString@8      100f3156 f   kzoengaa:KZOENGAA.DLL
 0001:000f215c       _SysGetProc@8              100f315c f   kzoengaa:KZOENGAA.DLL
 0001:000f2162       _SysLoadLibrary@8          100f3162 f   kzoengaa:KZOENGAA.DLL
 0001:000f2168       _GetBlobFromAttribute@20   100f3168 f   kzoengaa:KZOENGAA.DLL
 0001:000f216e       _GetAddrForAttribute@16    100f316e f   kzoengaa:KZOENGAA.DLL
 0001:000f2174       _SysCloseFile@12           100f3174 f   kzoengaa:KZOENGAA.DLL
 0001:000f217a       _SysFreeMemory@4           100f317a f   kzoengaa:KZOENGAA.DLL
 0001:000f2180       _UfFormatDateTime@12       100f3180 f   kzoengaa:KZOENGAA.DLL
 0001:000f2186       _SysAllocMemory@20         100f3186 f   kzoengaa:KZOENGAA.DLL
 0001:000f218c       _SysWriteLine@12           100f318c f   kzoengaa:KZOENGAA.DLL
 0001:000f2192       _SysConvertEnvironmentString@8 100f3192 f   kzoengaa:KZOENGAA.DLL
 0001:000f2198       _MessageSend@24            100f3198 f   kzoengaa:KZOENGAA.DLL
 0001:000f219e       _DropObjectInstance@4      100f319e f   kzoengaa:KZOENGAA.DLL
 0001:000f21a4       _TraceLine                 100f31a4 f   kzoengaa:KZOENGAA.DLL
 0001:000f21aa       _OrderEntityForView@12     100f31aa f   kzoengaa:KZOENGAA.DLL
 0001:000f21b0       _ActivateOI_FromFile@20    100f31b0 f   kzoengaa:KZOENGAA.DLL
 0001:000f21b6       _SetCursorNextEntityByInteger@20 100f31b6 f   kzoengaa:KZOENGAA.DLL
 0001:000f21bc       _SetCursorFirstEntityByInteger@20 100f31bc f   kzoengaa:KZOENGAA.DLL
 0001:000f21c2       _SetAttributeFromAttribute@24 100f31c2 f   kzoengaa:KZOENGAA.DLL
 0001:000f21c8       _SetCursorFirstEntityByAttr@28 100f31c8 f   kzoengaa:KZOENGAA.DLL
 0001:000f21ce       _CompareAttributeToString@16 100f31ce f   kzoengaa:KZOENGAA.DLL
 0001:000f21d4       _DeleteEntity@12           100f31d4 f   kzoengaa:KZOENGAA.DLL
 0001:000f21da       _SysGetLocalDirectory@4    100f31da f   kzoengaa:KZOENGAA.DLL
 0001:000f21e0       _SetSelectStateOfEntity@12 100f31e0 f   kzoengaa:KZOENGAA.DLL
 0001:000f21e6       _SetCursorNextSelectedEntity@12 100f31e6 f   kzoengaa:KZOENGAA.DLL
 0001:000f21ec       _SetCursorFirstSelectedEntity@12 100f31ec f   kzoengaa:KZOENGAA.DLL
 0001:000f21f2       _SetCursorNextEntityByString@20 100f31f2 f   kzoengaa:KZOENGAA.DLL
 0001:000f21f8       _SysStartHelp@8            100f31f8 f   kzoengaa:KZOENGAA.DLL
 0001:000f21fe       _GetValueFromRecord@24     100f31fe f   kzoengaa:KZOENGAA.DLL
 0001:000f2204       _StoreValueInRecord@20     100f3204 f   kzoengaa:KZOENGAA.DLL
 0001:000f220a       _SysGetPointerFromHandle@4 100f320a f   kzoengaa:KZOENGAA.DLL
 0001:000f2210       _SysGetTickCount@0         100f3210 f   kzoengaa:KZOENGAA.DLL
 0001:000f2216       _DropHierarchicalCursor@4  100f3216 f   kzoengaa:KZOENGAA.DLL
 0001:000f221c       _SetViewToSubobject@8      100f321c f   kzoengaa:KZOENGAA.DLL
 0001:000f2222       _SetCursorNextEntityHierarchical@12 100f3222 f   kzoengaa:KZOENGAA.DLL
 0001:000f2228       _DefineHierarchicalCursor@8 100f3228 f   kzoengaa:KZOENGAA.DLL
 0001:000f222e       _IncludeSubobjectFromSubobject@20 100f322e f   kzoengaa:KZOENGAA.DLL
 0001:000f2234       _CheckExistenceOfEntity@8  100f3234 f   kzoengaa:KZOENGAA.DLL
 0001:000f223a       _ResetViewFromSubobject@4  100f323a f   kzoengaa:KZOENGAA.DLL
 0001:000f2240       _SysValidDirOrFile@16      100f3240 f   kzoengaa:KZOENGAA.DLL
 0001:000f2246       _GetAttributeLength@16     100f3246 f   kzoengaa:KZOENGAA.DLL
 0001:000f224c       _SysFree@4                 100f324c f   kzoengaa:KZOENGAA.DLL
 0001:000f2252       _SysMalloc@4               100f3252 f   kzoengaa:KZOENGAA.DLL
 0001:000f2258       _TraceLineI@8              100f3258 f   kzoengaa:KZOENGAA.DLL
 0001:000f225e       _SysRenameFile@16          100f325e f   kzoengaa:KZOENGAA.DLL
 0001:000f2264       _SfGetApplicationForSubtask@8 100f3264 f   kzoengaa:KZOENGAA.DLL
 0001:000f226a       _SetMatchingAttributesByName@20 100f326a f   kzoengaa:KZOENGAA.DLL
 0001:000f2270       _CommitOI_ToFile@12        100f3270 f   kzoengaa:KZOENGAA.DLL
 0001:000f2276       _SysGetEnvVar@12           100f3276 f   kzoengaa:KZOENGAA.DLL
 0001:000f227c       _ExcludeEntity@12          100f327c f   kzoengaa:KZOENGAA.DLL
 0001:000f2282       _RelinkAllSubobjectsForOI@16 100f3282 f   kzoengaa:KZOENGAA.DLL
 0001:000f2288       _ZeidonStringConcat@28     100f3288 f   kzoengaa:KZOENGAA.DLL
 0001:000f228e       _ZeidonStringCopy@28       100f328e f   kzoengaa:KZOENGAA.DLL
 0001:000f2294       _SetCursorFirstEntityByEntityCsr@20 100f3294 f   kzoengaa:KZOENGAA.DLL
 0001:000f229a       _SetCursorLastEntity@12    100f329a f   kzoengaa:KZOENGAA.DLL
 0001:000f22a0       _SetCursorPrevEntity@12    100f32a0 f   kzoengaa:KZOENGAA.DLL
 0001:000f22a6       _ResetView@4               100f32a6 f   kzoengaa:KZOENGAA.DLL
 0001:000f22ac       _SetBlobFromEntityAttributes@20 100f32ac f   kzoengaa:KZOENGAA.DLL
 0001:000f22b2       _SetEntityAttributesFromBlob@20 100f32b2 f   kzoengaa:KZOENGAA.DLL
 0001:000f22b8       _CompareAttributeToInteger@16 100f32b8 f   kzoengaa:KZOENGAA.DLL
 0001:000f22be       _SetAttributeFromBlob@20   100f32be f   kzoengaa:KZOENGAA.DLL
 0001:000f22c4       _SysLoadLibraryWithErrFlag@12 100f32c4 f   kzoengaa:KZOENGAA.DLL
 0001:000f22ca       _AddToAttributeFromInteger@16 100f32ca f   kzoengaa:KZOENGAA.DLL
 0001:000f22d0       _SysReadFile@16            100f32d0 f   kzoengaa:KZOENGAA.DLL
 0001:000f22d6       _MiGetParentEntityNameForView@12 100f32d6 f   kzoengaa:KZOENGAA.DLL
 0001:000f22dc       _StoreStringInRecord@16    100f32dc f   kzoengaa:KZOENGAA.DLL
 0001:000f22e2       _IssueError@16             100f32e2 f   kzoengaa:KZOENGAA.DLL
 0001:000f22e8       _SysCopyFile@16            100f32e8 f   kzoengaa:KZOENGAA.DLL
 0001:000f22ee       _GetStringFromRecord@20    100f32ee f   kzoengaa:KZOENGAA.DLL
 0001:000f22f4       _SysGetLanguageCode@4      100f32f4 f   kzoengaa:KZOENGAA.DLL
 0001:000f22fa       _SetCursorNextEntityByEntityCsr@20 100f32fa f   kzoengaa:KZOENGAA.DLL
 0001:000f2300       _DropEntity@12             100f3300 f   kzoengaa:KZOENGAA.DLL
 0001:000f2306       _ObjectInstanceUpdatedFromFile@4 100f3306 f   kzoengaa:KZOENGAA.DLL
 0001:000f230c       _ZeidonStringCompare@28    100f330c f   kzoengaa:KZOENGAA.DLL
 0001:000f2312       _RelinkInstanceToInstance@16 100f3312 f   kzoengaa:KZOENGAA.DLL
 0001:000f2318       _SysFreeLibrary@8          100f3318 f   kzoengaa:KZOENGAA.DLL
 0001:000f231e       _GetRelativeEntityNumber@16 100f331e f   kzoengaa:KZOENGAA.DLL
 0001:000f2324       _SetCursorNextEntityByAttr@28 100f3324 f   kzoengaa:KZOENGAA.DLL
 0001:000f232a       _SetOI_FromBlob@28         100f332a f   kzoengaa:KZOENGAA.DLL
 0001:000f2330       _SetEntityCursor@40        100f3330 f   kzoengaa:KZOENGAA.DLL
 0001:000f2336       _CreateViewFromView@8      100f3336 f   kzoengaa:KZOENGAA.DLL
 0001:000f233c       _GetNextTableEntryForAttribute@24 100f333c f   kzoengaa:KZOENGAA.DLL
 0001:000f2342       _GetFirstTableEntryForAttribute@24 100f3342 f   kzoengaa:KZOENGAA.DLL
 0001:000f2348       _SetBlobFromFile@16        100f3348 f   kzoengaa:KZOENGAA.DLL
 0001:000f234e       _SetBlobFromOI@20          100f334e f   kzoengaa:KZOENGAA.DLL
 0001:000f2354       _SysMessageBox@16          100f3354 f   kzoengaa:KZOENGAA.DLL
 0001:000f235a       _SysGetTaskFromView@4      100f335a f   kzoengaa:KZOENGAA.DLL
 0001:000f2360       _DropViewObject@12         100f3360 f   kzoengaa:KZOENGAA.DLL
 0001:000f2366       _SetCursorAbsolutePosition@12 100f3366 f   kzoengaa:KZOENGAA.DLL
 0001:000f236c       _ActivateObjectInstance@20 100f336c f   kzoengaa:KZOENGAA.DLL
 0001:000f2372       _CommitObjectInstance@4    100f3372 f   kzoengaa:KZOENGAA.DLL
 0001:000f2378       _GetStringFromAttributeByContext@24 100f3378 f   kzoengaa:KZOENGAA.DLL
 0001:000f237e       _AddToViewCluster@12       100f337e f   kzoengaa:KZOENGAA.DLL
 0001:000f2384       _CreateViewCluster@8       100f3384 f   kzoengaa:KZOENGAA.DLL
 0001:000f238a       _SfUnlockTaskMemory@4      100f338a f   kzoengaa:KZOENGAA.DLL
 0001:000f2390       _SfLockTaskMemory@4        100f3390 f   kzoengaa:KZOENGAA.DLL
 0001:000f2396       _ActivateOI_FromOI_ForTask@16 100f3396 f   kzoengaa:KZOENGAA.DLL
 0001:000f239c       _SfActivateSysEmptyOI@16   100f339c f   kzoengaa:KZOENGAA.DLL
 0001:000f23a2       _SfFreeTaskMemory@4        100f33a2 f   kzoengaa:KZOENGAA.DLL
 0001:000f23a8       _SfAllocTaskMemory@12      100f33a8 f   kzoengaa:KZOENGAA.DLL
 0001:000f23ae       _SysMutexUnlock@12         100f33ae f   kzoengaa:KZOENGAA.DLL
 0001:000f23b4       _SysMutexLock@16           100f33b4 f   kzoengaa:KZOENGAA.DLL
 0001:000f23ba       _DisplayEntityInstance@8   100f33ba f   kzoengaa:KZOENGAA.DLL
 0001:000f23c0       _GetStructFromEntityAttrs@12 100f33c0 f   kzoengaa:KZOENGAA.DLL
 0001:000f23c6       _CountEntitiesForView@8    100f33c6 f   kzoengaa:KZOENGAA.DLL
 0001:000f23cc       _DropViewCluster@4         100f33cc f   kzoengaa:KZOENGAA.DLL
 0001:000f23d2       _CommitMultipleObjectInstances@8 100f33d2 f   kzoengaa:KZOENGAA.DLL
 0001:000f23d8       _SysWriteFile@16           100f33d8 f   kzoengaa:KZOENGAA.DLL
 0001:000f23de       _DropNameForView@16        100f33de f   kzoengaa:KZOENGAA.DLL
 0001:000f23e4       _MiGetInstanceID_ForView@4 100f33e4 f   kzoengaa:KZOENGAA.DLL
 0001:000f23ea       _SfIsObjectServicesTask@4  100f33ea f   kzoengaa:KZOENGAA.DLL
 0001:000f23f0       _SetIncrementalUpdateFlags@12 100f33f0 f   kzoengaa:KZOENGAA.DLL
 0001:000f23f6       ??BZDecimal@@QAEJXZ        100f33f6 f   kzoengaa:KZOENGAA.DLL
 0001:000f23fc       ??D@YG?AVZDecimal@@V0@H@Z  100f33fc f   kzoengaa:KZOENGAA.DLL
 0001:000f2402       ??D@YG?AVZDecimal@@FV0@@Z  100f3402 f   kzoengaa:KZOENGAA.DLL
 0001:000f2408       ??4ZDecimal@@QAE?AV0@H@Z   100f3408 f   kzoengaa:KZOENGAA.DLL
 0001:000f240e       ??1ZDecimal@@QAE@XZ        100f340e f   kzoengaa:KZOENGAA.DLL
 0001:000f2414       ??0ZDecimal@@QAE@N@Z       100f3414 f   kzoengaa:KZOENGAA.DLL
 0001:000f241a       ??H@YG?AVZDecimal@@V0@N@Z  100f341a f   kzoengaa:KZOENGAA.DLL
 0001:000f2420       ??D@YG?AVZDecimal@@JV0@@Z  100f3420 f   kzoengaa:KZOENGAA.DLL
 0001:000f2426       ??4ZDecimal@@QAE?AV0@V0@@Z 100f3426 f   kzoengaa:KZOENGAA.DLL
 0001:000f242c       ??K@YG?AVZDecimal@@V0@0@Z  100f342c f   kzoengaa:KZOENGAA.DLL
 0001:000f2432       ??G@YG?AVZDecimal@@V0@0@Z  100f3432 f   kzoengaa:KZOENGAA.DLL
 0001:000f2438       ??4ZDecimal@@QAE?AV0@J@Z   100f3438 f   kzoengaa:KZOENGAA.DLL
 0001:000f243e       _GetDecimalFromAttribute@16 100f343e f   kzoengaa:KZOENGAA.DLL
 0001:000f2444       _SysConvertDecimalToString@12 100f3444 f   kzoengaa:KZOENGAA.DLL
 0001:000f244a       ??K@YG?AVZDecimal@@V0@H@Z  100f344a f   kzoengaa:KZOENGAA.DLL
 0001:000f2450       _ZeidonStringConvertFromNumber@64 100f3450 f   kzoengaa:KZOENGAA.DLL
 0001:000f2456       _SetViewFlags@8            100f3456 f   kzoengaa:KZOENGAA.DLL
 0001:000f245c       _SfCreateSystemSubtask@12  100f345c f   kzoengaa:KZOENGAA.DLL
 0001:000f2462       _SfGetCurrentTask@4        100f3462 f   kzoengaa:KZOENGAA.DLL
 0001:000f2468       _SfGetTaskInfo@12          100f3468 f   kzoengaa:KZOENGAA.DLL
 0001:000f246e       _SfGetNextTask@4           100f346e f   kzoengaa:KZOENGAA.DLL
 0001:000f2474       _SfGetFirstNamedView@16    100f3474 f   kzoengaa:KZOENGAA.DLL
 0001:000f247a       _MiValidView@4             100f347a f   kzoengaa:KZOENGAA.DLL
 0001:000f2480       _TraceLineX@8              100f3480 f   kzoengaa:KZOENGAA.DLL
 0001:000f2486       _GetIncrementalUpdateFlags@12 100f3486 f   kzoengaa:KZOENGAA.DLL
 0001:000f248c       _MiGetObjectNameForView@8  100f348c f   kzoengaa:KZOENGAA.DLL
 0001:000f2492       _MiSetOI_ReleaseForView@8  100f3492 f   kzoengaa:KZOENGAA.DLL
 0001:000f2498       _MiCompareOI_ToRelease@8   100f3498 f   kzoengaa:KZOENGAA.DLL
 0001:000f249e       _SfGetNextNamedView@16     100f349e f   kzoengaa:KZOENGAA.DLL
 0001:000f24a4       _MiGetUpdateForView@4      100f34a4 f   kzoengaa:KZOENGAA.DLL
 0001:000f24aa       _SfActivateSysOI_FromFile@20 100f34aa f   kzoengaa:KZOENGAA.DLL
 0001:000f24b0       _CreateTemporalEntity@12   100f34b0 f   kzoengaa:KZOENGAA.DLL
 0001:000f24b6       ??K@YG?AVZDecimal@@JV0@@Z  100f34b6 f   kzoengaa:KZOENGAA.DLL
 0001:000f24bc       _SysConvertStringToDecimal@8 100f34bc f   kzoengaa:KZOENGAA.DLL
 0001:000f24c2       ??0ZDecimal@@QAE@XZ        100f34c2 f   kzoengaa:KZOENGAA.DLL
 0001:000f24c8       _sprintf                   100f34c8 f   msvcrtd:MSVCRTD.dll
 0001:000f24ce       _strcpy                    100f34ce f   msvcrtd:MSVCRTD.dll
 0001:000f24d4       _strrchr                   100f34d4 f   msvcrtd:MSVCRTD.dll
 0001:000f24da       _strcat                    100f34da f   msvcrtd:MSVCRTD.dll
 0001:000f24e0       _strlen                    100f34e0 f   msvcrtd:MSVCRTD.dll
 0001:000f24e6       __ltoa                     100f34e6 f   msvcrtd:MSVCRTD.dll
 0001:000f24ec       __isctype                  100f34ec f   msvcrtd:MSVCRTD.dll
 0001:000f24f2       __stricmp                  100f34f2 f   msvcrtd:MSVCRTD.dll
 0001:000f24f8       _strcmp                    100f34f8 f   msvcrtd:MSVCRTD.dll
 0001:000f24fe       _toupper                   100f34fe f   msvcrtd:MSVCRTD.dll
 0001:000f2504       _tolower                   100f3504 f   msvcrtd:MSVCRTD.dll
 0001:000f250a       _strncmp                   100f350a f   msvcrtd:MSVCRTD.dll
 0001:000f2510       _strchr                    100f3510 f   msvcrtd:MSVCRTD.dll
 0001:000f2516       __splitpath                100f3516 f   msvcrtd:MSVCRTD.dll
 0001:000f251c       _strstr                    100f351c f   msvcrtd:MSVCRTD.dll
 0001:000f2530       __chkstk                   100f3530 f   msvcrtd:chkstk.obj
 0001:000f2530       __alloca_probe             100f3530 f   msvcrtd:chkstk.obj
 0001:000f2560       _atol                      100f3560 f   msvcrtd:MSVCRTD.dll
 0001:000f2566       __strnicmp                 100f3566 f   msvcrtd:MSVCRTD.dll
 0001:000f256c       _strtok                    100f356c f   msvcrtd:MSVCRTD.dll
 0001:000f2572       _memcpy                    100f3572 f   msvcrtd:MSVCRTD.dll
 0001:000f2578       _memmove                   100f3578 f   msvcrtd:MSVCRTD.dll
 0001:000f257e       _memset                    100f357e f   msvcrtd:MSVCRTD.dll
 0001:000f2584       __strupr                   100f3584 f   msvcrtd:MSVCRTD.dll
 0001:000f258a       _atof                      100f358a f   msvcrtd:MSVCRTD.dll
 0001:000f2590       _strncpy                   100f3590 f   msvcrtd:MSVCRTD.dll
 0001:000f2596       __ftol                     100f3596 f   msvcrtd:MSVCRTD.dll
 0001:000f259c       ??2@YAPAXI@Z               100f359c f   msvcrtd:MSVCRTD.dll
 0001:000f25a2       ??3@YAXPAX@Z               100f35a2 f   msvcrtd:MSVCRTD.dll
 0001:000f25b0       __CRT_INIT@12              100f35b0 f   msvcrtd:crtdll.obj
 0001:000f26c0       __DllMainCRTStartup@12     100f36c0 f   msvcrtd:crtdll.obj
 0001:000f27b4       __free_dbg                 100f37b4 f   msvcrtd:MSVCRTD.dll
 0001:000f27ba       __initterm                 100f37ba f   msvcrtd:MSVCRTD.dll
 0001:000f27c0       __onexit                   100f37c0 f   msvcrtd:atonexit.obj
 0001:000f2800       _atexit                    100f3800 f   msvcrtd:atonexit.obj
 0001:000f2818       __malloc_dbg               100f3818 f   msvcrtd:MSVCRTD.dll
 0001:000f281e       ___dllonexit               100f381e f   msvcrtd:MSVCRTD.dll
 0001:000f2824       _SetWindowActionBehavior@16 100f3824 f   zdrapp:ZDrApp.dll
 0001:000f282a       _ActivateWindow@4          100f382a f   zdrapp:ZDrApp.dll
 0001:000f2830       _SetFocusToCtrl@8          100f3830 f   zdrapp:ZDrApp.dll
 0001:000f2836       _SetCtrlState@16           100f3836 f   zdrapp:ZDrApp.dll
 0001:000f283c       _GetOperationDynamicCallAddress@20 100f383c f   zdrapp:ZDrApp.dll
 0001:000f2842       _OperatorPrompt@28         100f3842 f   zdrapp:ZDrApp.dll
 0001:000f2848       _RefreshCtrl@8             100f3848 f   zdrapp:ZDrApp.dll
 0001:000f284e       _GetSubtaskForWindowName@12 100f384e f   zdrapp:ZDrApp.dll
 0001:000f2854       _IsFlagSequenceSet@8       100f3854 f   zdrapp:ZDrApp.dll
 0001:000f285a       ?FindKey@ZDualCorrelatedList@@QAEPAVZDualCorrelatedItem@@J@Z 100f385a f   zdrapp:ZDrApp.dll
 0001:000f2860       ?Add@ZDualCorrelatedList@@QAEPAVZDualCorrelatedItem@@JJPBD0@Z 100f3860 f   zdrapp:ZDrApp.dll
 0001:000f2866       ?FindKey@ZDualCorrelatedList@@QAEPAVZDualCorrelatedItem@@PBD@Z 100f3866 f   zdrapp:ZDrApp.dll
 0001:000f286c       ??0ZDualCorrelatedList@@QAE@XZ 100f386c f   zdrapp:ZDrApp.dll
 0001:000f2872       ??1ZDualCorrelatedList@@QAE@XZ 100f3872 f   zdrapp:ZDrApp.dll
 0001:000f2878       _SetWindowCaptionTitle@12  100f3878 f   zdrapp:ZDrApp.dll
 0001:000f287e       _GetWindowHandle@16        100f387e f   zdrapp:ZDrApp.dll
 0001:000f2884       _GetActionParameters@4     100f3884 f   zdrapp:ZDrApp.dll
 0001:000f288a       _AreBitsSetInFlag@8        100f388a f   zdrapp:ZDrApp.dll
 0001:000f2890       _SplitCtrlBOI_BMP@12       100f3890 f   zdctl:ZdCtl.dll
 0001:000f2896       _MB_SetMessage@12          100f3896 f   zdctl:ZdCtl.dll
 0001:000f289c       _TX_SetTextRptCtrlBOI@60   100f389c f   zdctl:ZdCtl.dll
 0001:000f28a2       _TX_GetTextRptCtrlBOI@60   100f38a2 f   zdctl:ZdCtl.dll
 0001:000f28a8       _SetResourceFileIDs@24     100f38a8 f   tzctl:TzCtl.dll
 0002:00000020       __real@8@00000000000000000000 100f5020     tzcmcvto.obj
 0002:00000030       _IID_IDocHostUIHandlerDispatch 100f5030     tzcmoprs.obj
 0002:00000048       _IID_IInternalConnection   100f5048     tzcmoprs.obj
 0002:00000060       _IID_IAxWinAmbientDispatch 100f5060     tzcmoprs.obj
 0002:00000078       _IID_IAxWinHostWindow      100f5078     tzcmoprs.obj
 0002:00000090       _IID_IRegistrar            100f5090     tzcmoprs.obj
 0002:000000a8       _CLSID_Registrar           100f50a8     tzcmoprs.obj
 0002:000000c0       _LIBID_ATLLib              100f50c0     tzcmoprs.obj
 0002:000000d4       ??_C@_08JKC@crtdll?4c?$AA@ 100f50d4     msvcrtd:crtdll.obj
 0003:00000000       ___xc_a                    10100000     msvcrtd:cinitexe.obj
 0003:00000104       ___xc_z                    10100104     msvcrtd:cinitexe.obj
 0003:00000208       ___xi_a                    10100208     msvcrtd:cinitexe.obj
 0003:0000030c       ___xi_z                    1010030c     msvcrtd:cinitexe.obj
 0003:0000041c       ??_C@_09GECE@OPERATION?$AA@ 1010041c     tzlooprs.obj
 0003:00000428       ??_C@_09LMJN@ToolAbout?$AA@ 10100428     tzlooprs.obj
 0003:00000434       ??_C@_0BB@BJOK@AboutToolTitleID?$AA@ 10100434     tzlooprs.obj
 0003:00000448       ??_C@_0P@EONN@AboutToolTitle?$AA@ 10100448     tzlooprs.obj
 0003:0000045c       ??_C@_0O@NDMB@AboutCompTime?$AA@ 1010045c     tzlooprs.obj
 0003:0000046c       ??_C@_0O@NPAC@AboutCompDate?$AA@ 1010046c     tzlooprs.obj
 0003:0000047c       ??_C@_0O@EOMN@AboutFileName?$AA@ 1010047c     tzlooprs.obj
 0003:0000048c       ??_C@_02JHIA@TZ?$AA@       1010048c     tzlooprs.obj
 0003:00000490       ??_C@_08KJHH@TZ__PRFO?$AA@ 10100490     tzlooprs.obj
 0003:0000049c       ??_C@_01PCFE@?2?$AA@       1010049c     tzlooprs.obj
 0003:000004a0       ??_C@_0O@HBNK@Zeidon?5System?$AA@ 101004a0     tzlooprs.obj
 0003:000004b0       ??_C@_0CC@GKEB@Stats?5zgSortEntityWithinParent4?3@ 101004b0     tzlooprs.obj
 0003:000004d8       ??_C@_09OGHO@?5Compares?$AA@ 101004d8     tzlooprs.obj
 0003:000004e4       ??_C@_09KOMA@?5Moves?0?5?5?$AA@ 101004e4     tzlooprs.obj
 0003:000004f0       ??_C@_0N@MNHO@?5Entities?0?5?5?$AA@ 101004f0     tzlooprs.obj
 0003:00000500       ??_C@_04BMII@?5?9?9?5?$AA@ 10100500     tzlooprs.obj
 0003:00000508       ??_C@_0CD@NBDN@Stats?5zgSortEntityWithinGParent4@ 10100508     tzlooprs.obj
 0003:00000534       ??_C@_02FKBE@?$HM?$HM?$AA@ 10100534     tzlooprs.obj
 0003:00000538       ??_C@_08DJED@TZEDFRMD?$AA@ 10100538     tzlooprs.obj
 0003:00000544       ??_C@_08HFHG@TZEDVMLD?$AA@ 10100544     tzlooprs.obj
 0003:00000550       ??_C@_07HAIL@codemax?$AA@  10100550     tzlooprs.obj
 0003:0000055c       ??_C@_0O@IMEJ@?$FLWorkstation?$FN?$AA@ 1010055c     tzlooprs.obj
 0003:0000056c       ??_C@_06NJIA@Editor?$AA@   1010056c     tzlooprs.obj
 0003:00000574       ??_C@_0P@NKNH@METAOPERATIONS?$AA@ 10100574     tzlooprs.obj
 0003:00000588       ??_C@_01PDAJ@S?$AA@        10100588     tzlooprs.obj
 0003:0000058c       ??_C@_0BE@PCB@InvokeEditorCommand?$AA@ 1010058c     tzlooprs.obj
 0003:000005a4       ??_C@_01PJM@D?$AA@         101005a4     tzlooprs.obj
 0003:000005a8       ??_C@_02OJDJ@ED?$AA@       101005a8     tzlooprs.obj
 0003:000005ac       ??_C@_0N@PHKH@InvokingTool?$AA@ 101005ac     tzlooprs.obj
 0003:000005bc       ??_C@_08NCCJ@vSubtask?$AA@ 101005bc     tzlooprs.obj
 0003:000005c8       ??_C@_06FOPI@Buffer?$AA@   101005c8     tzlooprs.obj
 0003:000005d0       ??_C@_08NJLM@FileName?$AA@ 101005d0     tzlooprs.obj
 0003:000005dc       ??_C@_09FFKP@Extension?$AA@ 101005dc     tzlooprs.obj
 0003:000005e8       ??_C@_01PJCK@?4?$AA@       101005e8     tzlooprs.obj
 0003:000005ec       ??_C@_04EFNI@Name?$AA@     101005ec     tzlooprs.obj
 0003:000005f4       ??_C@_0N@LEEM@Subdirectory?$AA@ 101005f4     tzlooprs.obj
 0003:00000604       ??_C@_04FDFI@LPLR?$AA@     10100604     tzlooprs.obj
 0003:0000060c       ??_C@_09JPDJ@PgmSrcDir?$AA@ 1010060c     tzlooprs.obj
 0003:00000618       ??_C@_0L@JLBE@SourceFile?$AA@ 10100618     tzlooprs.obj
 0003:00000628       ??_C@_0M@NDFG@DomainGroup?$AA@ 10100628     tzlooprs.obj
 0003:00000638       ??_C@_02BLM@DM?$AA@        10100638     tzlooprs.obj
 0003:0000063c       ??_C@_0BF@MDKP@GlobalOperationGroup?$AA@ 1010063c     tzlooprs.obj
 0003:00000658       ??_C@_02GPGN@GO?$AA@       10100658     tzlooprs.obj
 0003:0000065c       ??_C@_08JFMO@TZEDWRKO?$AA@ 1010065c     tzlooprs.obj
 0003:00000668       ??_C@_0M@CKE@ProfileXFER?$AA@ 10100668     tzlooprs.obj
 0003:00000678       ??_C@_08HHLD@TaskLPLR?$AA@ 10100678     tzlooprs.obj
 0003:00000684       ??_C@_0M@DLDN@PainterCall?$AA@ 10100684     tzlooprs.obj
 0003:00000694       ??_C@_05FIBH@TZCTL?$AA@    10100694     tzlooprs.obj
 0003:0000069c       ??_C@_04PNFB@Root?$AA@     1010069c     tzlooprs.obj
 0003:000006a4       ??_C@_07DEBD@Painter?$AA@  101006a4     tzlooprs.obj
 0003:000006b0       ??_C@_08LHKH@KZCALLBK?$AA@ 101006b0     tzlooprs.obj
 0003:000006bc       ??_C@_07NBFD@Palette?$AA@  101006bc     tzlooprs.obj
 0003:000006c8       ??_C@_07OENC@Pointer?$AA@  101006c8     tzlooprs.obj
 0003:000006d4       ??_C@_08HINA@TZPNTROO?$AA@ 101006d4     tzlooprs.obj
 0003:000006e0       ??_C@_05HFLA@SHORT?$AA@    101006e0     tzlooprs.obj
 0003:000006e8       ??_C@_04HDPB@VOID?$AA@     101006e8     tzlooprs.obj
 0003:000006f0       ??_C@_04CGLB@VIEW?$AA@     101006f0     tzlooprs.obj
 0003:000006f8       ??_C@_07OOBD@DECIMAL?$AA@  101006f8     tzlooprs.obj
 0003:00000704       ??_C@_04NIAI@LONG?$AA@     10100704     tzlooprs.obj
 0003:0000070c       ??_C@_04MLPN@CHAR?$AA@     1010070c     tzlooprs.obj
 0003:00000714       ??_C@_05MAPM@PCHAR?$AA@    10100714     tzlooprs.obj
 0003:0000071c       ??_C@_06BGBF@CPCHAR?$AA@   1010071c     tzlooprs.obj
 0003:00000724       ??_C@_02HJJN@?5?$CJ?$AA@   10100724     tzlooprs.obj
 0003:00000728       ??_C@_05BIHO@?5void?$AA@   10100728     tzlooprs.obj
 0003:00000730       ??_C@_09GNHM@ShortDesc?$AA@ 10100730     tzlooprs.obj
 0003:0000073c       ??_C@_05HENA@UFlag?$AA@    1010073c     tzlooprs.obj
 0003:00000744       ??_C@_05FEGA@PFlag?$AA@    10100744     tzlooprs.obj
 0003:0000074c       ??_C@_08FNON@DataType?$AA@ 1010074c     tzlooprs.obj
 0003:00000758       ??_C@_02DLDK@?0?6?$AA@     10100758     tzlooprs.obj
 0003:0000075c       ??_C@_09IOKP@Parameter?$AA@ 1010075c     tzlooprs.obj
 0003:00000768       ??_C@_02DCOG@?$CI?5?$AA@   10100768     tzlooprs.obj
 0003:0000076c       ??_C@_01NON@_?$AA@         1010076c     tzlooprs.obj
 0003:00000770       ??_C@_03CMHN@LOD?$AA@      10100770     tzlooprs.obj
 0003:00000774       ??_C@_01PGHN@o?$AA@        10100774     tzlooprs.obj
 0003:00000778       ??_C@_0N@IOOH@LanguageType?$AA@ 10100778     tzlooprs.obj
 0003:00000788       ??_C@_0M@FLAK@?5OPERATION?6?$AA@ 10100788     tzlooprs.obj
 0003:00000798       ??_C@_09GMMJ@Operation?$AA@ 10100798     tzlooprs.obj
 0003:000007a4       ??_C@_0P@HFCP@ReturnDataType?$AA@ 101007a4     tzlooprs.obj
 0003:000007b8       ??_C@_0O@PNNC@zOPER_EXPORT?5?$AA@ 101007b8     tzlooprs.obj
 0003:000007c8       ??_C@_0BE@HNHP@YYYY?4MM?4DD?5HH?3MI?3SS?$AA@ 101007c8     tzlooprs.obj
 0003:000007e0       ??_C@_04FCOP@Type?$AA@     101007e0     tzlooprs.obj
 0003:000007e8       ??_C@_05CCAF@?1?1end?$AA@  101007e8     tzlooprs.obj
 0003:000007f0       ??_C@_01FCOA@?5?$AA@       101007f0     tzlooprs.obj
 0003:000007f4       ??_C@_08OAPG@?1?1start?5?$AA@ 101007f4     tzlooprs.obj
 0003:00000800       ??_C@_04CCPF@?4$$$?$AA@    10100800     tzlooprs.obj
 0003:00000808       ??_C@_02OGIB@?4H?$AA@      10100808     tzlooprs.obj
 0003:0000080c       ??_C@_09BCJI@?2ZEIDONOP?$AA@ 1010080c     tzlooprs.obj
 0003:00000818       ??_C@_07EIEJ@EXPORTS?$AA@  10100818     tzlooprs.obj
 0003:00000824       ??_C@_07BPJA@IMPORTS?$AA@  10100824     tzlooprs.obj
 0003:00000830       ??_C@_0CK@EDLG@INIT_TEXT?5?5PRELOAD?5?5DISCARDABLE?5@ 10100830     tzlooprs.obj
 0003:00000864       ??_C@_0BK@DNGE@WEP_TEXT?5?5?5PRELOAD?5?5FIXED?$AA@ 10100864     tzlooprs.obj
 0003:00000884       ??_C@_0BD@FFBA@_TEXT?5?5?5?5?5?5PRELOAD?$AA@ 10100884     tzlooprs.obj
 0003:0000089c       ??_C@_08LMGL@SEGMENTS?$AA@ 1010089c     tzlooprs.obj
 0003:000008a8       ??_C@_0CO@GKNK@DATA?5?5?5?5?5?5?5?5?5?5PRELOAD?5?5?5?5?5MOVEAB@ 101008a8     tzlooprs.obj
 0003:000008e0       ??_C@_0DA@DMMF@CODE?5?5?5?5?5?5?5?5?5?5LOADONCALL?5?5DISCAR@ 101008e0     tzlooprs.obj
 0003:0000091c       ??_C@_0BD@CGA@HEAPSIZE?5?5?5?5?5?51024?$AA@ 1010091c     tzlooprs.obj
 0003:00000934       ??_C@_0BG@KBOB@EXETYPE?5?5?5?5?5?5?5WINDOWS?$AA@ 10100934     tzlooprs.obj
 0003:00000950       ??_C@_0BD@EFIN@DESCRIPTION?5?5?5?8?$CFs?8?$AA@ 10100950     tzlooprs.obj
 0003:00000968       ??_C@_07PBFP@LIBRARY?$AA@  10100968     tzlooprs.obj
 0003:00000974       ??_C@_0BN@LDAH@DATA?5?5?5?5?5?5?5?5?5?5PRELOAD?5SINGLE?$AA@ 10100974     tzlooprs.obj
 0003:00000998       ??_C@_0CM@CHGO@CODE?5?5?5?5?5?5?5?5?5?5PRELOAD?5DISCARDABL@ 10100998     tzlooprs.obj
 0003:000009cc       ??_C@_0CM@EIDA@DATA?5?5?5?5?5?5?5?5?5?5LOADONCALL?5MULTIPL@ 101009cc     tzlooprs.obj
 0003:00000a00       ??_C@_0BJ@FGBF@CODE?5?5?5?5?5?5?5?5?5?5LOADONCALL?$AA@ 10100a00     tzlooprs.obj
 0003:00000a20       ??_C@_08ONM@PROTMODE?$AA@  10100a20     tzlooprs.obj
 0003:00000a2c       ??_C@_0CJ@HHKE@DESCRIPTION?5?5?5?8?$CFs?5?9?5Generated?5by@ 10100a2c     tzlooprs.obj
 0003:00000a60       ??_C@_0CN@LFK@LIBRARY?5?5?5?5?5?5?5?$CFs?5?5?5INITINSTANCE?5@ 10100a60     tzlooprs.obj
 0003:00000a98       ??_C@_07JOBN@LO00108?$AA@  10100a98     tzlooprs.obj
 0003:00000aa4       ??_C@_0N@BDOD@Zeidon?5Tools?$AA@ 10100aa4     tzlooprs.obj
 0003:00000ab4       ??_C@_0BK@JKPD@Error?5creating?5file?5?8?$CFs?8?4?$AA@ 10100ab4     tzlooprs.obj
 0003:00000ad4       ??_C@_0M@LMJG@?5?5?5?$CF?932s?$DN?$CFs?$AA@ 10100ad4     tzlooprs.obj
 0003:00000ae4       ??_C@_0CA@CPBD@Loading?5Refer?5Domain?5Group?3?5?$CFs?5?$AA@ 10100ae4     tzlooprs.obj
 0003:00000b0c       ??_C@_08MABN@TZDGSRCO?$AA@ 10100b0c     tzlooprs.obj
 0003:00000b18       ??_C@_04PLNE@?4PDG?$AA@    10100b18     tzlooprs.obj
 0003:00000b20       ??_C@_0O@NPEA@OperationList?$AA@ 10100b20     tzlooprs.obj
 0003:00000b30       ??_C@_08EDN@TZZOLODO?$AA@  10100b30     tzlooprs.obj
 0003:00000b3c       ??_C@_04HDED@?4LOD?$AA@    10100b3c     tzlooprs.obj
 0003:00000b44       ??_C@_08BABA@TZWDLGSO?$AA@ 10100b44     tzlooprs.obj
 0003:00000b50       ??_C@_04FFDL@?4PWD?$AA@    10100b50     tzlooprs.obj
 0003:00000b58       ??_C@_0P@KJJ@?5?5?5?$CF?932s?$DN?$CFs?4?$CFs?$AA@ 10100b58     tzlooprs.obj
 0003:00000b6c       ??_C@_06HGGI@Name?5A?$AA@  10100b6c     tzlooprs.obj
 0003:00000b74       ??_C@_0BL@LAPK@DomainAndGlobalOpGroupName?$AA@ 10100b74     tzlooprs.obj
 0003:00000b94       ??_C@_08NDPM@TZOGSRCO?$AA@ 10100b94     tzlooprs.obj
 0003:00000ba0       ??_C@_04HFHP@?4POG?$AA@    10100ba0     tzlooprs.obj
 0003:00000ba8       ??_C@_04BHP@Meta?$AA@      10100ba8     tzlooprs.obj
 0003:00000bb0       ??_C@_08OOOB@MetaType?$AA@ 10100bb0     tzlooprs.obj
 0003:00000bbc       ??_C@_09DBFF@W_MetaDef?$AA@ 10100bbc     tzlooprs.obj
 0003:00000bc8       ??_C@_0L@KGCI@W_MetaType?$AA@ 10100bc8     tzlooprs.obj
 0003:00000bd8       ??_C@_09OCHA@?$CFs?2?$CFs?4DEF?$AA@ 10100bd8     tzlooprs.obj
 0003:00000be4       ??_C@_09HDND@?$CFs?2?$CFs?4DFB?$AA@ 10100be4     tzlooprs.obj
 0003:00000bf0       ??_C@_0L@JNIJ@?1?1?$HN?$HNZEIDON?$AA@ 10100bf0     tzlooprs.obj
 0003:00000c00       ??_C@_07HGJI@LO00111?$AA@  10100c00     tzlooprs.obj
 0003:00000c0c       ??_C@_0CM@PNLB@Could?5not?5open?5dialog?5meta?5for?5u@ 10100c0c     tzlooprs.obj
[...]
 0004:000008dc       __imp__ActivateEmptyObjectInstance@16 101228dc     kzoengaa:KZOENGAA.DLL
 0004:000008e0       __imp__SfDropSubtask@8     101228e0     kzoengaa:KZOENGAA.DLL
 0004:000008e4       __imp__GetApplDirectoryFromView@16 101228e4     kzoengaa:KZOENGAA.DLL
 0004:000008e8       __imp__SfCreateSubtask@12  101228e8     kzoengaa:KZOENGAA.DLL
 0004:000008ec       __imp__TraceLineS@8        101228ec     kzoengaa:KZOENGAA.DLL
 0004:000008f0       __imp__DropView@4          101228f0     kzoengaa:KZOENGAA.DLL
 0004:000008f4       __imp__MoveSubobject@24    101228f4     kzoengaa:KZOENGAA.DLL
 0004:000008f8       __imp__CompareAttributeToAttribute@24 101228f8     kzoengaa:KZOENGAA.DLL
 0004:000008fc       __imp__SetCursorNextEntity@12 101228fc     kzoengaa:KZOENGAA.DLL
 0004:00000900       __imp__SetViewFromView@8   10122900     kzoengaa:KZOENGAA.DLL
 0004:00000904       __imp__SetCursorFirstEntity@12 10122904     kzoengaa:KZOENGAA.DLL
 0004:00000908       __imp__CreateViewFromViewForTask@12 10122908     kzoengaa:KZOENGAA.DLL
 0004:0000090c       __imp__SysGetDateTime@4    1012290c     kzoengaa:KZOENGAA.DLL
 0004:00000910       __imp__SysGetFileDateTime@8 10122910     kzoengaa:KZOENGAA.DLL
 0004:00000914       __imp__SysOpenFile@12      10122914     kzoengaa:KZOENGAA.DLL
 0004:00000918       __imp__SysReadLine@12      10122918     kzoengaa:KZOENGAA.DLL
 0004:0000091c       __imp__SysReadZeidonIni@16 1012291c     kzoengaa:KZOENGAA.DLL
 0004:00000920       __imp__GetIntegerFromAttribute@16 10122920     kzoengaa:KZOENGAA.DLL
 0004:00000924       __imp__SetCursorFirstEntityByString@20 10122924     kzoengaa:KZOENGAA.DLL
 0004:00000928       __imp__SysAppendcDirSep@4  10122928     kzoengaa:KZOENGAA.DLL
 0004:0000092c       __imp__GetStringFromAttribute@16 1012292c     kzoengaa:KZOENGAA.DLL
 0004:00000930       __imp__GetViewByName@16    10122930     kzoengaa:KZOENGAA.DLL
 0004:00000934       __imp__GetDefaultViewForActiveTask@0 10122934     kzoengaa:KZOENGAA.DLL
 0004:00000938       __imp__SysTranslateString@8 10122938     kzoengaa:KZOENGAA.DLL
 0004:0000093c       __imp__SysGetProc@8        1012293c     kzoengaa:KZOENGAA.DLL
 0004:00000940       __imp__SysLoadLibrary@8    10122940     kzoengaa:KZOENGAA.DLL
 0004:00000944       __imp__GetBlobFromAttribute@20 10122944     kzoengaa:KZOENGAA.DLL
 0004:00000948       __imp__GetAddrForAttribute@16 10122948     kzoengaa:KZOENGAA.DLL
 0004:0000094c       __imp__SysCloseFile@12     1012294c     kzoengaa:KZOENGAA.DLL
 0004:00000950       __imp__SysFreeMemory@4     10122950     kzoengaa:KZOENGAA.DLL
 0004:00000954       __imp__UfFormatDateTime@12 10122954     kzoengaa:KZOENGAA.DLL
 0004:00000958       __imp__SysAllocMemory@20   10122958     kzoengaa:KZOENGAA.DLL
 0004:0000095c       __imp__SysWriteLine@12     1012295c     kzoengaa:KZOENGAA.DLL
 0004:00000960       __imp__SysConvertEnvironmentString@8 10122960     kzoengaa:KZOENGAA.DLL
 0004:00000964       __imp__MessageSend@24      10122964     kzoengaa:KZOENGAA.DLL
 0004:00000968       __imp__DropObjectInstance@4 10122968     kzoengaa:KZOENGAA.DLL
 0004:0000096c       __imp__TraceLine           1012296c     kzoengaa:KZOENGAA.DLL
 0004:00000970       __imp__OrderEntityForView@12 10122970     kzoengaa:KZOENGAA.DLL
 0004:00000974       __imp__ActivateOI_FromFile@20 10122974     kzoengaa:KZOENGAA.DLL
 0004:00000978       __imp__SetCursorNextEntityByInteger@20 10122978     kzoengaa:KZOENGAA.DLL
 0004:0000097c       __imp__SetCursorFirstEntityByInteger@20 1012297c     kzoengaa:KZOENGAA.DLL
 0004:00000980       __imp__SetAttributeFromAttribute@24 10122980     kzoengaa:KZOENGAA.DLL
 0004:00000984       __imp__SetCursorFirstEntityByAttr@28 10122984     kzoengaa:KZOENGAA.DLL
 0004:00000988       __imp__CompareAttributeToString@16 10122988     kzoengaa:KZOENGAA.DLL
 0004:0000098c       __imp__DeleteEntity@12     1012298c     kzoengaa:KZOENGAA.DLL
 0004:00000990       __imp__SysGetLocalDirectory@4 10122990     kzoengaa:KZOENGAA.DLL
 0004:00000994       __imp__SetSelectStateOfEntity@12 10122994     kzoengaa:KZOENGAA.DLL
 0004:00000998       __imp__SetCursorNextSelectedEntity@12 10122998     kzoengaa:KZOENGAA.DLL
 0004:0000099c       __imp__SetCursorFirstSelectedEntity@12 1012299c     kzoengaa:KZOENGAA.DLL
 0004:000009a0       __imp__SetCursorNextEntityByString@20 101229a0     kzoengaa:KZOENGAA.DLL
 0004:000009a4       __imp__SysStartHelp@8      101229a4     kzoengaa:KZOENGAA.DLL
 0004:000009a8       __imp__GetValueFromRecord@24 101229a8     kzoengaa:KZOENGAA.DLL
 0004:000009ac       __imp__StoreValueInRecord@20 101229ac     kzoengaa:KZOENGAA.DLL
 0004:000009b0       __imp__SysGetPointerFromHandle@4 101229b0     kzoengaa:KZOENGAA.DLL
 0004:000009b4       __imp__SysGetTickCount@0   101229b4     kzoengaa:KZOENGAA.DLL
 0004:000009b8       __imp__DropHierarchicalCursor@4 101229b8     kzoengaa:KZOENGAA.DLL
 0004:000009bc       __imp__SetViewToSubobject@8 101229bc     kzoengaa:KZOENGAA.DLL
 0004:000009c0       __imp__SetCursorNextEntityHierarchical@12 101229c0     kzoengaa:KZOENGAA.DLL
 0004:000009c4       __imp__DefineHierarchicalCursor@8 101229c4     kzoengaa:KZOENGAA.DLL
 0004:000009c8       __imp__IncludeSubobjectFromSubobject@20 101229c8     kzoengaa:KZOENGAA.DLL
 0004:000009cc       __imp__CheckExistenceOfEntity@8 101229cc     kzoengaa:KZOENGAA.DLL
 0004:000009d0       __imp__ResetViewFromSubobject@4 101229d0     kzoengaa:KZOENGAA.DLL
 0004:000009d4       __imp__SysValidDirOrFile@16 101229d4     kzoengaa:KZOENGAA.DLL
 0004:000009d8       __imp__GetAttributeLength@16 101229d8     kzoengaa:KZOENGAA.DLL
 0004:000009dc       __imp__SysFree@4           101229dc     kzoengaa:KZOENGAA.DLL
 0004:000009e0       __imp__SysMalloc@4         101229e0     kzoengaa:KZOENGAA.DLL
 0004:000009e4       __imp__TraceLineI@8        101229e4     kzoengaa:KZOENGAA.DLL
 0004:000009e8       __imp__SysRenameFile@16    101229e8     kzoengaa:KZOENGAA.DLL
 0004:000009ec       __imp__SfGetApplicationForSubtask@8 101229ec     kzoengaa:KZOENGAA.DLL
 0004:000009f0       __imp__SetMatchingAttributesByName@20 101229f0     kzoengaa:KZOENGAA.DLL
 0004:000009f4       __imp__CommitOI_ToFile@12  101229f4     kzoengaa:KZOENGAA.DLL
 0004:000009f8       __imp__SysGetEnvVar@12     101229f8     kzoengaa:KZOENGAA.DLL
 0004:000009fc       __imp__ExcludeEntity@12    101229fc     kzoengaa:KZOENGAA.DLL
 0004:00000a00       __imp__RelinkAllSubobjectsForOI@16 10122a00     kzoengaa:KZOENGAA.DLL
 0004:00000a04       __imp__ZeidonStringConcat@28 10122a04     kzoengaa:KZOENGAA.DLL
 0004:00000a08       __imp__ZeidonStringCopy@28 10122a08     kzoengaa:KZOENGAA.DLL
 0004:00000a0c       __imp__SetCursorFirstEntityByEntityCsr@20 10122a0c     kzoengaa:KZOENGAA.DLL
 0004:00000a10       __imp__SetCursorLastEntity@12 10122a10     kzoengaa:KZOENGAA.DLL
 0004:00000a14       __imp__SetCursorPrevEntity@12 10122a14     kzoengaa:KZOENGAA.DLL
 0004:00000a18       __imp__ResetView@4         10122a18     kzoengaa:KZOENGAA.DLL
 0004:00000a1c       __imp__SetBlobFromEntityAttributes@20 10122a1c     kzoengaa:KZOENGAA.DLL
 0004:00000a20       __imp__SetEntityAttributesFromBlob@20 10122a20     kzoengaa:KZOENGAA.DLL
 0004:00000a24       __imp__CompareAttributeToInteger@16 10122a24     kzoengaa:KZOENGAA.DLL
 0004:00000a28       __imp__SetAttributeFromBlob@20 10122a28     kzoengaa:KZOENGAA.DLL
 0004:00000a2c       __imp__SysLoadLibraryWithErrFlag@12 10122a2c     kzoengaa:KZOENGAA.DLL
 0004:00000a30       __imp__AddToAttributeFromInteger@16 10122a30     kzoengaa:KZOENGAA.DLL
 0004:00000a34       __imp__SysReadFile@16      10122a34     kzoengaa:KZOENGAA.DLL
 0004:00000a38       __imp__MiGetParentEntityNameForView@12 10122a38     kzoengaa:KZOENGAA.DLL
 0004:00000a3c       __imp__StoreStringInRecord@16 10122a3c     kzoengaa:KZOENGAA.DLL
 0004:00000a40       __imp_??BZDecimal@@QAEJXZ  10122a40     kzoengaa:KZOENGAA.DLL
 0004:00000a44       __imp__SysCopyFile@16      10122a44     kzoengaa:KZOENGAA.DLL
 0004:00000a48       __imp__GetStringFromRecord@20 10122a48     kzoengaa:KZOENGAA.DLL
 0004:00000a4c       __imp__SysGetLanguageCode@4 10122a4c     kzoengaa:KZOENGAA.DLL
 0004:00000a50       __imp__SetCursorNextEntityByEntityCsr@20 10122a50     kzoengaa:KZOENGAA.DLL
 0004:00000a54       __imp__DropEntity@12       10122a54     kzoengaa:KZOENGAA.DLL
 0004:00000a58       __imp__ObjectInstanceUpdatedFromFile@4 10122a58     kzoengaa:KZOENGAA.DLL
 0004:00000a5c       __imp__ZeidonStringCompare@28 10122a5c     kzoengaa:KZOENGAA.DLL
 0004:00000a60       __imp__RelinkInstanceToInstance@16 10122a60     kzoengaa:KZOENGAA.DLL
 0004:00000a64       __imp__SysFreeLibrary@8    10122a64     kzoengaa:KZOENGAA.DLL
 0004:00000a68       __imp__GetRelativeEntityNumber@16 10122a68     kzoengaa:KZOENGAA.DLL
 0004:00000a6c       __imp__SetCursorNextEntityByAttr@28 10122a6c     kzoengaa:KZOENGAA.DLL
 0004:00000a70       __imp__SetOI_FromBlob@28   10122a70     kzoengaa:KZOENGAA.DLL
 0004:00000a74       __imp__SetEntityCursor@40  10122a74     kzoengaa:KZOENGAA.DLL
 0004:00000a78       __imp__CreateViewFromView@8 10122a78     kzoengaa:KZOENGAA.DLL
 0004:00000a7c       __imp__GetNextTableEntryForAttribute@24 10122a7c     kzoengaa:KZOENGAA.DLL
 0004:00000a80       __imp__GetFirstTableEntryForAttribute@24 10122a80     kzoengaa:KZOENGAA.DLL
 0004:00000a84       __imp__SetBlobFromFile@16  10122a84     kzoengaa:KZOENGAA.DLL
 0004:00000a88       __imp__SetBlobFromOI@20    10122a88     kzoengaa:KZOENGAA.DLL
 0004:00000a8c       __imp__SysMessageBox@16    10122a8c     kzoengaa:KZOENGAA.DLL
 0004:00000a90       __imp__SysGetTaskFromView@4 10122a90     kzoengaa:KZOENGAA.DLL
 0004:00000a94       __imp__DropViewObject@12   10122a94     kzoengaa:KZOENGAA.DLL
 0004:00000a98       __imp__SetCursorAbsolutePosition@12 10122a98     kzoengaa:KZOENGAA.DLL
 0004:00000a9c       __imp__ActivateObjectInstance@20 10122a9c     kzoengaa:KZOENGAA.DLL
 0004:00000aa0       __imp__CommitObjectInstance@4 10122aa0     kzoengaa:KZOENGAA.DLL
 0004:00000aa4       __imp__GetStringFromAttributeByContext@24 10122aa4     kzoengaa:KZOENGAA.DLL
 0004:00000aa8       __imp__AddToViewCluster@12 10122aa8     kzoengaa:KZOENGAA.DLL
 0004:00000aac       __imp__CreateViewCluster@8 10122aac     kzoengaa:KZOENGAA.DLL
 0004:00000ab0       __imp__SfUnlockTaskMemory@4 10122ab0     kzoengaa:KZOENGAA.DLL
 0004:00000ab4       __imp__SfLockTaskMemory@4  10122ab4     kzoengaa:KZOENGAA.DLL
 0004:00000ab8       __imp__ActivateOI_FromOI_ForTask@16 10122ab8     kzoengaa:KZOENGAA.DLL
 0004:00000abc       __imp__SfActivateSysEmptyOI@16 10122abc     kzoengaa:KZOENGAA.DLL
 0004:00000ac0       __imp__SfFreeTaskMemory@4  10122ac0     kzoengaa:KZOENGAA.DLL
 0004:00000ac4       __imp__SfAllocTaskMemory@12 10122ac4     kzoengaa:KZOENGAA.DLL
 0004:00000ac8       __imp__SysMutexUnlock@12   10122ac8     kzoengaa:KZOENGAA.DLL
 0004:00000acc       __imp__SysMutexLock@16     10122acc     kzoengaa:KZOENGAA.DLL
 0004:00000ad0       __imp__DisplayEntityInstance@8 10122ad0     kzoengaa:KZOENGAA.DLL
 0004:00000ad4       __imp__GetStructFromEntityAttrs@12 10122ad4     kzoengaa:KZOENGAA.DLL
 0004:00000ad8       __imp__CountEntitiesForView@8 10122ad8     kzoengaa:KZOENGAA.DLL
 0004:00000adc       __imp__DropViewCluster@4   10122adc     kzoengaa:KZOENGAA.DLL
 0004:00000ae0       __imp__CommitMultipleObjectInstances@8 10122ae0     kzoengaa:KZOENGAA.DLL
 0004:00000ae4       __imp__SysWriteFile@16     10122ae4     kzoengaa:KZOENGAA.DLL
 0004:00000ae8       __imp__DropNameForView@16  10122ae8     kzoengaa:KZOENGAA.DLL
 0004:00000aec       __imp__MiGetInstanceID_ForView@4 10122aec     kzoengaa:KZOENGAA.DLL
 0004:00000af0       __imp__SfIsObjectServicesTask@4 10122af0     kzoengaa:KZOENGAA.DLL
 0004:00000af4       __imp__SetIncrementalUpdateFlags@12 10122af4     kzoengaa:KZOENGAA.DLL
 0004:00000af8       \177KZOENGAA_NULL_THUNK_DATA 10122af8     kzoengaa:KZOENGAA.DLL
 0004:00000bb0       __imp__memcpy              10122bb0     msvcrtd:MSVCRTD.dll
 0004:00000bb4       __imp__strrchr             10122bb4     msvcrtd:MSVCRTD.dll
 0004:00000bb8       __imp__strcat              10122bb8     msvcrtd:MSVCRTD.dll
 0004:00000bbc       __imp__strlen              10122bbc     msvcrtd:MSVCRTD.dll
 0004:00000bc0       __imp___ltoa               10122bc0     msvcrtd:MSVCRTD.dll
 0004:00000bc4       __imp___pctype             10122bc4     msvcrtd:MSVCRTD.dll
 0004:00000bc8       __imp___isctype            10122bc8     msvcrtd:MSVCRTD.dll
 0004:00000bcc       __imp____mb_cur_max        10122bcc     msvcrtd:MSVCRTD.dll
 0004:00000bd0       __imp___stricmp            10122bd0     msvcrtd:MSVCRTD.dll
 0004:00000bd4       __imp__strcmp              10122bd4     msvcrtd:MSVCRTD.dll
 0004:00000bd8       __imp__toupper             10122bd8     msvcrtd:MSVCRTD.dll
 0004:00000bdc       __imp__tolower             10122bdc     msvcrtd:MSVCRTD.dll
 0004:00000be0       __imp__strncmp             10122be0     msvcrtd:MSVCRTD.dll
 0004:00000be4       __imp__strchr              10122be4     msvcrtd:MSVCRTD.dll
 0004:00000be8       __imp___splitpath          10122be8     msvcrtd:MSVCRTD.dll
 0004:00000bec       __imp__strstr              10122bec     msvcrtd:MSVCRTD.dll
 0004:00000bf0       __imp__atol                10122bf0     msvcrtd:MSVCRTD.dll
 0004:00000bf4       __imp___strnicmp           10122bf4     msvcrtd:MSVCRTD.dll
 0004:00000bf8       __imp__strtok              10122bf8     msvcrtd:MSVCRTD.dll
 0004:00000bfc       __imp__strcpy              10122bfc     msvcrtd:MSVCRTD.dll
 0004:00000c00       __imp__memmove             10122c00     msvcrtd:MSVCRTD.dll
 0004:00000c04       __imp__memset              10122c04     msvcrtd:MSVCRTD.dll
 0004:00000c08       __imp___strupr             10122c08     msvcrtd:MSVCRTD.dll
 0004:00000c0c       __imp__atof                10122c0c     msvcrtd:MSVCRTD.dll
 0004:00000c10       __imp__strncpy             10122c10     msvcrtd:MSVCRTD.dll
 0004:00000c14       __imp___ftol               10122c14     msvcrtd:MSVCRTD.dll
 0004:00000c18       __imp_??2@YAPAXI@Z         10122c18     msvcrtd:MSVCRTD.dll
 0004:00000c1c       __imp_??3@YAXPAX@Z         10122c1c     msvcrtd:MSVCRTD.dll
 0004:00000c20       __imp___free_dbg           10122c20     msvcrtd:MSVCRTD.dll
 0004:00000c24       __imp___initterm           10122c24     msvcrtd:MSVCRTD.dll
 0004:00000c28       __imp___malloc_dbg         10122c28     msvcrtd:MSVCRTD.dll
 0004:00000c2c       __imp___adjust_fdiv        10122c2c     msvcrtd:MSVCRTD.dll
 0004:00000c30       __imp____dllonexit         10122c30     msvcrtd:MSVCRTD.dll
 0004:00000c34       __imp___onexit             10122c34     msvcrtd:MSVCRTD.dll
 0004:00000c38       __imp__sprintf             10122c38     msvcrtd:MSVCRTD.dll
 0004:00000c3c       \177MSVCRTD_NULL_THUNK_DATA 10122c3c     msvcrtd:MSVCRTD.dll
 0004:00000c84       __imp__SetResourceFileIDs@24 10122c84     tzctl:TzCtl.dll
 0004:00000c88       \177TzCtl_NULL_THUNK_DATA  10122c88     tzctl:TzCtl.dll
 0004:00000cb4       __imp__GetWindowTextA@12   10122cb4     user32:USER32.dll
 0004:00000cb8       __imp__MessageBoxA@16      10122cb8     user32:USER32.dll
 0004:00000cbc       __imp__GetDialogBaseUnits@0 10122cbc     user32:USER32.dll
 0004:00000cc0       __imp__GetActiveWindow@0   10122cc0     user32:USER32.dll
 0004:00000cc4       __imp__GetDC@4             10122cc4     user32:USER32.dll
 0004:00000cc8       __imp__ReleaseDC@8         10122cc8     user32:USER32.dll
 0004:00000ccc       __imp__LoadStringA@16      10122ccc     user32:USER32.dll
 0004:00000cd0       \177USER32_NULL_THUNK_DATA 10122cd0     user32:USER32.dll
 0004:00000d00       __imp__OperatorPrompt@28   10122d00     zdrapp:ZDrApp.dll
 0004:00000d04       __imp__GetOperationDynamicCallAddress@20 10122d04     zdrapp:ZDrApp.dll
 0004:00000d08       __imp__SetCtrlState@16     10122d08     zdrapp:ZDrApp.dll
 0004:00000d0c       __imp__SetFocusToCtrl@8    10122d0c     zdrapp:ZDrApp.dll
 0004:00000d10       __imp__ActivateWindow@4    10122d10     zdrapp:ZDrApp.dll
 0004:00000d14       __imp__SetWindowActionBehavior@16 10122d14     zdrapp:ZDrApp.dll
 0004:00000d18       __imp__AreBitsSetInFlag@8  10122d18     zdrapp:ZDrApp.dll
 0004:00000d1c       __imp__GetActionParameters@4 10122d1c     zdrapp:ZDrApp.dll
 0004:00000d20       __imp__GetWindowHandle@16  10122d20     zdrapp:ZDrApp.dll
 0004:00000d24       __imp__SetWindowCaptionTitle@12 10122d24     zdrapp:ZDrApp.dll
 0004:00000d28       __imp_??1ZDualCorrelatedList@@QAE@XZ 10122d28     zdrapp:ZDrApp.dll
 0004:00000d2c       __imp_??0ZDualCorrelatedList@@QAE@XZ 10122d2c     zdrapp:ZDrApp.dll
 0004:00000d30       __imp_?FindKey@ZDualCorrelatedList@@QAEPAVZDualCorrelatedItem@@PBD@Z 10122d30     zdrapp:ZDrApp.dll
 0004:00000d34       __imp_?Add@ZDualCorrelatedList@@QAEPAVZDualCorrelatedItem@@JJPBD0@Z 10122d34     zdrapp:ZDrApp.dll
 0004:00000d38       __imp_?FindKey@ZDualCorrelatedList@@QAEPAVZDualCorrelatedItem@@J@Z 10122d38     zdrapp:ZDrApp.dll
 0004:00000d3c       __imp__IsFlagSequenceSet@8 10122d3c     zdrapp:ZDrApp.dll
 0004:00000d40       __imp__GetSubtaskForWindowName@12 10122d40     zdrapp:ZDrApp.dll
 0004:00000d44       __imp__RefreshCtrl@8       10122d44     zdrapp:ZDrApp.dll
 0004:00000d48       \177ZDrApp_NULL_THUNK_DATA 10122d48     zdrapp:ZDrApp.dll
 0004:00000d80       __imp__TX_GetTextRptCtrlBOI@60 10122d80     zdctl:ZdCtl.dll
 0004:00000d84       __imp__TX_SetTextRptCtrlBOI@60 10122d84     zdctl:ZdCtl.dll
 0004:00000d88       __imp__MB_SetMessage@12    10122d88     zdctl:ZdCtl.dll
 0004:00000d8c       __imp__SplitCtrlBOI_BMP@12 10122d8c     zdctl:ZdCtl.dll
 0004:00000d90       \177ZdCtl_NULL_THUNK_DATA  10122d90     zdctl:ZdCtl.dll
 0004:00000dbc       __imp__zSearchAndReplace@16 10122dbc     tzvmlip:tzvmlip.dll
 0004:00000dc0       __imp__zIntegerToString@12 10122dc0     tzvmlip:tzvmlip.dll
 0004:00000dc4       __imp__zGetFirstEntityNameForView@8 10122dc4     tzvmlip:tzvmlip.dll
 0004:00000dc8       __imp__GenFullQualPathFromRelPath@16 10122dc8     tzvmlip:tzvmlip.dll
 0004:00000dcc       __imp__zToUpper@8          10122dcc     tzvmlip:tzvmlip.dll
 0004:00000dd0       __imp__zSearchSubString@16 10122dd0     tzvmlip:tzvmlip.dll
 0004:00000dd4       __imp__zSysReadLine@16     10122dd4     tzvmlip:tzvmlip.dll
 0004:00000dd8       __imp__zReplaceSubString@16 10122dd8     tzvmlip:tzvmlip.dll
 0004:00000ddc       __imp__zGetStringWithoutBlank@8 10122ddc     tzvmlip:tzvmlip.dll
 0004:00000de0       \177tzvmlip_NULL_THUNK_DATA 10122de0     tzvmlip:tzvmlip.dll
 0004:00000e10       __imp__GenJSP_CrteCtrlsRecurs@40 10122e10     tzweb:tzweb.dll
 0004:00000e14       __imp__PIX_PER_DU@8        10122e14     tzweb:tzweb.dll
 0004:00000e18       __imp__BuildSideNavSection@20 10122e18     tzweb:tzweb.dll
 0004:00000e1c       __imp__BuildMainNavSection@12 10122e1c     tzweb:tzweb.dll
 0004:00000e20       __imp__GenJSP_TableExport@16 10122e20     tzweb:tzweb.dll
 0004:00000e24       __imp__GenJSP_OutputMapRecurs@16 10122e24     tzweb:tzweb.dll
 0004:00000e28       __imp__GenJSP_ChildFunctions@16 10122e28     tzweb:tzweb.dll
 0004:00000e2c       __imp__GenJSP_MenuFunctions@24 10122e2c     tzweb:tzweb.dll
 0004:00000e30       __imp__GenJSP_EmailEntries@20 10122e30     tzweb:tzweb.dll
 0004:00000e34       __imp__GenJSP_Action@28    10122e34     tzweb:tzweb.dll
 0004:00000e38       __imp__GenJSP_InputMapRecurs@20 10122e38     tzweb:tzweb.dll
 0004:00000e3c       __imp__GenJSPJ_CrteCtrlsRecurs@44 10122e3c     tzweb:tzweb.dll
 0004:00000e40       __imp__BuildSideNavSectionJ@20 10122e40     tzweb:tzweb.dll
 0004:00000e44       __imp__GenJSPJ_OutputMapRecurs@20 10122e44     tzweb:tzweb.dll
 0004:00000e48       __imp__GenJSPJ_Action@28   10122e48     tzweb:tzweb.dll
 0004:00000e4c       __imp__GenJSPJ_InputMapRecurs@24 10122e4c     tzweb:tzweb.dll
 0004:00000e50       __imp__CreateAbsolStyleString@20 10122e50     tzweb:tzweb.dll
 0004:00000e54       \177tzweb_NULL_THUNK_DATA  10122e54     tzweb:tzweb.dll

 entry point at        0001:000f26c0

