 tzweb

 Timestamp is 5356cf8b (Tue Apr 22 16:22:35 2014)

 Preferred load address is 10000000

 Start         Length     Name                   Class
 0001:00000000 0009c717H .text                   CODE
 0002:00000000 0000012cH .rdata                  DATA
 0002:00000130 00000f00H .edata                  DATA
 0003:00000000 00000104H .CRT$XCA                DATA
 0003:00000104 00000104H .CRT$XCZ                DATA
 0003:00000208 00000104H .CRT$XIA                DATA
 0003:0000030c 00000104H .CRT$XIZ                DATA
 0003:00000410 00013978H .data                   DATA
 0003:00013d88 00000038H .bss                    DATA
 0004:00000000 00000064H .idata$2                DATA
 0004:00000064 00000014H .idata$3                DATA
 0004:00000078 000001d4H .idata$4                DATA
 0004:0000024c 000001d4H .idata$5                DATA
 0004:00000420 00000281H .idata$6                DATA

  Address         Publics by Value              Rva+Base     Lib:Object

 0001:000001e0       _DllMain@12                100011e0 f   zdllinst.obj
 0001:00000206       _GetDLL_Instance@4         10001206 f   zdllinst.obj
 0001:00000220       _GenJSP_TableExport@16     10001220 f   tzwebgl1.obj
 0001:00000a3e       _CreateNoPosStyleString@12 10001a3e f   tzwebgl1.obj
 0001:00000a7f       _CreateDisabledString@8    10001a7f f   tzwebgl1.obj
 0001:00000b02       _CreateAbsolPosStringTable@16 10001b02 f   tzwebgl1.obj
 0001:00000d44       _GenJSP_Action@28          10001d44 f   tzwebgl1.obj
 0001:00005a85       _CreateRelPosString@16     10006a85 f   tzwebgl1.obj
 0001:00005cd7       _CreateAbsolPosString@16   10006cd7 f   tzwebgl1.obj
 0001:00005f29       _CreateSizeString@8        10006f29 f   tzwebgl1.obj
 0001:000060db       _CreateRelStyleString@20   100070db f   tzwebgl1.obj
 0001:00006152       _CreateAbsolStyleString@20 10007152 f   tzwebgl1.obj
 0001:000061c6       _FixStyleString@16         100071c6 f   tzwebgl1.obj
 0001:00006254       _PIX_PER_DU@8              10007254 f   tzwebgl1.obj
 0001:00006299       _GenJSP_OutputMapRecurs@16 10007299 f   tzwebgl1.obj
 0001:000079db       _GenJSP_InputMapRecurs@20  100089db f   tzwebgl1.obj
 0001:00010671       _GenJSP_CrteCtrlsRecurs@40 10011671 f   tzwebgl1.obj
 0001:000339f0       _GenJSPJ_OutputMapRecurs@20 100349f0 f   tzwebgl2.obj
 0001:00035364       _GenJSPJ_CrteCtrlsRecurs@44 10036364 f   tzwebgl2.obj
 0001:0004b541       _GenJSPJ_InputMapRecurs@24 1004c541 f   tzwebgl2.obj
 0001:00055338       _GenJSPJ_Action@28         10056338 f   tzwebgl2.obj
 0001:00066ed0       _BuildMainNavSection@12    10067ed0 f   tzwebgl3.obj
 0001:000674f0       _GenJSP_CrteJPG@32         100684f0 f   tzwebgl3.obj
 0001:000684ab       _GenJSP_ChildFunctions@16  100694ab f   tzwebgl3.obj
 0001:000684cb       _GenJSP_CrteGroupTable@32  100694cb f   tzwebgl3.obj
 0001:0006c883       _GenJSP_CrteComboBox@36    1006d883 f   tzwebgl3.obj
 0001:0007002f       _GenJSP_CrteEditBox@40     1007102f f   tzwebgl3.obj
 0001:00071ccd       _GenJSP_CrteCheckBox@40    10072ccd f   tzwebgl3.obj
 0001:00072c84       _GenJSP_CrteCtrlsRadio@32  10073c84 f   tzwebgl3.obj
 0001:00073904       _GenJSP_CrteText@44        10074904 f   tzwebgl3.obj
 0001:0007599c       _GenJSP_CrteListBox@32     1007699c f   tzwebgl3.obj
 0001:00077805       _GenJSP_EmailEntries@20    10078805 f   tzwebgl3.obj
 0001:00078a45       _GenJSP_CrteCalendar@40    10079a45 f   tzwebgl3.obj
 0001:0007979f       _GenJSP_MenuFunctions@24   1007a79f f   tzwebgl3.obj
 0001:00079fd4       _BuildSideNavSection@20    1007afd4 f   tzwebgl3.obj
 0001:0007aec5       _CreateTabIndexString@8    1007bec5 f   tzwebgl3.obj
 0001:00080040       _BuildSideNavSectionJ@20   10081040 f   tzwebgl4.obj
 0001:00080ea7       _GenJSPJ_CrteMLEdit@44     10081ea7 f   tzwebgl4.obj
 0001:0008278b       _GenJSPJ_CrteListBox@32    1008378b f   tzwebgl4.obj
 0001:000846b8       _GenJSPJ_CrteJPG@32        100856b8 f   tzwebgl4.obj
 0001:000857b9       _GenJSPJ_CrteText@48       100867b9 f   tzwebgl4.obj
 0001:00088016       _GenJSPJ_CrteEditBox@44    10089016 f   tzwebgl4.obj
 0001:0008a0a6       _GenJSPJ_CrteGroupTable@36 1008b0a6 f   tzwebgl4.obj
 0001:0008ecbd       _GenJSPJ_CrteCtrlsRadio@36 1008fcbd f   tzwebgl4.obj
 0001:0008f9dc       _GenJSPJ_CrteComboBox@40   100909dc f   tzwebgl4.obj
 0001:0009355d       _GenJSPJ_CrteCheckBox@44   1009455d f   tzwebgl4.obj
 0001:00094607       _GenJSPJ_CrteCalendar@44   10095607 f   tzwebgl4.obj
 0001:0009b2f8       _WL_QC@20                  1009c2f8 f   tzvmlip:tzvmlip.dll
 0001:0009b2fe       _zIntegerToString@12       1009c2fe f   tzvmlip:tzvmlip.dll
 0001:0009b304       _zReplicate@16             1009c304 f   tzvmlip:tzvmlip.dll
 0001:0009b30a       _zAppendQuotedString@16    1009c30a f   tzvmlip:tzvmlip.dll
 0001:0009b310       _zSearchAndReplace@16      1009c310 f   tzvmlip:tzvmlip.dll
 0001:0009b316       _SetCursorNextEntity@12    1009c316 f   kzoengaa:KZOENGAA.DLL
 0001:0009b31c       _ResetViewFromSubobject@4  1009c31c f   kzoengaa:KZOENGAA.DLL
 0001:0009b322       _SetViewToSubobject@8      1009c322 f   kzoengaa:KZOENGAA.DLL
 0001:0009b328       _CheckExistenceOfEntity@8  1009c328 f   kzoengaa:KZOENGAA.DLL
 0001:0009b32e       _ZeidonStringConcat@28     1009c32e f   kzoengaa:KZOENGAA.DLL
 0001:0009b334       _ZeidonStringCopy@28       1009c334 f   kzoengaa:KZOENGAA.DLL
 0001:0009b33a       _SetCursorFirstEntityByString@20 1009c33a f   kzoengaa:KZOENGAA.DLL
 0001:0009b340       _ZeidonStringCompare@28    1009c340 f   kzoengaa:KZOENGAA.DLL
 0001:0009b346       _GetVariableFromAttribute@36 1009c346 f   kzoengaa:KZOENGAA.DLL
 0001:0009b34c       _SetCursorFirstEntity@12   1009c34c f   kzoengaa:KZOENGAA.DLL
 0001:0009b352       _GetIntegerFromAttribute@16 1009c352 f   kzoengaa:KZOENGAA.DLL
 0001:0009b358       ??1ZDecimal@@QAE@XZ        1009c358 f   kzoengaa:KZOENGAA.DLL
 0001:0009b35e       ??BZDecimal@@QAEJXZ        1009c35e f   kzoengaa:KZOENGAA.DLL
 0001:0009b364       ??H@YG?AVZDecimal@@V0@J@Z  1009c364 f   kzoengaa:KZOENGAA.DLL
 0001:0009b36a       ??D@YG?AVZDecimal@@JV0@@Z  1009c36a f   kzoengaa:KZOENGAA.DLL
 0001:0009b370       ??0ZDecimal@@QAE@N@Z       1009c370 f   kzoengaa:KZOENGAA.DLL
 0001:0009b376       _ZeidonStringConvertFromNumber@64 1009c376 f   kzoengaa:KZOENGAA.DLL
 0001:0009b37c       _MessageSend@24            1009c37c f   kzoengaa:KZOENGAA.DLL
 0001:0009b382       _SetEntityCursor@40        1009c382 f   kzoengaa:KZOENGAA.DLL
 0001:0009b388       _SetNameForView@16         1009c388 f   kzoengaa:KZOENGAA.DLL
 0001:0009b38e       _CreateViewFromView@8      1009c38e f   kzoengaa:KZOENGAA.DLL
 0001:0009b394       _DropView@4                1009c394 f   kzoengaa:KZOENGAA.DLL
 0001:0009b39a       _CompareAttributeToInteger@16 1009c39a f   kzoengaa:KZOENGAA.DLL
 0001:0009b3a0       _CreateViewFromViewForTask@12 1009c3a0 f   kzoengaa:KZOENGAA.DLL
 0001:0009b3a6       _CompareAttributeToString@16 1009c3a6 f   kzoengaa:KZOENGAA.DLL
 0001:0009b3ac       _OrderEntityForView@12     1009c3ac f   kzoengaa:KZOENGAA.DLL
 0001:0009b3b2       _SetCursorPrevEntity@12    1009c3b2 f   kzoengaa:KZOENGAA.DLL
 0001:0009b3b8       _TraceLineS@8              1009c3b8 f   kzoengaa:KZOENGAA.DLL
 0001:0009b3be       ??G@YG?AVZDecimal@@V0@H@Z  1009c3be f   kzoengaa:KZOENGAA.DLL
 0001:0009b3c4       _ZeidonCopyWithinString@16 1009c3c4 f   kzoengaa:KZOENGAA.DLL
 0001:0009b3ca       _GetBlobFromAttribute@20   1009c3ca f   kzoengaa:KZOENGAA.DLL
 0001:0009b3d0       _SetAttributeFromString@16 1009c3d0 f   kzoengaa:KZOENGAA.DLL
 0001:0009b3d6       _SysReadZeidonIni@16       1009c3d6 f   kzoengaa:KZOENGAA.DLL
 0001:0009b3dc       _GetViewByName@16          1009c3dc f   kzoengaa:KZOENGAA.DLL
 0001:0009b3e2       _SetCursorFirstEntityByInteger@20 1009c3e2 f   kzoengaa:KZOENGAA.DLL
 0001:0009b3e8       _GetStringFromAttribute@16 1009c3e8 f   kzoengaa:KZOENGAA.DLL
 0001:0009b3ee       _CompareAttributeToAttribute@24 1009c3ee f   kzoengaa:KZOENGAA.DLL
 0001:0009b400       __chkstk                   1009c400 f   msvcrtd:chkstk.obj
 0001:0009b400       __alloca_probe             1009c400 f   msvcrtd:chkstk.obj
 0001:0009b430       _strlen                    1009c430 f   msvcrtd:MSVCRTD.dll
 0001:0009b436       __stricmp                  1009c436 f   msvcrtd:MSVCRTD.dll
 0001:0009b440       __CRT_INIT@12              1009c440 f   msvcrtd:crtdll.obj
 0001:0009b550       __DllMainCRTStartup@12     1009c550 f   msvcrtd:crtdll.obj
 0001:0009b644       __free_dbg                 1009c644 f   msvcrtd:MSVCRTD.dll
 0001:0009b64a       __initterm                 1009c64a f   msvcrtd:MSVCRTD.dll
 0001:0009b650       __onexit                   1009c650 f   msvcrtd:atonexit.obj
 0001:0009b690       _atexit                    1009c690 f   msvcrtd:atonexit.obj
 0001:0009b6a8       __malloc_dbg               1009c6a8 f   msvcrtd:MSVCRTD.dll
 0001:0009b6ae       ___dllonexit               1009c6ae f   msvcrtd:MSVCRTD.dll
 0001:0009b6b4       _IsFlagSequenceSet@8       1009c6b4 f   zdrapp:ZDrApp.dll
 0001:0009b6ba       _AreBitsSetInFlag@8        1009c6ba f   zdrapp:ZDrApp.dll
 0001:0009b6c0       _TX_GetTextRptCtrlBOI@60   1009c6c0 f   zdctl:ZdCtl.dll
 0002:0000001c       ??_C@_08JKC@crtdll?4c?$AA@ 1009e01c     msvcrtd:crtdll.obj
 0003:00000000       ___xc_a                    100a0000     msvcrtd:cinitexe.obj
 0003:00000104       ___xc_z                    100a0104     msvcrtd:cinitexe.obj
 0003:00000208       ___xi_a                    100a0208     msvcrtd:cinitexe.obj
 0003:0000030c       ___xi_z                    100a030c     msvcrtd:cinitexe.obj
 0003:00000410       ??_C@_08HCPL@CtrlCtrl?$AA@ 100a0410     tzwebgl1.obj
 0003:0000041c       ??_C@_01KCD@?$HN?$AA@      100a041c     tzwebgl1.obj
 0003:00000420       ??_C@_04DHOG@?5?5?5?$HN?$AA@ 100a0420     tzwebgl1.obj
 0003:00000428       ??_C@_0DJ@HBNP@?$FO?$CJ?4innerHTML?5?$DN?5?$FOClick?5here?5to?5di@ 100a0428     tzwebgl1.obj
 0003:0000046c       ??_C@_0CC@KPIC@?8?$CJ?4src?$DN?$FO?4?1images?1btn_expand?4gif?$FO@ 100a046c     tzwebgl1.obj
 0003:00000494       ??_C@_0BL@BMKB@?$FO?$CJ?4style?4display?5?$DN?5?$FOnone?$FO?$DL?$AA@ 100a0494     tzwebgl1.obj
 0003:000004b4       ??_C@_0L@FOID@?5?5?5?5?5?5else?$AA@ 100a04b4     tzwebgl1.obj
 0003:000004c4       ??_C@_07FFPM@?5?5?5?5?5?5?$HN?$AA@ 100a04c4     tzwebgl1.obj
 0003:000004d0       ??_C@_0DC@PAAL@?$FO?$CJ?4innerHTML?5?$DN?5?$FOCopy?5and?5paste?5c@ 100a04d0     tzwebgl1.obj
 0003:0000050c       ??_C@_0CG@FFMM@?5?5?5?5?5?5?5?5?5document?4getElementById@ 100a050c     tzwebgl1.obj
 0003:0000053c       ??_C@_0CG@NDIF@?8?$CJ?4src?$DN?$FO?4?1images?1btn_contract?9o?4@ 100a053c     tzwebgl1.obj
 0003:0000056c       ??_C@_0CH@LKHH@?5?5?5?5?5?5?5?5?5document?4getElementById@ 100a056c     tzwebgl1.obj
 0003:0000059c       ??_C@_0N@LACA@?$FO?$CJ?4select?$CI?$CJ?$DL?$AA@ 100a059c     tzwebgl1.obj
 0003:000005ac       ??_C@_09OMKA@?$FO?$CJ?4value?$DL?$AA@ 100a05ac     tzwebgl1.obj
 0003:000005b8       ??_C@_0CG@LCMJ@?$FO?$CJ?4value?5?$DN?5document?4getElementBy@ 100a05b8     tzwebgl1.obj
 0003:000005e8       ??_C@_0CE@DEOG@?5?5?5?5?5?5?5?5?5document?4getElementById@ 100a05e8     tzwebgl1.obj
 0003:00000614       ??_C@_0BH@KKIA@?$FO?$CJ?4style?4display?5?$DN?5?$FO?$FO?$DL?$AA@ 100a0614     tzwebgl1.obj
 0003:00000630       ??_C@_0CF@OKGO@?5?5?5?5?5?5?5?5?5document?4getElementById@ 100a0630     tzwebgl1.obj
 0003:0000065c       ??_C@_07KKIO@?5?5?5?5?5?5?$HL?$AA@ 100a065c     tzwebgl1.obj
 0003:00000668       ??_C@_0CE@CDID@?$FO?$CJ?4src?4indexOf?$CI?$FObtn_expand?$FO?$CJ?5?$DO?$DN?5@ 100a0668     tzwebgl1.obj
 0003:00000694       ??_C@_0CI@NBPK@?5?5?5?5?5?5if?5?$CIdocument?4getElementByI@ 100a0694     tzwebgl1.obj
 0003:000006c4       ??_C@_04MIJE@?5?5?5?$HL?$AA@ 100a06c4     tzwebgl1.obj
 0003:000006cc       ??_C@_0CF@GDHK@?5?5?5if?5?$CI?5_IsDocDisabled?$CI?5?$CJ?5?$DN?$DN?5fal@ 100a06cc     tzwebgl1.obj
 0003:000006f8       ??_C@_0BP@HJDB@?5?5?5?5?5?5isWindowClosing?5?$DN?5false?$DL?$AA@ 100a06f8     tzwebgl1.obj
 0003:00000720       ??_C@_0EL@JODO@?5?5?5?5?5?5?1?1?5This?5is?5for?5indicating?5@ 100a0720     tzwebgl1.obj
 0003:0000077c       ??_C@_01PFFB@?$HL?$AA@     100a077c     tzwebgl1.obj
 0003:00000780       ??_C@_01KHHK@?$FO?$AA@     100a0780     tzwebgl1.obj
 0003:00000784       ??_C@_0BB@GBFE@ExportOnClick?$CI?5?$CJ?$AA@ 100a0784     tzwebgl1.obj
 0003:00000798       ??_C@_09EMHJ@function?5?$AA@ 100a0798     tzwebgl1.obj
 0003:000007a4       ??_C@_01PCJP@Y?$AA@        100a07a4     tzwebgl1.obj
 0003:000007a8       ??_C@_0BD@GHNA@WebControlProperty?$AA@ 100a07a8     tzwebgl1.obj
 0003:000007c0       ??_C@_04EFNI@Name?$AA@     100a07c0     tzwebgl1.obj
 0003:000007c8       ??_C@_0BE@IAAK@Table?5Export?5Option?$AA@ 100a07c8     tzwebgl1.obj
 0003:000007e0       ??_C@_04GNHG@Grid?$AA@     100a07e0     tzwebgl1.obj
 0003:000007e8       ??_C@_0L@ELHM@ControlDef?$AA@ 100a07e8     tzwebgl1.obj
 0003:000007f8       ??_C@_03CHAC@Tag?$AA@      100a07f8     tzwebgl1.obj
 0003:000007fc       ??_C@_07FNBF@Control?$AA@  100a07fc     tzwebgl1.obj
 0003:00000808       ??_C@_0L@CPPK@?5disabled?5?$AA@ 100a0808     tzwebgl1.obj
 0003:00000818       ??_C@_07MPLK@Subtype?$AA@  100a0818     tzwebgl1.obj
 0003:00000824       ??_C@_05FMGG@left?3?$AA@   100a0824     tzwebgl1.obj
 0003:0000082c       ??_C@_03BGIO@px?$DL?$AA@   100a082c     tzwebgl1.obj
 0003:00000830       ??_C@_04DIFN@top?3?$AA@    100a0830     tzwebgl1.obj
 0003:00000838       ??_C@_0BD@OKJC@position?3absolute?$DL?$AA@ 100a0838     tzwebgl1.obj
 0003:00000850       ??_C@_07HPBM@PSDLG_Y?$AA@  100a0850     tzwebgl1.obj
 0003:0000085c       ??_C@_07NFIL@PSDLG_X?$AA@  100a085c     tzwebgl1.obj
 0003:00000868       ??_C@_0N@EIFG@?5?5?5?5?5?5break?$DL?$AA@ 100a0868     tzwebgl1.obj
 0003:00000878       ??_C@_0DA@GPED@?5?5?5?5?5?5?5?5?5strURL?5?$DN?5response?4encod@ 100a0878     tzwebgl1.obj
 0003:000008b4       ??_C@_0CI@OPPD@?5?5?5?5?5?5?5?5?5?1?1?5Stay?5on?5Window?5with?5@ 100a08b4     tzwebgl1.obj
 0003:000008e4       ??_C@_0BJ@EHGC@?5?5?5?5?5?5?5?5?5?5?5?5fis?4close?$CI?$CJ?$DL?$AA@ 100a08e4     tzwebgl1.obj
 0003:00000904       ??_C@_0FD@EPGH@?5?5?5?5?5?5?5?5?5?5?5?5?5?5?5vAppSubtask?4Trace@ 100a0904     tzwebgl1.obj
 0003:00000968       ??_C@_0BL@NNAE@?5?5?5?5?5?5?5?5?5?5?5?5?5?5?5?1?1TraceLine?$AA@ 100a0968     tzwebgl1.obj
 0003:00000988       ??_C@_0P@DMDP@?5?5?5?5?5?5?5?5?5?5?5?5?$HL?5?$AA@ 100a0988     tzwebgl1.obj
 0003:0000099c       ??_C@_0DI@KPJB@?5?5?5?5?5?5?5?5?5?5?5?5if?5?$CIInputFile?$CB?$DNnull?5@ 100a099c     tzwebgl1.obj
 0003:000009e0       ??_C@_0M@KGPO@?5?5?5?5?5?5?5?5?5?$HL?5?$AA@ 100a09e0     tzwebgl1.obj
 0003:000009f0       ??_C@_0BO@KFHO@?5?5?5?5?5?5?5?5?5catch?5?$CIException?5e?$CJ?5?$AA@ 100a09f0     tzwebgl1.obj
 0003:00000a14       ??_C@_0BP@NJDP@?5?5?5?5?5?5?5?5?5?5?5?5outStream?4close?$CI?$CJ?$DL?$AA@ 100a0a14     tzwebgl1.obj
 0003:00000a3c       ??_C@_0CA@JLBH@?5?5?5?5?5?5?5?5?5?5?5?5outStream?4flush?$CI?$CJ?$DL?5?$AA@ 100a0a3c     tzwebgl1.obj
 0003:00000a64       ??_C@_0P@ELMA@?5?5?5?5?5?5?5?5?5?5?5?5?$HN?5?$AA@ 100a0a64     tzwebgl1.obj
 0003:00000a78       ??_C@_0CE@LHPJ@?5?5?5?5?5?5?5?5?5?5?5?5?5?5?5outStream?4write?$CIc@ 100a0a78     tzwebgl1.obj
 0003:00000aa4       ??_C@_0CH@NCOH@?5?5?5?5?5?5?5?5?5?5?5?5while?5?$CI?$CIc?$DNfis?4read?$CI?$CJ@ 100a0aa4     tzwebgl1.obj
 0003:00000ad4       ??_C@_0BH@BHKF@?5?5?5?5?5?5?5?5?5?5?5?5int?5c?5?$DN?50?$DL?$AA@ 100a0ad4     tzwebgl1.obj
 0003:00000af0       ??_C@_0EI@PJGA@?5?5?5?5?5?5?5?5?5?5?5?5ServletOutputStream?5@ 100a0af0     tzwebgl1.obj
 0003:00000b48       ??_C@_0GM@BHBF@?5?5?5?5?5?5?5?5?5?5?5?5response?4setHeader?$CI?$FO@ 100a0b48     tzwebgl1.obj
 0003:00000bcc       ??_C@_0DC@LEGH@?5?5?5?5?5?5?5?5?5?5?5?5response?4setContentT@ 100a0bcc     tzwebgl1.obj
 0003:00000c08       ??_C@_0DP@PBBL@?5?5?5?5?5?5?5?5?5?5?5?5String?5contenttype?5?$DN@ 100a0c08     tzwebgl1.obj
 0003:00000c54       ??_C@_0GD@PFEH@?5?5?5?5?5?5?5?5?5?5?5?5vAppSubtask?4TraceLin@ 100a0c54     tzwebgl1.obj
 0003:00000ccc       ??_C@_0N@KGFE@?5?5?5?5?5?5?5?5?5try?$AA@ 100a0ccc     tzwebgl1.obj
 0003:00000cdc       ??_C@_0EA@GFKF@?5?5?5?5?5?5?5?5?5FileInputStream?5fis?5?$DN?5n@ 100a0cdc     tzwebgl1.obj
 0003:00000d28       ??_C@_0DD@MEIK@?5?5?5?5?5?5?5?5?5File?5InputFile?5?$DN?5new?5Fi@ 100a0d28     tzwebgl1.obj
 0003:00000d68       ??_C@_0DP@PPJI@?5?5?5?5?5?5?5?5?5sSourceFileNameOnly?5?$DN?5s@ 100a0d68     tzwebgl1.obj
 0003:00000db4       ??_C@_0DH@GHBF@?5?5?5?5?5?5?5?5?5?1?1?5Get?5the?5filename?5onl@ 100a0db4     tzwebgl1.obj
 0003:00000df8       ??_C@_0DH@KGJG@?5?5?5?5?5?5?5?5?5?5?5?5sExtension?5?$DN?5sDownlo@ 100a0df8     tzwebgl1.obj
 0003:00000e3c       ??_C@_0BN@HFIG@?5?5?5?5?5?5?5?5?5?5?5?5sExtension?5?$DN?5?$FO?$FO?$DL?$AA@ 100a0e3c     tzwebgl1.obj
 0003:00000e60       ??_C@_0BE@ILD@?5?5?5?5?5?5?5?5?5if?5?$CIx?5?$DO?5l?$CJ?$AA@ 100a0e60     tzwebgl1.obj
 0003:00000e78       ??_C@_0BN@KNKC@?5?5?5?5?5?5?5?5?5?1?1?5to?5capture?5this?4?$AA@ 100a0e78     tzwebgl1.obj
 0003:00000e9c       ??_C@_0DJ@MOGK@?5?5?5?5?5?5?5?5?5?1?1?5in?5case?5we?5want?5to?5c@ 100a0e9c     tzwebgl1.obj
 0003:00000ee0       ??_C@_0DL@GBGD@?5?5?5?5?5?5?5?5?5?1?1?5Right?5now?5we?5are?5not@ 100a0ee0     tzwebgl1.obj
 0003:00000f28       ??_C@_0DK@DDEG@?5?5?5?5?5?5?5?5?5?1?1?5there?5must?5be?5a?5peri@ 100a0f28     tzwebgl1.obj
 0003:00000f70       ??_C@_0DM@PKAN@?5?5?5?5?5?5?5?5?5?1?1?5If?5x?5?$DO?5l?5then?5the?5fi@ 100a0f70     tzwebgl1.obj
 0003:00000fb8       ??_C@_0CO@JEIE@?5?5?5?5?5?5?5?5?5x?5?$DN?5sDownloadFile?4lastI@ 100a0fb8     tzwebgl1.obj
 0003:00000ff0       ??_C@_0CN@MOPK@?5?5?5?5?5?5?5?5?5l?5?$DN?5sDownloadFile?4lastI@ 100a0ff0     tzwebgl1.obj
 0003:00001028       ??_C@_0DM@KHMC@?5?5?5?5?5?5?5?5?5sDownloadFile?5?$DN?5sDownlo@ 100a1028     tzwebgl1.obj
 0003:00001070       ??_C@_0CA@BBJI@?5?5?5?5?5?5?5?5?5?1?1?5Replace?5any?5quotes?4?$AA@ 100a1070     tzwebgl1.obj
 0003:00001098       ??_C@_0CJ@OGNB@?4TraceLine?$CI?5?$FOEntity?5does?5not?5exi@ 100a1098     tzwebgl1.obj
 0003:000010cc       ??_C@_0DF@CCLF@?4TraceLine?$CI?5?$FODownload?5File?5Name?3@ 100a10cc     tzwebgl1.obj
 0003:0000110c       ??_C@_0N@FFAI@?5?5?5?5?5?5?5?5?5?5?5?5?$AA@ 100a110c     tzwebgl1.obj
 0003:0000111c       ??_C@_03GEOI@?5?$CJ?$DL?$AA@ 100a111c     tzwebgl1.obj
 0003:00001120       ??_C@_07NAFL@?$FO?0?5?$FO?$FO?0?5?$AA@ 100a1120     tzwebgl1.obj
 0003:0000112c       ??_C@_0DC@HDCH@?4GetStringFromAttributeByContext@ 100a112c     tzwebgl1.obj
 0003:00001168       ??_C@_0BN@HPJJ@?5?5?5?5?5?5?5?5?5?5?5?5sDownloadFile?5?$DN?5?$AA@ 100a1168     tzwebgl1.obj
 0003:0000118c       ??_C@_03GFKF@254?$AA@      100a118c     tzwebgl1.obj
 0003:00001190       ??_C@_01FLOP@I?$AA@        100a1190     tzwebgl1.obj
 0003:00001194       ??_C@_0BB@JMAC@CtrlMapER_Domain?$AA@ 100a1194     tzwebgl1.obj
 0003:000011a8       ??_C@_0N@FPPC@MaxStringLth?$AA@ 100a11a8     tzwebgl1.obj
 0003:000011b8       ??_C@_0CC@IDPG@?5?5?5?5?5?5?1?1?5Download?5File?5Processin@ 100a11b8     tzwebgl1.obj
 0003:000011e0       ??_C@_02IHLC@?5?5?$AA@     100a11e0     tzwebgl1.obj
 0003:000011e4       ??_C@_0DP@CDDF@?5?5?5?5?5?5vAppSubtask?4TraceLine?$CI?5?$FORe@ 100a11e4     tzwebgl1.obj
 0003:00001230       ??_C@_0DK@LHJC@?5?5?5?5?5?5strURL?5?$DN?5response?4encodeRe@ 100a1230     tzwebgl1.obj
 0003:00001278       ??_C@_06FIGI@?4jsp?$FO?$DL?$AA@ 100a1278     tzwebgl1.obj
 0003:00001280       ??_C@_0BJ@NLBD@?5?5?5?5?5?5?5?5?5strLastPage?5?$DN?5?$FO?$AA@ 100a1280     tzwebgl1.obj
 0003:000012a0       ??_C@_0CN@GBLE@?5?5?5?5?5?5?5?5?5strLastPage?5?$DN?5strLastPa@ 100a12a0     tzwebgl1.obj
 0003:000012d8       ??_C@_0FE@FEGI@?5?5?5?5?5?5?5?5?5vKZXMLPGO?4DeleteEntity?$CI@ 100a12d8     tzwebgl1.obj
 0003:0000133c       ??_C@_0FI@IAA@?5?5?5?5?5?5?5?5?5strLastPage?5?$DN?5vKZXMLPGO@ 100a133c     tzwebgl1.obj
 0003:000013a8       ??_C@_0EK@OGMO@?5?5?5?5?5?5nRC?5?$DN?5vKZXMLPGO?4CheckExist@ 100a13a8     tzwebgl1.obj
 0003:00001400       ??_C@_0BP@OOD@?5?5?5?5?5?5?1?1?5Return?5to?5Last?5Window?$AA@ 100a1400     tzwebgl1.obj
 0003:00001428       ??_C@_0DN@DBBL@?5?5?5?5?5?5nRC?5?$DN?50?$DL?5?5?1?1?5No?5redirectio@ 100a1428     tzwebgl1.obj
 0003:00001474       ??_C@_0EF@PHLE@?5?5?5?5?5?5strPopupWindowSZY?5?$DN?5reques@ 100a1474     tzwebgl1.obj
 0003:000014c8       ??_C@_0EF@KIFE@?5?5?5?5?5?5strPopupWindowSZX?5?$DN?5reques@ 100a14c8     tzwebgl1.obj
 0003:0000151c       ??_C@_0EH@CJJA@?5?5?5?5?5?5strOpenPopupWindow?5?$DN?5reque@ 100a151c     tzwebgl1.obj
 0003:00001574       ??_C@_0DL@CPAE@?5?5?5?5?5?5nRC?5?$DN?50?$DL?5?5?1?1?5Don?8t?5need?5to@ 100a1574     tzwebgl1.obj
 0003:000015bc       ??_C@_0EK@ECBF@?5?5?5?5?5?5vKZXMLPGO?4SetAttribute?$CI?5st@ 100a15bc     tzwebgl1.obj
 0003:00001614       ??_C@_0FA@COOM@?5?5?5?5?5?5vKZXMLPGO?4CreateEntity?$CI?5st@ 100a1614     tzwebgl1.obj
 0003:00001674       ??_C@_0EE@JOCA@?5?5?5?5?5?5vAppSubtask?4TraceLine?$CI?5?$FONe@ 100a1674     tzwebgl1.obj
 0003:000016c8       ??_C@_0L@CJHF@WindowName?$AA@ 100a16c8     tzwebgl1.obj
 0003:000016d8       ??_C@_0L@IKFC@DialogName?$AA@ 100a16d8     tzwebgl1.obj
 0003:000016e8       ??_C@_0DF@DMLG@?5?5?5?5?5?5strURL?5?$DN?5response?4encodeRe@ 100a16e8     tzwebgl1.obj
 0003:00001728       ??_C@_0BF@NOKI@?5?5?5?5?5?5?1?1?5Next?5Window?$AA@ 100a1728     tzwebgl1.obj
 0003:00001744       ??_C@_0CG@NGAI@?5?5?5?5?5?5nRC?5?$DN?51?$DL?5?5?1?1?5do?5the?5redire@ 100a1744     tzwebgl1.obj
 0003:00001774       ??_C@_08NGP@?4jsp?$FO?5?$CJ?$DL?$AA@ 100a1774     tzwebgl1.obj
 0003:00001780       ??_C@_0CN@MJGA@?5?5?5?5?5?5strURL?5?$DN?5response?4encodeRe@ 100a1780     tzwebgl1.obj
 0003:000017b8       ??_C@_0CF@PCLC@?5?5?5?5?5?5?1?1?5Stay?5on?5Window?5with?5Ref@ 100a17b8     tzwebgl1.obj
 0003:000017e4       ??_C@_0DD@PCFI@?5?5?5?5?5?5vAppSubtask?4SetName?$CI?5strSe@ 100a17e4     tzwebgl1.obj
 0003:00001824       ??_C@_0CJ@KBBF@?5?5?5?5?5?5?5?5?5nRC?5?$DN?51?$DL?5?5?1?1?5do?5the?5red@ 100a1824     tzwebgl1.obj
 0003:00001858       ??_C@_0FA@HGHE@?5?5?5?5?5?5?5?5?5?5?5?5vKZXMLPGO?4SetAttribu@ 100a1858     tzwebgl1.obj
 0003:000018b8       ??_C@_0FG@JMO@?5?5?5?5?5?5?5?5?5?5?5?5vKZXMLPGO?4CreateEnti@ 100a18b8     tzwebgl1.obj
 0003:00001920       ??_C@_0DL@BFIJ@?5?5?5?5?5?5?5?5?5if?5?$CI?5strFunctionCall?4eq@ 100a1920     tzwebgl1.obj
 0003:00001968       ??_C@_0CC@HIKL@?5?5?5?5?5?5?5?5?5?5?5?5strFunctionCall?5?$DN?5?$FO?$FO@ 100a1968     tzwebgl1.obj
 0003:00001990       ??_C@_0O@JPJH@?5?5?5?5?5?5?5?5?5else?$AA@ 100a1990     tzwebgl1.obj
 0003:000019a0       ??_C@_0GH@IIOJ@?5?5?5?5?5?5?5?5?5?5?5?5strFunctionCall?5?$DN?5vK@ 100a19a0     tzwebgl1.obj
 0003:00001a1c       ??_C@_0FF@FBFF@?5?5?5?5?5?5?5?5?5nRC?5?$DN?5vKZXMLPGO?4CheckEx@ 100a1a1c     tzwebgl1.obj
 0003:00001a84       ??_C@_0EH@EFGJ@?5?5?5?5?5?5?5?5?5vAppSubtask?4TraceLine?$CI?5@ 100a1a84     tzwebgl1.obj
 0003:00001adc       ??_C@_0EB@DKPP@?5?5?5?5?5?5?5?5?5strURL?5?$DN?5response?4encod@ 100a1adc     tzwebgl1.obj
 0003:00001b2c       ??_C@_0EN@CFCA@?5?5?5?5?5?5?5?5?5vKZXMLPGO?4DeleteEntity?$CI@ 100a1b2c     tzwebgl1.obj
 0003:00001b88       ??_C@_0ED@JLBN@?5?5?5?5?5?5?5?5?5strNextJSP_Name?5?$DN?5strDi@ 100a1b88     tzwebgl1.obj
 0003:00001bd8       ??_C@_0GA@NBBC@?5?5?5?5?5?5?5?5?5strWindowName?5?$DN?5vKZXMLP@ 100a1bd8     tzwebgl1.obj
 0003:00001c4c       ??_C@_0GA@DLKD@?5?5?5?5?5?5?5?5?5strDialogName?5?$DN?5vKZXMLP@ 100a1c4c     tzwebgl1.obj
 0003:00001cc0       ??_C@_0BG@CBHL@?5?5?5?5?5?5if?5?$CI?5nRC?5?$DO?$DN?50?5?$CJ?$AA@ 100a1cc0     tzwebgl1.obj
 0003:00001cdc       ??_C@_0FC@DFNB@?5?5?5?5?5?5nRC?5?$DN?5vKZXMLPGO?4CheckExist@ 100a1cdc     tzwebgl1.obj
 0003:00001d40       ??_C@_0BN@HNFB@?5?5?5?5?5?5?1?1?5Dynamic?5Next?5Window?$AA@ 100a1d40     tzwebgl1.obj
 0003:00001d64       ??_C@_08DBLF@?5?5?5?5?5?5?$HN?5?$AA@ 100a1d64     tzwebgl1.obj
 0003:00001d70       ??_C@_0CA@DOCI@?5?5?5?5?5?5?5?5?5out?4println?$CI?$FOerror?$FO?$CJ?$DL?5?$AA@ 100a1d70     tzwebgl1.obj
 0003:00001d98       ??_C@_0CI@LLLJ@?5?5?5?5?5?5?$HNcatch?$CIInterruptedExceptio@ 100a1d98     tzwebgl1.obj
 0003:00001dc8       ??_C@_0BO@HKCE@?5?5?5?5?5?5?5?5?5Thread?4sleep?$CI5000?$CJ?$DL?5?$AA@ 100a1dc8     tzwebgl1.obj
 0003:00001dec       ??_C@_0M@8?5?5?5?5?5?5try?$HL?5?$AA@ 100a1dec     tzwebgl1.obj
 0003:00001dfc       ??_C@_07PEG@?$FO?0?50?5?$CJ?$DL?$AA@ 100a1dfc     tzwebgl1.obj
 0003:00001e08       ??_C@_0L@DLBM@?5?5?$FO?0?5?$FO?$FO?5?$CJ?$DL?$AA@ 100a1e08     tzwebgl1.obj
 0003:00001e18       ??_C@_01PJCK@?4?$AA@       100a1e18     tzwebgl1.obj
 0003:00001e1c       ??_C@_0DE@NJIO@?5?5?5?5?5?5vAppSubtask?4TraceLine?$CI?5?$FOCa@ 100a1e1c     tzwebgl1.obj
 0003:00001e5c       ??_C@_0P@IOJN@?5?5?5?5?5?5nRC?5?$DN?50?$DL?$AA@ 100a1e5c     tzwebgl1.obj
 0003:00001e70       ??_C@_0BK@NMPI@?5?5?5?5?5?5?1?1?5Action?5Operation?$AA@ 100a1e70     tzwebgl1.obj
 0003:00001e90       ??_C@_0CO@BAN@?5?5?5?5?5?5?5?5?5vAppSubtask?4TraceLine?$CI?5@ 100a1e90     tzwebgl1.obj
 0003:00001ec8       ??_C@_0L@OBGC@?5?5?5?5?5?5?5?5?5?$HN?$AA@ 100a1ec8     tzwebgl1.obj
 0003:00001ed8       ??_C@_0O@CAHG@?5?5?5?5?5?5?5?5?5?5?5?5?$HN?$AA@ 100a1ed8     tzwebgl1.obj
 0003:00001ee8       ??_C@_0CA@JLJO@?4SetCursorNext?$CI?5strSessionId?0?5?$FO?$AA@ 100a1ee8     tzwebgl1.obj
 0003:00001f10       ??_C@_0BK@MCHM@?5?5?5?5?5?5?5?5?5?5?5?5?5?5?5?5?5?5nRCk?5?$DN?5?$AA@ 100a1f10     tzwebgl1.obj
 0003:00001f30       ??_C@_0BE@BOG@?5?5?5?5?5?5?5?5?5?5?5?5?5?5?5else?$AA@ 100a1f30     tzwebgl1.obj
 0003:00001f48       ??_C@_0BB@EGAF@?5?5?5?5?5?5?5?5?5?5?5?5?5?5?5?$HN?$AA@ 100a1f48     tzwebgl1.obj
 0003:00001f5c       ??_C@_0BN@DMAA@?5?5?5?5?5?5?5?5?5?5?5?5?5?5?5?5?5?5nRCk?5?$DN?5?91?$DL?$AA@ 100a1f5c     tzwebgl1.obj
 0003:00001f80       ??_C@_0FH@MNIK@?5?5?5?5?5?5?5?5?5?5?5?5?5?5?5?5?5?5?1?1?5Stop?5while?5@ 100a1f80     tzwebgl1.obj
 0003:00001fe8       ??_C@_0BB@LJHH@?5?5?5?5?5?5?5?5?5?5?5?5?5?5?5?$HL?$AA@ 100a1fe8     tzwebgl1.obj
 0003:00001ffc       ??_C@_0DE@GMFD@?5?5?5?5?5?5?5?5?5?5?5?5?5?5?5if?5?$CI?5strKey?4equal@ 100a1ffc     tzwebgl1.obj
 0003:0000203c       ??_C@_0DD@FLMO@?5?5?5?5?5?5?5?5?5?5?5?5?5?5?5strKey?5?$DN?5Integer?4@ 100a203c     tzwebgl1.obj
 0003:0000207c       ??_C@_0BP@EALJ@?4GetEntityKey?$CI?5strSessionId?0?5?$FO?$AA@ 100a207c     tzwebgl1.obj
 0003:000020a4       ??_C@_0BI@EKME@?5?5?5?5?5?5?5?5?5?5?5?5?5?5?5lEKey?5?$DN?5?$AA@ 100a20a4     tzwebgl1.obj
 0003:000020c0       ??_C@_0O@NPAE@?5?5?5?5?5?5?5?5?5?5?5?5?$HL?$AA@ 100a20c0     tzwebgl1.obj
 0003:000020d0       ??_C@_0CA@IMLC@?5?5?5?5?5?5?5?5?5?5?5?5while?5?$CI?5nRCk?5?$DO?$DN?50?5?$CJ?$AA@ 100a20d0     tzwebgl1.obj
 0003:000020f8       ??_C@_08IKFA@?$FO?0?5?$FO?$FO?5?$CJ?$DL?$AA@ 100a20f8     tzwebgl1.obj
 0003:00002104       ??_C@_0CB@LFJA@?4SetCursorFirst?$CI?5strSessionId?0?5?$FO@ 100a2104     tzwebgl1.obj
 0003:0000212c       ??_C@_0BE@BCLM@?5?5?5?5?5?5?5?5?5?5?5?5nRCk?5?$DN?5?$AA@ 100a212c     tzwebgl1.obj
 0003:00002144       ??_C@_0FF@LBDJ@?5?5?5?5?5?5?5?5?5?1?1?5This?5is?5temp?5code?5be@ 100a2144     tzwebgl1.obj
 0003:000021ac       ??_C@_0L@BOBA@?5?5?5?5?5?5?5?5?5?$HL?$AA@ 100a21ac     tzwebgl1.obj
 0003:000021bc       ??_C@_0BI@KPDO@?5?5?5?5?5?5?5?5?5if?5?$CI?5nRC?5?$DM?50?5?$CJ?$AA@ 100a21bc     tzwebgl1.obj
 0003:000021d8       ??_C@_0BD@LCJO@?$FO?0?5strEntityKey?5?$CJ?$DL?$AA@ 100a21d8     tzwebgl1.obj
 0003:000021f0       ??_C@_0CF@NFMM@?4SetCursorEntityKey?$CI?5strSessionI@ 100a21f0     tzwebgl1.obj
 0003:0000221c       ??_C@_0BO@KLIF@?5View?5Key?3?5?$FO?0?5strEntityKey?5?$CJ?$DL?$AA@ 100a221c     tzwebgl1.obj
 0003:00002240       ??_C@_0CG@FEPJ@?5?5?5?5?5?5?5?5?5vAppSubtask?4TraceLine?$CI?5@ 100a2240     tzwebgl1.obj
 0003:00002270       ??_C@_0BF@MOFB@?5?5?5?5?5?5if?5?$CI?5nRC?5?$DO?50?5?$CJ?$AA@ 100a2270     tzwebgl1.obj
 0003:0000228c       ??_C@_0FA@EGMN@?5?5?5?5?5?5String?5strEntityKey?5?$DN?5?$CIStr@ 100a228c     tzwebgl1.obj
 0003:000022ec       ??_C@_0DP@HHAC@?5?5?5?5?5?5?1?1?5Position?5on?5the?5entity?5@ 100a22ec     tzwebgl1.obj
 0003:00002338       ??_C@_0BC@CKIG@CtrlMapLOD_Entity?$AA@ 100a2338     tzwebgl1.obj
 0003:00002350       ??_C@_0N@CCGH@GridComboCtl?$AA@ 100a2350     tzwebgl1.obj
 0003:00002360       ??_C@_08EIKH@ComboBox?$AA@ 100a2360     tzwebgl1.obj
 0003:0000236c       ??_C@_09LDOO@BitmapBtn?$AA@ 100a236c     tzwebgl1.obj
 0003:00002378       ??_C@_06KLJN@Bitmap?$AA@   100a2378     tzwebgl1.obj
 0003:00002380       ??_C@_0M@OEDG@GridEditCtl?$AA@ 100a2380     tzwebgl1.obj
 0003:00002390       ??_C@_07BH@PushBtn?$AA@    100a2390     tzwebgl1.obj
 0003:0000239c       ??_C@_0M@HLHC@vDialogTemp?$AA@ 100a239c     tzwebgl1.obj
 0003:000023ac       ??_C@_07MCNN@ActCtrl?$AA@  100a23ac     tzwebgl1.obj
 0003:000023b8       ??_C@_0BC@GGPL@?5?5?5?5?5?5?5?5?5nRC?5?$DN?50?$DL?$AA@ 100a23b8     tzwebgl1.obj
 0003:000023d0       ??_C@_0DJ@FPHI@?5?5?5?5?5?5?5?5?5?1?1?5No?5redirection?0?5we?5a@ 100a23d0     tzwebgl1.obj
 0003:00002414       ??_C@_0FI@OOOM@?5?5?5?5?5?5?5?5?5strErrorMsg?5?$DN?5?$FOYou?5type@ 100a2414     tzwebgl1.obj
 0003:00002480       ??_C@_0DA@NBAB@?5?5?5?5?5?5?5?5?5strErrorTitle?5?$DN?5?$FOINCORR@ 100a2480     tzwebgl1.obj
 0003:000024bc       ??_C@_0FB@FHBH@?5?5?5?5?5?5?5?5?5?1?1?5The?5user?5has?5not?5ent@ 100a24bc     tzwebgl1.obj
 0003:00002520       ??_C@_0DJ@OMFG@?5?5?5?5?5?5?5?5?5vAppSubtask?4TraceLine?$CI?$FO@ 100a2520     tzwebgl1.obj
 0003:00002564       ??_C@_0BP@LBFB@?5?5?5?5?5?5if?5?$CIresponse2?4isValid?$CI?$CJ?$CJ?$AA@ 100a2564     tzwebgl1.obj
 0003:0000258c       ??_C@_0LH@CAIA@?5?5?5?5?5?5ReCaptchaResponse?5response@ 100a258c     tzwebgl1.obj
 0003:00002668       ??_C@_0L@GPMM@?$FO?0?5false?$CJ?$DL?$AA@ 100a2668     tzwebgl1.obj
 0003:00002678       ??_C@_0DK@CBB@?5?5?5?5?5?5ReCaptcha?5captcha?5?$DN?5ReCapt@ 100a2678     tzwebgl1.obj
 0003:000026c0       ??_C@_0BH@EPDG@WebreCAPTCHAPrivateKey?$AA@ 100a26c0     tzwebgl1.obj
 0003:000026dc       ??_C@_0BG@LKLJ@WebreCAPTCHAPublicKey?$AA@ 100a26dc     tzwebgl1.obj
 0003:000026f8       ??_C@_09MKFK@reCAPTCHA?$AA@ 100a26f8     tzwebgl1.obj
 0003:00002704       ??_C@_0BF@IOBL@?5?5?5?5?5?5if?5?$CI?5nRC?5?$DM?50?5?$CJ?$AA@ 100a2704     tzwebgl1.obj
 0003:00002720       ??_C@_0DN@JCIM@?5?5?5?5?5?5nRC?5?$DN?5DoInputMapping?$CI?5requ@ 100a2720     tzwebgl1.obj
 0003:0000276c       ??_C@_0BH@BCED@?5?5?5?5?5?5?1?1?5Input?5Mapping?$AA@ 100a276c     tzwebgl1.obj
 0003:00002788       ??_C@_05NOBG@NoMap?$AA@    100a2788     tzwebgl1.obj
 0003:00002790       ??_C@_0BH@PJBD@?$FO?0?5strInputFileName?5?$CJ?$DL?$AA@ 100a2790     tzwebgl1.obj
 0003:000027ac       ??_C@_0BP@CGMA@?4SetAttribute?$CI?5strSessionId?0?5?$FO?$AA@ 100a27ac     tzwebgl1.obj
 0003:000027d4       ??_C@_0BD@NBJP@?5?5?5?5?5?5?5?5?5?5?5?5nRC?5?$DN?5?$AA@ 100a27d4     tzwebgl1.obj
 0003:000027ec       ??_C@_0BJ@FEFK@?5?5?5?5?5?5?5?5?5if?5?$CI?5nRC?5?$DO?$DN?50?5?$CJ?$AA@ 100a27ec     tzwebgl1.obj
 0003:0000280c       ??_C@_0BF@EFID@CtrlMapRelatedEntity?$AA@ 100a280c     tzwebgl1.obj
 0003:00002828       ??_C@_0CJ@CFBF@?4CheckExistenceOfEntity?$CI?5strSess@ 100a2828     tzwebgl1.obj
 0003:0000285c       ??_C@_0BA@NDHH@?5?5?5?5?5?5?5?5?5nRC?5?$DN?5?$AA@ 100a285c     tzwebgl1.obj
 0003:00002870       ??_C@_0CA@HEHB@?4TraceLine?$CI?5?$FOInvalid?5View?3?5?$FO?0?5?$FO?$AA@ 100a2870     tzwebgl1.obj
 0003:00002898       ??_C@_09EBOI@?5?5?5?5?5?5?5?5?5?$AA@ 100a2898     tzwebgl1.obj
 0003:000028a4       ??_C@_0BG@KDL@?5?5?5?5?5?5if?5?$CI?5nRC?5?$DM?$DN?50?5?$CJ?$AA@ 100a28a4     tzwebgl1.obj
 0003:000028c0       ??_C@_0BC@MOBH@?$FO?0?5vAppSubtask?5?$CJ?$DL?$AA@ 100a28c0     tzwebgl1.obj
 0003:000028d8       ??_C@_0BK@CPMA@?4GetView?$CI?5strSessionId?0?5?$FO?$AA@ 100a28d8     tzwebgl1.obj
 0003:000028f8       ??_C@_0N@KAON@?5?5?5?5?5?5nRC?5?$DN?5?$AA@ 100a28f8     tzwebgl1.obj
 0003:00002908       ??_C@_0BF@KOMI@CtrlMapLOD_Attribute?$AA@ 100a2908     tzwebgl1.obj
 0003:00002924       ??_C@_07KJOA@EditBox?$AA@  100a2924     tzwebgl1.obj
 0003:00002930       ??_C@_0BD@OGGF@?5?5?5?5?5?5?5?5?5nRC?5?$DN?5?91?$DL?$AA@ 100a2930     tzwebgl1.obj
 0003:00002948       ??_C@_0FA@KAFJ@?5?5?5?5?5?5?5?5?5vAppSubtask?4TraceLine?$CI?5@ 100a2948     tzwebgl1.obj
 0003:000029a8       ??_C@_0EB@EAFC@?5?5?5?5?5?5?5?5?5session?4setAttribute?$CI?5?$FO@ 100a29a8     tzwebgl1.obj
 0003:000029f8       ??_C@_0EF@OBGH@?5?5?5?5?5?5?5?5?5strErrorMsg?5?$DN?5?$FOY?2tFile?2@ 100a29f8     tzwebgl1.obj
 0003:00002a4c       ??_C@_0CB@HFBE@?5?5?5?5?5?5if?5?$CI?5iFileLth?5?$DO?510485760?5?$CJ@ 100a2a4c     tzwebgl1.obj
 0003:00002a74       ??_C@_0BI@COIG@File?5Transfer?5to?5Server?$AA@ 100a2a74     tzwebgl1.obj
 0003:00002a90       ??_C@_0CF@MFHC@?5?$DN?5new?5zeidon?4zView?$CI?5strSessionI@ 100a2a90     tzwebgl1.obj
 0003:00002abc       ??_C@_0BE@EIDP@?5?5?5?5?5?5zeidon?4zView?5?$AA@ 100a2abc     tzwebgl1.obj
 0003:00002ad4       ??_C@_0M@KDOF@CtrlMapView?$AA@ 100a2ad4     tzwebgl1.obj
 0003:00002ae4       ??_C@_0FH@OGJ@The?5Control?5with?5?8Download?5File?8@ 100a2ae4     tzwebgl1.obj
 0003:00002b4c       ??_C@_0BE@IKJH@CtrlMapER_Attribute?$AA@ 100a2b4c     tzwebgl1.obj
 0003:00002b64       ??_C@_0BJ@PFJL@Download?5File?5Generation?$AA@ 100a2b64     tzwebgl1.obj
 0003:00002b84       ??_C@_0DO@HDJC@The?5Control?5with?5?8Download?5File?8@ 100a2b84     tzwebgl1.obj
 0003:00002bd0       ??_C@_0N@COME@?5?5?5?5?5?5int?5x?$DL?$AA@ 100a2bd0     tzwebgl1.obj
 0003:00002be0       ??_C@_0N@BOMH@?5?5?5?5?5?5int?5l?$DL?$AA@ 100a2be0     tzwebgl1.obj
 0003:00002bf0       ??_C@_0CA@EAFD@?5?5?5?5?5?5String?5sExtension?5?$DN?5null?$DL?$AA@ 100a2bf0     tzwebgl1.obj
 0003:00002c18       ??_C@_0CJ@GPNN@?5?5?5?5?5?5String?5sSourceFileNameOnly@ 100a2c18     tzwebgl1.obj
 0003:00002c4c       ??_C@_0CD@MJDB@?5?5?5?5?5?5String?5sDownloadFile?5?$DN?5nul@ 100a2c4c     tzwebgl1.obj
 0003:00002c78       ??_C@_0DE@HBJB@?5?5?5?5?5?5vAppSubtask?4DropName?$CI?5strS@ 100a2c78     tzwebgl1.obj
 0003:00002cb8       ??_C@_0EJ@HLIH@?5?5?5?5?5?5strURL?5?$DN?5vAppSubtask?4MakeW@ 100a2cb8     tzwebgl1.obj
 0003:00002d10       ??_C@_08JAPK@EventAct?$AA@ 100a2d10     tzwebgl1.obj
 0003:00002d1c       ??_C@_0M@EOKN@vDialogCtrl?$AA@ 100a2d1c     tzwebgl1.obj
 0003:00002d2c       ??_C@_0BA@DLMM@?5?5?5?5?5?5?5?5?5break?$DL?$AA@ 100a2d2c     tzwebgl1.obj
 0003:00002d40       ??_C@_0DB@KNDO@?5?5?5?5?5?5?5?5?5nRC?5?$DN?52?$DL?5?5?1?1?5do?5the?5?$FOer@ 100a2d40     tzwebgl1.obj
 0003:00002d7c       ??_C@_0BJ@GBNG@?5?5?5?5?5?5if?5?$CI?5nOptRC?5?$DN?$DN?52?5?$CJ?$AA@ 100a2d7c     tzwebgl1.obj
 0003:00002d9c       ??_C@_07CKBE@?$FO?0?51?5?$CJ?$DL?$AA@ 100a2d9c     tzwebgl1.obj
 0003:00002da8       ??_C@_04BMMK@?$FO?0?5?$FO?$AA@ 100a2da8     tzwebgl1.obj
 0003:00002db0       ??_C@_0EA@CGIN@?5?5?5?5?5?5nOptRC?5?$DN?5vAppSubtask?4CallD@ 100a2db0     tzwebgl1.obj
 0003:00002dfc       ??_C@_06FPEO@Dialog?$AA@   100a2dfc     tzwebgl1.obj
 0003:00002e04       ??_C@_0GB@EBFN@?5?5?5?5?5?5?1?1?5these?5operations?5need?5t@ 100a2e04     tzwebgl1.obj
 0003:00002e78       ??_C@_0FO@PFDB@?5?5?5?5?5?5?1?1?5These?5are?5called?5becaus@ 100a2e78     tzwebgl1.obj
 0003:00002ee8       ??_C@_0CH@GBJ@?5?5?5?5?5?5?1?1?5Prebuild?1Posbuild?5Opera@ 100a2ee8     tzwebgl1.obj
 0003:00002f18       ??_C@_07DMBJ@ActOper?$AA@  100a2f18     tzwebgl1.obj
 0003:00002f24       ??_C@_04FCOP@Type?$AA@     100a2f24     tzwebgl1.obj
 0003:00002f2c       ??_C@_0M@PBMH@ActWndEvent?$AA@ 100a2f2c     tzwebgl1.obj
 0003:00002f3c       ??_C@_06NMFG@Action?$AA@   100a2f3c     tzwebgl1.obj
 0003:00002f44       ??_C@_06FCEH@Window?$AA@   100a2f44     tzwebgl1.obj
 0003:00002f4c       ??_C@_0BL@EL@WEB_UnregisterZeidonWindow?$AA@ 100a2f4c     tzwebgl1.obj
 0003:00002f6c       ??_C@_04JADA@?$FO?5?$CJ?$DL?$AA@ 100a2f6c     tzwebgl1.obj
 0003:00002f74       ??_C@_0CO@KGFP@?5?5?5?5?5?5session?4setAttribute?$CI?5?$FOZei@ 100a2f74     tzwebgl1.obj
 0003:00002fac       ??_C@_0BB@LNKO@?5?5?5?5?5?5bDone?5?$DN?51?$DL?$AA@ 100a2fac     tzwebgl1.obj
 0003:00002fc0       ??_C@_05JJFN@?$FO?5?$CJ?5?$CJ?$AA@ 100a2fc0     tzwebgl1.obj
 0003:00002fc8       ??_C@_0DG@ELK@?5?5?5while?5?$CI?5bDone?5?$DN?$DN?50?5?$CG?$CG?5strActi@ 100a2fc8     tzwebgl1.obj
 0003:00003008       ??_C@_01OAK@N?$AA@         100a3008     tzwebgl1.obj
 0003:0000300c       ??_C@_0BD@LJHE@position?3relative?$DL?$AA@ 100a300c     tzwebgl1.obj
 0003:00003024       ??_C@_0L@FBOC@px?$DLheight?3?$AA@ 100a3024     tzwebgl1.obj
 0003:00003034       ??_C@_06DHPL@width?3?$AA@  100a3034     tzwebgl1.obj
 0003:0000303c       ??_C@_07DEAD@SZDLG_Y?$AA@  100a303c     tzwebgl1.obj
 0003:00003048       ??_C@_07JOJE@SZDLG_X?$AA@  100a3048     tzwebgl1.obj
 0003:00003054       ??_C@_07OOOK@style?$DN?$FO?$AA@ 100a3054     tzwebgl1.obj
 0003:00003060       ??_C@_0P@LOLP@?4selectedIndex?$AA@ 100a3060     tzwebgl1.obj
 0003:00003074       ??_C@_0L@BGKA@OnClick?$CI?5?$CJ?$AA@ 100a3074     tzwebgl1.obj
 0003:00003084       ??_C@_07NOMM@ListBox?$AA@  100a3084     tzwebgl1.obj
 0003:00003090       ??_C@_0BG@KLAD@ZEIDON_ComboBoxSubmit?$AA@ 100a3090     tzwebgl1.obj
 0003:000030ac       ??_C@_0M@KMML@?4submit?$CI?5?$CJ?$DL?$AA@ 100a30ac     tzwebgl1.obj
 0003:000030bc       ??_C@_02FCDG@?$FO?$DL?$AA@ 100a30bc     tzwebgl1.obj
 0003:000030c0       ??_C@_0BD@DEMM@?4zAction?4value?5?$DN?5?$FO?$AA@ 100a30c0     tzwebgl1.obj
 0003:000030d8       ??_C@_0CL@NGHG@?5?5?5?5?5?5document?4body?4style?4cursor@ 100a30d8     tzwebgl1.obj
 0003:0000310c       ??_C@_0CE@MFMH@?5?5?5?5?5?5_DisableFormElements?$CI?5true@ 100a310c     tzwebgl1.obj
 0003:00003138       ??_C@_0DB@EECK@?5?5?5?5?5?5?1?1?5END?5of?5Javascript?5code?5@ 100a3138     tzwebgl1.obj
 0003:00003174       ??_C@_0CK@GOCN@?5?5?5?5?5?5?1?1?5Javascript?5code?5entered@ 100a3174     tzwebgl1.obj
 0003:000031a8       ??_C@_0O@EIME@WebJavaScript?$AA@ 100a31a8     tzwebgl1.obj
 0003:000031b8       ??_C@_0CO@JCJO@?5?5?5?5?5?5hControl?4value?5?$DN?5Control?4s@ 100a31b8     tzwebgl1.obj
 0003:000031f0       ??_C@_0BA@OFCP@?4selectedIndex?$DL?$AA@ 100a31f0     tzwebgl1.obj
 0003:00003204       ??_C@_0CH@LDBJ@?4zTableRowSelect?4value?5?$DN?5strEnti@ 100a3204     tzwebgl1.obj
 0003:00003234       ??_C@_0CG@BHNN@?5?5?5?5?5?5hControl?4value?5?$DN?5Control?4v@ 100a3234     tzwebgl1.obj
 0003:00003264       ??_C@_07MJFA@?4value?$DL?$AA@ 100a3264     tzwebgl1.obj
 0003:00003270       ??_C@_09ELHD@document?4?$AA@ 100a3270     tzwebgl1.obj
 0003:0000327c       ??_C@_09KDBE@?4value?5?$DN?5?$AA@ 100a327c     tzwebgl1.obj
 0003:00003288       ??_C@_02LEGB@?4h?$AA@      100a3288     tzwebgl1.obj
 0003:0000328c       ??_C@_0BA@CMAJ@?5?5?5?5?5?5document?4?$AA@ 100a328c     tzwebgl1.obj
 0003:000032a0       ??_C@_0O@JCDN@?5?5?5?5?5?5return?$DL?$AA@ 100a32a0     tzwebgl1.obj
 0003:000032b0       ??_C@_0N@KACM@?$CJ?5?$DN?$DN?5false?5?$CJ?$AA@ 100a32b0     tzwebgl1.obj
 0003:000032c0       ??_C@_0CD@JCED@?5?5?5if?5?$CIisChangedComboBox?$CIdocumen@ 100a32c0     tzwebgl1.obj
 0003:000032ec       ??_C@_0BG@LGIN@?$CI?5hControl?0?5Control?5?$CJ?$AA@ 100a32ec     tzwebgl1.obj
 0003:00003308       ??_C@_0CE@ELHC@?$CI?5hControl?0?5Control?0?5strEntityKe@ 100a3308     tzwebgl1.obj
 0003:00003334       ??_C@_03KLPN@?$CI?5?$CJ?$AA@ 100a3334     tzwebgl1.obj
 0003:00003338       ??_C@_06LCPC@OnBlur?$AA@   100a3338     tzwebgl1.obj
 0003:00003340       ??_C@_08FEI@OnChange?$AA@  100a3340     tzwebgl1.obj
 0003:0000334c       ??_C@_05MJIN@Event?$AA@    100a334c     tzwebgl1.obj
 0003:00003354       ??_C@_0BE@GIKE@PSDLG_Y?5A?5PSDLG_X?5A?$AA@ 100a3354     tzwebgl1.obj
 0003:0000336c       ??_C@_0EB@HCHL@?4SetAttributeFromVariable?$CI?5strSI@ 100a336c     tzwebgl1.obj
 0003:000033bc       ??_C@_0DH@EAG@?5?5?5?5?5?5?5?5?5?5?5?5?5?5?5strTemp?5?$DN?5?$FOtxtCom@ 100a33bc     tzwebgl1.obj
 0003:00003400       ??_C@_0CP@MEDF@?5?5?5?5?5?5?5?5?5?5?5?5if?5?$CI?5strAllowComment@ 100a3400     tzwebgl1.obj
 0003:00003438       ??_C@_0BD@HMLJ@?5?5?5?5?5?5?5?5?5?5?5?5?5?5?5?5?5?$HN?$AA@ 100a3438     tzwebgl1.obj
 0003:00003450       ??_C@_0DI@IMF@?4TraceLine?$CI?5?$FODoInputMapping?5SetC@ 100a3450     tzwebgl1.obj
 0003:00003494       ??_C@_0BF@JJAG@?5?5?5?5?5?5?5?5?5?5?5?5?5?5?5?5?5?5?5?5?$AA@ 100a3494     tzwebgl1.obj
 0003:000034b0       ??_C@_0DF@DEPC@?4SetCursorNext?$CI?5strSID?0?5?$FOSurveyM@ 100a34b0     tzwebgl1.obj
 0003:000034f0       ??_C@_0BL@GIDD@?5?5?5?5?5?5?5?5?5?5?5?5?5?5?5?5?5?5?5?5nRC?5?$DN?5?$AA@ 100a34f0     tzwebgl1.obj
 0003:00003510       ??_C@_0BI@LICD@?5?5?5?5?5?5?5?5?5?5?5?5?5?5?5?5?5?5?5?5?5?5?5?$AA@ 100a3510     tzwebgl1.obj
 0003:0000352c       ??_C@_0FF@MODB@?5?5?5?5?5?5?5?5?5?5?5?5?5?5?5?5?5?5?5?5?5?5?5?5?5?5?5?5?5?5?5?5@ 100a352c     tzwebgl1.obj
 0003:00003594       ??_C@_0BL@HKPE@?5?5?5?5?5?5?5?5?5?5?5?5?5?5?5?5?5?5?5?5?5?5else?$AA@ 100a3594     tzwebgl1.obj
 0003:000035b4       ??_C@_0GG@JNHL@?5?5?5?5?5?5?5?5?5?5?5?5?5?5?5?5?5?5?5?5?5?5?5?5?5?5?5?5?5?5?5?5@ 100a35b4     tzwebgl1.obj
 0003:00003630       ??_C@_0FB@LAJG@?4SetAttributeFromVariable?$CI?5strSI@ 100a3630     tzwebgl1.obj
 0003:00003694       ??_C@_0BO@EBEP@?5?5?5?5?5?5?5?5?5?5?5?5?5?5?5?5?5?5?5?5?5?5?5nRC?5?$DN?5?$AA@ 100a3694     tzwebgl1.obj
 0003:000036b8       ??_C@_0DF@DDDD@?5?5?5?5?5?5?5?5?5?5?5?5?5?5?5?5?5?5?5?5if?5?$CI?5strQues@ 100a36b8     tzwebgl1.obj
 0003:000036f8       ??_C@_0DL@MFL@?5?5?5?5?5?5?5?5?5?5?5?5?5?5?5?5?5?5?5?5?1?1if?5?$CI?5?$CBstrQ@ 100a36f8     tzwebgl1.obj
 0003:00003740       ??_C@_0EA@NPID@?4TraceLine?$CI?5?$FO?$CK?$CK?$CK?$CK?$CK?$CK?$CK?5Checkbox?5An@ 100a3740     tzwebgl1.obj
 0003:0000378c       ??_C@_0EJ@IDEF@?5?5?5?5?5?5?5?5?5?5?5?5?5?5?5?5?5?5?5?5strQuestionA@ 100a378c     tzwebgl1.obj
 0003:000037e4       ??_C@_0DH@PMGB@?4TraceLine?$CI?5?$FO?$CK?$CK?$CK?$CK?$CK?$CK?$CK?5Checkbox?5Co@ 100a37e4     tzwebgl1.obj
 0003:00003828       ??_C@_0EB@OMFL@?5?5?5?5?5?5?5?5?5?5?5?5?5?5?5?5?5?5?5?5strTemp?5?$DN?5?$FOc@ 100a3828     tzwebgl1.obj
 0003:00003878       ??_C@_0DH@HMAH@?4GetString?$CI?5strSID?0?5?$FOSurveyMulti@ 100a3878     tzwebgl1.obj
 0003:000038bc       ??_C@_0CL@GHDG@?5?5?5?5?5?5?5?5?5?5?5?5?5?5?5?5?5?5?5?5strQuestionC@ 100a38bc     tzwebgl1.obj
 0003:000038f0       ??_C@_0BD@IDML@?5?5?5?5?5?5?5?5?5?5?5?5?5?5?5?5?5?$HL?$AA@ 100a38f0     tzwebgl1.obj
 0003:00003908       ??_C@_0CE@CHMP@?5?5?5?5?5?5?5?5?5?5?5?5?5?5?5?5?5while?5?$CI?5nRC?5?$DN?$DN?5@ 100a3908     tzwebgl1.obj
 0003:00003934       ??_C@_0DG@LIF@?4SetCursorFirst?$CI?5strSID?0?5?$FOSurvey@ 100a3934     tzwebgl1.obj
 0003:00003974       ??_C@_0BH@DGJE@?5?5?5?5?5?5?5?5?5?5?5?5?5?5?5?5nRC?5?$DN?5?$AA@ 100a3974     tzwebgl1.obj
 0003:00003990       ??_C@_0CI@KBCD@?4TraceLine?$CI?5?$FO?$CK?$CK?$CK?$CK?$CK?$CK?$CK?5Checkbox?5?5?5@ 100a3990     tzwebgl1.obj
 0003:000039c0       ??_C@_0CB@OMGE@?5?5?5?5?5?5?5?5?5?5?5?5?5?5?5?5?5?5?1?1?5check?5boxes@ 100a39c0     tzwebgl1.obj
 0003:000039e8       ??_C@_0BA@HOFB@?5?5?5?5?5?5?5?5?5?5?5?5?5?5?$HN?$AA@ 100a39e8     tzwebgl1.obj
 0003:000039fc       ??_C@_0FP@MKIN@?5?5?5?5?5?5?5?5?5?5?5?5?5?5?5?5?5?5?5?5?5?5?5?5?5?5?5?5?5?5?5?5@ 100a39fc     tzwebgl1.obj
 0003:00003a70       ??_C@_0BI@ENMG@?5?5?5?5?5?5?5?5?5?5?5?5?5?5?5?5?5nRC?5?$DN?5?$AA@ 100a3a70     tzwebgl1.obj
 0003:00003a8c       ??_C@_0DN@GIIH@?4TraceLine?$CI?5?$FO?$CK?$CK?$CK?$CK?$CK?$CK?$CK?5Radio?5Answe@ 100a3a8c     tzwebgl1.obj
 0003:00003ad8       ??_C@_0EH@EHKA@?5?5?5?5?5?5?5?5?5?5?5?5?5?5?5?5?5?5strQuestionAns@ 100a3ad8     tzwebgl1.obj
 0003:00003b30       ??_C@_0DE@NKON@?4TraceLine?$CI?5?$FO?$CK?$CK?$CK?$CK?$CK?$CK?$CK?5Radio?5Contr@ 100a3b30     tzwebgl1.obj
 0003:00003b70       ??_C@_0CN@GJJD@?5?5?5?5?5?5?5?5?5?5?5?5?5?5?5?5?5?5strTemp?5?$DN?5?$FOchk@ 100a3b70     tzwebgl1.obj
 0003:00003ba8       ??_C@_0CD@DCJM@?5?5?5?5?5?5?5?5?5?5?5?5?5?5?5?5?5?5?1?1?5radio?5butto@ 100a3ba8     tzwebgl1.obj
 0003:00003bd4       ??_C@_0EP@BNFO@?5?5?5?5?5?5?5?5?5?5?5?5?5?5if?5?$CI?5strQuestionTy@ 100a3bd4     tzwebgl1.obj
 0003:00003c34       ??_C@_0IL@GBKK@?5?5?5?5?5?5?5?5?5?5?5?5if?5?$CI?5strQuestionType@ 100a3c34     tzwebgl1.obj
 0003:00003cdc       ??_C@_0DF@DBEN@?5?5?5?5?5?5?5?5?5?5?5?5?5?5strTemp?5?$DN?5?$FOchkAnsw@ 100a3cdc     tzwebgl1.obj
 0003:00003d1c       ??_C@_0DJ@DDMO@?5?5?5?5?5?5?5?5?5?5?5?5else?5if?5?$CI?5strQuestio@ 100a3d1c     tzwebgl1.obj
 0003:00003d60       ??_C@_0FM@PBAM@?5?5?5?5?5?5?5?5?5?5?5?5?5?5?5?5?5?5?5?5?5?5?5?5?5?5?5?5?5?5?5?5@ 100a3d60     tzwebgl1.obj
 0003:00003dd0       ??_C@_0EE@MKMP@?4SetAttributeFromVariable?$CI?5strSI@ 100a3dd0     tzwebgl1.obj
 0003:00003e24       ??_C@_0EE@JMOJ@?5?5?5?5?5?5?5?5?5?5?5?5?5?5?5strQuestionAnswer@ 100a3e24     tzwebgl1.obj
 0003:00003e78       ??_C@_0DG@DJGM@?5?5?5?5?5?5?5?5?5?5?5?5?5?5?5strTemp?5?$DN?5?$FOtxtAns@ 100a3e78     tzwebgl1.obj
 0003:00003eb8       ??_C@_0CE@CPNC@?4TraceLine?$CI?5?$FO?$CK?$CK?$CK?$CK?$CK?$CK?$CK?5Text?5?5?5?$FO?0?5?$FO@ 100a3eb8     tzwebgl1.obj
 0003:00003ee4       ??_C@_0DC@ECIL@?5?5?5?5?5?5?5?5?5?5?5?5if?5?$CI?5strQuestionType@ 100a3ee4     tzwebgl1.obj
 0003:00003f20       ??_C@_0FI@EFLF@?4SetCursorFirst?$CI?5strSID?0?5?$FOSurvey@ 100a3f20     tzwebgl1.obj
 0003:00003f8c       ??_C@_0DK@FMDP@?4TraceLine?$CI?5?$FO?$CK?$CK?$CK?$CK?$CK?$CK?$CK?5strQuestion@ 100a3f8c     tzwebgl1.obj
 0003:00003fd4       ??_C@_0DM@NHPN@?4TraceLine?$CI?5?$FO?$CK?$CK?$CK?$CK?$CK?$CK?$CK?5strQuestion@ 100a3fd4     tzwebgl1.obj
 0003:0000401c       ??_C@_0DL@PGOI@?5?5?5?5?5?5?5?5?5strAllowComment?$DN?5reques@ 100a401c     tzwebgl1.obj
 0003:00004064       ??_C@_0CH@JBCH@?5?5?5?5?5?5?5?5?5strTemp?5?$DN?5?$FOAllowComment@ 100a4064     tzwebgl1.obj
 0003:00004094       ??_C@_0DL@CIIC@?5?5?5?5?5?5?5?5?5strQuestionType?$DN?5reques@ 100a4094     tzwebgl1.obj
 0003:000040dc       ??_C@_0CH@GGIG@?5?5?5?5?5?5?5?5?5strTemp?5?$DN?5?$FOQuestionType@ 100a40dc     tzwebgl1.obj
 0003:0000410c       ??_C@_0DK@GMKD@?5?5?5?5?5?5?5?5?5strQuestionID?5?$DN?5request@ 100a410c     tzwebgl1.obj
 0003:00004154       ??_C@_0CF@DDNA@?5?5?5?5?5?5?5?5?5strTemp?5?$DN?5?$FOQuestionID?$FO?5@ 100a4154     tzwebgl1.obj
 0003:00004180       ??_C@_0CM@HGPK@?5?5?5?5?5?5for?5?$CIint?5i?$DN1?$DL?5i?$DM?$DNiQuestion@ 100a4180     tzwebgl1.obj
 0003:000041b4       ??_C@_0DN@BJCE@?5?5?5?5?5?5int?5iQuestionCount?$DNInteger@ 100a41b4     tzwebgl1.obj
 0003:00004200       ??_C@_0EI@FLFC@?5?5?5?5?5?5strQuestionCount?5?$DN?5request@ 100a4200     tzwebgl1.obj
 0003:00004258       ??_C@_0CB@HHJF@?5?5?5?5?5?5String?5strAllowComment?$DN?$FO?$FO?$DL@ 100a4258     tzwebgl1.obj
 0003:00004280       ??_C@_0CF@IMHN@?5?5?5?5?5?5String?5strQuestionChoiceID@ 100a4280     tzwebgl1.obj
 0003:000042ac       ??_C@_0CD@JEPI@?5?5?5?5?5?5String?5strQuestionAnswer?$DN?$FO@ 100a42ac     tzwebgl1.obj
 0003:000042d8       ??_C@_0CB@LHNN@?5?5?5?5?5?5String?5strQuestionName?$DN?$FO?$FO?$DL@ 100a42d8     tzwebgl1.obj
 0003:00004300       ??_C@_0CB@ENMJ@?5?5?5?5?5?5String?5strQuestionType?$DN?$FO?$FO?$DL@ 100a4300     tzwebgl1.obj
 0003:00004328       ??_C@_0BP@KOJA@?5?5?5?5?5?5String?5strQuestionID?$DN?$FO?$FO?$DL?$AA@ 100a4328     tzwebgl1.obj
 0003:00004350       ??_C@_0BP@JNMH@?5?5?5?5?5?5String?5strQuestionCount?$DL?$AA@ 100a4350     tzwebgl1.obj
 0003:00004378       ??_C@_08KNMJ@GroupBox?$AA@ 100a4378     tzwebgl1.obj
 0003:00004384       ??_C@_0CB@HHB@?5?5?5?5?5?5vGridTmp?4DropView?$CIstrSID?$CJ?$DL@ 100a4384     tzwebgl1.obj
 0003:000043ac       ??_C@_0BB@GDNK@?$FO?0?5?53?5?$CJ?$DL?5?1?1?5next?$AA@ 100a43ac     tzwebgl1.obj
 0003:000043c0       ??_C@_0CF@GMBC@vGridTmp?4SetCursorScopeOI?$CI?5strSI@ 100a43c0     tzwebgl1.obj
 0003:000043ec       ??_C@_0CC@IFBL@vGridTmp?4SetCursorNext?$CI?5strSID?0?5@ 100a43ec     tzwebgl1.obj
 0003:00004414       ??_C@_0M@FBAO@GridEditBox?$AA@ 100a4414     tzwebgl1.obj
 0003:00004424       ??_C@_0BK@PPCP@?$FO?0?5vGridTmp?4zPOS_AFTER?5?$CJ?$DL?$AA@ 100a4424     tzwebgl1.obj
 0003:00004444       ??_C@_0BL@KINE@?$FO?0?5vGridTmp?4zREPOS_NONE?5?$CJ?$DL?$AA@ 100a4444     tzwebgl1.obj
 0003:00004464       ??_C@_0BL@JLJK@?5?5?5?5?5?5?5?5?5?5?5?5?5?5?5?5?5?5vGridTmp?$AA@ 100a4464     tzwebgl1.obj
 0003:00004484       ??_C@_0DH@KHCP@?5?5?5?5?5?5?5?5?5?5?5?5?5?5?5strTemp?5?$DN?5vGridTm@ 100a4484     tzwebgl1.obj
 0003:000044c8       ??_C@_0EN@IJNO@?5?5?5?5?5?5?5?5?5?5?5?5?5?5?5?1?1Only?5do?5the?5aut@ 100a44c8     tzwebgl1.obj
 0003:00004524       ??_C@_0CC@POIJ@?5?5?5?5?5?5?5?5?5?5?5?5?1?1?5Auto?5Include?5Code@ 100a4524     tzwebgl1.obj
 0003:0000454c       ??_C@_0BO@OECD@?5?5?5?5?5?5?5?5?5?5?5?5?5?5?5nRC?5?$DN?5vGridTmp?$AA@ 100a454c     tzwebgl1.obj
 0003:00004570       ??_C@_0BO@GFBJ@?5?5?5?5?5?5?5?5?5?5?5?5?5?5?5strMapValue?5?$DN?5?$AA@ 100a4570     tzwebgl1.obj
 0003:00004594       ??_C@_0BL@MNFP@?5?5?5?5?5?5?5?5?5?5?5?5nRC?5?$DN?5vGridTmp?$AA@ 100a4594     tzwebgl1.obj
 0003:000045b4       ??_C@_0CF@HGPE@?5?5?5?5?5?5?5?5?5?5?5?5?1?1?5Set?5Foreign?5Key?5C@ 100a45b4     tzwebgl1.obj
 0003:000045e0       ??_C@_0BP@FKFG@?5?5?5?5?5?5?5?5?5?5?5?5?5?5?5if?5?$CI?5nRC?5?$DO?$DN?50?5?$CJ?$AA@ 100a45e0     tzwebgl1.obj
 0003:00004608       ??_C@_0BG@GEJM@?5?5?5?5?5?5?5?5?5?5?5?5?5?5?5nRC?5?$DN?5?$AA@ 100a4608     tzwebgl1.obj
 0003:00004624       ??_C@_0GG@DJHD@?5?5?5?5?5?5?5?5?5?5?5?5?5?5?5?5?5?5nRelPos?9?9?$DL?5?5?5?5@ 100a4624     tzwebgl1.obj
 0003:000046a0       ??_C@_0EE@KEHA@?5?5?5?5?5?5?5?5?5?5?5?5?5?5?5nRelPos?5?$DN?5java?4la@ 100a46a0     tzwebgl1.obj
 0003:000046f4       ??_C@_0CH@JKHN@?5?5?5?5?5?5?5?5?5?5?5?5if?5?$CI?5strMapValue?5?$CB?$DN?5@ 100a46f4     tzwebgl1.obj
 0003:00004724       ??_C@_0DK@CPKH@?5?5?5?5?5?5?5?5?5?5?5?5strMapValue?5?$DN?5reques@ 100a4724     tzwebgl1.obj
 0003:0000476c       ??_C@_0BH@BHOH@?5?5?5?5?5?5?5?5?5?5?5?5strTag?5?$DN?5?$FO?$AA@ 100a476c     tzwebgl1.obj
 0003:00004788       ??_C@_0BI@OPHE@?5?5?5?5?5?5?5?5?5if?5?$CI?5nRC?5?$DO?50?5?$CJ?$AA@ 100a4788     tzwebgl1.obj
 0003:000047a4       ??_C@_0N@KPNN@?5?5?5?5?5?5?5?5?5?1?1?5?$AA@ 100a47a4     tzwebgl1.obj
 0003:000047b4       ??_C@_0BD@DJCE@?5?5?5?5?5?5?5?5?5?5?5?5break?$DL?$AA@ 100a47b4     tzwebgl1.obj
 0003:000047cc       ??_C@_0BJ@BNJD@?$FO?0?5strMapValue?0?5?8S?8?0?50?0?5?$AA@ 100a47cc     tzwebgl1.obj
 0003:000047ec       ??_C@_0CM@IAOL@?$FO?0?5strMapValue?0?5?8S?8?0?50?0?5strDateF@ 100a47ec     tzwebgl1.obj
 0003:00004820       ??_C@_0BI@OIKK@?5?5?5?5?5?5?5?5?5nRC?5?$DN?5vGridTmp?$AA@ 100a4820     tzwebgl1.obj
 0003:0000483c       ??_C@_0BI@CPJD@?$FO?0?5?$FO?$FO?0?5?8S?8?0?50?0?5?$FO?$FO?0?50?5?$CJ?$DL?$AA@ 100a483c     tzwebgl1.obj
 0003:00004858       ??_C@_01HAF@?8?$AA@        100a4858     tzwebgl1.obj
 0003:0000485c       ??_C@_0BE@BLB@?$FO?0?5?8S?8?0?50?0?5?$FO?$FO?0?50?5?$CJ?$DL?$AA@ 100a485c     tzwebgl1.obj
 0003:00004874       ??_C@_0DJ@BCKF@?5?5?5?5?5?5?5?5?5?5?5?5vGridTmp?4SetAttribut@ 100a4874     tzwebgl1.obj
 0003:000048b8       ??_C@_0BF@MAGP@RadioOrCheckboxValue?$AA@ 100a48b8     tzwebgl1.obj
 0003:000048d4       ??_C@_0L@LKO@?5?$CB?$DN?5null?5?$CJ?$AA@ 100a48d4     tzwebgl1.obj
 0003:000048e4       ??_C@_0BK@KEHL@?5?5?5?5?5?5?5?5?5if?5?$CI?5strMapValue?$AA@ 100a48e4     tzwebgl1.obj
 0003:00004904       ??_C@_0CD@GDLM@?5?$DN?5request?4getParameter?$CI?5strTag?5@ 100a4904     tzwebgl1.obj
 0003:00004930       ??_C@_0BF@PILM@?5?5?5?5?5?5?5?5?5strMapValue?$AA@ 100a4930     tzwebgl1.obj
 0003:0000494c       ??_C@_0BC@IECP@?$FO?5?$CL?5strEntityKey?$DL?$AA@ 100a494c     tzwebgl1.obj
 0003:00004964       ??_C@_0N@HDOD@GridCheckCtl?$AA@ 100a4964     tzwebgl1.obj
 0003:00004974       ??_C@_0M@NBAB@?5?5?5?5?5?5?5?5?5?$HN?5?$AA@ 100a4974     tzwebgl1.obj
 0003:00004984       ??_C@_0EC@IOCC@?5?5?5?5?5?5?5?5?5?5?5?5?5?5?5?5?5?5strError?5?$CL?$DN?5st@ 100a4984     tzwebgl1.obj
 0003:000049d4       ??_C@_0CD@GNMN@?5?5?5?5?5?5?5?5?5?5?5?5?5?5?5?5?5?5nMapError?5?$DN?5nR@ 100a49d4     tzwebgl1.obj
 0003:00004a00       ??_C@_0BO@KDLH@?5?5?5?5?5?5?5?5?5?5?5?5?5?5?5if?5?$CI?5nRC?5?$DM?50?5?$CJ?$AA@ 100a4a00     tzwebgl1.obj
 0003:00004a24       ??_C@_0EC@GCPP@?5?5?5?5?5?5?5?5?5?5?5?5?5?5?5nRC?5?$DN?5vGridTmp?4Se@ 100a4a24     tzwebgl1.obj
 0003:00004a74       ??_C@_0DJ@NGFP@?5?5?5?5?5?5?5?5?5?5?5?5if?5?$CI?5strTemp?4compare@ 100a4a74     tzwebgl1.obj
 0003:00004ab8       ??_C@_0EK@OFJD@?5?5?5?5?5?5?5?5?5?5?5?5strTemp?5?$DN?5vGridTmp?4G@ 100a4ab8     tzwebgl1.obj
 0003:00004b10       ??_C@_0CF@JDL@?5?5?5?5?5?5?5?5?5if?5?$CI?5strMapValue?5?$CB?$DN?5nul@ 100a4b10     tzwebgl1.obj
 0003:00004b3c       ??_C@_0DH@EDJE@?5?5?5?5?5?5?5?5?5strMapValue?5?$DN?5request?4g@ 100a4b3c     tzwebgl1.obj
 0003:00004b80       ??_C@_0BE@MOMF@?3?3?$FO?5?$CL?5strEntityKey?$DL?$AA@ 100a4b80     tzwebgl1.obj
 0003:00004b98       ??_C@_0BE@DCFC@?5?5?5?5?5?5?5?5?5strTag?5?$DN?5?$FO?$AA@ 100a4b98     tzwebgl1.obj
 0003:00004bb0       ??_C@_0M@PNMK@WebCtrlType?$AA@ 100a4bb0     tzwebgl1.obj
 0003:00004bc0       ??_C@_04EDLP@Edit?$AA@     100a4bc0     tzwebgl1.obj
 0003:00004bc8       ??_C@_08FGLH@Disabled?$AA@ 100a4bc8     tzwebgl1.obj
 0003:00004bd4       ??_C@_01KDJI@h?$AA@        100a4bd4     tzwebgl1.obj
 0003:00004bd8       ??_C@_0L@MMFE@GridSubCtl?$AA@ 100a4bd8     tzwebgl1.obj
 0003:00004be8       ??_C@_0BJ@CPGI@?5?5?5?5?5?5?5?5?5iTableRowCnt?$CL?$CL?$DL?$AA@ 100a4be8     tzwebgl1.obj
 0003:00004c08       ??_C@_0DI@EGOD@?5?5?5?5?5?5?5?5?5strEntityKey?5?$DN?5Integer?4@ 100a4c08     tzwebgl1.obj
 0003:00004c4c       ??_C@_0CB@IACM@vGridTmp?4GetEntityKey?$CI?5strSID?0?5?$FO@ 100a4c4c     tzwebgl1.obj
 0003:00004c74       ??_C@_0BH@HGBN@?5?5?5?5?5?5?5?5?5lEntityKey?5?$DN?5?$AA@ 100a4c74     tzwebgl1.obj
 0003:00004c90       ??_C@_0BJ@MBAP@?5?5?5?5?5?5while?5?$CI?5nRC?5?$DO?$DN?50?5?$CJ?$AA@ 100a4c90     tzwebgl1.obj
 0003:00004cb0       ??_C@_0BB@LPPN@?$FO?0?51?5?$CJ?$DL?5?1?1?5first?$AA@ 100a4cb0     tzwebgl1.obj
 0003:00004cc4       ??_C@_0DB@DLKC@?5?5?5?5?5?5nRC?5?$DN?5vGridTmp?4SetCursorSc@ 100a4cc4     tzwebgl1.obj
 0003:00004d00       ??_C@_0CP@FPP@?5?5?5?5?5?5nRC?5?$DN?5vGridTmp?4SetCursorFi@ 100a4d00     tzwebgl1.obj
 0003:00004d38       ??_C@_0O@OEEB@ExtendedStyle?$AA@ 100a4d38     tzwebgl1.obj
 0003:00004d48       ??_C@_0CM@KPJG@?5?5?5?5?5?5vGridTmp?4CreateViewFromVie@ 100a4d48     tzwebgl1.obj
 0003:00004d7c       ??_C@_0BM@HHCJ@?5?5?5?5?5?5?1?1?5entity?5positions?4?5?$AA@ 100a4d7c     tzwebgl1.obj
 0003:00004da0       ??_C@_0EM@HHOD@?5?5?5?5?5?5?1?1?5grids?5on?5the?5same?5windo@ 100a4da0     tzwebgl1.obj
 0003:00004dfc       ??_C@_0EM@IBOB@?5?5?5?5?5?5?1?1?5We?5are?5creating?5a?5temp?5@ 100a4dfc     tzwebgl1.obj
 0003:00004e58       ??_C@_0BI@EJLN@?5?5?5?5?5?5iTableRowCnt?5?$DN?50?$DL?$AA@ 100a4e58     tzwebgl1.obj
 0003:00004e74       ??_C@_0FD@MLEI@?5?5?5?5?5?5?5?5?5?5?5?5?5?5?5?5?5?5?5?5?5?5?5?5?5?5?5?5?5?5?5?5@ 100a4e74     tzwebgl1.obj
 0003:00004ed8       ??_C@_0EA@ELIM@?5?5?5?5?5?5?5?5?5strDateFormat?5?$DN?5request@ 100a4ed8     tzwebgl1.obj
 0003:00004f24       ??_C@_08GGOA@Calendar?$AA@ 100a4f24     tzwebgl1.obj
 0003:00004f30       ??_C@_0DO@NHLO@?5?5?5?5?5?5?5?5?5nRelPos?5?$DN?5java?4lang?4Int@ 100a4f30     tzwebgl1.obj
 0003:00004f7c       ??_C@_0CB@DEE@?5?5?5?5?5?5if?5?$CI?5strMapValue?5?$CB?$DN?5null?5?$CJ@ 100a4f7c     tzwebgl1.obj
 0003:00004fa4       ??_C@_0CN@MICG@?5?5?5?5?5?5strMapValue?5?$DN?5request?4getP@ 100a4fa4     tzwebgl1.obj
 0003:00004fdc       ??_C@_0P@MBML@XSL?5Generation?$AA@ 100a4fdc     tzwebgl1.obj
 0003:00004ff0       ??_C@_0BG@JBCH@Missing?5List?5Mapping?4?$AA@ 100a4ff0     tzwebgl1.obj
 0003:0000500c       ??_C@_0BB@PJOE@?5?5?5?5?5?5?5?5?5?5?5?5else?$AA@ 100a500c     tzwebgl1.obj
 0003:00005020       ??_C@_0P@FCBP@?4zPOS_AFTER?5?$CJ?$DL?$AA@ 100a5020     tzwebgl1.obj
 0003:00005034       ??_C@_03OIBC@?0?5?$FO?$AA@ 100a5034     tzwebgl1.obj
 0003:00005038       ??_C@_0CK@BNP@?4IncludeSubobjectFromSubobject?$CI?5@ 100a5038     tzwebgl1.obj
 0003:0000506c       ??_C@_0BA@GBHJ@?4zREPOS_NONE?5?$CJ?$DL?$AA@ 100a506c     tzwebgl1.obj
 0003:00005080       ??_C@_0BK@HHKB@?4ExcludeEntity?$CI?5strSID?0?5?$FO?$AA@ 100a5080     tzwebgl1.obj
 0003:000050a0       ??_C@_0BD@CEHK@?5?5?5?5?5?5?5?5?5?5?5?5?5?5?5?5?5?5?$AA@ 100a50a0     tzwebgl1.obj
 0003:000050b8       ??_C@_06OHNK@?$FO?5?$CJ?$CJ?$CJ?5?$AA@ 100a50b8     tzwebgl1.obj
 0003:000050c0       ??_C@_0CG@FAFH@?5?5?5?5?5?5?5?5?5?5?5?5?5?5?5if?5?$CI?5?$CBstrTemp?4equ@ 100a50c0     tzwebgl1.obj
 0003:000050f0       ??_C@_0BG@MFPD@?4GetString?$CI?5strSID?0?5?$FO?$AA@ 100a50f0     tzwebgl1.obj
 0003:0000510c       ??_C@_0BK@DJCC@?5?5?5?5?5?5?5?5?5?5?5?5?5?5?5strTemp?5?$DN?5?$AA@ 100a510c     tzwebgl1.obj
 0003:0000512c       ??_C@_0EO@IEO@?5?5?5?5?5?5?5?5?5?5?5?5?5?5?5?1?1?5Only?5do?5the?5au@ 100a512c     tzwebgl1.obj
 0003:0000518c       ??_C@_0CI@EGHD@?5?5?5?5?5?5?5?5?5if?5?$CI?5?$CBstrMapValue?4equal@ 100a518c     tzwebgl1.obj
 0003:000051bc       ??_C@_0DL@KPKC@?5?5?5?5?5?5?5?5?5?1?1?5If?5there?5is?5an?5entit@ 100a51bc     tzwebgl1.obj
 0003:00005204       ??_C@_0GM@CEEB@?5?5?5?5?5?5?5?5?5?1?1?5If?5the?5value?5is?5?$FO0?$FO?5@ 100a5204     tzwebgl1.obj
 0003:00005288       ??_C@_0BP@DDFJ@?5?5?5?5?5?5?5?5?5?1?1?5Auto?5Include?5Code?5?$AA@ 100a5288     tzwebgl1.obj
 0003:000052b0       ??_C@_0BK@JOGH@?$FO?0?5strMapValue?0?5?8S?8?0?50?0?5?$FO?$AA@ 100a52b0     tzwebgl1.obj
 0003:000052d0       ??_C@_0CM@NCLN@?4GetStringFromAttributeByContext@ 100a52d0     tzwebgl1.obj
 0003:00005304       ??_C@_0BL@EMGF@?5?5?5?5?5?5?5?5?5?5?5?5strMapValue?5?$DN?5?$AA@ 100a5304     tzwebgl1.obj
 0003:00005324       ??_C@_0CC@KNCM@?5?5?5?5?5?5?5?5?5?1?1?5Set?5Foreign?5Key?5Code@ 100a5324     tzwebgl1.obj
 0003:0000534c       ??_C@_0O@NMEO@?$FO?0?5nRelPos?0?5?$FO?$AA@ 100a534c     tzwebgl1.obj
 0003:0000535c       ??_C@_0BG@IEIO@?4SetCursor?$CI?5strSID?0?5?$FO?$AA@ 100a535c     tzwebgl1.obj
 0003:00005378       ??_C@_0BA@CGJC@?5?5?5?5?5?5?5?5?5?5?5?5?5?5?5?$AA@ 100a5378     tzwebgl1.obj
 0003:0000538c       ??_C@_0BM@HKHP@?5?5?5?5?5?5?5?5?5?5?5?5if?5?$CI?5nRC?5?$DO?$DN?50?5?$CJ?$AA@ 100a538c     tzwebgl1.obj
 0003:000053b0       ??_C@_0BL@EDC@?4SetCursorFirst?$CI?5strSID?0?5?$FO?$AA@ 100a53b0     tzwebgl1.obj
 0003:000053d0       ??_C@_0GA@EHFN@?5?5?5?5?5?5?5?5?5?5?5?5nRelPos?9?9?$DL?5?5?5?5?1?1?5For@ 100a53d0     tzwebgl1.obj
 0003:00005444       ??_C@_0EB@CEIP@?5?5?5?5?5?5?5?5?5?5?5?5nRelPos?5?$DN?5java?4lang?4@ 100a5444     tzwebgl1.obj
 0003:00005494       ??_C@_09MHNE@?$FO?0?5vAS?5?$CJ?$DL?$AA@ 100a5494     tzwebgl1.obj
 0003:000054a0       ??_C@_0BE@LEEI@?4GetView?$CI?5strSID?0?5?$FO?$AA@ 100a54a0     tzwebgl1.obj
 0003:000054b8       ??_C@_07DAPJ@CtrlMap?$AA@  100a54b8     tzwebgl1.obj
 0003:000054c4       ??_C@_0CE@NLEJ@?5?5?5?5?5?5?5?5?5if?5?$CI?5strMapValue?5?$CB?$DN?5nul@ 100a54c4     tzwebgl1.obj
 0003:000054f0       ??_C@_0BA@NKKF@?5?5?5?5?5?5?5?5?5?1?1?5If?5?$AA@ 100a54f0     tzwebgl1.obj
 0003:00005504       ??_C@_0DA@GOAF@?5?5?5?5?5?5?5?5?5strMapValue?5?$DN?5request?4g@ 100a5504     tzwebgl1.obj
 0003:00005540       ??_C@_0BP@GBEL@?$FO?5?$CL?5?$FO?2t?$FO?5?$CL?5strMapValue?5?$CL?5?$FO?2t?$FO?$DL?$AA@ 100a5540     tzwebgl1.obj
 0003:00005568       ??_C@_0BK@MMLF@?5?5?5?5?5?5?5?5?5?5?5?5strError?5?$CL?$DN?5?$FO?$AA@ 100a5568     tzwebgl1.obj
 0003:00005588       ??_C@_0BN@LPCA@?5?5?5?5?5?5?5?5?5?5?5?5nMapError?5?$DN?5nRC?$DL?$AA@ 100a5588     tzwebgl1.obj
 0003:000055ac       ??_C@_03LAEO@?$FO?0?5?$AA@ 100a55ac     tzwebgl1.obj
 0003:000055b0       ??_C@_0EA@POCD@?5?5?5?5?5?5?5?5?5?5?5?5?5?5?5?5?5?5?5?5?5?5?5?5?5?5?5?5?5?5?5?5@ 100a55b0     tzwebgl1.obj
 0003:000055fc       ??_C@_01FCOA@?5?$AA@       100a55fc     tzwebgl1.obj
 0003:00005600       ??_C@_02KOKD@?$FO?0?$AA@   100a5600     tzwebgl1.obj
 0003:00005604       ??_C@_0CF@EKMO@?4SetAttributeFromVariable?$CI?5strSI@ 100a5604     tzwebgl1.obj
 0003:00005630       ??_C@_0DI@PPNC@?5?5?5?5?5?5?5?5?5strMapValue?5?$DN?5ReplaceXS@ 100a5630     tzwebgl1.obj
 0003:00005674       ??_C@_0CP@JNLL@?5?5?5?5?5?5?5?5?5strMapValue?5?$DN?5request?4g@ 100a5674     tzwebgl1.obj
 0003:000056ac       ??_C@_0CD@GNLK@?4CheckExistenceOfEntity?$CI?5strSID?0@ 100a56ac     tzwebgl1.obj
 0003:000056d8       ??_C@_02HFBK@?3?5?$AA@     100a56d8     tzwebgl1.obj
 0003:000056dc       ??_C@_09LLDN@?5?5?5?5?5?5?1?1?5?$AA@ 100a56dc     tzwebgl1.obj
 0003:000056e8       ??_C@_0P@IAHJ@CtrlMapContext?$AA@ 100a56e8     tzwebgl1.obj
 0003:000056fc       ??_C@_08BFFN@RadioGrp?$AA@ 100a56fc     tzwebgl1.obj
 0003:00005708       ??_C@_06MNHM@MLEdit?$AA@   100a5708     tzwebgl1.obj
 0003:00005710       ??_C@_08BJCD@CheckBox?$AA@ 100a5710     tzwebgl1.obj
 0003:0000571c       ??_C@_01PLJA@0?$AA@        100a571c     tzwebgl1.obj
 0003:00005720       ??_C@_01KPCI@8?$AA@        100a5720     tzwebgl1.obj
 0003:00005724       ??_C@_04BNNJ@Text?$AA@     100a5724     tzwebgl1.obj
 0003:0000572c       ??_C@_0N@OBCH@Survey?5Group?$AA@ 100a572c     tzwebgl1.obj
 0003:0000573c       ??_C@_0L@MMHA@XSS?5Encode?$AA@ 100a573c     tzwebgl1.obj
 0003:0000574c       ??_C@_0DB@ODEM@?$CK?$CK?$CK?5DoInputMapping?5looping?5throu@ 100a574c     tzwebgl1.obj
 0003:00005788       ??_C@_0CB@JLJI@?$CK?$CK?$CK?5DoInputMapping?5for?5view?5?$CK?$CK?$CK?5@ 100a5788     tzwebgl1.obj
 0003:000057b0       ??_C@_0O@PNMG@?5wrap?$DN?$FOwrap?$FO?$DO?$AA@ 100a57b0     tzwebgl1.obj
 0003:000057c0       ??_C@_0CB@FADH@?$DM?$CF?$DNstrErrorMapValue?$CF?$DO?$DM?1textarea?$DO@ 100a57c0     tzwebgl1.obj
 0003:000057e8       ??_C@_0BB@IFNE@?$DMtextarea?5name?$DN?$FO?$AA@ 100a57e8     tzwebgl1.obj
 0003:000057fc       ??_C@_09PCJM@mceSimple?$AA@ 100a57fc     tzwebgl1.obj
 0003:00005808       ??_C@_0O@DJH@wysiwygEditor?$AA@ 100a5808     tzwebgl1.obj
 0003:00005818       ??_C@_0BA@GOJG@wysiwyg?5TinyMCE?$AA@ 100a5818     tzwebgl1.obj
 0003:0000582c       ??_C@_0CK@MKC@border?3?82px?5solid?8?$DLborder?9style?3@ 100a582c     tzwebgl1.obj
 0003:00005860       ??_C@_0CK@BAOD@border?3?84px?5solid?8?$DLborder?9style?3@ 100a5860     tzwebgl1.obj
 0003:00005894       ??_C@_0O@FJFK@VisibleBorder?$AA@ 100a5894     tzwebgl1.obj
 0003:000058a4       ??_C@_0BO@NGHH@?5?5?5?5?5?5?5?5?5strErrorMapValue?5?$DN?5?$FO?$AA@ 100a58a4     tzwebgl1.obj
 0003:000058c8       ??_C@_0CN@OPCK@?5?5?5?5?5?5if?5?$CI?5strErrorMapValue?4leng@ 100a58c8     tzwebgl1.obj
 0003:00005900       ??_C@_0CD@GCGN@?5?5?5?5?5?5?5?5?5?5?5?5strErrorMapValue?5?$DN?5?$FO@ 100a5900     tzwebgl1.obj
 0003:0000592c       ??_C@_0CJ@DLMK@?5?5?5?5?5?5?5?5?5if?5?$CI?5strErrorMapValue?5?$DN@ 100a592c     tzwebgl1.obj
 0003:00005960       ??_C@_0BN@NAD@?5?5?5?5?5?5?5?5?5strErrorMapValue?5?$DN?5?$AA@ 100a5960     tzwebgl1.obj
 0003:00005984       ??_C@_06CFFO@?5?5?5?1?1?5?$AA@ 100a5984     tzwebgl1.obj
 0003:0000598c       ??_C@_0CJ@LLFP@?$DM?1div?$DO?5?5?$DM?$CB?9?9?5End?5of?5div?5around?5t@ 100a598c     tzwebgl1.obj
 0003:000059c0       ??_C@_0M@OMAB@?$FO?5style?$DN?$FO?$FO?$DO?$AA@ 100a59c0     tzwebgl1.obj
 0003:000059d0       ??_C@_0O@HNMA@?$DMspan?5class?$DN?$FO?$AA@ 100a59d0     tzwebgl1.obj
 0003:000059e0       ??_C@_0BA@EFBL@?$DMspan?5style?$DN?$FO?$FO?$DO?$AA@ 100a59e0     tzwebgl1.obj
 0003:000059f4       ??_C@_0BG@NKNJ@WebNoGridDataMsgClass?$AA@ 100a59f4     tzwebgl1.obj
 0003:00005a10       ??_C@_0BP@NKHN@?5?5?5?5?5?5if?5?$CI?5iTableRowCnt?5?$DN?$DN?50?5?$CJ?$AA@ 100a5a10     tzwebgl1.obj
 0003:00005a38       ??_C@_0BL@BFEI@document?4getElementById?$CI?$FOo?$AA@ 100a5a38     tzwebgl1.obj
 0003:00005a58       ??_C@_0GB@LFCD@?$FO?5style?$DN?$FOdisplay?3none?$DL?$FO?5?$DO?$DM?$CF?$DNstrT@ 100a5a58     tzwebgl1.obj
 0003:00005acc       ??_C@_07OEOB@?$FO?5id?$DN?$FOh?$AA@ 100a5acc     tzwebgl1.obj
 0003:00005ad8       ??_C@_0BC@GKBN@?$DMtextarea?5name?$DN?$FOh?$AA@ 100a5ad8     tzwebgl1.obj
 0003:00005af0       ??_C@_0BB@OENI@?5?5?5?5?5?5?5?5?5nRC2?5?$DN?5?$AA@ 100a5af0     tzwebgl1.obj
 0003:00005b04       ??_C@_0BF@KKDD@?3?3?$DM?$CF?$DNstrEntityKey?$CF?$DO?$FO?$AA@ 100a5b04     tzwebgl1.obj
 0003:00005b20       ??_C@_0BH@BAEG@?$DO?$DMa?5href?$DN?$FO?$CD?$FO?5onclick?$DN?$FO?$AA@ 100a5b20     tzwebgl1.obj
 0003:00005b3c       ??_C@_0M@MANJ@?$CF?$DO?$DM?1a?$DO?$DM?1td?$DO?$AA@ 100a5b3c     tzwebgl1.obj
 0003:00005b4c       ??_C@_08CMMC@_URL?$CF?$DO?$FO?5?$AA@ 100a5b4c     tzwebgl1.obj
 0003:00005b58       ??_C@_0BB@KEPI@?$DO?$DMa?5href?$DN?$FO?$DM?$CF?$DNstr?$AA@ 100a5b58     tzwebgl1.obj
 0003:00005b6c       ??_C@_0BF@IMOH@?$DO?$DMa?5href?$DN?$FO?$CD?$FO?5?5name?$DN?$FO?$AA@ 100a5b6c     tzwebgl1.obj
 0003:00005b88       ??_C@_0N@PMOJ@?5?1?$DO?$DM?1a?$DO?$DM?1td?$DO?$AA@ 100a5b88     tzwebgl1.obj
 0003:00005b98       ??_C@_0CA@OLIO@?3?3?$DM?$CF?$DNstrEntityKey?$CF?$DO?$FO?$DO?$DMimg?5src?$DN?$FO?$AA@ 100a5b98     tzwebgl1.obj
 0003:00005bc0       ??_C@_05KDFO@alt?$DN?$FO?$AA@ 100a5bc0     tzwebgl1.obj
 0003:00005bc8       ??_C@_0CB@DGEO@?3?3?$DM?$CF?$DNstrEntityKey?$CF?$DO?$FO?5?$DO?$DMimg?5src?$DN?$FO@ 100a5bc8     tzwebgl1.obj
 0003:00005bf0       ??_C@_0L@NBJB@?$DO?$DM?1a?$DO?$DM?1td?$DO?$AA@ 100a5bf0     tzwebgl1.obj
 0003:00005c00       ??_C@_0BI@KHEN@?$CI?5this?4id?5?$CJ?$FO?$DO?$DMimg?5src?$DN?$FO?$AA@ 100a5c00     tzwebgl1.obj
 0003:00005c1c       ??_C@_0CA@KAJN@?3?3?$DM?$CF?$DNstrEntityKey?$CF?$DO?$FO?5?$FOonclick?$DN?$FO?$AA@ 100a5c1c     tzwebgl1.obj
 0003:00005c44       ??_C@_0BE@BGBP@?$DO?$DMa?5href?$DN?$FO?$CD?$FO?5name?$DN?$FO?$AA@ 100a5c44     tzwebgl1.obj
 0003:00005c5c       ??_C@_06BHFK@?5alt?$DN?$FO?$AA@ 100a5c5c     tzwebgl1.obj
 0003:00005c64       ??_C@_0BG@IMEH@?5class?$DN?$FOEmail?$FO?$DO?$DM?$CF?$DNstr?$AA@ 100a5c64     tzwebgl1.obj
 0003:00005c80       ??_C@_07FONE@?$CF?$DO?$DM?1td?$DO?$AA@ 100a5c80     tzwebgl1.obj
 0003:00005c8c       ??_C@_07KIOO@?$DO?$DM?$CF?$DNstr?$AA@ 100a5c8c     tzwebgl1.obj
 0003:00005c98       ??_C@_06BIKD@?$DO?$DM?1td?$DO?$AA@ 100a5c98     tzwebgl1.obj
 0003:00005ca0       ??_C@_0BE@EFJD@ErrorColor?$CF?$DO?5name?$DN?$FO?$AA@ 100a5ca0     tzwebgl1.obj
 0003:00005cb8       ??_C@_09CLPH@?$CF?$DO?$FO?$DM?$CF?$DNstr?$AA@ 100a5cb8     tzwebgl1.obj
 0003:00005cc4       ??_C@_0BA@BGGA@?$FO?5value?$DN?$FO?$DM?$CF?$DNstr?$AA@ 100a5cc4     tzwebgl1.obj
 0003:00005cd8       ??_C@_0P@PIFH@?$DO?$DMinput?5size?$DN?$FO?$AA@ 100a5cd8     tzwebgl1.obj
 0003:00005cec       ??_C@_0CJ@FEMI@?3?3?$DM?$CF?$DNstrEntityKey?$CF?$DO?8?5?$CJ?0?5this?5?$CJ?$DL?$FO@ 100a5cec     tzwebgl1.obj
 0003:00005d20       ??_C@_0DL@NLIC@?5?5?5?5?5?5?5?5?5?5?5?5?5?5onclick?$DN?$FOscwShow?$CI?5@ 100a5d20     tzwebgl1.obj
 0003:00005d68       ??_C@_0EP@BMHF@?5?5?5?5?5?5?5?5?5?5?5?5?5?5?$DMimg?5src?$DN?$FOimages?1s@ 100a5d68     tzwebgl1.obj
 0003:00005dc8       ??_C@_06FHCK@?$CF?$DO?$FO?5?1?$DO?$AA@ 100a5dc8     tzwebgl1.obj
 0003:00005dd0       ??_C@_0P@OLC@?5value?$DN?$FO?$DM?$CF?$DNstr?$AA@ 100a5dd0     tzwebgl1.obj
 0003:00005de4       ??_C@_0BP@GBJM@style?$DN?$FOwidth?380px?$FO?5type?$DN?$FOtext?$FO?$AA@ 100a5de4     tzwebgl1.obj
 0003:00005e0c       ??_C@_0O@KOJG@?$DMinput?5name?$DN?$FO?$AA@ 100a5e0c     tzwebgl1.obj
 0003:00005e1c       ??_C@_08EFAG@?5?5?5?$DM?1td?$DO?$AA@ 100a5e1c     tzwebgl1.obj
 0003:00005e28       ??_C@_0EI@KDOC@?3?3?$DM?$CF?$DNstrEntityKey?$CF?$DO?$FO?5type?$DN?$FOhidde@ 100a5e28     tzwebgl1.obj
 0003:00005e80       ??_C@_0BL@EKIH@?4DropView?$CI?5strSessionId?5?$CJ?$DL?$AA@ 100a5e80     tzwebgl1.obj
 0003:00005ea0       ??_C@_0BA@BFFH@?$FO?0?53?5?$CJ?$DL?5?1?1?5next?$AA@ 100a5ea0     tzwebgl1.obj
 0003:00005eb4       ??_C@_0BC@PNOB@?5?5?5?5?5?5?5?5?5nRC?5?$DN?5?5v?$AA@ 100a5eb4     tzwebgl1.obj
 0003:00005ecc       ??_C@_0BH@EMOD@?5?5?5?5?5?5?5?5?5ComboCount?$CL?$CL?$DL?$AA@ 100a5ecc     tzwebgl1.obj
 0003:00005ee8       ??_C@_0FB@DBOO@?5?5?5?5?5?5?5?5?5?5?5?5?$DMoption?5value?$DN?$FO?$DM?$CF?$DNst@ 100a5ee8     tzwebgl1.obj
 0003:00005f4c       ??_C@_0EE@OMIA@?5?5?5?5?5?5?5?5?5?5?5?5strComboSelectedValu@ 100a5f4c     tzwebgl1.obj
 0003:00005fa0       ??_C@_0GF@BBFH@?5?5?5?5?5?5?5?5?5?5?5?5?$DMoption?5selected?$DN?$FOse@ 100a5fa0     tzwebgl1.obj
 0003:0000601c       ??_C@_0EA@OBBB@?5?5?5?5?5?5?5?5?5if?5?$CI?5strComboCurrentVal@ 100a601c     tzwebgl1.obj
 0003:00006068       ??_C@_0BO@NACP@?5?5?5?5?5?5?5?5?5strErrorMapValue?5?$DN?5v?$AA@ 100a6068     tzwebgl1.obj
 0003:0000608c       ??_C@_0O@FGIC@?5?5?5?5?5?5nRC?5?$DN?5v?$AA@ 100a608c     tzwebgl1.obj
 0003:0000609c       ??_C@_0CE@BFLJ@?5?5?5?5?5?5?5?5?5?$DMoption?5value?$DN?$FO?$FO?$DO?$DM?1opti@ 100a609c     tzwebgl1.obj
 0003:000060c8       ??_C@_0DI@LFJJ@?5?5?5?5?5?5?5?5?5?$DMoption?5selected?$DN?$FOselec@ 100a60c8     tzwebgl1.obj
 0003:0000610c       ??_C@_0CK@PGHO@?5?5?5?5?5?5if?5?$CI?5strComboCurrentValue?5@ 100a610c     tzwebgl1.obj
 0003:00006140       ??_C@_0BE@GJFG@?5?5?5?5?5?5ComboCount?$CL?$CL?$DL?$AA@ 100a6140     tzwebgl1.obj
 0003:00006158       ??_C@_0CP@CGKK@?5?5?5?5?5?5?1?1?5For?5Auto?5Include?0?5proce@ 100a6158     tzwebgl1.obj
 0003:00006190       ??_C@_0CD@OPJF@?5?5?5?5?5?5strComboSelectedValue?5?$DN?5?$FO0@ 100a6190     tzwebgl1.obj
 0003:000061bc       ??_C@_0BG@BJMO@?5?5?5?5?5?5ComboCount?5?$DN?50?$DL?$AA@ 100a61bc     tzwebgl1.obj
 0003:000061d8       ??_C@_07POPN@?5?5?5?5?5?5v?$AA@ 100a61d8     tzwebgl1.obj
 0003:000061e4       ??_C@_0CB@IAE@?5?5?5?5?5?5strComboCurrentValue?5?$DN?5?$FO?$FO?$DL@ 100a61e4     tzwebgl1.obj
 0003:0000620c       ??_C@_0BF@BCGK@?5?5?5?5?5?5zeidon?4zView?5v?$AA@ 100a620c     tzwebgl1.obj
 0003:00006228       ??_C@_0CE@NAAJ@?5?5?5?5?5?5?5?5?5strComboCurrentValue?5?$DN?5@ 100a6228     tzwebgl1.obj
 0003:00006254       ??_C@_0EH@PNB@?3?3?$DM?$CF?$DNstrEntityKey?$CF?$DO?$FO?5type?$DN?$FOhidde@ 100a6254     tzwebgl1.obj
 0003:000062ac       ??_C@_0BL@KMB@?3?3?$DM?$CF?$DNstrEntityKey?$CF?$DO?$FO?5id?$DN?$FOh?$AA@ 100a62ac     tzwebgl1.obj
 0003:000062cc       ??_C@_0P@IODG@?$DMinput?5name?$DN?$FOh?$AA@ 100a62cc     tzwebgl1.obj
 0003:000062e0       ??_C@_0N@MAAK@?5?5?5?$DM?1select?$DO?$AA@ 100a62e0     tzwebgl1.obj
 0003:000062f0       ??_C@_0BN@KGAF@?5?5?5?5?5?5?$HN?5?1?1if?5?$CI?5nRowCnt?5?$DO?50?5?$CJ?$AA@ 100a62f0     tzwebgl1.obj
 0003:00006314       ??_C@_0FK@EMDI@?5?5?5?5?5?5?5?5?5?5?5?5?5?5?5?5?5?5?5?5?5?$DMoption?5val@ 100a6314     tzwebgl1.obj
 0003:00006380       ??_C@_0BH@CEFD@?5?5?5?5?5?5?5?5?5?5?5?5?5?5?5?5?5?5else?$AA@ 100a6380     tzwebgl1.obj
 0003:0000639c       ??_C@_0BE@LOAH@?5?5?5?5?5?5?5?5?5?5?5?5?5?5?5?5?5?5?$HN?$AA@ 100a639c     tzwebgl1.obj
 0003:000063b4       ??_C@_0GO@HFAJ@?5?5?5?5?5?5?5?5?5?5?5?5?5?5?5?5?5?5?5?5?5?$DMoption?5sel@ 100a63b4     tzwebgl1.obj
 0003:00006438       ??_C@_0BE@EBHF@?5?5?5?5?5?5?5?5?5?5?5?5?5?5?5?5?5?5?$HL?$AA@ 100a6438     tzwebgl1.obj
 0003:00006450       ??_C@_0EJ@GLH@?5?5?5?5?5?5?5?5?5?5?5?5?5?5?5?5?5?5if?5?$CI?5strComboC@ 100a6450     tzwebgl1.obj
 0003:000064a8       ??_C@_0DG@BJPL@?5?5?5?5?5?5?5?5?5?5?5?5?5?5?5if?5?$CI?5strErrorMapV@ 100a64a8     tzwebgl1.obj
 0003:000064e8       ??_C@_0EH@JNFN@?5?5?5?5?5?5?5?5?5?5?5?5?5?5?5strErrorMapValue?5@ 100a64e8     tzwebgl1.obj
 0003:00006540       ??_C@_0DB@MCPH@?5?5?5?5?5?5?5?5?5?5?5?5for?5?$CI?5k?5?$DN?5nFirst?$DL?5k?5@ 100a6540     tzwebgl1.obj
 0003:0000657c       ??_C@_0BI@LPLM@?5?5?5?5?5?5?5?5?5?5?5?5nFirst?5?$DN?50?$DL?$AA@ 100a657c     tzwebgl1.obj
 0003:00006598       ??_C@_0CN@HCIA@?5?5?5?5?5?5?5?5?5?5?5?5?5?5?5?5?5?5?$DMoption?5value?$DN@ 100a6598     tzwebgl1.obj
 0003:000065d0       ??_C@_0EB@IBJ@?5?5?5?5?5?5?5?5?5?5?5?5?5?5?5?5?5?5?$DMoption?5select@ 100a65d0     tzwebgl1.obj
 0003:00006620       ??_C@_0DB@ELNL@?5?5?5?5?5?5?5?5?5?5?5?5?5?5?5if?5?$CI?5strComboCurr@ 100a6620     tzwebgl1.obj
 0003:0000665c       ??_C@_0DE@KJLJ@?5?5?5?5?5?5?5?5?5?5?5?5if?5?$CI?5ComboVector?4ele@ 100a665c     tzwebgl1.obj
 0003:0000669c       ??_C@_0FH@KDCD@?5?5?5?5?5?5?5?5?5?5?5?5?1?1?5Code?5for?5NOT?5requ@ 100a669c     tzwebgl1.obj
 0003:00006704       ??_C@_0EB@NOLL@?5?5?5?5?5?5?5?5?5?5?5?5nFirst?5?$DN?5?$CIComboVecto@ 100a6704     tzwebgl1.obj
 0003:00006754       ??_C@_0EP@CKDO@?5?5?5?5?5?5?5?5?5?5?5?5?1?1?5Code?5for?5required@ 100a6754     tzwebgl1.obj
 0003:000067b4       ??_C@_07OEIH@NotNull?$AA@  100a67b4     tzwebgl1.obj
 0003:000067c0       ??_C@_0BN@BBHB@?5?5?5?5?5?5?5?5?5if?5?$CI?5nRowCnt?5?$DO?50?5?$CJ?5?$AA@ 100a67c0     tzwebgl1.obj
 0003:000067e4       ??_C@_0BF@CLKB@?5?5?5?5?5?5?5?5?5int?5nFirst?$DL?$AA@ 100a67e4     tzwebgl1.obj
 0003:00006800       ??_C@_0BA@MAI@?5?5?5?5?5?5?5?5?5int?5k?$DL?$AA@ 100a6800     tzwebgl1.obj
 0003:00006814       ??_C@_0CO@CKLH@?5?5?5?5?5?5?5?5?5nRowCnt?5?$DN?5?$CIint?$CJ?5ComboVe@ 100a6814     tzwebgl1.obj
 0003:0000684c       ??_C@_0CL@PAMC@?4GetTableListForAttribute?$CI?5strSe@ 100a684c     tzwebgl1.obj
 0003:00006880       ??_C@_0BI@KLAM@?5?5?5?5?5?5?5?5?5ComboVector?5?$DN?5?$AA@ 100a6880     tzwebgl1.obj
 0003:0000689c       ??_C@_0CE@LBIF@?5?5?5?5?5?5?5?5?5?5?5?5strComboCurrentValue@ 100a689c     tzwebgl1.obj
 0003:000068c8       ??_C@_0BN@OLJD@?5?5?5?5?5?5?5?5?5Vector?5ComboVector?$DL?$AA@ 100a68c8     tzwebgl1.obj
 0003:000068ec       ??_C@_0BM@DKLN@?5?5?5?5?5?5?5?5?5int?5?5?5?5nRowCnt?$DN?50?$DL?$AA@ 100a68ec     tzwebgl1.obj
 0003:00006910       ??_C@_0P@JIDH@?5?5?5?5?5?5nRC?5?$DN?51?$DL?$AA@ 100a6910     tzwebgl1.obj
 0003:00006924       ??_C@_0BA@IFIL@?$DMselect?5class?$DN?$FO?$AA@ 100a6924     tzwebgl1.obj
 0003:00006938       ??_C@_0CL@HJIM@?3?3?$DM?$CF?$DNstrEntityKey?$CF?$DO?0?5?$DM?$CF?$DNstrEntit@ 100a6938     tzwebgl1.obj
 0003:0000696c       ??_C@_0BF@KBEN@?3?3?$DM?$CF?$DNstrEntityKey?$CF?$DO?0?$AA@ 100a696c     tzwebgl1.obj
 0003:00006988       ??_C@_03KEKK@?$CI?5h?$AA@  100a6988     tzwebgl1.obj
 0003:0000698c       ??_C@_02OBNF@?$DN?$FO?$AA@ 100a698c     tzwebgl1.obj
 0003:00006990       ??_C@_0BO@DIDD@?3?3?$DM?$CF?$DNstrEntityKey?$CF?$DO?$FO?5size?$DN?$FO1?$FO?$AA@ 100a6990     tzwebgl1.obj
 0003:000069b4       ??_C@_0P@KMEL@?$DMselect?5name?$DN?$FO?$AA@ 100a69b4     tzwebgl1.obj
 0003:000069c8       ??_C@_06KMLE@onblur?$AA@   100a69c8     tzwebgl1.obj
 0003:000069d0       ??_C@_08LEJO@onchange?$AA@ 100a69d0     tzwebgl1.obj
 0003:000069dc       ??_C@_0P@OMHK@?$DM?1button?$DO?$DM?1td?$DO?$AA@ 100a69dc     tzwebgl1.obj
 0003:000069f0       ??_C@_0BG@OEEK@?3?3?$DM?$CF?$DNstrEntityKey?$CF?$DO?$FO?5?$AA@ 100a69f0     tzwebgl1.obj
 0003:00006a0c       ??_C@_0BC@HLON@?$CI?5this?4id?5?$CJ?$FO?5id?$DN?$FO?$AA@ 100a6a0c     tzwebgl1.obj
 0003:00006a24       ??_C@_0CC@LADL@name?$DN?$DM?$CF?$DNstrButtonName?$CF?$DO?5onclick?$DN@ 100a6a24     tzwebgl1.obj
 0003:00006a4c       ??_C@_0BI@FKFP@?$DO?$DMbutton?5type?$DN?$FObutton?$FO?5?$AA@ 100a6a4c     tzwebgl1.obj
 0003:00006a68       ??_C@_05NLKL@px?$DL?$FO?5?$AA@ 100a6a68     tzwebgl1.obj
 0003:00006a70       ??_C@_08LOAM@?5class?$DN?$FO?$AA@ 100a6a70     tzwebgl1.obj
 0003:00006a7c       ??_C@_0P@MMBD@?5style?$DN?$FOwidth?3?$AA@ 100a6a7c     tzwebgl1.obj
 0003:00006a90       ??_C@_0N@JKKA@EmailAddress?$AA@ 100a6a90     tzwebgl1.obj
 0003:00006aa0       ??_C@_09GEAF@Multiline?$AA@ 100a6aa0     tzwebgl1.obj
 0003:00006aac       ??_C@_0BG@OGPA@?3?3?$DM?$CF?$DNstrEntityKey?$CF?$DO?$FO?$DO?$AA@ 100a6aac     tzwebgl1.obj
 0003:00006ac8       ??_C@_0BK@FJDD@?3?3?$DM?$CF?$DNstrEntityKey?$CF?$DO?$FO?5id?$DN?$FO?$AA@ 100a6ac8     tzwebgl1.obj
 0003:00006ae8       ??_C@_04FFGC@?$CF?$DO?$FO?5?$AA@ 100a6ae8     tzwebgl1.obj
 0003:00006af0       ??_C@_0CD@DOMP@?$DMinput?5type?$DN?$FOhidden?$FO?5value?$DN?$FO?$DM?$CF?$DNs@ 100a6af0     tzwebgl1.obj
 0003:00006b1c       ??_C@_0L@LCM@?$DMtd?5nowrap?$AA@ 100a6b1c     tzwebgl1.obj
 0003:00006b2c       ??_C@_07FJGM@WebWrap?$AA@  100a6b2c     tzwebgl1.obj
 0003:00006b38       ??_C@_03KJNI@?$DMtd?$AA@   100a6b38     tzwebgl1.obj
 0003:00006b3c       ??_C@_04ELEI@WRAP?$AA@     100a6b3c     tzwebgl1.obj
 0003:00006b44       ??_C@_0BA@DBFC@?$DMtr?$DM?$CF?$DNstrOdd?$CF?$DO?$DO?$AA@ 100a6b44     tzwebgl1.obj
 0003:00006b58       ??_C@_04NJHL@_URL?$AA@     100a6b58     tzwebgl1.obj
 0003:00006b60       ??_C@_0M@KOBE@?5?$DN?5?$FO?$CGnbsp?$FO?$DL?$AA@ 100a6b60     tzwebgl1.obj
 0003:00006b70       ??_C@_0CN@KANO@?5?5?5?5?5?5?5?5?5strTblOutput?5?$DN?5strTblOu@ 100a6b70     tzwebgl1.obj
 0003:00006ba8       ??_C@_0CG@KCEC@Value?5?$CL?5?$FO?8?5value?$DN?8Y?8?5type?$DN?8check@ 100a6ba8     tzwebgl1.obj
 0003:00006bd8       ??_C@_04BKPM@?$DO?5?$FO?$DL?$AA@ 100a6bd8     tzwebgl1.obj
 0003:00006be0       ??_C@_0CP@KMJL@Value?5?$CL?5?$FO?8?5value?$DN?8Y?8?5type?$DN?8check@ 100a6be0     tzwebgl1.obj
 0003:00006c18       ??_C@_0BE@MAEL@Value?5?$CL?5?$FO?8?5id?$DN?8?$FO?5?$CL?5?$AA@ 100a6c18     tzwebgl1.obj
 0003:00006c30       ??_C@_0BG@NONO@?5?$DN?5?$FO?$DMinput?5name?$DN?8?$FO?5?$CL?5?$AA@ 100a6c30     tzwebgl1.obj
 0003:00006c4c       ??_C@_0N@PLJG@?$CI?5this?4id?5?$CJ?8?$AA@ 100a6c4c     tzwebgl1.obj
 0003:00006c5c       ??_C@_0L@HPGP@?5onclick?$DN?8?$AA@ 100a6c5c     tzwebgl1.obj
 0003:00006c6c       ??_C@_09JNAK@Value?5?$DN?5?$FO?$AA@ 100a6c6c     tzwebgl1.obj
 0003:00006c78       ??_C@_02OGOH@?8?5?$AA@     100a6c78     tzwebgl1.obj
 0003:00006c7c       ??_C@_08JHBG@?5title?$DN?8?$AA@ 100a6c7c     tzwebgl1.obj
 0003:00006c88       ??_C@_0BC@PLDE@?4length?$CI?5?$CJ?5?$DN?$DN?50?5?$CJ?$AA@ 100a6c88     tzwebgl1.obj
 0003:00006ca0       ??_C@_08OMIA@?5?$CL?5?$FO?2t?$FO?$DL?$AA@ 100a6ca0     tzwebgl1.obj
 0003:00006cac       ??_C@_0CI@BKGC@?5?5?5?5?5?5?5?5?5strTblOutput?5?$DN?5strTblOu@ 100a6cac     tzwebgl1.obj
 0003:00006cdc       ??_C@_0L@NJPB@?4equals?$CI?5?$FO?$AA@ 100a6cdc     tzwebgl1.obj
 0003:00006cec       ??_C@_0P@OEPO@?5?5?5?5?5?5?5?5?5if?5?$CI?5?$AA@ 100a6cec     tzwebgl1.obj
 0003:00006d00       ??_C@_0BC@OMBJ@?5?5?5?5?5?5?5?5?5?5?5?5else?5?$AA@ 100a6d00     tzwebgl1.obj
 0003:00006d18       ??_C@_05DJ@LV?5?$DN?5?$AA@ 100a6d18     tzwebgl1.obj
 0003:00006d20       ??_C@_03PJOL@?$CJ?5?$CJ?$AA@ 100a6d20     tzwebgl1.obj
 0003:00006d24       ??_C@_02LGJJ@LV?$AA@       100a6d24     tzwebgl1.obj
 0003:00006d28       ??_C@_08MHBG@?4equals?$CI?$AA@ 100a6d28     tzwebgl1.obj
 0003:00006d34       ??_C@_0BC@MJI@?5?5?5?5?5?5?5?5?5?5?5?5if?5?$CI?5?$AA@ 100a6d34     tzwebgl1.obj
 0003:00006d4c       ??_C@_0EE@EKPG@?5?5?5?5?5?5?5?5?5?5?5?5?1?1?5Only?5show?5the?5fir@ 100a6d4c     tzwebgl1.obj
 0003:00006da0       ??_C@_0BD@BGFC@?$FO?0?5strDateFormat?0?5?$AA@ 100a6da0     tzwebgl1.obj
 0003:00006db8       ??_C@_03FGJK@?5?$DN?5?$AA@ 100a6db8     tzwebgl1.obj
 0003:00006dbc       ??_C@_0BF@EJG@?5?$DN?5strErrorMapValue?$DL?$AA@ 100a6dbc     tzwebgl1.obj
 0003:00006dd8       ??_C@_0CE@BKIK@ErrorColor?5?$DN?5?$FO?5style?$DN?8color?3?5red@ 100a6dd8     tzwebgl1.obj
 0003:00006e04       ??_C@_0DC@FFJL@?5?5?5?5?5?5?5?5?5?5?5?5if?5?$CI?5strErrorMapValu@ 100a6e04     tzwebgl1.obj
 0003:00006e40       ??_C@_0FO@OLAA@?5?5?5?5?5?5?5?5?5?5?5?5strErrorMapValue?5?$DN?5v@ 100a6e40     tzwebgl1.obj
 0003:00006eb0       ??_C@_0BB@BFCG@ErrorColor?5?$DN?5?$FO?$FO?$DL?$AA@ 100a6eb0     tzwebgl1.obj
 0003:00006ec4       ??_C@_06LDBH@?5?$DN?5?$FO?$FO?$DL?$AA@ 100a6ec4     tzwebgl1.obj
 0003:00006ecc       ??_C@_03FEKE@str?$AA@      100a6ecc     tzwebgl1.obj
 0003:00006ed0       ??_C@_0P@GJOJ@Displayed?5Text?$AA@ 100a6ed0     tzwebgl1.obj
 0003:00006ee4       ??_C@_0P@FGKD@?5align?$DN?$FOright?$FO?$AA@ 100a6ee4     tzwebgl1.obj
 0003:00006ef8       ??_C@_0BA@MBEE@?5align?$DN?$FOcenter?$FO?$AA@ 100a6ef8     tzwebgl1.obj
 0003:00006f0c       ??_C@_0DI@LBBD@?5?5?5?5?5?5?5?5?5strButtonName?5?$DN?5?$FOSelect@ 100a6f0c     tzwebgl1.obj
 0003:00006f50       ??_C@_0EB@DNJM@?5?5?5?5?5?5?5?5?5strOdd?5?$DN?5?$CIiTableRowCnt?5@ 100a6f50     tzwebgl1.obj
 0003:00006fa0       ??_C@_0CJ@KLDJ@?5?5?5?5?5?5?5?5?5if?5?$CI?5strFilter?4length?$CI?5@ 100a6fa0     tzwebgl1.obj
 0003:00006fd4       ??_C@_0FC@PMFE@?5?5?5?5?5?5?5?5?5?1?1?5If?5the?5attribute?5wHi@ 100a6fd4     tzwebgl1.obj
 0003:00007038       ??_C@_0BN@KNKF@?$FO?0?5?$FOwHideTableRow?$FO?0?5?$FO?$FO?0?51?5?$CJ?$DL?$AA@ 100a7038     tzwebgl1.obj
 0003:0000705c       ??_C@_0BG@JLAM@?5?5?5?5?5?5?5?5?5strFilter?5?$DN?5?$AA@ 100a705c     tzwebgl1.obj
 0003:00007078       ??_C@_0CD@GPFO@?4SetCursorScopeOI?$CI?5strSessionId?0@ 100a7078     tzwebgl1.obj
 0003:000070a4       ??_C@_0O@ICKL@?5?5?5?5?5?5nRC2?5?$DN?5?$AA@ 100a70a4     tzwebgl1.obj
 0003:000070b4       ??_C@_0CE@OPOD@?4CreateViewFromView?$CI?5strSessionI@ 100a70b4     tzwebgl1.obj
 0003:000070e0       ??_C@_01KBCC@v?$AA@        100a70e0     tzwebgl1.obj
 0003:000070e4       ??_C@_05MOEI@_URL?$DL?$AA@ 100a70e4     tzwebgl1.obj
 0003:000070ec       ??_C@_0O@FCJA@Hyperlink?5URL?$AA@ 100a70ec     tzwebgl1.obj
 0003:000070fc       ??_C@_0CI@DKOL@LV?5?$DN?5?$FO?$FO?$DL?5?5?1?1?5Last?5value?5of?5this?5@ 100a70fc     tzwebgl1.obj
 0003:0000712c       ??_C@_0BG@KANC@First?5Occurrence?5Only?$AA@ 100a712c     tzwebgl1.obj
 0003:00007148       ??_C@_0M@HNKJ@ErrorColor?$DL?$AA@ 100a7148     tzwebgl1.obj
 0003:00007158       ??_C@_06DMDA@Value?$DL?$AA@ 100a7158     tzwebgl1.obj
 0003:00007160       ??_C@_01FAJB@?$DL?$AA@     100a7160     tzwebgl1.obj
[...]
 0003:00012388       ??_C@_0N@KIFN@EmailMessage?$AA@ 100b2388     tzwebgl3.obj
 0003:00012398       ??_C@_0BI@JPHL@?5?5?5?5?5?5?5?5?5?1?1?5Email?5Body?4?$AA@ 100b2398     tzwebgl3.obj
 0003:000123b4       ??_C@_0CJ@ENGJ@?5?5?5?5?5?5?5?5?5?5?5?5sub?5?$DN?5?$FO?$DPsubject?$DN?$FO?5?$CL?5@ 100b23b4     tzwebgl3.obj
 0003:000123e8       ??_C@_0CE@DFFL@?5?5?5?5?5?5?5?5?5?5?5?5sub?5?$DN?5?$FO?$DPsubject?$DN?$CGnbs@ 100b23e8     tzwebgl3.obj
 0003:00012414       ??_C@_0BO@MOEN@?5?5?5?5?5?5?5?5?5if?5?$CI?5subject?5?$DN?$DN?5?$FO?$FO?5?$CJ?$AA@ 100b2414     tzwebgl3.obj
 0003:00012438       ??_C@_0BN@LLHE@?5?5?5?5?5?5?5?5?5subject?5?$DN?5document?4?$AA@ 100b2438     tzwebgl3.obj
 0003:0001245c       ??_C@_0N@GBFB@EmailSubject?$AA@ 100b245c     tzwebgl3.obj
 0003:0001246c       ??_C@_0BL@HKAK@?5?5?5?5?5?5?5?5?5?1?1?5Email?5Subject?4?$AA@ 100b246c     tzwebgl3.obj
 0003:0001248c       ??_C@_0BD@FIFD@?5?5?5?5?5?5?5?5?5eml?5?$DN?5?$FO?$FO?$DL?$AA@ 100b248c     tzwebgl3.obj
 0003:000124a4       ??_C@_0BJ@JAKC@?5?5?5?5?5?5?5?5?5eml?5?$DN?5document?4?$AA@ 100b24a4     tzwebgl3.obj
 0003:000124c4       ??_C@_0P@KNOF@EmailRecipient?$AA@ 100b24c4     tzwebgl3.obj
 0003:000124d8       ??_C@_0BM@POKF@?5?5?5?5?5?5?5?5?5eml?5?$DN?5szEmailList?$DL?$AA@ 100b24d8     tzwebgl3.obj
 0003:000124fc       ??_C@_0BN@KCPI@?5?5?5?5?5?5?5?5?5?1?1?5Email?5Recipient?4?$AA@ 100b24fc     tzwebgl3.obj
 0003:00012520       ??_C@_0BD@GPNG@?5?5?5?5?5?5?5?5?5var?5mle1?$DL?$AA@ 100b2520     tzwebgl3.obj
 0003:00012538       ??_C@_0BC@HGMC@?5?5?5?5?5?5?5?5?5var?5bod?$DL?$AA@ 100b2538     tzwebgl3.obj
 0003:00012550       ??_C@_0BC@GELM@?5?5?5?5?5?5?5?5?5var?5sub?$DL?$AA@ 100b2550     tzwebgl3.obj
 0003:00012568       ??_C@_0BC@MPHI@?5?5?5?5?5?5?5?5?5var?5bcc?$DL?$AA@ 100b2568     tzwebgl3.obj
 0003:00012580       ??_C@_0BG@IOCK@?5?5?5?5?5?5?5?5?5var?5subject?$DL?$AA@ 100b2580     tzwebgl3.obj
 0003:0001259c       ??_C@_0BC@JNAF@?5?5?5?5?5?5?5?5?5var?5eml?$DL?$AA@ 100b259c     tzwebgl3.obj
 0003:000125b4       ??_C@_0BC@EGHN@?5?5?5?5?5?5?5?5?5var?5mle?$DL?$AA@ 100b25b4     tzwebgl3.obj
 0003:000125cc       ??_C@_0BG@IKOO@?5?5?5?5?5?5?5?5?5var?5thisMLE?$DL?$AA@ 100b25cc     tzwebgl3.obj
 0003:000125e8       ??_C@_0GI@PMOE@?5?5?5?5?5?5?5?5?5?1?1?5Note?5that?5problems?5m@ 100b25e8     tzwebgl3.obj
 0003:00012664       ??_C@_0DN@IEBO@?5?5?5?5?5?5?5?5?5?1?1?5Put?5together?5the?5ema@ 100b2664     tzwebgl3.obj
 0003:000126b0       ??_C@_0BP@JDKI@?5?5?5?5?5?5if?5?$CI?5szEmailList?5?$CB?$DN?5?$FO?$FO?5?$CJ?$AA@ 100b26b0     tzwebgl3.obj
 0003:000126d8       ??_C@_0CN@OPIN@?5?5?5?5?5?5?5?5?5?5?5?5szEmailList?5?$CL?$DN?5thisT@ 100b26d8     tzwebgl3.obj
 0003:00012710       ??_C@_0CD@CAEB@?5?5?5?5?5?5?5?5?5?5?5?5?5?5?5szEmailList?5?$CL?$DN?5?$FO?0@ 100b2710     tzwebgl3.obj
 0003:0001273c       ??_C@_0CF@IFKA@?5?5?5?5?5?5?5?5?5?5?5?5if?5?$CI?5szEmailList?5?$CB?$DN?5@ 100b273c     tzwebgl3.obj
 0003:00012768       ??_C@_0CM@MFGK@?5?5?5?5?5?5?5?5?5if?5?$CI?5thisTd?4className?5?$DN@ 100b2768     tzwebgl3.obj
 0003:0001279c       ??_C@_0BM@HFIB@?5?5?5?5?5?5?5?5?5thisTd?5?$DN?5tds?$FL?5k?5?$FN?$DL?$AA@ 100b279c     tzwebgl3.obj
 0003:000127c0       ??_C@_0CJ@LEBK@?5?5?5?5?5?5for?5?$CI?5k?5?$DN?50?$DL?5k?5?$DM?5tds?4lengt@ 100b27c0     tzwebgl3.obj
 0003:000127f4       ??_C@_0DD@NBPP@?5?5?5?5?5?5tds?5?$DN?5document?4getElements@ 100b27f4     tzwebgl3.obj
 0003:00012834       ??_C@_0EP@FDAH@?5?5?5?5?5?5?1?1?5Generates?5list?5of?5email@ 100b2834     tzwebgl3.obj
 0003:00012894       ??_C@_0N@NOMN@?5?5?5?5?5?5var?5k?$DL?$AA@ 100b2894     tzwebgl3.obj
 0003:000128a4       ??_C@_0BC@KMP@?5?5?5?5?5?5var?5thisTd?$DL?$AA@ 100b28a4     tzwebgl3.obj
 0003:000128bc       ??_C@_0P@HJBL@?5?5?5?5?5?5var?5tds?$DL?$AA@ 100b28bc     tzwebgl3.obj
 0003:000128d0       ??_C@_0BM@BO@?5?5?5?5?5?5var?5szEmailList?5?$DN?5?$FO?$FO?$DL?$AA@ 100b28d0     tzwebgl3.obj
 0003:000128f4       ??_C@_0P@PGMB@?8?5?$CJ?0?5this?5?$CJ?$DL?$FO?5?$AA@ 100b28f4     tzwebgl3.obj
 0003:00012908       ??_C@_0DF@KBFC@?5?5?5?5?5?5?5?5onclick?$DN?$FOscwShow?$CI?5docume@ 100b2908     tzwebgl3.obj
 0003:00012948       ??_C@_0ED@PIJE@?5?5?5?$DMimg?5src?$DN?$FOimages?1scw?4gif?$FO?5tit@ 100b2948     tzwebgl3.obj
 0003:00012998       ??_C@_0BC@FKOP@?5?5?5?$DMinput?5class?$DN?$FO?$AA@ 100b2998     tzwebgl3.obj
 0003:000129b0       ??_C@_03BDNM@?5?1?$DO?$AA@ 100b29b0     tzwebgl3.obj
 0003:000129b4       ??_C@_0DO@LPOL@style?$DN?$FOwidth?380px?$FO?5type?$DN?$FOtext?$FO?5v@ 100b29b4     tzwebgl3.obj
 0003:00012a00       ??_C@_06NJOK@?$FO?5id?$DN?8?$AA@ 100b2a00     tzwebgl3.obj
 0003:00012a08       ??_C@_0BB@MIOF@?5?5?5?$DMinput?5name?$DN?$FO?$AA@ 100b2a08     tzwebgl3.obj
 0003:00012a1c       ??_C@_0BI@CIIF@position?3absolute?$DLleft?3?$AA@ 100b2a1c     tzwebgl3.obj
 0003:00012a38       ??_C@_02CKLK@32?$AA@       100b2a38     tzwebgl3.obj
 0003:00012a3c       ??_C@_0BI@MFHO@?$FO?0?5strDateFormat?0?510?5?$CJ?$DL?$AA@ 100b2a3c     tzwebgl3.obj
 0003:00012a58       ??_C@_0BO@OBAA@?4zAction?4value?5?$DN?5?$FO_OnUnload?$FO?$DL?$AA@ 100b2a58     tzwebgl3.obj
 0003:00012a7c       ??_C@_0BB@FLOF@?$CI?5strEntityKey?5?$CJ?$AA@ 100b2a7c     tzwebgl3.obj
 0003:00012a90       ??_C@_03HAKM@Key?$AA@      100b2a90     tzwebgl3.obj
 0003:00012a94       ??_C@_08FOOL@ActEvent?$AA@ 100b2a94     tzwebgl3.obj
 0003:00012aa0       ??_C@_0BN@KDHJ@?$DM?1div?$DO?5?5?$DM?$CB?9?9?5leftcontent?5?9?9?$DO?$AA@ 100b2aa0     tzwebgl3.obj
 0003:00012ac4       ??_C@_0BD@BEOP@?$DM?$CF?$EA?5include?5file?$DN?$FO?$AA@ 100b2ac4     tzwebgl3.obj
 0003:00012adc       ??_C@_0CD@DIHO@?$DM?$CB?9?9?5left?5content?5include?5file?5?9@ 100b2adc     tzwebgl3.obj
 0003:00012b08       ??_C@_0BE@HJIH@WEB_LeftSideInclude?$AA@ 100b2b08     tzwebgl3.obj
 0003:00012b20       ??_C@_0BP@NLNA@?$DM?1div?$DO?5?$DM?$CB?9?9?5sidenavigation?5?9?9?$DO?$AA@ 100b2b20     tzwebgl3.obj
 0003:00012b48       ??_C@_08ODPH@DfltMenu?$AA@ 100b2b48     tzwebgl3.obj
 0003:00012b54       ??_C@_0BI@PIFG@?5?5?5?5?5?5?5?$DMli?$DO?$DMa?5href?$DN?$FO?$CD?$FO?5?$AA@ 100b2b54     tzwebgl3.obj
 0003:00012b70       ??_C@_0BC@INOD@?5?5?5if?5?$CI?5nRC?5?$DM?50?5?$CJ?$AA@ 100b2b70     tzwebgl3.obj
 0003:00012b88       ??_C@_0FK@NCMJ@?5?5?5nRC?5?$DN?5vKZXMLPGO?4SetCursorFirs@ 100b2b88     tzwebgl3.obj
 0003:00012bf4       ??_C@_0BG@HEOL@class?$DN?$FOsideselected?$FO?5?$AA@ 100b2bf4     tzwebgl3.obj
 0003:00012c10       ??_C@_0CG@OOIG@Reusable?5Menu?5Action?5Name?5Length@ 100b2c10     tzwebgl3.obj
 0003:00012c40       ??_C@_02INPC@sm?$AA@       100b2c40     tzwebgl3.obj
 0003:00012c44       ??_C@_0BK@KJGG@?$DMdiv?5id?$DN?$FOsidenavigation?$FO?$DO?$AA@ 100b2c44     tzwebgl3.obj
 0003:00012c64       ??_C@_0DB@KJNL@?$DM?$CB?9?9?5Side?5Navigation?5?$CK?$CK?$CK?$CK?$CK?$CK?$CK?$CK?$CK?$CK?$CK@ 100b2c64     tzwebgl3.obj
 0003:00012ca0       ??_C@_0BH@JMFK@?$DMdiv?5id?$DN?$FOleftcontent?$FO?$DO?$AA@ 100b2ca0     tzwebgl3.obj
 0003:00012cbc       ??_C@_0CE@DCA@?$CK?$CK?$CK?5BuildSideNavSection?5Window?5?$CK@ 100b2cbc     tzwebgl3.obj
 0003:00012ce8       ??_C@_0O@PCCE@?5tabindex?$DN?91?5?$AA@ 100b2ce8     tzwebgl3.obj
 0003:00012cf8       ??_C@_0BD@MALM@wWindowHasTabsFlag?$AA@ 100b2cf8     tzwebgl3.obj
 0003:00012d10       ??_C@_0L@DCNL@DialogRoot?$AA@ 100b2d10     tzwebgl3.obj
 0003:00012d20       ??_C@_0L@PDLJ@?5tabindex?$DN?$AA@ 100b2d20     tzwebgl3.obj
 0003:00012d30       ??_C@_07KMLE@SyncKey?$AA@  100b2d30     tzwebgl3.obj
 0003:00012d3c       ??_C@_0M@BHAP@vDialogRoot?$AA@ 100b2d3c     tzwebgl3.obj
 0003:00012d4c       ??_C@_0BK@DKCH@?5?5?5if?5?$CI?5?$CBcsrRC?4isSet?$CI?5?$CJ?5?$CJ?$AA@ 100b2d4c     tzwebgl4.obj
 0003:00012d6c       ??_C@_0CK@EOMB@?5?5?5if?5?$CI?5?$CBcsrRC?4isSet?$CI?$CJ?5?$CJ?5?1?1if?5?$CI?5@ 100b2d6c     tzwebgl4.obj
 0003:00012da0       ??_C@_0FB@CFDE@?5?5?5csrRC?5?$DN?5vKZXMLPGO?4cursor?$CI?5?$FODi@ 100b2da0     tzwebgl4.obj
 0003:00012e04       ??_C@_0N@MLCG@TinyMCEClass?$AA@ 100b2e04     tzwebgl4.obj
 0003:00012e14       ??_C@_0DD@MGOD@border?3solid?$DLborder?9width?32px?$DLbo@ 100b2e14     tzwebgl4.obj
 0003:00012e54       ??_C@_0DD@KIKL@border?3solid?$DLborder?9width?34px?$DLbo@ 100b2e54     tzwebgl4.obj
 0003:00012e94       ??_C@_0DM@FCBD@?5?5?5?5?5?5?5?5?5?5?5?5task?4log?$CI?5?$CJ?4info?$CI?5?$FOE@ 100b2e94     tzwebgl4.obj
 0003:00012edc       ??_C@_0BK@DHEM@?3?5?$FO?5?$CL?5strErrorMapValue?5?$CJ?$DL?$AA@ 100b2edc     tzwebgl4.obj
 0003:00012efc       ??_C@_0CA@CBHA@?5?5?5?5?5?5?5?5?5?5?5?5task?4log?$CI?5?$CJ?4info?$CI?5?$FO?$AA@ 100b2efc     tzwebgl4.obj
 0003:00012f24       ??_C@_0CG@FGLG@?5?5?5?5?5?5?5?5?5?5?5?5?5?5?5strErrorMapValue?5@ 100b2f24     tzwebgl4.obj
 0003:00012f54       ??_C@_0CM@EBKA@?5?5?5?5?5?5?5?5?5?5?5?5if?5?$CI?5strErrorMapValu@ 100b2f54     tzwebgl4.obj
 0003:00012f88       ??_C@_0CH@PMLL@?5?5?5?5?5?5?5?5?5strErrorColor?5?$DN?5?$FOcolor?3@ 100b2f88     tzwebgl4.obj
 0003:00012fb8       ??_C@_0DF@GBFG@?5?5?5?5?5?5if?5?$CI?5StringUtils?4equals?$CI?5s@ 100b2fb8     tzwebgl4.obj
 0003:00012ff8       ??_C@_0DD@DBKE@?5?5?5if?5?$CI?5?$CBStringUtils?4isBlank?$CI?5st@ 100b2ff8     tzwebgl4.obj
 0003:00013038       ??_C@_0P@LNMM@?$FO?0?5strError?5?$CJ?$DL?$AA@ 100b3038     tzwebgl4.obj
 0003:0001304c       ??_C@_0DB@OLFN@?5?5?5strErrorMapValue?5?$DN?5VmlOperati@ 100b304c     tzwebgl4.obj
 0003:00013088       ??_C@_0BO@FEDA@?$CK?$CK?$CK?$CK?5GenJSPJ_CrteMLEdit?5?$CK?$CK?$CK?$CK?5?$AA@ 100b3088     tzwebgl4.obj
 0003:000130ac       ??_C@_0CD@HGG@?4log?$CI?5?$CJ?4debug?$CI?5?$FOInvalid?5View?3?5?$FO?0@ 100b30ac     tzwebgl4.obj
 0003:000130d8       ??_C@_06KIDI@?8?5?$CJ?$DL?$FO?5?$AA@ 100b30d8     tzwebgl4.obj
 0003:000130e0       ??_C@_0M@IOOI@?5?5onclick?$DN?$FO?$AA@ 100b30e0     tzwebgl4.obj
 0003:000130f0       ??_C@_0M@GDMH@?$DMa?5href?$DN?$FO?$CD?$FO?$AA@ 100b30f0     tzwebgl4.obj
 0003:00013100       ??_C@_0CD@GMEE@?5?5?5?5?5?5?5?5?5?5?5?5strTextURL_Value?5?$DN?5?$FO@ 100b3100     tzwebgl4.obj
 0003:0001312c       ??_C@_0CJ@HMKD@?5?5?5?5?5?5?5?5?5if?5?$CI?5strTextURL_Value?5?$DN@ 100b312c     tzwebgl4.obj
 0003:00013160       ??_C@_0CG@HFCP@?5?5?5?5?5?5?5?5?5?5?5?5strTextDisplayValue?5@ 100b3160     tzwebgl4.obj
 0003:00013190       ??_C@_0CM@CPPI@?5?5?5?5?5?5?5?5?5if?5?$CI?5strTextDisplayValu@ 100b3190     tzwebgl4.obj
 0003:000131c4       ??_C@_0BG@HEOH@?$FO?5?$CL?5e?4getMessage?$CI?$CJ?5?$CJ?$DL?$AA@ 100b31c4     tzwebgl4.obj
 0003:000131e0       ??_C@_0CO@GPCH@?5?5?5?5?5?5?5?5?5task?4log?$CI?$CJ?4info?$CI?5?$FO?$CK?$CK?$CK?5E@ 100b31e0     tzwebgl4.obj
 0003:00013218       ??_C@_0BH@LLEK@?3?5?$FO?5?$CL?5e?4getMessage?$CI?$CJ?$CJ?$DL?$AA@ 100b3218     tzwebgl4.obj
 0003:00013234       ??_C@_0CM@ICH@?5?5?5?5?5?5?5?5?5out?4println?$CI?$FOThere?5is?5a@ 100b3234     tzwebgl4.obj
 0003:00013268       ??_C@_0CO@ICNC@?5?5?5?5?5?5task?4log?$CI?5?$CJ?4debug?$CI?5?$FOInvali@ 100b3268     tzwebgl4.obj
 0003:000132a0       ??_C@_0GK@ELKC@?$FO?5onblur?$DN?$FOreturn?5onBlurMask?$CIthis@ 100b32a0     tzwebgl4.obj
 0003:00013320       ??_C@_06JLMD@mask?$DN?$FO?$AA@ 100b3320     tzwebgl4.obj
 0003:00013328       ??_C@_0O@DDLP@?5type?$DN?$FOfile?$FO?5?$AA@ 100b3328     tzwebgl4.obj
 0003:00013338       ??_C@_0CE@LNON@?5?5?5?5?5?5if?5?$CI?5strErrorMapValue?5?$DN?$DN?5?$FO@ 100b3338     tzwebgl4.obj
 0003:00013364       ??_C@_0DN@LBHC@?5?5?5?5?5?5?5?5?5?5?5?5task?4log?$CI?5?$CJ?4debug?$CI?5?$FO@ 100b3364     tzwebgl4.obj
 0003:000133b0       ??_C@_0CB@CGPG@?5?5?5?5?5?5?5?5?5?5?5?5task?4log?$CI?5?$CJ?4debug?$CI?5?$FO@ 100b33b0     tzwebgl4.obj
 0003:000133d8       ??_C@_07LOPI@?$FO?0?5e?5?$CJ?$DL?$AA@ 100b33d8     tzwebgl4.obj
 0003:000133e4       ??_C@_0DF@DHHB@?5?5?5?5?5?5?5?5?5?5?5?5?5?5?5task?4log?$CI?$CJ?4error?$CI@ 100b33e4     tzwebgl4.obj
 0003:00013424       ??_C@_0DC@CCHC@?5?5?5?5?5?5?5?5?5?5?5?5?5?5?5out?4println?$CI?$FOTher@ 100b3424     tzwebgl4.obj
 0003:00013460       ??_C@_0CA@EBMI@?5?5?5?5?5?5?5?5?5?5?5?5catch?5?$CIException?5e?$CJ?$AA@ 100b3460     tzwebgl4.obj
 0003:00013488       ??_C@_0DB@CGHE@?5?5?5?5?5?5?5?5?5task?4log?$CI?5?$CJ?4debug?$CI?5?$FOInv@ 100b3488     tzwebgl4.obj
 0003:000134c4       ??_C@_0BK@FBAI@?$CK?$CK?$CK?5Browse?5File?5is?5Y?5?$CK?$CK?$CK?5?$AA@ 100b34c4     tzwebgl4.obj
 0003:000134e4       ??_C@_0M@HAJM@Browse?5File?$AA@ 100b34e4     tzwebgl4.obj
 0003:000134f4       ??_C@_0BN@KBAM@?$CK?$CK?$CK?5GenJSPJ_CrteEditBox?5?$CK?$CK?$CK?5?$AA@ 100b34f4     tzwebgl4.obj
 0003:00013518       ??_C@_05BOCD@?8?5?$CJ?$FO?5?$AA@ 100b3518     tzwebgl4.obj
 0003:00013520       ??_C@_0DC@GOIJ@?5?5?5if?5?$CI?5StringUtils?4equals?$CI?5strR@ 100b3520     tzwebgl4.obj
 0003:0001355c       ??_C@_0DE@JGPI@?$FO?5type?$DN?$FOhidden?$FO?5value?$DN?$FO?$DM?$CF?$DNstrCom@ 100b355c     tzwebgl4.obj
 0003:0001359c       ??_C@_0BJ@NFKG@?5?5?5?$HN?5?5?1?1?5if?5view?5?$CB?$DN?5null?$AA@ 100b359c     tzwebgl4.obj
 0003:000135bc       ??_C@_0CG@LGIE@?5?5?5?5?5?5for?5?$CI?5TableEntry?5entry?5?3?5l@ 100b35bc     tzwebgl4.obj
 0003:000135ec       ??_C@_0CI@HEFL@?5?5?5?5?5?5if?5?$CI?5strComboCurrentValue?5@ 100b35ec     tzwebgl4.obj
 0003:0001361c       ??_C@_0EB@CPJP@?5?5?5?5?5?5List?$DMTableEntry?$DO?5list?5?$DN?5Js@ 100b361c     tzwebgl4.obj
 0003:0001366c       ??_C@_04MDPP@?8?5?$CJ?$FO?$AA@ 100b366c     tzwebgl4.obj
 0003:00013674       ??_C@_0L@HFOA@?8?0?5this?0?5?8?$AA@ 100b3674     tzwebgl4.obj
 0003:00013684       ??_C@_0BN@NKJL@?$CK?$CK?$CK?$CK?$CK?5szCtrlTagRG?5?5?5?5?9?9?9?9?9?$DO?5?$AA@ 100b3684     tzwebgl4.obj
 0003:000136a8       ??_C@_02NNPM@?3?3?$AA@     100b36a8     tzwebgl4.obj
 0003:000136ac       ??_C@_0BN@FNFI@?$CK?$CK?$CK?$CK?$CK?5szRepeatGrpKey?5?9?9?9?9?9?$DO?5?$AA@ 100b36ac     tzwebgl4.obj
 0003:000136d0       ??_C@_08PKCM@?$DMselect?5?$AA@ 100b36d0     tzwebgl4.obj
 0003:000136dc       ??_C@_0CE@JLDN@scwShow?$CI?5document?4getElementById@ 100b36dc     tzwebgl4.obj
 0003:00013708       ??_C@_0BC@PMEP@?5?5?5?5?5?5?5?5onclick?$DN?$FO?$AA@ 100b3708     tzwebgl4.obj
 0003:00013720       ??_C@_0DP@MBFB@?5style?$DN?$FOwidth?380px?$FO?5type?$DN?$FOtext?$FO?5@ 100b3720     tzwebgl4.obj
 0003:0001376c       ??_C@_0BF@MJFI@?4runsAfterSCW?$CIthis?$CJ?$DL?$AA@ 100b376c     tzwebgl4.obj
 0003:00013788       ??_C@_0P@HLEF@scwNextAction?$DN?$AA@ 100b3788     tzwebgl4.obj
 0003:00013d88       _g_hInstanceDLL            100b3d88     zdllinst.obj
 0003:00013d8c       ??_C@_00A@?$AA@            100b3d8c     tzwebgl1.obj
 0003:00013d94       __adjust_fdiv              100b3d94     <common>
 0003:00013da0       ___onexitend               100b3da0     <common>
 0003:00013db0       ___onexitbegin             100b3db0     <common>
 0003:00013db4       __pRawDllMain              100b3db4     <common>
 0004:00000000       __IMPORT_DESCRIPTOR_tzvmlip 100b4000     tzvmlip:tzvmlip.dll
 0004:00000014       __IMPORT_DESCRIPTOR_KZOENGAA 100b4014     kzoengaa:KZOENGAA.DLL
 0004:00000028       __IMPORT_DESCRIPTOR_MSVCRTD 100b4028     msvcrtd:MSVCRTD.dll
 0004:0000003c       __IMPORT_DESCRIPTOR_ZDrApp 100b403c     zdrapp:ZDrApp.dll
 0004:00000050       __IMPORT_DESCRIPTOR_ZdCtl  100b4050     zdctl:ZdCtl.dll
 0004:00000064       __NULL_IMPORT_DESCRIPTOR   100b4064     tzvmlip:tzvmlip.dll
 0004:0000024c       __imp__CreateViewFromViewForTask@12 100b424c     kzoengaa:KZOENGAA.DLL
 0004:00000250       __imp__CompareAttributeToAttribute@24 100b4250     kzoengaa:KZOENGAA.DLL
 0004:00000254       __imp__GetStringFromAttribute@16 100b4254     kzoengaa:KZOENGAA.DLL
 0004:00000258       __imp__SetCursorFirstEntityByInteger@20 100b4258     kzoengaa:KZOENGAA.DLL
 0004:0000025c       __imp__GetViewByName@16    100b425c     kzoengaa:KZOENGAA.DLL
 0004:00000260       __imp__SetCursorNextEntity@12 100b4260     kzoengaa:KZOENGAA.DLL
 0004:00000264       __imp__ResetViewFromSubobject@4 100b4264     kzoengaa:KZOENGAA.DLL
 0004:00000268       __imp__SetViewToSubobject@8 100b4268     kzoengaa:KZOENGAA.DLL
 0004:0000026c       __imp__CheckExistenceOfEntity@8 100b426c     kzoengaa:KZOENGAA.DLL
 0004:00000270       __imp__ZeidonStringConcat@28 100b4270     kzoengaa:KZOENGAA.DLL
 0004:00000274       __imp__ZeidonStringCopy@28 100b4274     kzoengaa:KZOENGAA.DLL
 0004:00000278       __imp__SetCursorFirstEntityByString@20 100b4278     kzoengaa:KZOENGAA.DLL
 0004:0000027c       __imp__ZeidonStringCompare@28 100b427c     kzoengaa:KZOENGAA.DLL
 0004:00000280       __imp__GetVariableFromAttribute@36 100b4280     kzoengaa:KZOENGAA.DLL
 0004:00000284       __imp__SetCursorFirstEntity@12 100b4284     kzoengaa:KZOENGAA.DLL
 0004:00000288       __imp__GetIntegerFromAttribute@16 100b4288     kzoengaa:KZOENGAA.DLL
 0004:0000028c       __imp_??1ZDecimal@@QAE@XZ  100b428c     kzoengaa:KZOENGAA.DLL
 0004:00000290       __imp_??BZDecimal@@QAEJXZ  100b4290     kzoengaa:KZOENGAA.DLL
 0004:00000294       __imp_??H@YG?AVZDecimal@@V0@J@Z 100b4294     kzoengaa:KZOENGAA.DLL
 0004:00000298       __imp_??D@YG?AVZDecimal@@JV0@@Z 100b4298     kzoengaa:KZOENGAA.DLL
 0004:0000029c       __imp_??0ZDecimal@@QAE@N@Z 100b429c     kzoengaa:KZOENGAA.DLL
 0004:000002a0       __imp__ZeidonStringConvertFromNumber@64 100b42a0     kzoengaa:KZOENGAA.DLL
 0004:000002a4       __imp__MessageSend@24      100b42a4     kzoengaa:KZOENGAA.DLL
 0004:000002a8       __imp__SetEntityCursor@40  100b42a8     kzoengaa:KZOENGAA.DLL
 0004:000002ac       __imp__SetNameForView@16   100b42ac     kzoengaa:KZOENGAA.DLL
 0004:000002b0       __imp__CreateViewFromView@8 100b42b0     kzoengaa:KZOENGAA.DLL
 0004:000002b4       __imp__DropView@4          100b42b4     kzoengaa:KZOENGAA.DLL
 0004:000002b8       __imp__CompareAttributeToInteger@16 100b42b8     kzoengaa:KZOENGAA.DLL
 0004:000002bc       __imp__SysReadZeidonIni@16 100b42bc     kzoengaa:KZOENGAA.DLL
 0004:000002c0       __imp__CompareAttributeToString@16 100b42c0     kzoengaa:KZOENGAA.DLL
 0004:000002c4       __imp__OrderEntityForView@12 100b42c4     kzoengaa:KZOENGAA.DLL
 0004:000002c8       __imp__SetCursorPrevEntity@12 100b42c8     kzoengaa:KZOENGAA.DLL
 0004:000002cc       __imp__TraceLineS@8        100b42cc     kzoengaa:KZOENGAA.DLL
 0004:000002d0       __imp_??G@YG?AVZDecimal@@V0@H@Z 100b42d0     kzoengaa:KZOENGAA.DLL
 0004:000002d4       __imp__ZeidonCopyWithinString@16 100b42d4     kzoengaa:KZOENGAA.DLL
 0004:000002d8       __imp__GetBlobFromAttribute@20 100b42d8     kzoengaa:KZOENGAA.DLL
 0004:000002dc       __imp__SetAttributeFromString@16 100b42dc     kzoengaa:KZOENGAA.DLL
 0004:000002e0       \177KZOENGAA_NULL_THUNK_DATA 100b42e0     kzoengaa:KZOENGAA.DLL
 0004:00000328       __imp___stricmp            100b4328     msvcrtd:MSVCRTD.dll
 0004:0000032c       __imp___onexit             100b432c     msvcrtd:MSVCRTD.dll
 0004:00000330       __imp___adjust_fdiv        100b4330     msvcrtd:MSVCRTD.dll
 0004:00000334       __imp___malloc_dbg         100b4334     msvcrtd:MSVCRTD.dll
 0004:00000338       __imp___initterm           100b4338     msvcrtd:MSVCRTD.dll
 0004:0000033c       __imp__strlen              100b433c     msvcrtd:MSVCRTD.dll
 0004:00000340       __imp____dllonexit         100b4340     msvcrtd:MSVCRTD.dll
 0004:00000344       __imp___free_dbg           100b4344     msvcrtd:MSVCRTD.dll
 0004:00000348       \177MSVCRTD_NULL_THUNK_DATA 100b4348     msvcrtd:MSVCRTD.dll
 0004:00000378       __imp__AreBitsSetInFlag@8  100b4378     zdrapp:ZDrApp.dll
 0004:0000037c       __imp__IsFlagSequenceSet@8 100b437c     zdrapp:ZDrApp.dll
 0004:00000380       \177ZDrApp_NULL_THUNK_DATA 100b4380     zdrapp:ZDrApp.dll
 0004:000003ac       __imp__TX_GetTextRptCtrlBOI@60 100b43ac     zdctl:ZdCtl.dll
 0004:000003b0       \177ZdCtl_NULL_THUNK_DATA  100b43b0     zdctl:ZdCtl.dll
 0004:000003dc       __imp__zSearchAndReplace@16 100b43dc     tzvmlip:tzvmlip.dll
 0004:000003e0       __imp__zAppendQuotedString@16 100b43e0     tzvmlip:tzvmlip.dll
 0004:000003e4       __imp__zReplicate@16       100b43e4     tzvmlip:tzvmlip.dll
 0004:000003e8       __imp__zIntegerToString@12 100b43e8     tzvmlip:tzvmlip.dll
 0004:000003ec       __imp__WL_QC@20            100b43ec     tzvmlip:tzvmlip.dll
 0004:000003f0       \177tzvmlip_NULL_THUNK_DATA 100b43f0     tzvmlip:tzvmlip.dll

 entry point at        0001:0009b550

