 KZHSQLSB

 Timestamp is 5356cb6a (Tue Apr 22 16:04:58 2014)

 Preferred load address is 10000000

 Start         Length     Name                   Class
 0001:00000000 000067b8H .text                   CODE
 0002:00000000 0000012cH .rdata                  DATA
 0002:00000130 000001e6H .edata                  DATA
 0003:00000000 00000104H .CRT$XCA                DATA
 0003:00000104 00000104H .CRT$XCZ                DATA
 0003:00000208 00000104H .CRT$XIA                DATA
 0003:0000030c 00000104H .CRT$XIZ                DATA
 0003:00000410 0000211aH .data                   DATA
 0003:0000252c 0000003cH .bss                    DATA
 0004:00000000 00000050H .idata$2                DATA
 0004:00000050 00000014H .idata$3                DATA
 0004:00000064 000001d8H .idata$4                DATA
 0004:0000023c 000001d8H .idata$5                DATA
 0004:00000414 0000022fH .idata$6                DATA

  Address         Publics by Value              Rva+Base     Lib:Object

 0001:000000a0       _fnBuildDropIndex@20       100010a0 f   KZHSQLSB.OBJ
 0001:000000f6       _fnBuildColumn@12          100010f6 f   KZHSQLSB.OBJ
 0001:000005bb       _fnBuildFK_Index@8         100015bb f   KZHSQLSB.OBJ
 0001:00000980       _fnBuildIndexFromTablRecKey@12 10001980 f   KZHSQLSB.OBJ
 0001:00000ee2       _fnBuildCreateMainIndex@8  10001ee2 f   KZHSQLSB.OBJ
 0001:00000f68       _fnBuildCreateTable@8      10001f68 f   KZHSQLSB.OBJ
 0001:00001332       _BuildDDL@16               10002332 f   KZHSQLSB.OBJ
 0001:00002173       _BuildSyncDDL@20           10003173 f   KZHSQLSB.OBJ
 0001:00003207       _LoadDataTypes@4           10004207 f   KZHSQLSB.OBJ
 0001:00003491       _SetDataType@8             10004491 f   KZHSQLSB.OBJ
 0001:000038a4       _fnChangeReservedName@4    100048a4 f   KZHSQLSB.OBJ
 0001:0000394e       _GenerateName@12           1000494e f   KZHSQLSB.OBJ
 0001:00003b9e       _fnSortDataFields@4        10004b9e f   KZHSQLSB.OBJ
 0001:00003e59       _fnSetEntityInformation@12 10004e59 f   KZHSQLSB.OBJ
 0001:00004078       _PostXOD_BuildHook@20      10005078 f   KZHSQLSB.OBJ
 0001:00005304       _SysWriteLine@12           10006304 f   kzoengaa:KZOENGAA.DLL
 0001:0000530a       _SysMessageBox@16          1000630a f   kzoengaa:KZOENGAA.DLL
 0001:00005310       _GetAddrForAttribute@16    10006310 f   kzoengaa:KZOENGAA.DLL
 0001:00005316       _GetStringFromAttribute@16 10006316 f   kzoengaa:KZOENGAA.DLL
 0001:0000531c       _DropView@4                1000631c f   kzoengaa:KZOENGAA.DLL
 0001:00005322       _GetIntegerFromAttribute@16 10006322 f   kzoengaa:KZOENGAA.DLL
 0001:00005328       _CompareAttributeToString@16 10006328 f   kzoengaa:KZOENGAA.DLL
 0001:0000532e       _SetOI_FromBlob@28         1000632e f   kzoengaa:KZOENGAA.DLL
 0001:00005334       _SetCursorFirstEntityByAttr@28 10006334 f   kzoengaa:KZOENGAA.DLL
 0001:0000533a       _GetViewByName@16          1000633a f   kzoengaa:KZOENGAA.DLL
 0001:00005340       _UfCompressName@32         10006340 f   kzoengaa:KZOENGAA.DLL
 0001:00005346       _SetCursorNextEntity@12    10006346 f   kzoengaa:KZOENGAA.DLL
 0001:0000534c       _SetCursorFirstEntity@12   1000634c f   kzoengaa:KZOENGAA.DLL
 0001:00005352       _CheckExistenceOfEntity@8  10006352 f   kzoengaa:KZOENGAA.DLL
 0001:00005358       _SysCloseFile@12           10006358 f   kzoengaa:KZOENGAA.DLL
 0001:0000535e       _SysOpenFile@12            1000635e f   kzoengaa:KZOENGAA.DLL
 0001:00005364       _CreateViewFromViewForTask@12 10006364 f   kzoengaa:KZOENGAA.DLL
 0001:0000536a       _SetCursorNextEntityByString@20 1000636a f   kzoengaa:KZOENGAA.DLL
 0001:00005370       _SetCursorFirstEntityByString@20 10006370 f   kzoengaa:KZOENGAA.DLL
 0001:00005376       _SetAttributeFromString@16 10006376 f   kzoengaa:KZOENGAA.DLL
 0001:0000537c       _SysFreeLibrary@8          1000637c f   kzoengaa:KZOENGAA.DLL
 0001:00005382       _MessageSend@24            10006382 f   kzoengaa:KZOENGAA.DLL
 0001:00005388       _SysGetProc@8              10006388 f   kzoengaa:KZOENGAA.DLL
 0001:0000538e       _SysLoadLibrary@8          1000638e f   kzoengaa:KZOENGAA.DLL
 0001:00005394       _CreateEntity@12           10006394 f   kzoengaa:KZOENGAA.DLL
 0001:0000539a       _TraceLineS@8              1000639a f   kzoengaa:KZOENGAA.DLL
 0001:000053a0       _SetAttributeFromInteger@16 100063a0 f   kzoengaa:KZOENGAA.DLL
 0001:000053a6       _SetAttributeFromAttribute@24 100063a6 f   kzoengaa:KZOENGAA.DLL
 0001:000053ac       _SysTranslateString@8      100063ac f   kzoengaa:KZOENGAA.DLL
 0001:000053b2       _DropHierarchicalCursor@4  100063b2 f   kzoengaa:KZOENGAA.DLL
 0001:000053b8       _MoveSubobject@24          100063b8 f   kzoengaa:KZOENGAA.DLL
 0001:000053be       _SetViewFromView@8         100063be f   kzoengaa:KZOENGAA.DLL
 0001:000053c4       _SetCursorPrevEntity@12    100063c4 f   kzoengaa:KZOENGAA.DLL
 0001:000053ca       _SetCursorLastEntity@12    100063ca f   kzoengaa:KZOENGAA.DLL
 0001:000053d0       _SetCursorAbsolutePosition@12 100063d0 f   kzoengaa:KZOENGAA.DLL
 0001:000053d6       _GetAbsolutePositionForEntity@12 100063d6 f   kzoengaa:KZOENGAA.DLL
 0001:000053dc       _SetViewToSubobject@8      100063dc f   kzoengaa:KZOENGAA.DLL
 0001:000053e2       _SetCursorNextEntityHierarchical@12 100063e2 f   kzoengaa:KZOENGAA.DLL
 0001:000053e8       _DefineHierarchicalCursor@8 100063e8 f   kzoengaa:KZOENGAA.DLL
 0001:000053ee       _ResetViewFromSubobject@4  100063ee f   kzoengaa:KZOENGAA.DLL
 0001:000053f4       _CompareAttributeToInteger@16 100063f4 f   kzoengaa:KZOENGAA.DLL
 0001:000053fa       _SetCursorFirstEntityByInteger@20 100063fa f   kzoengaa:KZOENGAA.DLL
 0001:00005400       _ResetView@4               10006400 f   kzoengaa:KZOENGAA.DLL
 0001:00005406       _SetAttributeFromBlob@20   10006406 f   kzoengaa:KZOENGAA.DLL
 0001:0000540c       _MB_SetMessage@12          1000640c f   zdctl:ZdCtl.dll
 0001:00005412       _sprintf                   10006412 f   MSVCRTD:MSVCRTD.dll
 0001:00005418       _strcat                    10006418 f   MSVCRTD:MSVCRTD.dll
 0001:0000541e       _strlen                    1000641e f   MSVCRTD:MSVCRTD.dll
 0001:00005424       _strcpy                    10006424 f   MSVCRTD:MSVCRTD.dll
 0001:0000542a       _strcmp                    1000642a f   MSVCRTD:MSVCRTD.dll
 0001:00005430       __stricmp                  10006430 f   MSVCRTD:MSVCRTD.dll
 0001:00005436       __isctype                  10006436 f   MSVCRTD:MSVCRTD.dll
 0001:0000543c       _memset                    1000643c f   MSVCRTD:MSVCRTD.dll
 0001:00005442       _strchr                    10006442 f   MSVCRTD:MSVCRTD.dll
 0001:00005450       __CRT_INIT@12              10006450 f   MSVCRTD:crtdll.obj
 0001:00005560       __DllMainCRTStartup@12     10006560 f   MSVCRTD:crtdll.obj
 0001:00005654       __free_dbg                 10006654 f   MSVCRTD:MSVCRTD.dll
 0001:0000565a       __initterm                 1000665a f   MSVCRTD:MSVCRTD.dll
 0001:00005660       __onexit                   10006660 f   MSVCRTD:atonexit.obj
 0001:000056a0       _atexit                    100066a0 f   MSVCRTD:atonexit.obj
 0001:000056b8       __malloc_dbg               100066b8 f   MSVCRTD:MSVCRTD.dll
 0001:000056c0       _DllMain@12                100066c0 f   MSVCRTD:dllmain.obj
 0001:000056e6       ___dllonexit               100066e6 f   MSVCRTD:MSVCRTD.dll
 0001:000056ec       _DisableThreadLibraryCalls@4 100066ec f   kernel32:KERNEL32.dll
 0002:0000001c       ??_C@_08JKC@crtdll?4c?$AA@ 1000801c     MSVCRTD:crtdll.obj
 0003:00000000       ___xc_a                    10009000     MSVCRTD:cinitexe.obj
 0003:00000104       ___xc_z                    10009104     MSVCRTD:cinitexe.obj
 0003:00000208       ___xi_a                    10009208     MSVCRTD:cinitexe.obj
 0003:0000030c       ___xi_z                    1000930c     MSVCRTD:cinitexe.obj
 0003:00000410       _szReservedName            10009410     KZHSQLSB.OBJ
 0003:00000a5c       ??_C@_04HOL@ZONE?$AA@      10009a5c     KZHSQLSB.OBJ
 0003:00000a64       ??_C@_05NAPJ@YESNO?$AA@    10009a64     KZHSQLSB.OBJ
 0003:00000a6c       ??_C@_04HEBB@YEAR?$AA@     10009a6c     KZHSQLSB.OBJ
 0003:00000a74       ??_C@_03BDEP@XOR?$AA@      10009a74     KZHSQLSB.OBJ
 0003:00000a78       ??_C@_09IKOB@WRITETEXT?$AA@ 10009a78     KZHSQLSB.OBJ
 0003:00000a84       ??_C@_05FIFP@WRITE?$AA@    10009a84     KZHSQLSB.OBJ
 0003:00000a8c       ??_C@_04LDPM@WORK?$AA@     10009a8c     KZHSQLSB.OBJ
 0003:00000a94       ??_C@_04NHMN@WITH?$AA@     10009a94     KZHSQLSB.OBJ
 0003:00000a9c       ??_C@_05LCLH@WHILE?$AA@    10009a9c     KZHSQLSB.OBJ
 0003:00000aa4       ??_C@_05MCFK@WHERE?$AA@    10009aa4     KZHSQLSB.OBJ
 0003:00000aac       ??_C@_04GKK@WHEN?$AA@      10009aac     KZHSQLSB.OBJ
 0003:00000ab4       ??_C@_07KCD@WAITFOR?$AA@   10009ab4     KZHSQLSB.OBJ
 0003:00000ac0       ??_C@_06IEGE@VOLUME?$AA@   10009ac0     KZHSQLSB.OBJ
 0003:00000ac8       ??_C@_04CGLB@VIEW?$AA@     10009ac8     KZHSQLSB.OBJ
 0003:00000ad0       ??_C@_07MMOJ@VARYING?$AA@  10009ad0     KZHSQLSB.OBJ
 0003:00000adc       ??_C@_04OIBN@VARP?$AA@     10009adc     KZHSQLSB.OBJ
 0003:00000ae4       ??_C@_07NGFA@VARCHAR?$AA@  10009ae4     KZHSQLSB.OBJ
 0003:00000af0       ??_C@_09OLDK@VARBINARY?$AA@ 10009af0     KZHSQLSB.OBJ
 0003:00000afc       ??_C@_03KNCG@VAR?$AA@      10009afc     KZHSQLSB.OBJ
 0003:00000b00       ??_C@_06KGMH@VALUES?$AA@   10009b00     KZHSQLSB.OBJ
 0003:00000b08       ??_C@_05MOEL@VALUE?$AA@    10009b08     KZHSQLSB.OBJ
 0003:00000b10       ??_C@_05JKMB@USING?$AA@    10009b10     KZHSQLSB.OBJ
 0003:00000b18       ??_C@_04FMHO@USER?$AA@     10009b18     KZHSQLSB.OBJ
 0003:00000b20       ??_C@_03OAHE@USE?$AA@      10009b20     KZHSQLSB.OBJ
 0003:00000b24       ??_C@_05PMKE@USAGE?$AA@    10009b24     KZHSQLSB.OBJ
 0003:00000b2c       ??_C@_0L@DPMH@UPDATETEXT?$AA@ 10009b2c     KZHSQLSB.OBJ
 0003:00000b3c       ??_C@_06NDPG@UPDATE?$AA@   10009b3c     KZHSQLSB.OBJ
 0003:00000b44       ??_C@_07CNPM@UNKNOWN?$AA@  10009b44     KZHSQLSB.OBJ
 0003:00000b50       ??_C@_06LNBM@UNIQUE?$AA@   10009b50     KZHSQLSB.OBJ
 0003:00000b58       ??_C@_05LNOP@UNION?$AA@    10009b58     KZHSQLSB.OBJ
 0003:00000b60       ??_C@_0M@PJEA@UNCOMMITTED?$AA@ 10009b60     KZHSQLSB.OBJ
 0003:00000b70       ??_C@_07CODK@TSEQUAL?$AA@  10009b70     KZHSQLSB.OBJ
 0003:00000b7c       ??_C@_08FCAH@TRUNCATE?$AA@ 10009b7c     KZHSQLSB.OBJ
 0003:00000b88       ??_C@_04LNAG@TRUE?$AA@     10009b88     KZHSQLSB.OBJ
 0003:00000b90       ??_C@_07GNLP@TRIGGER?$AA@  10009b90     KZHSQLSB.OBJ
 0003:00000b9c       ??_C@_0M@LOEK@TRANSLATION?$AA@ 10009b9c     KZHSQLSB.OBJ
 0003:00000bac       ??_C@_09HNKP@TRANSLATE?$AA@ 10009bac     KZHSQLSB.OBJ
 0003:00000bb8       ??_C@_09ECBO@TRANSFORM?$AA@ 10009bb8     KZHSQLSB.OBJ
 0003:00000bc4       ??_C@_0M@JACB@TRANSACTION?$AA@ 10009bc4     KZHSQLSB.OBJ
 0003:00000bd4       ??_C@_04CGAE@TRAN?$AA@     10009bd4     KZHSQLSB.OBJ
 0003:00000bdc       ??_C@_08NJGC@TRAILING?$AA@ 10009bdc     KZHSQLSB.OBJ
 0003:00000be8       ??_C@_03JOIO@TOP?$AA@      10009be8     KZHSQLSB.OBJ
 0003:00000bec       ??_C@_02DODL@TO?$AA@       10009bec     KZHSQLSB.OBJ
 0003:00000bf0       ??_C@_0BA@OAII@TIMEZONE_MINUTE?$AA@ 10009bf0     KZHSQLSB.OBJ
 0003:00000c04       ??_C@_0O@OCJA@TIMEZONE_HOUR?$AA@ 10009c04     KZHSQLSB.OBJ
 0003:00000c14       ??_C@_09KEAG@TIMESTAMP?$AA@ 10009c14     KZHSQLSB.OBJ
 0003:00000c20       ??_C@_04CFBP@TIME?$AA@     10009c20     KZHSQLSB.OBJ
 0003:00000c28       ??_C@_04GJFM@THEN?$AA@     10009c28     KZHSQLSB.OBJ
 0003:00000c30       ??_C@_08FIJO@TEXTSIZE?$AA@ 10009c30     KZHSQLSB.OBJ
 0003:00000c3c       ??_C@_04NILO@TEXT?$AA@     10009c3c     KZHSQLSB.OBJ
 0003:00000c44       ??_C@_09EAGL@TEMPORARY?$AA@ 10009c44     KZHSQLSB.OBJ
 0003:00000c50       ??_C@_04FEEL@TEMP?$AA@     10009c50     KZHSQLSB.OBJ
 0003:00000c58       ??_C@_04CGFH@TAPE?$AA@     10009c58     KZHSQLSB.OBJ
 0003:00000c60       ??_C@_07DAKP@TABLEID?$AA@  10009c60     KZHSQLSB.OBJ
 0003:00000c6c       ??_C@_05DLJE@TABLE?$AA@    10009c6c     KZHSQLSB.OBJ
 0003:00000c74       ??_C@_0M@JBHB@SYSTEM_USER?$AA@ 10009c74     KZHSQLSB.OBJ
 0003:00000c84       ??_C@_03CPEE@SUM?$AA@      10009c84     KZHSQLSB.OBJ
 0003:00000c88       ??_C@_06JDFN@STRING?$AA@   10009c88     KZHSQLSB.OBJ
 0003:00000c90       ??_C@_06OCBH@STDEVP?$AA@   10009c90     KZHSQLSB.OBJ
 0003:00000c98       ??_C@_05KHBF@STDEV?$AA@    10009c98     KZHSQLSB.OBJ
 0003:00000ca0       ??_C@_0L@JMMG@STATISTICS?$AA@ 10009ca0     KZHSQLSB.OBJ
 0003:00000cb0       ??_C@_08DHID@SQLSTATE?$AA@ 10009cb0     KZHSQLSB.OBJ
 0003:00000cbc       ??_C@_05JCH@SPACE?$AA@     10009cbc     KZHSQLSB.OBJ
 0003:00000cc4       ??_C@_04DDNG@SOME?$AA@     10009cc4     KZHSQLSB.OBJ
 0003:00000ccc       ??_C@_08DMN@SMALLINT?$AA@  10009ccc     KZHSQLSB.OBJ
 0003:00000cd8       ??_C@_04NEFN@SIZE?$AA@     10009cd8     KZHSQLSB.OBJ
 0003:00000ce0       ??_C@_06FONC@SINGLE?$AA@   10009ce0     KZHSQLSB.OBJ
 0003:00000ce8       ??_C@_08DPKF@SHUTDOWN?$AA@ 10009ce8     KZHSQLSB.OBJ
 0003:00000cf4       ??_C@_05HFLA@SHORT?$AA@    10009cf4     KZHSQLSB.OBJ
 0003:00000cfc       ??_C@_07EDEP@SETUSER?$AA@  10009cfc     KZHSQLSB.OBJ
 0003:00000d08       ??_C@_03BCLC@SET?$AA@      10009d08     KZHSQLSB.OBJ
 0003:00000d0c       ??_C@_0N@JGA@SESSION_USER?$AA@ 10009d0c     KZHSQLSB.OBJ
 0003:00000d1c       ??_C@_07CGDO@SESSION?$AA@  10009d1c     KZHSQLSB.OBJ
 0003:00000d28       ??_C@_0N@CCJF@SERIALIZABLE?$AA@ 10009d28     KZHSQLSB.OBJ
 0003:00000d38       ??_C@_06OGAC@SELECT?$AA@   10009d38     KZHSQLSB.OBJ
 0003:00000d40       ??_C@_06FCJA@SECOND?$AA@   10009d40     KZHSQLSB.OBJ
 0003:00000d48       ??_C@_06JLNB@SCROLL?$AA@   10009d48     KZHSQLSB.OBJ
 0003:00000d50       ??_C@_06NIIF@SCHEMA?$AA@   10009d50     KZHSQLSB.OBJ
 0003:00000d58       ??_C@_04KLBG@SAVE?$AA@     10009d58     KZHSQLSB.OBJ
 0003:00000d60       ??_C@_04BFNM@RULE?$AA@     10009d60     KZHSQLSB.OBJ
 0003:00000d68       ??_C@_04LCCO@ROWS?$AA@     10009d68     KZHSQLSB.OBJ
 0003:00000d70       ??_C@_08MGKJ@ROWCOUNT?$AA@ 10009d70     KZHSQLSB.OBJ
 0003:00000d7c       ??_C@_08EMFJ@ROLLBACK?$AA@ 10009d7c     KZHSQLSB.OBJ
 0003:00000d88       ??_C@_05JCNK@RIGHT?$AA@    10009d88     KZHSQLSB.OBJ
 0003:00000d90       ??_C@_06MEJM@REVOKE?$AA@   10009d90     KZHSQLSB.OBJ
 0003:00000d98       ??_C@_06PJJM@RETURN?$AA@   10009d98     KZHSQLSB.OBJ
 0003:00000da0       ??_C@_09NACH@RETAINDAY?$AA@ 10009da0     KZHSQLSB.OBJ
 0003:00000dac       ??_C@_08BEHK@RESTRICT?$AA@ 10009dac     KZHSQLSB.OBJ
 0003:00000db8       ??_C@_0M@GBCL@REPLICATION?$AA@ 10009db8     KZHSQLSB.OBJ
 0003:00000dc8       ??_C@_0L@DEIL@REPEATABLE?$AA@ 10009dc8     KZHSQLSB.OBJ
 0003:00000dd8       ??_C@_08NDFO@RELATIVE?$AA@ 10009dd8     KZHSQLSB.OBJ
 0003:00000de4       ??_C@_0L@DHND@REFERENCES?$AA@ 10009de4     KZHSQLSB.OBJ
 0003:00000df4       ??_C@_0M@CLEO@RECONFIGURE?$AA@ 10009df4     KZHSQLSB.OBJ
 0003:00000e04       ??_C@_04DDMN@REAL?$AA@     10009e04     KZHSQLSB.OBJ
 0003:00000e0c       ??_C@_08IEGM@READTEXT?$AA@ 10009e0c     KZHSQLSB.OBJ
 0003:00000e18       ??_C@_04GHHF@READ?$AA@     10009e18     KZHSQLSB.OBJ
 0003:00000e20       ??_C@_09EHBK@RAISERROR?$AA@ 10009e20     KZHSQLSB.OBJ
 0003:00000e2c       ??_C@_06JPM@PUBLIC?$AA@    10009e2c     KZHSQLSB.OBJ
 0003:00000e34       ??_C@_0M@CNCJ@PROCESSEXIT?$AA@ 10009e34     KZHSQLSB.OBJ
 0003:00000e44       ??_C@_09HPKL@PROCEDURE?$AA@ 10009e44     KZHSQLSB.OBJ
 0003:00000e50       ??_C@_04CFJE@PROC?$AA@     10009e50     KZHSQLSB.OBJ
 0003:00000e58       ??_C@_0L@IFKE@PRIVILEGES?$AA@ 10009e58     KZHSQLSB.OBJ
 0003:00000e68       ??_C@_05CADC@PRIOR?$AA@    10009e68     KZHSQLSB.OBJ
 0003:00000e70       ??_C@_05MJOK@PRINT?$AA@    10009e70     KZHSQLSB.OBJ
 0003:00000e78       ??_C@_07PLFH@PRIMARY?$AA@  10009e78     KZHSQLSB.OBJ
 0003:00000e84       ??_C@_07JPNB@PRESEVE?$AA@  10009e84     KZHSQLSB.OBJ
 0003:00000e90       ??_C@_07OCNH@PREPARE?$AA@  10009e90     KZHSQLSB.OBJ
 0003:00000e9c       ??_C@_09LJHE@PRECISION?$AA@ 10009e9c     KZHSQLSB.OBJ
 0003:00000ea8       ??_C@_08BGJK@POSITION?$AA@ 10009ea8     KZHSQLSB.OBJ
 0003:00000eb4       ??_C@_04OOOE@PLAN?$AA@     10009eb4     KZHSQLSB.OBJ
 0003:00000ebc       ??_C@_05MALJ@PIVOT?$AA@    10009ebc     KZHSQLSB.OBJ
 0003:00000ec4       ??_C@_04CDKK@PIPE?$AA@     10009ec4     KZHSQLSB.OBJ
 0003:00000ecc       ??_C@_09JLAF@PERMANENT?$AA@ 10009ecc     KZHSQLSB.OBJ
 0003:00000ed8       ??_C@_04ICKI@PERM?$AA@     10009ed8     KZHSQLSB.OBJ
 0003:00000ee0       ??_C@_07MGCH@PERCENT?$AA@  10009ee0     KZHSQLSB.OBJ
 0003:00000eec       ??_C@_07MOBO@PARTIAL?$AA@  10009eec     KZHSQLSB.OBJ
 0003:00000ef8       ??_C@_0L@PEIP@PARAMETERS?$AA@ 10009ef8     KZHSQLSB.OBJ
 0003:00000f08       ??_C@_03BHFD@PAD?$AA@      10009f08     KZHSQLSB.OBJ
 0003:00000f0c       ??_C@_0M@GPH@OWNERACCESS?$AA@ 10009f0c     KZHSQLSB.OBJ
 0003:00000f1c       ??_C@_08PGNB@OVERLAPS?$AA@ 10009f1c     KZHSQLSB.OBJ
 0003:00000f28       ??_C@_04HDCH@OVER?$AA@     10009f28     KZHSQLSB.OBJ
 0003:00000f30       ??_C@_06BMBF@OUTPUT?$AA@   10009f30     KZHSQLSB.OBJ
 0003:00000f38       ??_C@_05IKJL@OUTER?$AA@    10009f38     KZHSQLSB.OBJ
 0003:00000f40       ??_C@_05FBEP@ORDER?$AA@    10009f40     KZHSQLSB.OBJ
 0003:00000f48       ??_C@_02CHDK@OR?$AA@       10009f48     KZHSQLSB.OBJ
 0003:00000f4c       ??_C@_06IFCC@OPTION?$AA@   10009f4c     KZHSQLSB.OBJ
 0003:00000f54       ??_C@_04MIME@OPEN?$AA@     10009f54     KZHSQLSB.OBJ
 0003:00000f5c       ??_C@_04MKAH@ONLY?$AA@     10009f5c     KZHSQLSB.OBJ
 0003:00000f64       ??_C@_04EJJC@ONCE?$AA@     10009f64     KZHSQLSB.OBJ
 0003:00000f6c       ??_C@_02HAKO@ON?$AA@       10009f6c     KZHSQLSB.OBJ
 0003:00000f70       ??_C@_09GMOF@OLEOBJECT?$AA@ 10009f70     KZHSQLSB.OBJ
 0003:00000f7c       ??_C@_07FMHE@OFFSETS?$AA@  10009f7c     KZHSQLSB.OBJ
 0003:00000f88       ??_C@_03CMJG@OFF?$AA@      10009f88     KZHSQLSB.OBJ
 0003:00000f8c       ??_C@_02CEBG@OF?$AA@       10009f8c     KZHSQLSB.OBJ
 0003:00000f90       ??_C@_0N@PBNP@OCTET_LENGTH?$AA@ 10009f90     KZHSQLSB.OBJ
 0003:00000fa0       ??_C@_07FIAN@NUMERIC?$AA@  10009fa0     KZHSQLSB.OBJ
 0003:00000fac       ??_C@_06MDMK@NUMBER?$AA@   10009fac     KZHSQLSB.OBJ
 0003:00000fb4       ??_C@_06HGII@NULLIF?$AA@   10009fb4     KZHSQLSB.OBJ
 0003:00000fbc       ??_C@_04BAK@NULL?$AA@      10009fbc     KZHSQLSB.OBJ
 0003:00000fc4       ??_C@_04DFCK@NOTE?$AA@     10009fc4     KZHSQLSB.OBJ
 0003:00000fcc       ??_C@_03CBCA@NOT?$AA@      10009fcc     KZHSQLSB.OBJ
 0003:00000fd0       ??_C@_0N@NJNJ@NONCLUSTERED?$AA@ 10009fd0     KZHSQLSB.OBJ
 0003:00000fe0       ??_C@_07IMID@NOCHECK?$AA@  10009fe0     KZHSQLSB.OBJ
 0003:00000fec       ??_C@_02MMJD@NO?$AA@       10009fec     KZHSQLSB.OBJ
 0003:00000ff0       ??_C@_07NAJC@NEXTLOG?$AA@  10009ff0     KZHSQLSB.OBJ
 0003:00000ffc       ??_C@_04ONKL@NEXT?$AA@     10009ffc     KZHSQLSB.OBJ
 0003:00001004       ??_C@_05DFM@NCHAR?$AA@     1000a004     KZHSQLSB.OBJ
 0003:0000100c       ??_C@_07BGPN@NATURAL?$AA@  1000a00c     KZHSQLSB.OBJ
 0003:00001018       ??_C@_08CHPD@NATIONAL?$AA@ 1000a018     KZHSQLSB.OBJ
 0003:00001024       ??_C@_05KDIJ@NAMES?$AA@    1000a024     KZHSQLSB.OBJ
 0003:0000102c       ??_C@_05DOND@MONTH?$AA@    1000a02c     KZHSQLSB.OBJ
 0003:00001034       ??_C@_05EBDH@MONEY?$AA@    1000a034     KZHSQLSB.OBJ
 0003:0000103c       ??_C@_03HOGL@MOD?$AA@      1000a03c     KZHSQLSB.OBJ
 0003:00001040       ??_C@_0L@GNDP@MIRROREXIT?$AA@ 1000a040     KZHSQLSB.OBJ
 0003:00001050       ??_C@_06IOKL@MINUTE?$AA@   1000a050     KZHSQLSB.OBJ
 0003:00001058       ??_C@_03IAC@MIN?$AA@       1000a058     KZHSQLSB.OBJ
 0003:0000105c       ??_C@_04KGIF@MEMO?$AA@     1000a05c     KZHSQLSB.OBJ
 0003:00001064       ??_C@_03OLFE@MAX?$AA@      1000a064     KZHSQLSB.OBJ
 0003:00001068       ??_C@_05NFKB@MATCH?$AA@    1000a068     KZHSQLSB.OBJ
 0003:00001070       ??_C@_08HLJO@LONGTEXT?$AA@ 1000a070     KZHSQLSB.OBJ
 0003:0000107c       ??_C@_0L@GKBM@LONGBINARY?$AA@ 1000a07c     KZHSQLSB.OBJ
 0003:0000108c       ??_C@_04NIAI@LONG?$AA@     1000a08c     KZHSQLSB.OBJ
 0003:00001094       ??_C@_08KCOH@LOGICAL1?$AA@ 1000a094     KZHSQLSB.OBJ
 0003:000010a0       ??_C@_07OAKI@LOGICAL?$AA@  1000a0a0     KZHSQLSB.OBJ
 0003:000010ac       ??_C@_05JIPK@LOCAL?$AA@    1000a0ac     KZHSQLSB.OBJ
 0003:000010b4       ??_C@_04PDLA@LOAD?$AA@     1000a0b4     KZHSQLSB.OBJ
 0003:000010bc       ??_C@_06MJFP@LINENO?$AA@   1000a0bc     KZHSQLSB.OBJ
 0003:000010c4       ??_C@_04CNFB@LIKE?$AA@     1000a0c4     KZHSQLSB.OBJ
 0003:000010cc       ??_C@_05JJEC@LEVEL?$AA@    1000a0cc     KZHSQLSB.OBJ
 0003:000010d4       ??_C@_04PAN@LEFT?$AA@      1000a0d4     KZHSQLSB.OBJ
 0003:000010dc       ??_C@_07HHCE@LEADING?$AA@  1000a0dc     KZHSQLSB.OBJ
 0003:000010e8       ??_C@_04GBPO@LAST?$AA@     1000a0e8     KZHSQLSB.OBJ
 0003:000010f0       ??_C@_04EIJF@KILL?$AA@     1000a0f0     KZHSQLSB.OBJ
 0003:000010f8       ??_C@_03PHBO@KEY?$AA@      1000a0f8     KZHSQLSB.OBJ
 0003:000010fc       ??_C@_04JIJO@JOIN?$AA@     1000a0fc     KZHSQLSB.OBJ
 0003:00001104       ??_C@_09JCKC@ISOLATION?$AA@ 1000a104     KZHSQLSB.OBJ
 0003:00001110       ??_C@_02PKFC@IS?$AA@       1000a110     KZHSQLSB.OBJ
 0003:00001114       ??_C@_04JMBE@INTO?$AA@     1000a114     KZHSQLSB.OBJ
 0003:0000111c       ??_C@_08JNLE@INTERVAL?$AA@ 1000a11c     KZHSQLSB.OBJ
 0003:00001128       ??_C@_09GIDA@INTERSECT?$AA@ 1000a128     KZHSQLSB.OBJ
 0003:00001134       ??_C@_08LBC@INTEGER2?$AA@  1000a134     KZHSQLSB.OBJ
 0003:00001140       ??_C@_08PEKL@INTEGER1?$AA@ 1000a140     KZHSQLSB.OBJ
 0003:0000114c       ??_C@_07KMGD@INTEGER?$AA@  1000a14c     KZHSQLSB.OBJ
 0003:00001158       ??_C@_03IJOL@INT?$AA@      1000a158     KZHSQLSB.OBJ
 0003:0000115c       ??_C@_06CCAI@INSERT?$AA@   1000a15c     KZHSQLSB.OBJ
 0003:00001164       ??_C@_0M@PDHJ@INSENSITIVE?$AA@ 1000a164     KZHSQLSB.OBJ
 0003:00001174       ??_C@_05IHIC@INPUT?$AA@    1000a174     KZHSQLSB.OBJ
 0003:0000117c       ??_C@_05EPPB@INNER?$AA@    1000a17c     KZHSQLSB.OBJ
 0003:00001184       ??_C@_09BAOC@INITIALLY?$AA@ 1000a184     KZHSQLSB.OBJ
 0003:00001190       ??_C@_05HKPP@INDEX?$AA@    1000a190     KZHSQLSB.OBJ
 0003:00001198       ??_C@_02HFB@IN?$AA@        1000a198     KZHSQLSB.OBJ
 0003:0000119c       ??_C@_03BIEI@IMP?$AA@      1000a19c     KZHSQLSB.OBJ
 0003:000011a0       ??_C@_09LEPP@IMMEDIATE?$AA@ 1000a1a0     KZHSQLSB.OBJ
 0003:000011ac       ??_C@_06HLND@IGNORE?$AA@   1000a1ac     KZHSQLSB.OBJ
 0003:000011b4       ??_C@_02FDOJ@IF?$AA@       1000a1b4     KZHSQLSB.OBJ
 0003:000011b8       ??_C@_0L@FEGJ@IEEESINGLE?$AA@ 1000a1b8     KZHSQLSB.OBJ
 0003:000011c8       ??_C@_0L@CMNP@IEEEDOUBLE?$AA@ 1000a1c8     KZHSQLSB.OBJ
 0003:000011d8       ??_C@_0BA@JADB@IDENTITY_INSERT?$AA@ 1000a1d8     KZHSQLSB.OBJ
 0003:000011ec       ??_C@_0M@EOA@IDENTITYCOL?$AA@ 1000a1ec     KZHSQLSB.OBJ
 0003:000011fc       ??_C@_08MFJF@IDENTITY?$AA@ 1000a1fc     KZHSQLSB.OBJ
 0003:00001208       ??_C@_04PJ@HOUR?$AA@       1000a208     KZHSQLSB.OBJ
 0003:00001210       ??_C@_08JHAN@HOLDLOCK?$AA@ 1000a210     KZHSQLSB.OBJ
 0003:0000121c       ??_C@_06GNBD@HAVING?$AA@   1000a21c     KZHSQLSB.OBJ
 0003:00001224       ??_C@_04BGHA@GUID?$AA@     1000a224     KZHSQLSB.OBJ
 0003:0000122c       ??_C@_05JGM@GROUP?$AA@     1000a22c     KZHSQLSB.OBJ
 0003:00001234       ??_C@_05DLPA@GRANT?$AA@    1000a234     KZHSQLSB.OBJ
 0003:0000123c       ??_C@_04DLHO@GOTO?$AA@     1000a23c     KZHSQLSB.OBJ
 0003:00001244       ??_C@_06EKIF@GLOBAL?$AA@   1000a244     KZHSQLSB.OBJ
 0003:0000124c       ??_C@_0L@PODI@GETDEFAULT?$AA@ 1000a24c     KZHSQLSB.OBJ
 0003:0000125c       ??_C@_03HLIC@GET?$AA@      1000a25c     KZHSQLSB.OBJ
 0003:00001260       ??_C@_04CLJK@FULL?$AA@     1000a260     KZHSQLSB.OBJ
 0003:00001268       ??_C@_04EJD@FROM?$AA@      1000a268     KZHSQLSB.OBJ
 0003:00001270       ??_C@_07ECFK@FOREIGN?$AA@  1000a270     KZHSQLSB.OBJ
 0003:0000127c       ??_C@_03EOOH@FOR?$AA@      1000a27c     KZHSQLSB.OBJ
 0003:00001280       ??_C@_06IPNK@FLOPPY?$AA@   1000a280     KZHSQLSB.OBJ
 0003:00001288       ??_C@_06PLLL@FLOAT8?$AA@   1000a288     KZHSQLSB.OBJ
 0003:00001290       ??_C@_06FFP@FLOAT4?$AA@    1000a290     KZHSQLSB.OBJ
 0003:00001298       ??_C@_05JDEL@FLOAT?$AA@    1000a298     KZHSQLSB.OBJ
 0003:000012a0       ??_C@_05MPDO@FIRST?$AA@    1000a2a0     KZHSQLSB.OBJ
 0003:000012a8       ??_C@_0L@NPIO@FILLFACTOR?$AA@ 1000a2a8     KZHSQLSB.OBJ
 0003:000012b8       ??_C@_04CMDA@FILE?$AA@     1000a2b8     KZHSQLSB.OBJ
 0003:000012c0       ??_C@_05KBKM@FETCH?$AA@    1000a2c0     KZHSQLSB.OBJ
 0003:000012c8       ??_C@_05LLOB@FALSE?$AA@    1000a2c8     KZHSQLSB.OBJ
 0003:000012d0       ??_C@_07IODP@EXTRACT?$AA@  1000a2d0     KZHSQLSB.OBJ
 0003:000012dc       ??_C@_08EDIC@EXTERNAL?$AA@ 1000a2dc     KZHSQLSB.OBJ
 0003:000012e8       ??_C@_0L@ILPO@EXPIREDATE?$AA@ 1000a2e8     KZHSQLSB.OBJ
 0003:000012f8       ??_C@_04HPFN@EXIT?$AA@     1000a2f8     KZHSQLSB.OBJ
 0003:00001300       ??_C@_06MBBB@EXISTS?$AA@   1000a300     KZHSQLSB.OBJ
 0003:00001308       ??_C@_07DNBH@EXECUTE?$AA@  1000a308     KZHSQLSB.OBJ
 0003:00001314       ??_C@_04GMDG@EXEC?$AA@     1000a314     KZHSQLSB.OBJ
 0003:0000131c       ??_C@_09EEOO@EXCEPTION?$AA@ 1000a31c     KZHSQLSB.OBJ
 0003:00001328       ??_C@_06GDHH@EXCEPT?$AA@   1000a328     KZHSQLSB.OBJ
 0003:00001330       ??_C@_06MJIP@ESCAPE?$AA@   1000a330     KZHSQLSB.OBJ
 0003:00001338       ??_C@_09EIBF@ERROREXIT?$AA@ 1000a338     KZHSQLSB.OBJ
 0003:00001344       ??_C@_06BKPA@ERRLVL?$AA@   1000a344     KZHSQLSB.OBJ
 0003:0000134c       ??_C@_03LKIC@EQV?$AA@      1000a34c     KZHSQLSB.OBJ
 0003:00001350       ??_C@_08GNOH@END_EXEC?$AA@ 1000a350     KZHSQLSB.OBJ
 0003:0000135c       ??_C@_03PIHE@END?$AA@      1000a35c     KZHSQLSB.OBJ
 0003:00001360       ??_C@_04OHCC@ELSE?$AA@     1000a360     KZHSQLSB.OBJ
 0003:00001368       ??_C@_04CAAA@DUMP?$AA@     1000a368     KZHSQLSB.OBJ
 0003:00001370       ??_C@_05JGEC@DUMMY?$AA@    1000a370     KZHSQLSB.OBJ
 0003:00001378       ??_C@_04LDDE@DROP?$AA@     1000a378     KZHSQLSB.OBJ
 0003:00001380       ??_C@_06CGGE@DOUBLE?$AA@   1000a380     KZHSQLSB.OBJ
 0003:00001388       ??_C@_06EIOP@DOMAIN?$AA@   1000a388     KZHSQLSB.OBJ
 0003:00001390       ??_C@_0M@ONJI@DISTRIBUTED?$AA@ 1000a390     KZHSQLSB.OBJ
 0003:000013a0       ??_C@_0M@EMHJ@DISTINCTROW?$AA@ 1000a3a0     KZHSQLSB.OBJ
 0003:000013b0       ??_C@_08EGKJ@DISTINCT?$AA@ 1000a3b0     KZHSQLSB.OBJ
 0003:000013bc       ??_C@_04HDPG@DISK?$AA@     1000a3bc     KZHSQLSB.OBJ
 0003:000013c4       ??_C@_0L@OGBA@DISCONNECT?$AA@ 1000a3c4     KZHSQLSB.OBJ
 0003:000013d4       ??_C@_08GADM@DISALLOW?$AA@ 1000a3d4     KZHSQLSB.OBJ
 0003:000013e0       ??_C@_0M@OKKK@DIAGNOSTICS?$AA@ 1000a3e0     KZHSQLSB.OBJ
 0003:000013f0       ??_C@_0L@GKAF@DESCRIPTOR?$AA@ 1000a3f0     KZHSQLSB.OBJ
 0003:00001400       ??_C@_08FBJG@DESCRIBE?$AA@ 1000a400     KZHSQLSB.OBJ
 0003:0000140c       ??_C@_04PPKB@DESC?$AA@     1000a40c     KZHSQLSB.OBJ
 0003:00001414       ??_C@_06FMHL@DELETE?$AA@   1000a414     KZHSQLSB.OBJ
 0003:0000141c       ??_C@_08IEEN@DEFERRED?$AA@ 1000a41c     KZHSQLSB.OBJ
 0003:00001428       ??_C@_0L@POBB@DEFERRABLE?$AA@ 1000a428     KZHSQLSB.OBJ
 0003:00001438       ??_C@_07FBHA@DEFAULT?$AA@  1000a438     KZHSQLSB.OBJ
 0003:00001444       ??_C@_07CJJP@DECLARE?$AA@  1000a444     KZHSQLSB.OBJ
 0003:00001450       ??_C@_05DAPA@DEBUG?$AA@    1000a450     KZHSQLSB.OBJ
 0003:00001458       ??_C@_0L@JGIO@DEALLOCATE?$AA@ 1000a458     KZHSQLSB.OBJ
 0003:00001468       ??_C@_04CLGJ@DBCC?$AA@     1000a468     KZHSQLSB.OBJ
 0003:00001470       ??_C@_06OPFP@DBAREA?$AA@   1000a470     KZHSQLSB.OBJ
 0003:00001478       ??_C@_03IDGA@DAY?$AA@      1000a478     KZHSQLSB.OBJ
 0003:0000147c       ??_C@_08MIJC@DATETIME?$AA@ 1000a47c     KZHSQLSB.OBJ
 0003:00001488       ??_C@_04CJNM@DATE?$AA@     1000a488     KZHSQLSB.OBJ
 0003:00001490       ??_C@_08PKHN@DATABASE?$AA@ 1000a490     KZHSQLSB.OBJ
 0003:0000149c       ??_C@_06MDJJ@CURSOR?$AA@   1000a49c     KZHSQLSB.OBJ
 0003:000014a4       ??_C@_0N@KBKG@CURRENT_USER?$AA@ 1000a4a4     KZHSQLSB.OBJ
 0003:000014b4       ??_C@_0BC@GGBA@CURRENT_TIMESTAMP?$AA@ 1000a4b4     KZHSQLSB.OBJ
 0003:000014cc       ??_C@_0N@NIMH@CURRENT_TIME?$AA@ 1000a4cc     KZHSQLSB.OBJ
 0003:000014dc       ??_C@_0N@NEAE@CURRENT_DATE?$AA@ 1000a4dc     KZHSQLSB.OBJ
 0003:000014ec       ??_C@_07HGLC@CURRENT?$AA@  1000a4ec     KZHSQLSB.OBJ
 0003:000014f8       ??_C@_08CHBF@CURRENCY?$AA@ 1000a4f8     KZHSQLSB.OBJ
 0003:00001504       ??_C@_05BLP@CROSS?$AA@     1000a504     KZHSQLSB.OBJ
 0003:0000150c       ??_C@_06JBCM@CREATE?$AA@   1000a50c     KZHSQLSB.OBJ
 0003:00001514       ??_C@_07CCFH@COUNTER?$AA@  1000a514     KZHSQLSB.OBJ
 0003:00001520       ??_C@_05BNPO@COUNT?$AA@    1000a520     KZHSQLSB.OBJ
 0003:00001528       ??_C@_0O@MOMH@CORRESPONDING?$AA@ 1000a528     KZHSQLSB.OBJ
 0003:00001538       ??_C@_07DJAE@CONVERT?$AA@  1000a538     KZHSQLSB.OBJ
 0003:00001544       ??_C@_0L@BOLK@CONTROLROW?$AA@ 1000a544     KZHSQLSB.OBJ
 0003:00001554       ??_C@_08HDIP@CONTINUE?$AA@ 1000a554     KZHSQLSB.OBJ
 0003:00001560       ??_C@_0M@GMLE@CONSTRAINTS?$AA@ 1000a560     KZHSQLSB.OBJ
 0003:00001570       ??_C@_0L@LNCA@CONSTRAINT?$AA@ 1000a570     KZHSQLSB.OBJ
 0003:00001580       ??_C@_0L@ICLB@CONNECTION?$AA@ 1000a580     KZHSQLSB.OBJ
 0003:00001590       ??_C@_07DKLG@CONNECT?$AA@  1000a590     KZHSQLSB.OBJ
 0003:0000159c       ??_C@_07ODJF@CONFIRM?$AA@  1000a59c     KZHSQLSB.OBJ
 0003:000015a8       ??_C@_07FDPF@COMPUTE?$AA@  1000a5a8     KZHSQLSB.OBJ
 0003:000015b4       ??_C@_09BMPB@COMMITTED?$AA@ 1000a5b4     KZHSQLSB.OBJ
 0003:000015c0       ??_C@_06NAIG@COMMIT?$AA@   1000a5c0     KZHSQLSB.OBJ
 0003:000015c8       ??_C@_06LGEH@COLUMN?$AA@   1000a5c8     KZHSQLSB.OBJ
 0003:000015d0       ??_C@_09JEOK@COLLATION?$AA@ 1000a5d0     KZHSQLSB.OBJ
 0003:000015dc       ??_C@_07HABJ@COLLATE?$AA@  1000a5dc     KZHSQLSB.OBJ
 0003:000015e8       ??_C@_08DMIM@COALESCE?$AA@ 1000a5e8     KZHSQLSB.OBJ
 0003:000015f4       ??_C@_09GMHN@CLUSTERED?$AA@ 1000a5f4     KZHSQLSB.OBJ
 0003:00001600       ??_C@_05PHOA@CLOSE?$AA@    1000a600     KZHSQLSB.OBJ
 0003:00001608       ??_C@_0L@CINA@CHECKPOINT?$AA@ 1000a608     KZHSQLSB.OBJ
 0003:00001618       ??_C@_05JHFD@CHECK?$AA@    1000a618     KZHSQLSB.OBJ
 0003:00001620       ??_C@_0M@OBEF@CHAR_LENGTH?$AA@ 1000a620     KZHSQLSB.OBJ
 0003:00001630       ??_C@_0BB@LGJP@CHARACTER_LENGTH?$AA@ 1000a630     KZHSQLSB.OBJ
 0003:00001644       ??_C@_09MNBH@CHARACTER?$AA@ 1000a644     KZHSQLSB.OBJ
 0003:00001650       ??_C@_04MLPN@CHAR?$AA@     1000a650     KZHSQLSB.OBJ
 0003:00001658       ??_C@_07CPI@CATALOG?$AA@   1000a658     KZHSQLSB.OBJ
 0003:00001664       ??_C@_04LBNA@CAST?$AA@     1000a664     KZHSQLSB.OBJ
 0003:0000166c       ??_C@_04LCDH@CASE?$AA@     1000a66c     KZHSQLSB.OBJ
 0003:00001674       ??_C@_08GIOF@CASCADED?$AA@ 1000a674     KZHSQLSB.OBJ
 0003:00001680       ??_C@_07HJNK@CASCADE?$AA@  1000a680     KZHSQLSB.OBJ
 0003:0000168c       ??_C@_04EHOP@BYTE?$AA@     1000a68c     KZHSQLSB.OBJ
 0003:00001694       ??_C@_02HFGP@BY?$AA@       1000a694     KZHSQLSB.OBJ
 0003:00001698       ??_C@_04OLDH@BULK?$AA@     1000a698     KZHSQLSB.OBJ
 0003:000016a0       ??_C@_06MIPA@BROWSE?$AA@   1000a6a0     KZHSQLSB.OBJ
 0003:000016a8       ??_C@_05CPDG@BREAK?$AA@    1000a6a8     KZHSQLSB.OBJ
 0003:000016b0       ??_C@_04NOIB@BOTH?$AA@     1000a6b0     KZHSQLSB.OBJ
 0003:000016b8       ??_C@_07HLBB@BOOLEAN?$AA@  1000a6b8     KZHSQLSB.OBJ
 0003:000016c4       ??_C@_03IODA@BIT?$AA@      1000a6c4     KZHSQLSB.OBJ
 0003:000016c8       ??_C@_06ICJB@BINARY?$AA@   1000a6c8     KZHSQLSB.OBJ
 0003:000016d0       ??_C@_07FEKN@BETWEEN?$AA@  1000a6d0     KZHSQLSB.OBJ
 0003:000016dc       ??_C@_05JBBL@BEGIN?$AA@    1000a6dc     KZHSQLSB.OBJ
 0003:000016e4       ??_C@_03JAGK@AVG?$AA@      1000a6e4     KZHSQLSB.OBJ
 0003:000016e8       ??_C@_0O@DFOG@AUTOINCREMENT?$AA@ 1000a6e8     KZHSQLSB.OBJ
 0003:000016f8       ??_C@_0O@MMGM@AUTHORIZATION?$AA@ 1000a6f8     KZHSQLSB.OBJ
 0003:00001708       ??_C@_02BKOD@AT?$AA@       1000a708     KZHSQLSB.OBJ
 0003:0000170c       ??_C@_09HNNJ@ASSERTION?$AA@ 1000a70c     KZHSQLSB.OBJ
 0003:00001718       ??_C@_03HGDG@ASC?$AA@      1000a718     KZHSQLSB.OBJ
 0003:0000171c       ??_C@_02EPAG@AS?$AA@       1000a71c     KZHSQLSB.OBJ
 0003:00001720       ??_C@_03JPOO@ARE?$AA@      1000a720     KZHSQLSB.OBJ
 0003:00001724       ??_C@_03ENCN@ANY?$AA@      1000a724     KZHSQLSB.OBJ
 0003:00001728       ??_C@_03LACO@AND?$AA@      1000a728     KZHSQLSB.OBJ
 0003:0000172c       ??_C@_05BBIN@ALTER?$AA@    1000a72c     KZHSQLSB.OBJ
 0003:00001734       ??_C@_0N@NNIC@ALPHANUMERIC?$AA@ 1000a734     KZHSQLSB.OBJ
 0003:00001744       ??_C@_08HG@ALLOCATE?$AA@   1000a744     KZHSQLSB.OBJ
 0003:00001750       ??_C@_03MJMD@ALL?$AA@      1000a750     KZHSQLSB.OBJ
 0003:00001754       ??_C@_03CICP@ADD?$AA@      1000a754     KZHSQLSB.OBJ
 0003:00001758       ??_C@_06LHNJ@ACTION?$AA@   1000a758     KZHSQLSB.OBJ
 0003:00001760       ??_C@_08DFNL@ABSOLUTE?$AA@ 1000a760     KZHSQLSB.OBJ
 0003:0000176c       ??_C@_0BG@JNBJ@DROP?5INDEX?5?$CFs?$CFs?4?$CFs?5?$CFs?$AA@ 1000a76c     KZHSQLSB.OBJ
 0003:00001788       ??_C@_08FGIB@NULL?5?5?5?5?$AA@ 1000a788     KZHSQLSB.OBJ
 0003:00001794       ??_C@_08IDDA@NOT?5NULL?$AA@ 1000a794     KZHSQLSB.OBJ
 0003:000017a0       ??_C@_09LPMC@SQL_NULLS?$AA@ 1000a7a0     KZHSQLSB.OBJ
 0003:000017ac       ??_C@_0BC@KEK@SQL?5DDL?5Generator?$AA@ 1000a7ac     KZHSQLSB.OBJ
 0003:000017c4       ??_C@_0CK@EKKO@Invalid?5DataType?5?8?$CFs?8?5for?5attrib@ 1000a7c4     KZHSQLSB.OBJ
 0003:000017f8       ??_C@_0L@NCMM@TE_TablRec?$AA@ 1000a7f8     KZHSQLSB.OBJ
 0003:00001808       ??_C@_0P@OLJF@?5varchar?$CI?530?5?$CJ?$AA@ 1000a808     KZHSQLSB.OBJ
 0003:0000181c       ??_C@_0P@EIIC@?5nvarchar?$CImax?$CJ?$AA@ 1000a81c     KZHSQLSB.OBJ
 0003:00001830       ??_C@_06EMMA@?5float?$AA@  1000a830     KZHSQLSB.OBJ
 0003:00001838       ??_C@_04OGMO@?5int?$AA@    1000a838     KZHSQLSB.OBJ
 0003:00001840       ??_C@_09IJHK@?5datetime?$AA@ 1000a840     KZHSQLSB.OBJ
 0003:0000184c       ??_C@_0BA@DCHA@?5varbinary?$CImax?$CJ?$AA@ 1000a84c     KZHSQLSB.OBJ
 0003:00001860       ??_C@_0BA@FENM@?5varchar?$CI?5?$CFld?5?$CJ?$AA@ 1000a860     KZHSQLSB.OBJ
 0003:00001874       ??_C@_06CAAP@Length?$AA@   1000a874     KZHSQLSB.OBJ
 0003:0000187c       ??_C@_04DOMO@?$CF?9?$CKs?$AA@ 1000a87c     KZHSQLSB.OBJ
 0003:00001884       ??_C@_08FNON@DataType?$AA@ 1000a884     KZHSQLSB.OBJ
 0003:00001890       ??_C@_0BA@PJGE@TE_FieldDataRel?$AA@ 1000a890     KZHSQLSB.OBJ
 0003:000018a4       ??_C@_04EFNI@Name?$AA@     1000a8a4     KZHSQLSB.OBJ
 0003:000018ac       ??_C@_0BE@GNCH@MaxColumnNameLength?$AA@ 1000a8ac     KZHSQLSB.OBJ
 0003:000018c4       ??_C@_04JENC@ODBC?$AA@     1000a8c4     KZHSQLSB.OBJ
 0003:000018cc       ??_C@_0BC@KJKI@TimestampAsString?$AA@ 1000a8cc     KZHSQLSB.OBJ
 0003:000018e4       ??_C@_01PCJP@Y?$AA@        1000a8e4     KZHSQLSB.OBJ
 0003:000018e8       ??_C@_08DKGC@DBH_Data?$AA@ 1000a8e8     KZHSQLSB.OBJ
 0003:000018f4       ??_C@_0P@BCDD@TE_DBMS_Source?$AA@ 1000a8f4     KZHSQLSB.OBJ
 0003:00001908       ??_C@_04EALC@DBMS?$AA@     1000a908     KZHSQLSB.OBJ
 0003:00001910       ??_C@_08IAKB@TZTEDBLO?$AA@ 1000a910     KZHSQLSB.OBJ
 0003:0000191c       ??_C@_0M@JBMN@?$CF?$CKs?5?$CFs?5?$CJ?5?$CFs?$AA@ 1000a91c     KZHSQLSB.OBJ
 0003:0000192c       ??_C@_01FCOA@?5?$AA@       1000a92c     KZHSQLSB.OBJ
 0003:00001930       ??_C@_0BE@IBEH@?5?5?5?5?5?5?5ON?5?$CFs?$CFs?5?$CI?5?$CFs?$AA@ 1000a930     KZHSQLSB.OBJ
 0003:00001948       ??_C@_0BF@BFOD@CREATE?5INDEX?5?$CFs?$CFs?5?$CFs?$AA@ 1000a948     KZHSQLSB.OBJ
 0003:00001964       ??_C@_01PAOO@B?$AA@        1000a964     KZHSQLSB.OBJ
 0003:00001968       ??_C@_0BN@IFEM@B_AEIOUYBCDFGHJKLMNPQRSTVWXZ?$AA@ 1000a968     KZHSQLSB.OBJ
 0003:0000198c       ??_C@_0L@OGL@?$CFs_?$CFs_?$CFld0?$AA@ 1000a98c     KZHSQLSB.OBJ
 0003:0000199c       ??_C@_04BBDM@ZKey?$AA@     1000a99c     KZHSQLSB.OBJ
 0003:000019a4       ??_C@_0CE@EPOC@?$CFs?5Index?5for?5Relationship?5?9?5?8?$CFs?8@ 1000a9a4     KZHSQLSB.OBJ
 0003:000019d0       ??_C@_02FCCF@?1?$CK?$AA@   1000a9d0     KZHSQLSB.OBJ
 0003:000019d4       ??_C@_02BOOO@?$CK?1?$AA@   1000a9d4     KZHSQLSB.OBJ
 0003:000019d8       ??_C@_04DKMG@Desc?$AA@     1000a9d8     KZHSQLSB.OBJ
 0003:000019e0       ??_C@_0BD@KOPE@MaxTableNameLength?$AA@ 1000a9e0     KZHSQLSB.OBJ
 0003:000019f8       ??_C@_01PJCK@?4?$AA@       1000a9f8     KZHSQLSB.OBJ
 0003:000019fc       ??_C@_0P@CNMG@SQL_TableOwner?$AA@ 1000a9fc     KZHSQLSB.OBJ
 0003:00001a10       ??_C@_0N@HJOL@DefaultOwner?$AA@ 1000aa10     KZHSQLSB.OBJ
 0003:00001a20       ??_C@_0L@OGBL@?$CF?$CKs?5?$CFs?0?5?$CFs?$AA@ 1000aa20     KZHSQLSB.OBJ
 0003:00001a30       ??_C@_0BM@HCMD@CREATE?5UNIQUE?5INDEX?5?$CFs?$CFs?5?$CFs?$AA@ 1000aa30     KZHSQLSB.OBJ
 0003:00001a54       ??_C@_02DILL@?$CFs?$AA@    1000aa54     KZHSQLSB.OBJ
 0003:00001a58       ??_C@_0M@EFNH@U?$CFs_?$CFs_?$CFld0?$AA@ 1000aa58     KZHSQLSB.OBJ
 0003:00001a68       ??_C@_0BD@EGMP@TE_FieldDataRelKey?$AA@ 1000aa68     KZHSQLSB.OBJ
 0003:00001a80       ??_C@_0O@LKEB@TE_TablRecKey?$AA@ 1000aa80     KZHSQLSB.OBJ
 0003:00001a90       ??_C@_09CEBI@IndexName?$AA@ 1000aa90     KZHSQLSB.OBJ
 0003:00001a9c       ??_C@_0BP@GKMP@?$CFs?5Main?5key?5for?5Entity?5?9?5?$CFs?5?$CFs?$AA@ 1000aa9c     KZHSQLSB.OBJ
 0003:00001ac4       ??_C@_09CNO@ER_Entity?$AA@ 1000aac4     KZHSQLSB.OBJ
 0003:00001ad0       ??_C@_02GPGN@GO?$AA@       1000aad0     KZHSQLSB.OBJ
 0003:00001ad4       ??_C@_05NLEE@?5?$CJ?5?$CFs?$AA@ 1000aad4     KZHSQLSB.OBJ
 0003:00001adc       ??_C@_04GPPE@?0?5?$CFs?$AA@ 1000aadc     KZHSQLSB.OBJ
 0003:00001ae4       ??_C@_04BAFE@?$CF?$CKs?5?$AA@ 1000aae4     KZHSQLSB.OBJ
 0003:00001aec       ??_C@_0BH@HMHF@CREATE?5TABLE?5?$CFs?$CFs?5?$CI?5?$CFs?$AA@ 1000aaec     KZHSQLSB.OBJ
 0003:00001b08       ??_C@_0BC@PCJM@?$CFs?5Entity?5?9?5?$CFs?5?$CFs?$AA@ 1000ab08     KZHSQLSB.OBJ
 0003:00001b20       ??_C@_0N@PLHO@Generate?5DDL?$AA@ 1000ab20     KZHSQLSB.OBJ
 0003:00001b30       ??_C@_0BG@PJOD@Couldn?8t?5create?5file?5?$AA@ 1000ab30     KZHSQLSB.OBJ
 0003:00001b4c       ??_C@_0BK@MMCL@?5is?5created?5successfully?$CB?$AA@ 1000ab4c     KZHSQLSB.OBJ
 0003:00001b6c       ??_C@_05EGAJ@File?5?$AA@   1000ab6c     KZHSQLSB.OBJ
 0003:00001b74       ??_C@_0BP@OLHP@GRANT?5ALL?5ON?5?$CFs?$CFs?5TO?5PUBLIC?5?$CFs?$AA@ 1000ab74     KZHSQLSB.OBJ
 0003:00001b9c       ??_C@_0BD@PLEK@DROP?5TABLE?5?$CFs?$CFs?5?$CFs?$AA@ 1000ab9c     KZHSQLSB.OBJ
 0003:00001bb4       ??_C@_04LGDF@?$CF02d?$AA@  1000abb4     KZHSQLSB.OBJ
 0003:00001bbc       ??_C@_0BE@ODFA@DataOrRelfieldOrSet?$AA@ 1000abbc     KZHSQLSB.OBJ
 0003:00001bd4       ??_C@_07PHBB@B_AEIOU?$AA@  1000abd4     KZHSQLSB.OBJ
 0003:00001be0       ??_C@_05FCKF@?$CFs_?$CFs?$AA@ 1000abe0     KZHSQLSB.OBJ
 0003:00001be8       ??_C@_0BO@IABD@?$CFs?5Indexes?5for?5Entity?5?9?5?$CFs?5?$CFs?$AA@ 1000abe8     KZHSQLSB.OBJ
 0003:00001c0c       ??_C@_09DDBF@USE?5?$CFs?5?$CFs?$AA@ 1000ac0c     KZHSQLSB.OBJ
 0003:00001c18       ??_C@_0BM@MOMC@?$CFs?5CREATE?5DATABASE?5?$CFs?5?$CFs?5?$CFs?$AA@ 1000ac18     KZHSQLSB.OBJ
 0003:00001c3c       ??_C@_04PMIC@?4ddl?$AA@    1000ac3c     KZHSQLSB.OBJ
 0003:00001c44       ??_C@_0M@GBEE@GenDropIdxs?$AA@ 1000ac44     KZHSQLSB.OBJ
 0003:00001c54       ??_C@_0O@CFLN@GenCreateIdxs?$AA@ 1000ac54     KZHSQLSB.OBJ
 0003:00001c64       ??_C@_0L@GNHG@DropTables?$AA@ 1000ac64     KZHSQLSB.OBJ
 0003:00001c74       ??_C@_0BA@JNHE@GenCreateTables?$AA@ 1000ac74     KZHSQLSB.OBJ
 0003:00001c88       ??_C@_01OAK@N?$AA@         1000ac88     KZHSQLSB.OBJ
 0003:00001c8c       ??_C@_0FJ@KCOE@?$CFs?5WARNING?9?9Following?5index?5may?5@ 1000ac8c     KZHSQLSB.OBJ
 0003:00001cf8       ??_C@_0BI@HFPH@DDL?5Generationg?5Warning?$AA@ 1000acf8     KZHSQLSB.OBJ
 0003:00001d14       ??_C@_0BAI@KIFF@WARNING?3?5The?5data?5type?5for?5the?5c@ 1000ad14     KZHSQLSB.OBJ
 0003:00001e50       ??_C@_0CB@MGNG@ALTER?5TABLE?5?$CFs?$CF?9?$CKs?5ALTER?5COLUMN?5@ 1000ae50     KZHSQLSB.OBJ
 0003:00001e78       ??_C@_0CD@OHJM@ALTER?5TABLE?5?$CFs?$CFs?5DROP?5COLUMN?5?$CFs?5@ 1000ae78     KZHSQLSB.OBJ
 0003:00001ea4       ??_C@_0BB@MKDI@DROP?5TABLE?5?$CFs?5?$CFs?$AA@ 1000aea4     KZHSQLSB.OBJ
 0003:00001eb8       ??_C@_0BE@FPJB@ALTER?5TABLE?5?$CFs?5ADD?5?$AA@ 1000aeb8     KZHSQLSB.OBJ
 0003:00001ed0       ??_C@_0BA@LFLL@?$CFs?5Entity?5?$CFs?5?$CFs?$AA@ 1000aed0     KZHSQLSB.OBJ
 0003:00001ee4       ??_C@_01PJM@D?$AA@         1000aee4     KZHSQLSB.OBJ
 0003:00001ee8       ??_C@_0L@FFM@MatchFound?$AA@ 1000aee8     KZHSQLSB.OBJ
 0003:00001ef8       ??_C@_0CA@EBOB@?$CFs?5Alter?5script?5for?5?$CFs?5?9?9?5?$CFs?5?$CFs?$AA@ 1000aef8     KZHSQLSB.OBJ
 0003:00001f20       ??_C@_06NGI@_alter?$AA@    1000af20     KZHSQLSB.OBJ
 0003:00001f28       ??_C@_07LDCE@TE00422?$AA@  1000af28     KZHSQLSB.OBJ
 0003:00001f34       ??_C@_0BE@DNAH@Physical?5Data?5Model?$AA@ 1000af34     KZHSQLSB.OBJ
 0003:00001f4c       ??_C@_0DF@MNGA@Couldn?8t?5find?5?8BuildSyncDDL?8?5in?5@ 1000af4c     KZHSQLSB.OBJ
 0003:00001f8c       ??_C@_0P@JHOI@RetrieveSchema?$AA@ 1000af8c     KZHSQLSB.OBJ
 0003:00001fa0       ??_C@_0L@NKCB@Executable?$AA@ 1000afa0     KZHSQLSB.OBJ
 0003:00001fb0       ??_C@_04BNNJ@Text?$AA@     1000afb0     KZHSQLSB.OBJ
 0003:00001fb8       ??_C@_01PDMC@V?$AA@        1000afb8     KZHSQLSB.OBJ
 0003:00001fbc       ??_C@_0N@PHAK@Blob?5?$CIbytea?$CJ?$AA@ 1000afbc     KZHSQLSB.OBJ
 0003:00001fcc       ??_C@_09GOGB@FixedChar?$AA@ 1000afcc     KZHSQLSB.OBJ
 0003:00001fd8       ??_C@_01FKLC@F?$AA@        1000afd8     KZHSQLSB.OBJ
 0003:00001fdc       ??_C@_04OAHI@Time?$AA@     1000afdc     KZHSQLSB.OBJ
 0003:00001fe4       ??_C@_01FLOP@I?$AA@        1000afe4     KZHSQLSB.OBJ
 0003:00001fe8       ??_C@_04OMLL@Date?$AA@     1000afe8     KZHSQLSB.OBJ
 0003:00001ff0       ??_C@_0M@BADB@TimeStampEx?$AA@ 1000aff0     KZHSQLSB.OBJ
 0003:00002000       ??_C@_01FIAI@X?$AA@        1000b000     KZHSQLSB.OBJ
 0003:00002004       ??_C@_09KMOL@Timestamp?$AA@ 1000b004     KZHSQLSB.OBJ
 0003:00002010       ??_C@_01KGOM@T?$AA@        1000b010     KZHSQLSB.OBJ
 0003:00002014       ??_C@_07DBJI@Decimal?$AA@  1000b014     KZHSQLSB.OBJ
 0003:00002020       ??_C@_01PBLD@M?$AA@        1000b020     KZHSQLSB.OBJ
 0003:00002024       ??_C@_07HDOI@Integer?$AA@  1000b024     KZHSQLSB.OBJ
 0003:00002030       ??_C@_01FLCE@L?$AA@        1000b030     KZHSQLSB.OBJ
 0003:00002034       ??_C@_0N@NAC@ExternalName?$AA@ 1000b034     KZHSQLSB.OBJ
 0003:00002044       ??_C@_06PINC@String?$AA@   1000b044     KZHSQLSB.OBJ
 0003:0000204c       ??_C@_0N@CCA@InternalName?$AA@ 1000b04c     KZHSQLSB.OBJ
 0003:0000205c       ??_C@_01PDAJ@S?$AA@        1000b05c     KZHSQLSB.OBJ
 0003:00002060       ??_C@_0N@INLJ@DB_DataTypes?$AA@ 1000b060     KZHSQLSB.OBJ
 0003:00002070       ??_C@_09PLDP@Zeidon?5TE?$AA@ 1000b070     KZHSQLSB.OBJ
 0003:0000207c       ??_C@_0BM@EEGE@Invalid?5Physical?5Data?5type?4?$AA@ 1000b07c     KZHSQLSB.OBJ
 0003:000020a0       ??_C@_0CD@CCFO@?$CITE?$CJ?5Invalid?5Physical?5Data?5type?5@ 1000b0a0     KZHSQLSB.OBJ
 0003:000020cc       ??_C@_0N@FPPC@MaxStringLth?$AA@ 1000b0cc     KZHSQLSB.OBJ
 0003:000020dc       ??_C@_0N@IKDH@ER_Attribute?$AA@ 1000b0dc     KZHSQLSB.OBJ
 0003:000020ec       ??_C@_03LBCJ@Lth?$AA@      1000b0ec     KZHSQLSB.OBJ
 0003:000020f0       ??_C@_06CDGA@Domain?$AA@   1000b0f0     KZHSQLSB.OBJ
 0003:000020f8       ??_C@_02IALC@z_?$AA@       1000b0f8     KZHSQLSB.OBJ
 0003:000020fc       ??_C@_02IPGJ@Bc?$AA@       1000b0fc     KZHSQLSB.OBJ
 0003:00002100       ??_C@_02IKBN@B_?$AA@       1000b100     KZHSQLSB.OBJ
 0003:00002104       ??_C@_06BLIJ@ATTRIB?$AA@   1000b104     KZHSQLSB.OBJ
 0003:0000210c       ??_C@_0L@CDIB@XVAATT_TOK?$AA@ 1000b10c     KZHSQLSB.OBJ
 0003:0000211c       ??_C@_07MPNE@FLDTYPE?$AA@  1000b11c     KZHSQLSB.OBJ
 0003:00002128       ??_C@_09JEIA@DATAFIELD?$AA@ 1000b128     KZHSQLSB.OBJ
 0003:00002134       ??_C@_0M@PNOD@CHILDENTITY?$AA@ 1000b134     KZHSQLSB.OBJ
 0003:00002144       ??_C@_0L@PPLE@DATARECORD?$AA@ 1000b144     KZHSQLSB.OBJ
 0003:00002154       ??_C@_0N@NFHJ@ER_EntityRec?$AA@ 1000b154     KZHSQLSB.OBJ
 0003:00002164       ??_C@_0BA@DPMI@LOD_EntityChild?$AA@ 1000b164     KZHSQLSB.OBJ
 0003:00002178       ??_C@_09DPNM@ERREL_TOK?$AA@ 1000b178     KZHSQLSB.OBJ
 0003:00002184       ??_C@_09PPA@ERENT_TOK?$AA@ 1000b184     KZHSQLSB.OBJ
 0003:00002190       ??_C@_07NHPD@CardMax?$AA@  1000b190     KZHSQLSB.OBJ
 0003:0000219c       ??_C@_0O@FFFI@ER_RelLinkRec?$AA@ 1000b19c     KZHSQLSB.OBJ
 0003:000021ac       ??_C@_0L@KKLH@POD_Entity?$AA@ 1000b1ac     KZHSQLSB.OBJ
 0003:000021bc       ??_C@_0BD@GNEF@SQL_JoinWithParent?$AA@ 1000b1bc     KZHSQLSB.OBJ
 0003:000021d4       ??_C@_0BI@FMLJ@TE_DBMS_SourceForEntity?$AA@ 1000b1d4     KZHSQLSB.OBJ
 0003:000021f0       ??_C@_0BB@NHDL@LOD_EntityParent?$AA@ 1000b1f0     KZHSQLSB.OBJ
 0003:00002204       ??_C@_06PIJH@OBJECT?$AA@   1000b204     KZHSQLSB.OBJ
 0003:0000220c       ??_C@_0BD@KPGG@TimestampPrecision?$AA@ 1000b20c     KZHSQLSB.OBJ
 0003:00002224       ??_C@_08DKCM@TZDBHODO?$AA@ 1000b224     KZHSQLSB.OBJ
 0003:00002230       ??_C@_0DA@JMGI@?$CK?$CK?$CK?5PostXOD_BuildHook?5TZDBHODO?5d@ 1000b230     KZHSQLSB.OBJ
 0003:0000226c       ??_C@_0BC@PBGA@PostXOD_BuildHook?$AA@ 1000b26c     KZHSQLSB.OBJ
 0003:00002284       ??_C@_0N@BDOD@Zeidon?5Tools?$AA@ 1000b284     KZHSQLSB.OBJ
 0003:00002294       ??_C@_0EK@BEMO@You?5need?5to?5do?5a?5?8Set?5DBH?8?5for?5t@ 1000b294     KZHSQLSB.OBJ
 0003:0000252c       ??_C@_01A@?$AA?$AA@        1000b52c     KZHSQLSB.OBJ
 0003:00002530       ??_C@_00A@?$AA@            1000b530     KZHSQLSB.OBJ
 0003:0000253c       __adjust_fdiv              1000b53c     <common>
 0003:00002548       ___onexitend               1000b548     <common>
 0003:00002558       ___onexitbegin             1000b558     <common>
 0003:0000255c       __pRawDllMain              1000b55c     <common>
 0004:00000000       __IMPORT_DESCRIPTOR_KZOENGAA 1000c000     kzoengaa:KZOENGAA.DLL
 0004:00000014       __IMPORT_DESCRIPTOR_ZdCtl  1000c014     zdctl:ZdCtl.dll
 0004:00000028       __IMPORT_DESCRIPTOR_MSVCRTD 1000c028     MSVCRTD:MSVCRTD.dll
 0004:0000003c       __IMPORT_DESCRIPTOR_KERNEL32 1000c03c     kernel32:KERNEL32.dll
 0004:00000050       __NULL_IMPORT_DESCRIPTOR   1000c050     kzoengaa:KZOENGAA.DLL
 0004:0000023c       __imp__DisableThreadLibraryCalls@4 1000c23c     kernel32:KERNEL32.dll
 0004:00000240       \177KERNEL32_NULL_THUNK_DATA 1000c240     kernel32:KERNEL32.dll
 0004:0000026c       __imp__GetAddrForAttribute@16 1000c26c     kzoengaa:KZOENGAA.DLL
 0004:00000270       __imp__GetStringFromAttribute@16 1000c270     kzoengaa:KZOENGAA.DLL
 0004:00000274       __imp__DropView@4          1000c274     kzoengaa:KZOENGAA.DLL
 0004:00000278       __imp__GetIntegerFromAttribute@16 1000c278     kzoengaa:KZOENGAA.DLL
 0004:0000027c       __imp__CompareAttributeToString@16 1000c27c     kzoengaa:KZOENGAA.DLL
 0004:00000280       __imp__SetOI_FromBlob@28   1000c280     kzoengaa:KZOENGAA.DLL
 0004:00000284       __imp__SetCursorFirstEntityByAttr@28 1000c284     kzoengaa:KZOENGAA.DLL
 0004:00000288       __imp__GetViewByName@16    1000c288     kzoengaa:KZOENGAA.DLL
 0004:0000028c       __imp__UfCompressName@32   1000c28c     kzoengaa:KZOENGAA.DLL
 0004:00000290       __imp__SetCursorNextEntity@12 1000c290     kzoengaa:KZOENGAA.DLL
 0004:00000294       __imp__SetCursorFirstEntity@12 1000c294     kzoengaa:KZOENGAA.DLL
 0004:00000298       __imp__CheckExistenceOfEntity@8 1000c298     kzoengaa:KZOENGAA.DLL
 0004:0000029c       __imp__SysCloseFile@12     1000c29c     kzoengaa:KZOENGAA.DLL
 0004:000002a0       __imp__SysOpenFile@12      1000c2a0     kzoengaa:KZOENGAA.DLL
 0004:000002a4       __imp__CreateViewFromViewForTask@12 1000c2a4     kzoengaa:KZOENGAA.DLL
 0004:000002a8       __imp__SetCursorNextEntityByString@20 1000c2a8     kzoengaa:KZOENGAA.DLL
 0004:000002ac       __imp__SetCursorFirstEntityByString@20 1000c2ac     kzoengaa:KZOENGAA.DLL
 0004:000002b0       __imp__SetAttributeFromString@16 1000c2b0     kzoengaa:KZOENGAA.DLL
 0004:000002b4       __imp__SysFreeLibrary@8    1000c2b4     kzoengaa:KZOENGAA.DLL
 0004:000002b8       __imp__MessageSend@24      1000c2b8     kzoengaa:KZOENGAA.DLL
 0004:000002bc       __imp__SysGetProc@8        1000c2bc     kzoengaa:KZOENGAA.DLL
 0004:000002c0       __imp__SysMessageBox@16    1000c2c0     kzoengaa:KZOENGAA.DLL
 0004:000002c4       __imp__CreateEntity@12     1000c2c4     kzoengaa:KZOENGAA.DLL
 0004:000002c8       __imp__TraceLineS@8        1000c2c8     kzoengaa:KZOENGAA.DLL
 0004:000002cc       __imp__SetAttributeFromInteger@16 1000c2cc     kzoengaa:KZOENGAA.DLL
 0004:000002d0       __imp__SetAttributeFromAttribute@24 1000c2d0     kzoengaa:KZOENGAA.DLL
 0004:000002d4       __imp__SysTranslateString@8 1000c2d4     kzoengaa:KZOENGAA.DLL
 0004:000002d8       __imp__DropHierarchicalCursor@4 1000c2d8     kzoengaa:KZOENGAA.DLL
 0004:000002dc       __imp__MoveSubobject@24    1000c2dc     kzoengaa:KZOENGAA.DLL
 0004:000002e0       __imp__SetViewFromView@8   1000c2e0     kzoengaa:KZOENGAA.DLL
 0004:000002e4       __imp__SetCursorPrevEntity@12 1000c2e4     kzoengaa:KZOENGAA.DLL
 0004:000002e8       __imp__SetCursorLastEntity@12 1000c2e8     kzoengaa:KZOENGAA.DLL
 0004:000002ec       __imp__SetCursorAbsolutePosition@12 1000c2ec     kzoengaa:KZOENGAA.DLL
 0004:000002f0       __imp__GetAbsolutePositionForEntity@12 1000c2f0     kzoengaa:KZOENGAA.DLL
 0004:000002f4       __imp__SetViewToSubobject@8 1000c2f4     kzoengaa:KZOENGAA.DLL
 0004:000002f8       __imp__SetCursorNextEntityHierarchical@12 1000c2f8     kzoengaa:KZOENGAA.DLL
 0004:000002fc       __imp__DefineHierarchicalCursor@8 1000c2fc     kzoengaa:KZOENGAA.DLL
 0004:00000300       __imp__ResetViewFromSubobject@4 1000c300     kzoengaa:KZOENGAA.DLL
 0004:00000304       __imp__CompareAttributeToInteger@16 1000c304     kzoengaa:KZOENGAA.DLL
 0004:00000308       __imp__SetCursorFirstEntityByInteger@20 1000c308     kzoengaa:KZOENGAA.DLL
 0004:0000030c       __imp__ResetView@4         1000c30c     kzoengaa:KZOENGAA.DLL
 0004:00000310       __imp__SetAttributeFromBlob@20 1000c310     kzoengaa:KZOENGAA.DLL
 0004:00000314       __imp__SysLoadLibrary@8    1000c314     kzoengaa:KZOENGAA.DLL
 0004:00000318       __imp__SysWriteLine@12     1000c318     kzoengaa:KZOENGAA.DLL
 0004:0000031c       \177KZOENGAA_NULL_THUNK_DATA 1000c31c     kzoengaa:KZOENGAA.DLL
 0004:00000368       __imp__sprintf             1000c368     MSVCRTD:MSVCRTD.dll
 0004:0000036c       __imp__strcat              1000c36c     MSVCRTD:MSVCRTD.dll
 0004:00000370       __imp__strlen              1000c370     MSVCRTD:MSVCRTD.dll
 0004:00000374       __imp__strcpy              1000c374     MSVCRTD:MSVCRTD.dll
 0004:00000378       __imp__strcmp              1000c378     MSVCRTD:MSVCRTD.dll
 0004:0000037c       __imp___stricmp            1000c37c     MSVCRTD:MSVCRTD.dll
 0004:00000380       __imp___pctype             1000c380     MSVCRTD:MSVCRTD.dll
 0004:00000384       __imp___isctype            1000c384     MSVCRTD:MSVCRTD.dll
 0004:00000388       __imp____mb_cur_max        1000c388     MSVCRTD:MSVCRTD.dll
 0004:0000038c       __imp__memset              1000c38c     MSVCRTD:MSVCRTD.dll
 0004:00000390       __imp__strchr              1000c390     MSVCRTD:MSVCRTD.dll
 0004:00000394       __imp___free_dbg           1000c394     MSVCRTD:MSVCRTD.dll
 0004:00000398       __imp___initterm           1000c398     MSVCRTD:MSVCRTD.dll
 0004:0000039c       __imp___malloc_dbg         1000c39c     MSVCRTD:MSVCRTD.dll
 0004:000003a0       __imp___adjust_fdiv        1000c3a0     MSVCRTD:MSVCRTD.dll
 0004:000003a4       __imp____dllonexit         1000c3a4     MSVCRTD:MSVCRTD.dll
 0004:000003a8       __imp___onexit             1000c3a8     MSVCRTD:MSVCRTD.dll
 0004:000003ac       \177MSVCRTD_NULL_THUNK_DATA 1000c3ac     MSVCRTD:MSVCRTD.dll
 0004:000003e4       __imp__MB_SetMessage@12    1000c3e4     zdctl:ZdCtl.dll
 0004:000003e8       \177ZdCtl_NULL_THUNK_DATA  1000c3e8     zdctl:ZdCtl.dll

 entry point at        0001:00005560

