 KZOENGAA

 Timestamp is 5356cb5f (Tue Apr 22 16:04:47 2014)

 Preferred load address is 10000000

 Start         Length     Name                   Class
 0001:00000000 000995d8H .text                   CODE
 0002:00000000 00000c71H .rdata                  DATA
 0002:00000c80 0000719bH .edata                  DATA
 0003:00000000 00000104H .CRT$XCA                DATA
 0003:00000104 00000104H .CRT$XCZ                DATA
 0003:00000208 00000104H .CRT$XIA                DATA
 0003:0000030c 00000104H .CRT$XIZ                DATA
 0003:00000410 00013ba7H .data                   DATA
 0003:00013fb8 00000e74H .bss                    DATA
 0004:00000000 00000078H .idata$2                DATA
 0004:00000078 00000014H .idata$3                DATA
 0004:0000008c 00000398H .idata$4                DATA
 0004:00000424 00000398H .idata$5                DATA
 0004:000007bc 00000a57H .idata$6                DATA
 0005:00000000 00000126H .didat$2                DATA
 0005:00000128 00000126H .didat$3                DATA
 0005:00000250 00000134H .didat$4                DATA
 0005:00000384 00000134H .didat$5                DATA
 0005:000004b8 00000208H .didat$6                DATA
 0005:000006c0 00000134H .didat$7                DATA

  Address         Publics by Value              Rva+Base     Lib:Object

 0001:00002c10       _GetApplDirectoryFromView@16 10003c10 f   KZOEAPAA.OBJ
 0001:00002d8c       _fnGetApplicationForSubtask@8 10003d8c f   KZOEAPAA.OBJ
 0001:00002ec5       _SfGetApplicationForSubtask@8 10003ec5 f   KZOEAPAA.OBJ
 0001:00002f1c       _SfSetApplicationForSubtask@8 10003f1c f   KZOEAPAA.OBJ
 0001:00002f90       _fnParseAppString          10003f90 f   KZOEAPAA.OBJ
 0001:0000348c       _fnCreateApp               1000448c f   KZOEAPAA.OBJ
 0001:00005234       _fnDropTableEntry          10006234 f   KZOEAPAA.OBJ
 0001:000053d8       _fnDeleteContext           100063d8 f   KZOEAPAA.OBJ
 0001:000054a1       _fnDeleteApp               100064a1 f   KZOEAPAA.OBJ
 0001:00005be6       _SetDatabaseUser@12        10006be6 f   KZOEAPAA.OBJ
 0001:000069b0       _fnEntityNameFromCsr@4     100079b0 f   KZOEATAA.OBJ
 0001:000069d0       _fnEntityNameFromInstance@4 100079d0 f   KZOEATAA.OBJ
 0001:000069f0       _fnGetAttrAddrFromEntityInstance 100079f0 f   KZOEATAA.OBJ
 0001:00006c4f       _fnGetAttribFlagsPtr@8     10007c4f f   KZOEATAA.OBJ
 0001:00006d13       _GetAttributeFlags@16      10007d13 f   KZOEATAA.OBJ
 0001:00006dc9       _AttributeUpdated@12       10007dc9 f   KZOEATAA.OBJ
 0001:00006e67       _fnStoreValueInEntityInstance 10007e67 f   KZOEATAA.OBJ
 0001:000071e0       _GetStringFromAttributeByContext@24 100081e0 f   KZOEATAA.OBJ
 0001:00007254       _GetStringFromAttribute@16 10008254 f   KZOEATAA.OBJ
 0001:00007330       _fnGetStringFromAttribute  10008330 f   KZOEATAA.OBJ
 0001:00007653       _GetViewFromAttribute@16   10008653 f   KZOEATAA.OBJ
 0001:0000766f       _GetIntegerFromAttribute@16 1000866f f   KZOEATAA.OBJ
 0001:0000771e       _fnGetIntegerFromAttribute 1000871e f   KZOEATAA.OBJ
 0001:00007961       _GetDecimalFromAttribute@16 10008961 f   KZOEATAA.OBJ
 0001:000079fd       _fnGetDecimalFromAttribute 100089fd f   KZOEATAA.OBJ
 0001:00007b7b       _GetBlobFromAttribute@20   10008b7b f   KZOEATAA.OBJ
 0001:00007c4c       _fnGetBlobFromAttribute    10008c4c f   KZOEATAA.OBJ
 0001:00007d71       _GetStructFromEntityAttrs@12 10008d71 f   KZOEATAA.OBJ
 0001:00008043       _GetAddrForAttribute@16    10009043 f   KZOEATAA.OBJ
 0001:0000812b       _fnGetAddrForAttribute     1000912b f   KZOEATAA.OBJ
 0001:000082f5       _GetAttributeDisplayLength@20 100092f5 f   KZOEATAA.OBJ
 0001:000084fb       _fnGetTextForTableEntry    100094fb f   KZOEATAA.OBJ
 0001:00008569       _fnGetLongExternalLthForContext 10009569 f   KZOEATAA.OBJ
 0001:000085d9       _fnGetAttributeDisplayLength 100095d9 f   KZOEATAA.OBJ
 0001:000087ca       _GetAttributeLength@16     100097ca f   KZOEATAA.OBJ
 0001:00008869       _fnGetAttributeLength      10009869 f   KZOEATAA.OBJ
 0001:000089cc       _GetActualAttributeLength@16 100099cc f   KZOEATAA.OBJ
 0001:00008a58       _fnGetActualAttributeLength 10009a58 f   KZOEATAA.OBJ
 0001:00008c20       _SetAttributeFromString@16 10009c20 f   KZOEATAA.OBJ
 0001:00008cb8       _fnSetAttributeFromString  10009cb8 f   KZOEATAA.OBJ
 0001:00008e79       _SetAttributeFromView@16   10009e79 f   KZOEATAA.OBJ
 0001:00008e9e       _SetAttributeFromInteger@16 10009e9e f   KZOEATAA.OBJ
 0001:00008f36       _fnSetAttributeFromInteger 10009f36 f   KZOEATAA.OBJ
 0001:00009082       _AddToAttributeFromInteger@16 1000a082 f   KZOEATAA.OBJ
 0001:0000912c       _fnAddToAttributeFromInteger 1000a12c f   KZOEATAA.OBJ
 0001:00009381       _SetAttributeFromDecimal@52 1000a381 f   KZOEATAA.OBJ
 0001:00009419       _fnSetAttributeFromDecimal 1000a419 f   KZOEATAA.OBJ
 0001:0000957b       _AddToAttributeFromDecimal@52 1000a57b f   KZOEATAA.OBJ
 0001:0000962a       _fnAddToAttributeFromDecimal 1000a62a f   KZOEATAA.OBJ
 0001:000098d0       _SetAttributeFromBlob@20   1000a8d0 f   KZOEATAA.OBJ
 0001:00009960       _SetBlobFromEntityAttributes@20 1000a960 f   KZOEATAA.OBJ
 0001:00009eec       _SetBlobFromOI@20          1000aeec f   KZOEATAA.OBJ
 0001:0000a1a2       _SetEntityAttributesFromBlob@20 1000b1a2 f   KZOEATAA.OBJ
 0001:0000a662       _SetOI_FromBlob@28         1000b662 f   KZOEATAA.OBJ
 0001:0000aa3f       _fnSetAttributeFromBlob    1000ba3f f   KZOEATAA.OBJ
 0001:0000abf8       _SetAttributeFromAttribute@24 1000bbf8 f   KZOEATAA.OBJ
 0001:0000b18e       _SetBlobAttributeFromAttribute@24 1000c18e f   KZOEATAA.OBJ
 0001:0000b257       _SetMatchingAttributesByName@20 1000c257 f   KZOEATAA.OBJ
 0001:0000b642       _AddToAttributeFromAttribute@24 1000c642 f   KZOEATAA.OBJ
 0001:0000b70f       _CompareAttributeToAttribute@24 1000c70f f   KZOEATAA.OBJ
 0001:0000bfb1       _CompareAttributeToString@16 1000cfb1 f   KZOEATAA.OBJ
 0001:0000c049       _CompareAttributeToInteger@16 1000d049 f   KZOEATAA.OBJ
 0001:0000c0e1       _CompareAttributeToDecimal@52 1000d0e1 f   KZOEATAA.OBJ
 0001:0000c179       _fnGetTaskDomain           1000d179 f   KZOEATAA.OBJ
 0001:0000c3c5       _fnRetrieveAttribName@12   1000d3c5 f   KZOEATAA.OBJ
 0001:0000c614       _DfExprVML@16              1000d614 f   KZOEATAA.OBJ
 0001:0000c9f2       _DfExecuteXPG@16           1000d9f2 f   KZOEATAA.OBJ
 0001:0000cd89       _fnGetAttribOper           1000dd89 f   KZOEATAA.OBJ
 0001:0000d082       _sFormatIn                 1000e082 f   KZOEATAA.OBJ
 0001:0000d403       _sFormatOut                1000e403 f   KZOEATAA.OBJ
 0001:0000d580       _fnValidateAttributeParameters 1000e580 f   KZOEATAA.OBJ
 0001:0000dbe0       _fnCreateAttributeRecord   1000ebe0 f   KZOEATAA.OBJ
 0001:0000ddd3       _fnStoreBlobInRecord       1000edd3 f   KZOEATAA.OBJ
 0001:0000df17       _fnStoreStringInRecord     1000ef17 f   KZOEATAA.OBJ
 0001:0000e1a0       _fnCopyAttributeRecord     1000f1a0 f   KZOEATAA.OBJ
 0001:0000e342       _fnDeleteAttributeRecord   1000f342 f   KZOEATAA.OBJ
 0001:0000e49b       _ConvertDecimalToString@52 1000f49b f   KZOEATAA.OBJ
 0001:0000e53e       _SetAttributeFromVariable@32 1000f53e f   KZOEATAA.OBJ
 0001:0000e66c       _fnSetAttributeFromVariable 1000f66c f   KZOEATAA.OBJ
 0001:0000ee4e       _AddToAttributeFromVariable@28 1000fe4e f   KZOEATAA.OBJ
 0001:0000eeea       _fnAddToAttributeFromVariable 1000feea f   KZOEATAA.OBJ
 0001:0000f1be       _fnCompareAttributeToString 100101be f   KZOEATAA.OBJ
 0001:0000f61b       _fnCompareAttributeToInteger 1001061b f   KZOEATAA.OBJ
 0001:0000f862       _fnCompareAttributeToDecimal 10010862 f   KZOEATAA.OBJ
 0001:0000fa3e       _fnCompareAttributeToBlob  10010a3e f   KZOEATAA.OBJ
 0001:0000fbc7       _fnCompareDateTimeToDateTime 10010bc7 f   KZOEATAA.OBJ
 0001:0000fc70       _fnCompareAttributeToDateTime 10010c70 f   KZOEATAA.OBJ
 0001:0000fe29       _CompareAttributeToVariable@32 10010e29 f   KZOEATAA.OBJ
 0001:0000feca       _fnCompareAttributeToVariable 10010eca f   KZOEATAA.OBJ
 0001:000101b6       _GetVariableFromAttribute@36 100111b6 f   KZOEATAA.OBJ
 0001:0001038e       _fnGetVariableFromAttribute 1001138e f   KZOEATAA.OBJ
 0001:00010bc5       _GetFirstTableEntryForAttribute@24 10011bc5 f   KZOEATAA.OBJ
 0001:00010d66       _GetNextTableEntryForAttribute@24 10011d66 f   KZOEATAA.OBJ
 0001:00010f07       _SetAttributeValueNext@16  10011f07 f   KZOEATAA.OBJ
 0001:00010f2b       _SetAttributeValuePrev@16  10011f2b f   KZOEATAA.OBJ
 0001:00010f4f       _StoreValueInRecord@20     10011f4f f   KZOEATAA.OBJ
 0001:000113aa       _StoreBytesInRecord@20     100123aa f   KZOEATAA.OBJ
 0001:0001153a       _StoreValueInDerivedAttribute@20 1001253a f   KZOEATAA.OBJ
 0001:000115f7       _StoreStringInDerivedAttribute@16 100125f7 f   KZOEATAA.OBJ
 0001:000116b0       _GetValueFromRecord@24     100126b0 f   KZOEATAA.OBJ
 0001:00011904       _StoreStringInRecord@16    10012904 f   KZOEATAA.OBJ
 0001:00011972       _GetStringFromRecord@20    10012972 f   KZOEATAA.OBJ
 0001:000119e8       _fnSetAttributeValue       100129e8 f   KZOEATAA.OBJ
 0001:00011c4a       _fnAttributeValueNull      10012c4a f   KZOEATAA.OBJ
 0001:00011d6d       _fnRecordForEntityAttr     10012d6d f   KZOEATAA.OBJ
 0001:00011d9e       _fnInvokeDerivedOperation  10012d9e f   KZOEATAA.OBJ
 0001:00011ddc       _fnSetBlobFromFile@16      10012ddc f   KZOEATAA.OBJ
 0001:00011f1b       _SetBlobFromFile@16        10012f1b f   KZOEATAA.OBJ
 0001:0001200d       _fnWriteBlobToFile@16      1001300d f   KZOEATAA.OBJ
 0001:000120fd       _WriteBlobToFile@16        100130fd f   KZOEATAA.OBJ
 0001:000121dd       _fnSetUpdateIndicator      100131dd f   KZOEATAA.OBJ
 0001:000123ed       _zdSUM@16                  100133ed f   KZOEATAA.OBJ
 0001:0001248c       _ziSUM@16                  1001348c f   KZOEATAA.OBJ
 0001:000153f0       _SetCursorNextEntity@12    100163f0 f   KZOECMAA.OBJ
 0001:0001547e       _SetCursorPrevEntity@12    1001647e f   KZOECMAA.OBJ
 0001:0001550c       _SetCursorScopeOI@12       1001650c f   KZOECMAA.OBJ
 0001:00015543       _SetCursorFirstEntity@12   10016543 f   KZOECMAA.OBJ
 0001:000155d1       _SetCursorLastEntity@12    100165d1 f   KZOECMAA.OBJ
 0001:0001565f       _fnQualOperatorMatchesRC   1001665f f   KZOECMAA.OBJ
 0001:00015712       _fnStringMatchesAttributeValue 10016712 f   KZOECMAA.OBJ
 0001:00015847       _fnAttrValueMatchesAttrValue 10016847 f   KZOECMAA.OBJ
 0001:00015d49       _SetCursorFirstEntityByString@20 10016d49 f   KZOECMAA.OBJ
 0001:00016073       _SetCursorNextEntityByString@20 10017073 f   KZOECMAA.OBJ
 0001:0001639d       _fnIntegerMatchesAttributeValue 1001739d f   KZOECMAA.OBJ
 0001:00016426       _fnDecimalMatchesAttributeValue 10017426 f   KZOECMAA.OBJ
 0001:000164a6       _fnDateTimeMatchesAttributeValue@16 100174a6 f   KZOECMAA.OBJ
 0001:00016575       _SetCursorFirstEntityByInteger@20 10017575 f   KZOECMAA.OBJ
 0001:00016643       _SetCursorNextEntityByInteger@20 10017643 f   KZOECMAA.OBJ
 0001:00016711       _SetCursorFirstEntityByDecimal@56 10017711 f   KZOECMAA.OBJ
 0001:000167df       _SetCursorNextEntityByDecimal@56 100177df f   KZOECMAA.OBJ
 0001:000168ad       _SetCursorRelativeEntity@16 100178ad f   KZOECMAA.OBJ
 0001:0001693d       _GetRelativeEntityNumber@16 1001793d f   KZOECMAA.OBJ
 0001:00016bc1       _SetCursorAbsolutePosition@12 10017bc1 f   KZOECMAA.OBJ
 0001:00016e8c       _GetAbsolutePositionForEntity@12 10017e8c f   KZOECMAA.OBJ
 0001:00016fae       _fnInstanceMatchesInstance 10017fae f   KZOECMAA.OBJ
 0001:000170ab       _SetCursorFirstEntityByAttr@28 100180ab f   KZOECMAA.OBJ
 0001:00017200       _SetCursorNextEntityByAttr@28 10018200 f   KZOECMAA.OBJ
 0001:00017344       _SetCursorFirstEntityByEntityCsr@20 10018344 f   KZOECMAA.OBJ
 0001:00017467       _SetCursorNextEntityByEntityCsr@20 10018467 f   KZOECMAA.OBJ
 0001:0001758a       _DefineHierarchicalCursor@8 1001858a f   KZOECMAA.OBJ
 0001:00017628       _DropHierarchicalCursor@4  10018628 f   KZOECMAA.OBJ
 0001:0001768e       _SetCursorNextEntityHierarchical@12 1001868e f   KZOECMAA.OBJ
 0001:000178e5       _GetEntityNameForHierarchicalCsr@16 100188e5 f   KZOECMAA.OBJ
 0001:000179fa       _GetEntityKeyForHierarchicalCsr@16 100189fa f   KZOECMAA.OBJ
 0001:00017ae0       _SetCursorFirstSelectedEntity@12 10018ae0 f   KZOECMAA.OBJ
 0001:00017b71       _SetCursorNextSelectedEntity@12 10018b71 f   KZOECMAA.OBJ
 0001:00017c02       _SetSelectSetForView@8     10018c02 f   KZOECMAA.OBJ
 0001:00017d16       _GetSelectStateOfEntityForSet@12 10018d16 f   KZOECMAA.OBJ
 0001:00017d65       _GetSelectStateOfEntity@8  10018d65 f   KZOECMAA.OBJ
 0001:00017e03       _SetAllSelStatesForEntityForSet@20 10018e03 f   KZOECMAA.OBJ
 0001:00017e5b       _SetAllSelectStatesForEntity@16 10018e5b f   KZOECMAA.OBJ
 0001:00018198       _SetSelectStateOfEntityForSet@16 10019198 f   KZOECMAA.OBJ
 0001:000181ec       _SetSelectStateOfEntity@12 100191ec f   KZOECMAA.OBJ
 0001:0001839f       _SetEntityCursor@40        1001939f f   KZOECMAA.OBJ
 0001:00018890       _fnSetEntityCursor         10019890 f   KZOECMAA.OBJ
 0001:00019b24       _fnScanEI_NoScoping        1001ab24 f   KZOECMAA.OBJ
 0001:00019f0b       _fnScanEI_Scoping          1001af0b f   KZOECMAA.OBJ
 0001:0001a8c3       _fnQualifiedInstance       1001b8c3 f   KZOECMAA.OBJ
 0001:0001ac69       _fnSelectedInstanceFarbler 1001bc69 f   KZOECMAA.OBJ
 0001:0001afb8       _fnValidateCursorParameters 1001bfb8 f   KZOECMAA.OBJ
 0001:0001b750       _fnSetChildCursors         1001c750 f   KZOECMAA.OBJ
 0001:0001b838       _fnResetCursorForViewChildren 1001c838 f   KZOECMAA.OBJ
 0001:0001b8a6       _fnNullCursorForViewChildren 1001c8a6 f   KZOECMAA.OBJ
 0001:0001b8f2       _fnEstablishCursorForView  1001c8f2 f   KZOECMAA.OBJ
 0001:0001bba6       _AddCursorListener@12      1001cba6 f   KZOECMAA.OBJ
 0001:0001bc80       _RemoveCursorListener@12   1001cc80 f   KZOECMAA.OBJ
 0001:0001bd1f       _fnCallListeners           1001cd1f f   KZOECMAA.OBJ
 0001:0001d7f0       _fnCallDomainOper@40       1001e7f0 f   KZOEDMAA.OBJ
 0001:0001d85a       _fnCallDomainOper2@36      1001e85a f   KZOEDMAA.OBJ
 0001:0001d8b7       _fnGetContext              1001e8b7 f   KZOEDMAA.OBJ
 0001:0001d96c       _GetContext@12             1001e96c f   KZOEDMAA.OBJ
 0001:0001d9ba       _GetDefaultContext@8       1001e9ba f   KZOEDMAA.OBJ
 0001:0001da34       _SfGetDefaultContextForDomain@12 1001ea34 f   KZOEDMAA.OBJ
 0001:0001db1a       _fnDomainProcessingRequired 1001eb1a f   KZOEDMAA.OBJ
 0001:0001db86       _TableEntryForInternalValue@16 1001eb86 f   KZOEDMAA.OBJ
 0001:0001dcf5       _TableEntryIntToExt@20     1001ecf5 f   KZOEDMAA.OBJ
 0001:0001de97       _TableEntryExtToInt@20     1001ee97 f   KZOEDMAA.OBJ
 0001:0001e05d       _IsDataNull                1001f05d f   KZOEDMAA.OBJ
 0001:0001e0b0       _fnGetTableEntryForDomain@32 1001f0b0 f   KZOEDMAA.OBJ
 0001:0001e3c7       _Table_Handler@36          1001f3c7 f   KZOEDMAA.OBJ
 0001:00020490       _fnInitAttributes@8        10021490 f   KZOEEIAA.OBJ
 0001:0002050a       _CheckExistenceOfEntity@8  1002150a f   KZOEEIAA.OBJ
 0001:0002067c       _CheckEntityInView@8       1002167c f   KZOEEIAA.OBJ
 0001:00020904       _CreateTemporalEntity@12   10021904 f   KZOEEIAA.OBJ
 0001:00020be2       _CreateEntity@12           10021be2 f   KZOEEIAA.OBJ
 0001:00020ed5       _LoadEntity@16             10021ed5 f   KZOEEIAA.OBJ
 0001:0002100a       _CountEntitiesForView@8    1002200a f   KZOEEIAA.OBJ
 0001:000210fc       _DropEntity@12             100220fc f   KZOEEIAA.OBJ
 0001:00021464       _CountEntitiesForViewUnderParent@12 10022464 f   KZOEEIAA.OBJ
 0001:000216aa       _DeleteEntity@12           100226aa f   KZOEEIAA.OBJ
 0001:00021a78       _fnSameRelationshipInstance 10022a78 f   KZOEEIAA.OBJ
 0001:00021b24       _fnDeleteEntity            10022b24 f   KZOEEIAA.OBJ
 0001:00021de8       _ExcludeEntity@12          10022de8 f   KZOEEIAA.OBJ
 0001:00021f95       _fnExcludeEntity           10022f95 f   KZOEEIAA.OBJ
 0001:000220f7       _RelinkInstanceToInstance@16 100230f7 f   KZOEEIAA.OBJ
 0001:00022480       _SetIncrementalUpdateFlags@12 10023480 f   KZOEEIAA.OBJ
 0001:00022992       _GetIncrementalUpdateFlags@12 10023992 f   KZOEEIAA.OBJ
 0001:00022b27       _fnEstablishViewForInstance 10023b27 f   KZOEEIAA.OBJ
 0001:00022da2       _fnValidateInsertPosition  10023da2 f   KZOEEIAA.OBJ
 0001:000233e1       _fnSetEntityKey@12         100243e1 f   KZOEEIAA.OBJ
 0001:00023426       _GetEntityKey@8            10024426 f   KZOEEIAA.OBJ
 0001:000234a3       _fnCreateEntity@20         100244a3 f   KZOEEIAA.OBJ
 0001:00023cc8       _fnValidateInstanceParameters 10024cc8 f   KZOEEIAA.OBJ
 0001:0002431b       _fnHideLinkedChildren      1002531b f   KZOEEIAA.OBJ
 0001:00024494       _fnHideExcludedDeletedInstances 10025494 f   KZOEEIAA.OBJ
 0001:00024563       _fnExcludeEntityInstance   10025563 f   KZOEEIAA.OBJ
 0001:00024748       _fnSpawnCreateEntity       10025748 f   KZOEEIAA.OBJ
 0001:00024c3a       _fnEntityInstanceIsDead@4  10025c3a f   KZOEEIAA.OBJ
 0001:00024cac       _fnReclaimHiddenInstances@4 10025cac f   KZOEEIAA.OBJ
 0001:00024fda       _fnInstanceLinkedToInstance 10025fda f   KZOEEIAA.OBJ
 0001:00025044       _fnInstanceVersioned       10026044 f   KZOEEIAA.OBJ
 0001:000250a2       _fnInstanceVersionRootMatch 100260a2 f   KZOEEIAA.OBJ
 0001:0002516b       _fnInstanceKeysMatch       1002616b f   KZOEEIAA.OBJ
 0001:00025332       _fnRelinkInstanceToInstance 10026332 f   KZOEEIAA.OBJ
 0001:0002579a       _fnGetEntityCnstrntOper    1002679a f   KZOEEIAA.OBJ
 0001:00025996       _fnInvokeECEOperation      10026996 f   KZOEEIAA.OBJ
 0001:000259d8       _fnValidateInstanceAttributes 100269d8 f   KZOEEIAA.OBJ
 0001:00025ae8       _fnRemoveAllChildTemporalVsns 10026ae8 f   KZOEEIAA.OBJ
 0001:00025d0c       _fnRemoveOtherOI_LinkedInstances 10026d0c f   KZOEEIAA.OBJ
 0001:00025fa4       _fnEntityInRecursivePath   10026fa4 f   KZOEEIAA.OBJ
 0001:00026083       _fnFirstLevel2_ForViewEntity 10027083 f   KZOEEIAA.OBJ
 0001:0002616c       _fnStillPrevVersion        1002716c f   KZOEEIAA.OBJ
 0001:000261cf       _fnEntityContainsEntity@8  100271cf f   KZOEEIAA.OBJ
 0001:00027ca0       _SendDomainError@28        10028ca0 f   KZOEERAA.OBJ
 0001:0002835e       _IssueError@16             1002935e f   KZOEERAA.OBJ
 0001:000283bb       _fnIssueCoreError          100293bb f   KZOEERAA.OBJ
 0001:00028495       _IssueOE_Error@28          10029495 f   KZOEERAA.OBJ
 0001:00028bc0       _MiGetParentEntityNameForView@12 10029bc0 f   KZOEMIAA.OBJ
 0001:00028d79       _MiGetInstanceID_ForView@4 10029d79 f   KZOEMIAA.OBJ
 0001:00028de5       _MiGetUpdateForView@4      10029de5 f   KZOEMIAA.OBJ
 0001:00028e3b       _MiSetInstanceUpdateFlag@8 10029e3b f   KZOEMIAA.OBJ
 0001:00028f25       _MiGetTypeForViewEntityAttr@12 10029f25 f   KZOEMIAA.OBJ
 0001:00029096       _MiGetUpdateForViewEntityAttr@16 1002a096 f   KZOEMIAA.OBJ
 0001:00029286       _MiGetTemporalStateOfEntity@8 1002a286 f   KZOEMIAA.OBJ
 0001:000293f8       _MiGetDateTimeForOI@8      1002a3f8 f   KZOEMIAA.OBJ
 0001:0002947f       _MiGetERTokenForEntity@8   1002a47f f   KZOEMIAA.OBJ
 0001:000294fc       _MiGetKeyFromInstance@16   1002a4fc f   KZOEMIAA.OBJ
 0001:000296bf       _MiGetObjectNameForView@8  1002a6bf f   KZOEMIAA.OBJ
 0001:0002974f       _MiGetViewEntityForView@8  1002a74f f   KZOEMIAA.OBJ
 0001:000297cb       _MiGetOI_ReleaseForView@8  1002a7cb f   KZOEMIAA.OBJ
 0001:00029846       _MiSetOI_ReleaseForView@8  1002a846 f   KZOEMIAA.OBJ
 0001:000298c5       _MiCompareOI_ToRelease@8   1002a8c5 f   KZOEMIAA.OBJ
 0001:00029a53       _MiGetCardinalityForEntity@16 1002aa53 f   KZOEMIAA.OBJ
 0001:00029ae0       _MiHasPersistentChanges@4  1002aae0 f   KZOEMIAA.OBJ
 0001:00029c3f       _MiGetActivateFlags@4      1002ac3f f   KZOEMIAA.OBJ
 0001:00029ca5       _MiValidView@4             1002aca5 f   KZOEMIAA.OBJ
 0001:00029cdf       _MiGetSetViewTaskAppFlags@16 1002acdf f   KZOEMIAA.OBJ
 0001:00029e38       _MiListOE_Memory@8         1002ae38 f   KZOEMIAA.OBJ
 0001:0002a215       _MiEntityVersioned@8       1002b215 f   KZOEMIAA.OBJ
 0001:0002a870       _fnStoreStringInDataspace  1002b870 f   KZOEMMAA.OBJ
 0001:0002a8e5       _fnChainFreespaces         1002b8e5 f   KZOEMMAA.OBJ
 0001:0002aa76       _TraceDataHeader@8         1002ba76 f   KZOEMMAA.OBJ
 0001:0002abd7       _fnListDataspaceLeak@12    1002bbd7 f   KZOEMMAA.OBJ
 0001:0002abde       _fnAllocDataspace          1002bbde f   KZOEMMAA.OBJ
 0001:0002b092       _fnFreeDataspace           1002c092 f   KZOEMMAA.OBJ
 0001:0002b32f       _fnGetDataspaceLength      1002c32f f   KZOEMMAA.OBJ
 0001:0002b3c1       _fnInitializeDataspace     1002c3c1 f   KZOEMMAA.OBJ
 0001:0002b850       _fnGetMsgQ@12              1002c850 f   KZOEMQAA.OBJ
 0001:0002b95a       _MessageSend@24            1002c95a f   KZOEMQAA.OBJ
 0001:0002bd0f       _MessagePrompt@32          1002cd0f f   KZOEMQAA.OBJ
 0001:0002bff3       _MessagePromptForInput@28  1002cff3 f   KZOEMQAA.OBJ
 0001:0002c153       _MessagePresent@12         1002d153 f   KZOEMQAA.OBJ
 0001:0002c27f       _fnFindMQInterface         1002d27f f   KZOEMQAA.OBJ
 0001:0002c2d4       _fnFindTaskApp             1002d2d4 f   KZOEMQAA.OBJ
 0001:0002ca20       _fnFindNetwork@12          1002da20 f   KZOENETA.OBJ
 0001:0002cb1c       _fnRetrieveAppName@8       1002db1c f   KZOENETA.OBJ
 0001:0002cb54       _LoadNetworkOperations     1002db54 f   KZOENETA.OBJ
 0001:0002cc6e       _fnGetApplAddress@24       1002dc6e f   KZOENETA.OBJ
 0001:0002cd79       _fnAddConnectionToNetwork@32 1002dd79 f   KZOENETA.OBJ
 0001:0002cec9       _fnRemoveConnectionFromNetwork@12 1002dec9 f   KZOENETA.OBJ
 0001:0002cfe1       _fnFlushBuffer@8           1002dfe1 f   KZOENETA.OBJ
 0001:0002d024       _fnSendDataPacket@16       1002e024 f   KZOENETA.OBJ
 0001:0002d0e8       _fnReceiveDataPacket@16    1002e0e8 f   KZOENETA.OBJ
 0001:0002d1c9       _fnSendHeaderPacket@16     1002e1c9 f   KZOENETA.OBJ
 0001:0002d24e       _fnCreateMsgObj@4          1002e24e f   KZOENETA.OBJ
 0001:0002d34d       _fnSendMessageObject@12    1002e34d f   KZOENETA.OBJ
 0001:0002d515       _fnSendTraceObj@12         1002e515 f   KZOENETA.OBJ
 0001:0002d609       _fnSendMsgAndTraceObj@12   1002e609 f   KZOENETA.OBJ
 0001:0002d65b       _TestMsgObjDef             1002e65b f   KZOENETA.OBJ
 0001:0002d6fd       _fnRetrieveMessageObject@12 1002e6fd f   KZOENETA.OBJ
 0001:0002d8b6       _fnRetrieveTraceObj@12     1002e8b6 f   KZOENETA.OBJ
 0001:0002da2b       _fnRetrieveMsgAndTraceObj@12 1002ea2b f   KZOENETA.OBJ
 0001:0002da7d       _fnEmptyOI@4               1002ea7d f   KZOENETA.OBJ
 0001:0002db39       _fnSendTraceSwitches@12    1002eb39 f   KZOENETA.OBJ
 0001:0002dbe6       _fnSendTimestamp@12        1002ebe6 f   KZOENETA.OBJ
 0001:0002dc3c       _fnNetActivateOI@32        1002ec3c f   KZOENETA.OBJ
 0001:0002e170       _NetStartup@12             1002f170 f   KZOENETA.OBJ
 0001:0002ecc8       _NetClose@8                1002fcc8 f   KZOENETA.OBJ
 0001:0002ef69       _NetListen@8               1002ff69 f   KZOENETA.OBJ
 0001:0002f0a5       _NetStopListen@8           100300a5 f   KZOENETA.OBJ
 0001:0002f1b9       _NetProcessMessage@12      100301b9 f   KZOENETA.OBJ
 0001:0002f6c1       _fnConvertIS_Clause@4      100306c1 f   KZOENETA.OBJ
 0001:0002fa40       _NetActivateOI@28          10030a40 f   KZOENETA.OBJ
 0001:0002fb4a       _NetActivateOI_FromFile@28 10030b4a f   KZOENETA.OBJ
 0001:0002fb54       _fnFindEntityInstanceByHierCount@8 10030b54 f   KZOENETA.OBJ
 0001:0002fc4b       _fnSetLinkBuffer@20        10030c4b f   KZOENETA.OBJ
 0001:00030216       _fnMergeViews@8            10031216 f   KZOENETA.OBJ
 0001:00030583       _NetCommitOI@28            10031583 f   KZOENETA.OBJ
 0001:0003138c       _NetCommitOI_ToFile@20     1003238c f   KZOENETA.OBJ
 0001:00031396       _NetCallOperation          10032396 f   KZOENETA.OBJ
 0001:000321bc       _NetSendFile@28            100331bc f   KZOENETA.OBJ
 0001:000321c6       _NetSetTraceLevel@12       100331c6 f   KZOENETA.OBJ
 0001:00032262       _NetGetTraceLevel@8        10033262 f   KZOENETA.OBJ
 0001:000322da       _NetStatus@8               100332da f   KZOENETA.OBJ
 0001:00032414       _NetGetLocalHostAddress@12 10033414 f   KZOENETA.OBJ
 0001:000324be       _fnReadDataFromNet@20      100334be f   KZOENETA.OBJ
 0001:0003275c       _fnReceiveOI@24            1003375c f   KZOENETA.OBJ
 0001:0003280e       _fnSendOI_Data@20          1003380e f   KZOENETA.OBJ
 0001:000328d8       _fnSendOI@16               100338d8 f   KZOENETA.OBJ
 0001:00032a2b       _fnProcessActivateOI@12    10033a2b f   KZOENETA.OBJ
 0001:00032ee1       _fnProcessActivateOI_FromFile@8 10033ee1 f   KZOENETA.OBJ
 0001:00032efa       _fnRelinkOIs@16            10033efa f   KZOENETA.OBJ
 0001:000332d8       _fnProcessCommitOI@12      100342d8 f   KZOENETA.OBJ
 0001:00033cd5       _fnProcessCommitOI_ToFile@8 10034cd5 f   KZOENETA.OBJ
 0001:00033cee       _fnProcessSendFile@12      10034cee f   KZOENETA.OBJ
 0001:0003418b       _fnProcessOperation@12     1003518b f   KZOENETA.OBJ
 0001:00034e5f       _fnProcessTraceSwitches@12 10035e5f f   KZOENETA.OBJ
 0001:00034f6d       _fnProcessTimestamp@12     10035f6d f   KZOENETA.OBJ
 0001:00034ff5       _SfStartNetworks@8         10035ff5 f   KZOENETA.OBJ
 0001:00037470       _fnProcessObjectEntity     10038470 f   KZOEODAA.OBJ
 0001:00038412       _fnProcessEntityEntity     10039412 f   KZOEODAA.OBJ
 0001:00039911       _fnProcessAttribEntity     1003a911 f   KZOEODAA.OBJ
 0001:0003b05c       _fnProcessDataRecordEntity 1003c05c f   KZOEODAA.OBJ
 0001:0003b232       _fnProcessDataFieldEntity  1003c232 f   KZOEODAA.OBJ
 0001:0003b58e       _fnProcessRelRecordEntity  1003c58e f   KZOEODAA.OBJ
 0001:0003b8be       _fnProcessRelFieldEntity   1003c8be f   KZOEODAA.OBJ
 0001:0003bb65       _fnCheckIfViewOD_IsUsed@8  1003cb65 f   KZOEODAA.OBJ
 0001:0003bc6b       _DisplayObjectDefinition   1003cc6b f   KZOEODAA.OBJ
 0001:0003c2be       _ActivateViewObject@12     1003d2be f   KZOEODAA.OBJ
 0001:0003d1d3       _fnDeleteViewObject@4      1003e1d3 f   KZOEODAA.OBJ
 0001:0003d51f       _DropViewObject@12         1003e51f f   KZOEODAA.OBJ
 0001:0003efa0       _ActivateEmptyObjectInstance@16 1003ffa0 f   KZOEOIAA.OBJ
 0001:0003f231       _fnResolveQualOI           10040231 f   KZOEOIAA.OBJ
 0001:0003f55e       _fnSetLockingAttributes@36 1004055e f   KZOEOIAA.OBJ
 0001:0003f8de       _fnCreatePessimisticSemaphore@20 100408de f   KZOEOIAA.OBJ
 0001:0003fd25       _fnDeletePessimisticSemaphore@20 10040d25 f   KZOEOIAA.OBJ
 0001:00040088       _fnRelinkObjectInstance@4  10041088 f   KZOEOIAA.OBJ
 0001:00040442       _ActivateObjectInstance@20 10041442 f   KZOEOIAA.OBJ
 0001:0004167d       _fnReadDataFromFileStream@20 1004267d f   KZOEOIAA.OBJ
 0001:000417ea       _ActivateOI_FromFile@20    100427ea f   KZOEOIAA.OBJ
 0001:00041c5d       _ActivateOI_FromOI@12      10042c5d f   KZOEOIAA.OBJ
 0001:00041c77       _ActivateOI_FromOI_ForTask@16 10042c77 f   KZOEOIAA.OBJ
 0001:000423ef       _fnReadDataFromBuffer@20   100433ef f   KZOEOIAA.OBJ
 0001:0004262b       _fnActivateOI_FromBuffer@24 1004362b f   KZOEOIAA.OBJ
 0001:000426af       _fnGetDBHandlerOper@12     100436af f   KZOEOIAA.OBJ
 0001:0004290e       _fnGetGKHandlerOper        1004390e f   KZOEOIAA.OBJ
 0001:00042b5b       _CommitObjectInstance@4    10043b5b f   KZOEOIAA.OBJ
 0001:00042bb8       _CreateViewCluster@8       10043bb8 f   KZOEOIAA.OBJ
 0001:00042c38       _AddToViewCluster@12       10043c38 f   KZOEOIAA.OBJ
 0001:00042d53       _AppendViewCluster@8       10043d53 f   KZOEOIAA.OBJ
 0001:00042ded       _AddViewToViewCluster@8    10043ded f   KZOEOIAA.OBJ
 0001:00042e03       _DropViewCluster@4         10043e03 f   KZOEOIAA.OBJ
 0001:00042ef0       _CommitMultipleOIs@16      10043ef0 f   KZOEOIAA.OBJ
 0001:00043a5b       _CommitMultipleObjectInstances@8 10044a5b f   KZOEOIAA.OBJ
 0001:00043a89       _fnSetForeignKeysForInstance@4 10044a89 f   KZOEOIAA.OBJ
 0001:00043e26       _fnCheckCreateDeleteFlags@24 10044e26 f   KZOEOIAA.OBJ
 0001:000442de       _fnInitializeGenKeys@28    100452de f   KZOEOIAA.OBJ
 0001:00044db3       _fnMarkDuplicateRelationship@8 10045db3 f   KZOEOIAA.OBJ
 0001:0004509a       _fnCommitPreLoops          1004609a f   KZOEOIAA.OBJ
 0001:000452fa       _fnCleanupInstance         100462fa f   KZOEOIAA.OBJ
 0001:000457dd       _fnDeleteLocksOnTwins@24   100467dd f   KZOEOIAA.OBJ
 0001:000459dc       _fnRemoveLocksOnOIs@16     100469dc f   KZOEOIAA.OBJ
 0001:00045d36       _fnCommitSingleOI@16       10046d36 f   KZOEOIAA.OBJ
 0001:00046909       _fnCommitObjectInstance@28 10047909 f   KZOEOIAA.OBJ
 0001:00046e1a       _fnPutDataToFile@20        10047e1a f   KZOEOIAA.OBJ
 0001:00046e60       _fnWriteOI_ToTextStream    10047e60 f   KZOEOIAA.OBJ
 0001:0004863c       _SfWriteOI_ToStream@20     1004963c f   KZOEOIAA.OBJ
 0001:00048b71       _CommitOI_ToFile@12        10049b71 f   KZOEOIAA.OBJ
 0001:00048da8       _DropObjectInstance@4      10049da8 f   KZOEOIAA.OBJ
 0001:00048df5       _ObjectInstanceUpdated@4   10049df5 f   KZOEOIAA.OBJ
 0001:00048e62       _ObjectInstanceUpdatedFromFile@4 10049e62 f   KZOEOIAA.OBJ
 0001:00048ed5       _fnDropViewCsr             10049ed5 f   KZOEOIAA.OBJ
 0001:0004912e       _fnDropObjectInstance      1004a12e f   KZOEOIAA.OBJ
 0001:000491cf       _fnClearLinks@4            1004a1cf f   KZOEOIAA.OBJ
 0001:0004923e       _fnDropViewOI              1004a23e f   KZOEOIAA.OBJ
 0001:000496f9       _fnActivateEmptyObjectInstance 1004a6f9 f   KZOEOIAA.OBJ
 0001:00049a0e       _fnAddHangingEntity@8      1004aa0e f   KZOEOIAA.OBJ
 0001:00049bae       _fnCreateQualification@36  1004abae f   KZOEOIAA.OBJ
 0001:0004a034       _fnFindKeyDelim@16         1004b034 f   KZOEOIAA.OBJ
 0001:0004a12d       _fnCreateConcatKey@16      1004b12d f   KZOEOIAA.OBJ
 0001:0004a2c9       _fnCheckLocksOnTwins@24    1004b2c9 f   KZOEOIAA.OBJ
 0001:0004a622       _fnCheckForRecursiveLoop@8 1004b622 f   KZOEOIAA.OBJ
 0001:0004a930       _fnLoadChildEntities       1004b930 f   KZOEOIAA.OBJ
 0001:0004ad8d       _fnSetLocksOnTwins@24      1004bd8d f   KZOEOIAA.OBJ
 0001:0004b062       _fnActivateObjectInstance  1004c062 f   KZOEOIAA.OBJ
 0001:0004b5db       _fnActivateOI_FromTextStream 1004c5db f   KZOEOIAA.OBJ
 0001:0004d1fe       _SfActivateOI_FromStream@24 1004e1fe f   KZOEOIAA.OBJ
 0001:0004d9ab       _SfActivateSysOI_FromFile@20 1004e9ab f   KZOEOIAA.OBJ
 0001:0004da43       _SfActivateSysEmptyOI@16   1004ea43 f   KZOEOIAA.OBJ
 0001:0004dbc1       _fnDateTimeFormat          1004ebc1 f   KZOEOIAA.OBJ
 0001:0004dc80       _fnCompareEIAttrs@36       1004ec80 f   KZOEOIAA.OBJ
 0001:0004e089       _fnCmprEntities            1004f089 f   KZOEOIAA.OBJ
 0001:0004e0d6       _fnSortCmpr                1004f0d6 f   KZOEOIAA.OBJ
 0001:0004e2be       _Heapify                   1004f2be f   KZOEOIAA.OBJ
 0001:0004e393       _BuildHeap                 1004f393 f   KZOEOIAA.OBJ
 0001:0004e3fa       _fnHeapSort                1004f3fa f   KZOEOIAA.OBJ
 0001:0004e463       _fnQuickSort               1004f463 f   KZOEOIAA.OBJ
 0001:0004e5da       _fnBubbleSort              1004f5da f   KZOEOIAA.OBJ
 0001:0004e68f       _fnOrderEntityForView@16   1004f68f f   KZOEOIAA.OBJ
 0001:0004ec12       _OrderEntityForView@12     1004fc12 f   KZOEOIAA.OBJ
 0001:0004f19b       _fnGetSortAttrsFromEntity@16 1005019b f   KZOEOIAA.OBJ
 0001:0004f2d8       _fnOrderOI_ByDefaultAttribs 100502d8 f   KZOEOIAA.OBJ
 0001:0004f74b       _OrderOI_ByDefaultAttribs@4 1005074b f   KZOEOIAA.OBJ
 0001:0004f7c3       _fnOrderEntitiesByDefaultAttribs 100507c3 f   KZOEOIAA.OBJ
 0001:0004f9e5       _OrderEntitiesByDefaultAttribs@8 100509e5 f   KZOEOIAA.OBJ
 0001:0004fb57       _fnGetObjCnstrntOper       10050b57 f   KZOEOIAA.OBJ
 0001:0004fd4f       _fnInvokeOCEOperation      10050d4f f   KZOEOIAA.OBJ
 0001:0004fd86       _fnQualError@8             10050d86 f   KZOEOIAA.OBJ
 0001:0004fdb0       _CreateQualFromCommand     10050db0 f   KZOEOIAA.OBJ
 0001:0005003a       _UUENCODE_NextEncodedLine@16 1005103a f   KZOEOIAA.OBJ
 0001:00050339       _UUDECODE_NextLineToBuffer@16 10051339 f   KZOEOIAA.OBJ
 0001:00050614       _GenerateQualFromEntityList@20 10051614 f   KZOEOIAA.OBJ
 0001:00054e30       _fnVersionedForUpdate      10055e30 f   KZOESOAA.OBJ
 0001:00054fd4       _CreateTemporalSubobjectVersion@8 10055fd4 f   KZOESOAA.OBJ
 0001:0005582f       _AcceptAllTemporalSubobjects@4 1005682f f   KZOESOAA.OBJ
 0001:000559f1       _fnUpdateNextVsnRecordPointers 100569f1 f   KZOESOAA.OBJ
 0001:00055abd       _fnGetRecurseParentEntity  10056abd f   KZOESOAA.OBJ
 0001:00055b16       _fnCountEntities           10056b16 f   KZOESOAA.OBJ
 0001:00055bdc       _fnValidateCardinality     10056bdc f   KZOESOAA.OBJ
 0001:00055f18       _fnCheckChildEntities      10056f18 f   KZOESOAA.OBJ
 0001:00056430       _fnOEAcceptConstraints     10057430 f   KZOESOAA.OBJ
 0001:00056591       _AcceptSubobject@8         10057591 f   KZOESOAA.OBJ
 0001:000573c2       _fnFindLastEntityUnderParent@8 100583c2 f   KZOESOAA.OBJ
 0001:00057468       _CancelSubobject@8         10058468 f   KZOESOAA.OBJ
 0001:00057c53       _CancelAllTemporalSubobjects@4 10058c53 f   KZOESOAA.OBJ
 0001:00057e36       _IncludeSubobjectFromSubobject@20 10058e36 f   KZOESOAA.OBJ
 0001:00058bcc       _IncludeSubobjectFromSubobjectEx@24 10059bcc f   KZOESOAA.OBJ
 0001:00058de2       _fnMoveSubobjectUnderNewParent@32 10059de2 f   KZOESOAA.OBJ
 0001:0005954f       _fnMoveSubobjectAmongTwins@24 1005a54f f   KZOESOAA.OBJ
 0001:00059b59       _MoveSubobject@24          1005ab59 f   KZOESOAA.OBJ
 0001:00059dbe       _fnUpdateRelinkCursors     1005adbe f   KZOESOAA.OBJ
 0001:00059f80       _RelinkAllSubobjectsForOI@16 1005af80 f   KZOESOAA.OBJ
 0001:0005adac       _fnValidStructureEntity@20 1005bdac f   KZOESOAA.OBJ
 0001:0005b053       _fnValidSubobjectStructureMatch 1005c053 f   KZOESOAA.OBJ
 0001:0005b0d2       _fnInstanceChildOfInstanceForRel 1005c0d2 f   KZOESOAA.OBJ
 0001:0005b37a       _fnIncludeEntityAndChildren@20 1005c37a f   KZOESOAA.OBJ
 0001:0005baae       _fnIncludeSubobjectFromSubobject 1005caae f   KZOESOAA.OBJ
 0001:0005bfe3       _fnSpawnIncludeSubobject   1005cfe3 f   KZOESOAA.OBJ
 0001:0005c622       _fnRelinkVsnSubobjectToSubobject 1005d622 f   KZOESOAA.OBJ
 0001:0005cba2       _SubobjectVersionUpdated@12 1005dba2 f   KZOESOAA.OBJ
 0001:0005eda0       _SfAllocTaskMemory@12      1005fda0 f   KZOETMAA.OBJ
 0001:0005ee12       _SfReAllocTaskMemory@12    1005fe12 f   KZOETMAA.OBJ
 0001:0005eee4       _SfGetTaskMemoryLength@4   1005fee4 f   KZOETMAA.OBJ
 0001:0005eefe       _SfFreeTaskMemory@4        1005fefe f   KZOETMAA.OBJ
 0001:0005ef25       _SfLockTaskMemory@4        1005ff25 f   KZOETMAA.OBJ
 0001:0005ef36       _SfUnlockTaskMemory@4      1005ff36 f   KZOETMAA.OBJ
 0001:0005ef47       _SfSetTaskFlag@12          1005ff47 f   KZOETMAA.OBJ
 0001:0005eff2       _SfIsObjectServicesTask@4  1005fff2 f   KZOETMAA.OBJ
 0001:0005f015       _DisableTask@4             10060015 f   KZOETMAA.OBJ
 0001:0005f076       _EnableTask@4              10060076 f   KZOETMAA.OBJ
 0001:0005f0d7       _fnCreateProcess           100600d7 f   KZOETMAA.OBJ
 0001:0005f0e9       _fnCreateTask              100600e9 f   KZOETMAA.OBJ
 0001:0005f360       _fnFreeTaskDataspace       10060360 f   KZOETMAA.OBJ
 0001:0005f441       _fnDropTaskDomain          10060441 f   KZOETMAA.OBJ
 0001:0005f54e       _fnDropTaskDomains@4       1006054e f   KZOETMAA.OBJ
 0001:0005f5df       _fnDropTaskOperation@8     100605df f   KZOETMAA.OBJ
 0001:0005f875       _fnDropTaskOperations@4    10060875 f   KZOETMAA.OBJ
 0001:0005f8bc       _SfCloseTaskDatabases@4    100608bc f   KZOETMAA.OBJ
 0001:0005f9a7       _fnDropTaskHandlers@4      100609a7 f   KZOETMAA.OBJ
 0001:0005fb7c       _fnDropTaskApp             10060b7c f   KZOETMAA.OBJ
 0001:0005fbcd       _SetTaskDBHandlerTraceLevel@8 10060bcd f   KZOETMAA.OBJ
 0001:0005fc2a       _GetTaskDBHandlerTraceLevel@4 10060c2a f   KZOETMAA.OBJ
 0001:0005fc80       _fnCloseTaskNetworkModules@4 10060c80 f   KZOETMAA.OBJ
 0001:0005fc87       _fnCloseTaskOpenFiles@4    10060c87 f   KZOETMAA.OBJ
 0001:0005fcd5       _fnFreeTaskModules@4       10060cd5 f   KZOETMAA.OBJ
 0001:0005fd95       _fnDropTaskMutexes@4       10060d95 f   KZOETMAA.OBJ
 0001:0005fefb       _fnBuildHexAscii           10060efb f   KZOETMAA.OBJ
 0001:000600c6       _fnCleanupTask             100610c6 f   KZOETMAA.OBJ
 0001:000604cd       _DeleteTask@4              100614cd f   KZOETMAA.OBJ
 0001:00060bfb       _SfGetNextTask@4           10061bfb f   KZOETMAA.OBJ
 0001:00060ce3       _SfGetCurrentTask@4        10061ce3 f   KZOETMAA.OBJ
 0001:00060d04       _SfGetTaskInfo@12          10061d04 f   KZOETMAA.OBJ
 0001:00060dbd       _SfCreateSubtask@12        10061dbd f   KZOETMAA.OBJ
 0001:00060f12       _SfCreateSystemSubtask@12  10061f12 f   KZOETMAA.OBJ
 0001:0006103e       _fnCreateSubtask           1006203e f   KZOETMAA.OBJ
 0001:00061155       _SfDropSubtask@8           10062155 f   KZOETMAA.OBJ
 0001:000611c7       _fnGarbageCollectViews     100621c7 f   KZOETMAA.OBJ
 0001:00061270       _GarbageCollectViews@8     10062270 f   KZOETMAA.OBJ
 0001:00061363       _fnDropSubtask             10062363 f   KZOETMAA.OBJ
 0001:000614f3       _SfCurrentTaskIsServer@4   100624f3 f   KZOETMAA.OBJ
 0001:00061526       _fnStartBrowseOfTaskList@8 10062526 f   KZOETMAA.OBJ
 0001:0006160d       _fnEndBrowseOfTaskList@4   1006260d f   KZOETMAA.OBJ
 0001:0006169d       _fnStartBrowseOfProcessList@8 1006269d f   KZOETMAA.OBJ
 0001:00061784       _fnEndBrowseOfProcessList@4 10062784 f   KZOETMAA.OBJ
 0001:00061814       _DisplayOpenFiles@8        10062814 f   KZOETMAA.OBJ
 0001:000625a0       _OperationCount@8          100635a0 f   KZOETRAA.OBJ
 0001:00062b0f       _TraceLineI@8              10063b0f f   KZOETRAA.OBJ
 0001:00062b3b       _TraceLineX@8              10063b3b f   KZOETRAA.OBJ
 0001:00062b6f       _TraceLineS@8              10063b6f f   KZOETRAA.OBJ
 0001:0006300f       _TraceLine                 1006400f f   KZOETRAA.OBJ
 0001:00063086       _TraceBuffer@12            10064086 f   KZOETRAA.OBJ
 0001:00063420       _SetHexBuffer              10064420 f   KZOETRAA.OBJ
 0001:0006353b       _FormatInteger             1006453b f   KZOETRAA.OBJ
 0001:00063591       _TraceHex@8                10064591 f   KZOETRAA.OBJ
 0001:000636ce       _TraceBlob@12              100646ce f   KZOETRAA.OBJ
 0001:000636ef       _DisplayEntityInstance@8   100646ef f   KZOETRAA.OBJ
 0001:0006385a       _DisplayEntityInstancePath@8 1006485a f   KZOETRAA.OBJ
 0001:00063a61       _DisplayObjectInstance@12  10064a61 f   KZOETRAA.OBJ
 0001:00063ddf       _fnDisplayEntityInstance   10064ddf f   KZOETRAA.OBJ
 0001:000644b7       _fnShowEntityInstanceInfo  100654b7 f   KZOETRAA.OBJ
 0001:00064557       _fnShowViewEntityCsrInfo   10065557 f   KZOETRAA.OBJ
 0001:000645fe       _DisplayCursorInfo@4       100655fe f   KZOETRAA.OBJ
 0001:00064a3a       _fnTraceViewEntity@4       10065a3a f   KZOETRAA.OBJ
 0001:0006509f       _fnTraceViewAttrib@8       1006609f f   KZOETRAA.OBJ
 0001:00065391       _DisplayObjectDef@8        10066391 f   KZOETRAA.OBJ
 0001:00065a61       _fnCompareEntityToEntity   10066a61 f   KZOETRAA.OBJ
 0001:00065cbe       _CompareEntityToEntity@16  10066cbe f   KZOETRAA.OBJ
 0001:00065d75       _fnCompareEntitiesIgnoringAttrs 10066d75 f   KZOETRAA.OBJ
 0001:000660ac       _CompareEntitiesIgnoringAttrs@20 100670ac f   KZOETRAA.OBJ
 0001:00066163       _fnCompareSkipEntityInstance 10067163 f   KZOETRAA.OBJ
 0001:00066256       _fnCompareOI_ToOI          10067256 f   KZOETRAA.OBJ
 0001:00066477       _CompareOI_ToOI@8          10067477 f   KZOETRAA.OBJ
 0001:0006658b       _GetTracingFlags@0         1006758b f   KZOETRAA.OBJ
 0001:000675b0       _zltoal                    100685b0 f   KZOEUFAA.OBJ
 0001:00067641       _UfFormatDateTime@12       10068641 f   KZOEUFAA.OBJ
 0001:0006857a       _UfEditFormatDateTime@8    1006957a f   KZOEUFAA.OBJ
 0001:00069688       _UfStringToDateTime@8      1006a688 f   KZOEUFAA.OBJ
 0001:00069b37       _fnValidateDay             1006ab37 f   KZOEUFAA.OBJ
 0001:00069c33       _UfDateTimeToString@12     1006ac33 f   KZOEUFAA.OBJ
 0001:0006a086       _UfCompareDateTimeToDateTime@8 1006b086 f   KZOEUFAA.OBJ
 0001:0006a09d       _UfGetDayOfWeek@4          1006b09d f   KZOEUFAA.OBJ
 0001:0006a1ca       _UfGetDayOfYear@4          1006b1ca f   KZOEUFAA.OBJ
 0001:0006a2d3       _UfGetWeekOfYear@4         1006b2d3 f   KZOEUFAA.OBJ
 0001:0006a2f1       _fnGetDateTimeComponent    1006b2f1 f   KZOEUFAA.OBJ
 0001:0006a3c9       _fnSetDateTimeComponent    1006b3c9 f   KZOEUFAA.OBJ
 0001:0006a54a       _UfJulianToGregorian@8     1006b54a f   KZOEUFAA.OBJ
 0001:0006a697       _UfEncryptString@12        1006b697 f   KZOEUFAA.OBJ
 0001:0006a9ab       _UfDecryptString@12        1006b9ab f   KZOEUFAA.OBJ
 0001:0006ac4f       _UfAddToDateTime@12        1006bc4f f   KZOEUFAA.OBJ
 0001:0006b12f       _UfDateTimeDiff@16         1006c12f f   KZOEUFAA.OBJ
 0001:0006b4cf       _UfEditFormatString@8      1006c4cf f   KZOEUFAA.OBJ
 0001:0006b9f7       _UfFormatString@8          1006c9f7 f   KZOEUFAA.OBJ
 0001:0006bdd6       _fnDetermineDateTimeStrlen 1006cdd6 f   KZOEUFAA.OBJ
 0001:0006c35f       _ZeidonStringCopy@28       1006d35f f   KZOEUFAA.OBJ
 0001:0006c536       _ZeidonStringConcat@28     1006d536 f   KZOEUFAA.OBJ
 0001:0006c6d3       _ZeidonStringCompare@28    1006d6d3 f   KZOEUFAA.OBJ
 0001:0006c7f8       _ZeidonStringFind@12       1006d7f8 f   KZOEUFAA.OBJ
 0001:0006c840       _ZeidonStringConvertFromNumber@64 1006d840 f   KZOEUFAA.OBJ
 0001:0006c997       _ZeidonCopyWithinString@16 1006d997 f   KZOEUFAA.OBJ
 0001:0006ca39       _fnRemoveChars@24          1006da39 f   KZOEUFAA.OBJ
 0001:0006cc40       _UfCompressName@32         1006dc40 f   KZOEUFAA.OBJ
 0001:0006d0cc       _UfZProbeEnable@4          1006e0cc f   KZOEUFAA.OBJ
 0001:0006d108       _UfZProbeInit@0            1006e108 f   KZOEUFAA.OBJ
 0001:0006d22e       _UfZProbeOn@12             1006e22e f   KZOEUFAA.OBJ
 0001:0006d440       _UfZProbeOff@8             1006e440 f   KZOEUFAA.OBJ
 0001:0006d5b5       _UfZProbeOnByDesc@8        1006e5b5 f   KZOEUFAA.OBJ
 0001:0006d647       _UfZProbeOffByDesc@4       1006e647 f   KZOEUFAA.OBJ
 0001:0006d702       _UfZProbeTrace@4           1006e702 f   KZOEUFAA.OBJ
 0001:0006f300       _fnAddEntityToDebugChange@4 10070300 f   KZOEVLAA.OBJ
 0001:0006f4a6       _fnRemoveEntityFromDebugChange@4 100704a6 f   KZOEVLAA.OBJ
 0001:0006f618       _fnPrintDebugFromSameInstance@4 10070618 f   KZOEVLAA.OBJ
 0001:0006f803       _fnCompareDebugChange@8    10070803 f   KZOEVLAA.OBJ
 0001:0006fe17       _fnOperationCall           10070e17 f   KZOEVLAA.OBJ
 0001:00070180       _fnOperationReturn         10071180 f   KZOEVLAA.OBJ
 0001:00070297       _fnValidView               10071297 f   KZOEVLAA.OBJ
 0001:0007036c       _fnValidSubtaskView        1007136c f   KZOEVLAA.OBJ
 0001:000703b9       _fnValidViewObject         100713b9 f   KZOEVLAA.OBJ
 0001:00070406       _fnValidViewCsr            10071406 f   KZOEVLAA.OBJ
 0001:0007046b       _fnValidViewEntity@16      1007146b f   KZOEVLAA.OBJ
 0001:0007065b       _fnValidViewAttrib         1007165b f   KZOEVLAA.OBJ
 0001:000707fd       _TrueName@8                100717fd f   KZOEVLAA.OBJ
 0001:00070897       _NameForZKey@8             10071897 f   KZOEVLAA.OBJ
 0001:000708b4       _fnValidNumericString      100718b4 f   KZOEVLAA.OBJ
 0001:0007099b       _fnValidDecimalString      1007199b f   KZOEVLAA.OBJ
 0001:00070ae4       _SfCheckOI_Integrity@8     10071ae4 f   KZOEVLAA.OBJ
 0001:000713d0       _fnCreateEntityCsrHandle@12 100723d0 f   KZOEVMAA.OBJ
 0001:00071411       _SetViewReadOnly@4         10072411 f   KZOEVMAA.OBJ
 0001:00071460       _SetViewUpdate@4           10072460 f   KZOEVMAA.OBJ
 0001:000714af       _SetViewFlags@8            100724af f   KZOEVMAA.OBJ
 0001:00071543       _GetViewFlags@4            10072543 f   KZOEVMAA.OBJ
 0001:0007159d       _CreateViewTrace@16        1007259d f   KZOEVMAA.OBJ
 0001:000715fd       _CreateViewFromView@8      100725fd f   KZOEVMAA.OBJ
 0001:00071613       _CreateViewFromViewForTask@12 10072613 f   KZOEVMAA.OBJ
 0001:0007172e       _SfCreateSysViewFromView@8 1007272e f   KZOEVMAA.OBJ
 0001:00071824       _fnDeclareView@20          10072824 f   KZOEVMAA.OBJ
 0001:00071946       _SetViewFromView@8         10072946 f   KZOEVMAA.OBJ
 0001:000719cb       _fnSetViewFromView         100729cb f   KZOEVMAA.OBJ
 0001:000722cc       _DropNameForView@16        100732cc f   KZOEVMAA.OBJ
 0001:00072968       _GetNameForView@16         10073968 f   KZOEVMAA.OBJ
 0001:00072bf8       _SfSetSubtaskView@8        10073bf8 f   KZOEVMAA.OBJ
 0001:00072db5       _SetDefaultViewForActiveTask@8 10073db5 f   KZOEVMAA.OBJ
 0001:00072eb9       _GetDefaultViewForActiveTask@0 10073eb9 f   KZOEVMAA.OBJ
 0001:00072ec3       _SetNameForView@16         10073ec3 f   KZOEVMAA.OBJ
 0001:00073859       _GetViewByName@16          10074859 f   KZOEVMAA.OBJ
 0001:00074063       _SfGetFirstNamedView@16    10075063 f   KZOEVMAA.OBJ
 0001:00074269       _SfGetNextNamedView@16     10075269 f   KZOEVMAA.OBJ
 0001:00074683       _ResetView@4               10075683 f   KZOEVMAA.OBJ
 0001:000746d8       _ResetViewPositions@4      100756d8 f   KZOEVMAA.OBJ
 0001:0007472d       _SetViewToSubobject@8      1007572d f   KZOEVMAA.OBJ
 0001:000749ba       _ResetViewFromSubobjectWithoutError@4 100759ba f   KZOEVMAA.OBJ
 0001:00074aa4       _ResetViewFromSubobject@4  10075aa4 f   KZOEVMAA.OBJ
 0001:00074bd3       _DropViewTrace@8           10075bd3 f   KZOEVMAA.OBJ
 0001:00074c12       _DropView@4                10075c12 f   KZOEVMAA.OBJ
 0001:00074d3e       _SfGetFirstSubtaskView@8   10075d3e f   KZOEVMAA.OBJ
 0001:00074dc0       _SfGetNextSubtaskView@8    10075dc0 f   KZOEVMAA.OBJ
 0001:00074e52       _SfSetApplicationTask@8    10075e52 f   KZOEVMAA.OBJ
 0001:00074f04       _SfSetUserIdForTask@8      10075f04 f   KZOEVMAA.OBJ
 0001:00074f66       _SfGetUserIdForTask@8      10075f66 f   KZOEVMAA.OBJ
 0001:00074fbc       _SfTransferView@12         10075fbc f   KZOEVMAA.OBJ
 0001:0007537c       _SfLockView@4              1007637c f   KZOEVMAA.OBJ
 0001:000753cb       _fnDropView@4              100763cb f   KZOEVMAA.OBJ
 0001:00075fe5       _fnSetViewToSubobject      10076fe5 f   KZOEVMAA.OBJ
 0001:000764d9       _fnResetView               100774d9 f   KZOEVMAA.OBJ
 0001:00076730       _fnResetViewFromSubobject  10077730 f   KZOEVMAA.OBJ
 0001:00076b48       _fnDropAllViewSubobjects   10077b48 f   KZOEVMAA.OBJ
 0001:00078190       _fnContainsSpecialChar@4   10079190 f   KZOEXMLA.OBJ
 0001:0007825b       _fnAppendKeyAttribs@8      1007925b f   KZOEXMLA.OBJ
 0001:00078907       _fnWriteAttribs@20         10079907 f   KZOEXMLA.OBJ
 0001:000793dd       _fnWriteEntityStartTag@12  1007a3dd f   KZOEXMLA.OBJ
 0001:000799f6       _fnWriteAttribEntry@24     1007a9f6 f   KZOEXMLA.OBJ
 0001:0007a026       _fnWriteListEntryValue@16  1007b026 f   KZOEXMLA.OBJ
 0001:0007a162       _fnWriteControlEntry@16    1007b162 f   KZOEXMLA.OBJ
 0001:0007a863       _fnConvertEntity@12        1007b863 f   KZOEXMLA.OBJ
 0001:0007ac28       _WriteSubobjectToXML@20    1007bc28 f   KZOEXMLA.OBJ
 0001:0007b106       _WriteOI_ToXML@16          1007c106 f   KZOEXMLA.OBJ
 0001:0007b164       _WriteMultipleOIs_ToXML@20 1007c164 f   KZOEXMLA.OBJ
 0001:0007b5ad       _fnGetIdentifierValue@16   1007c5ad f   KZOEXMLA.OBJ
 0001:0007b659       _fnTraceAttributes@8       1007c659 f   KZOEXMLA.OBJ
 0001:0007b6d6       _fnProcessOI_Element@8     1007c6d6 f   KZOEXMLA.OBJ
 0001:0007b7bb       _fnProcessEntityElement@16 1007c7bb f   KZOEXMLA.OBJ
 0001:0007bcbb       _fnProcessAttribElement@12 1007ccbb f   KZOEXMLA.OBJ
 0001:0007bf8d       _startElement              1007cf8d f   KZOEXMLA.OBJ
 0001:0007c45a       _endElement                1007d45a f   KZOEXMLA.OBJ
 0001:0007c689       _GetElementData            1007d689 f   KZOEXMLA.OBJ
 0001:0007c810       _unknownEncodingHandler    1007d810 f   KZOEXMLA.OBJ
 0001:0007c859       _ActivateOI_FromXML@24     1007d859 f   KZOEXMLA.OBJ
 0001:0007cbdb       _fnReadXMLData@16          1007dbdb f   KZOEXMLA.OBJ
 0001:0007cc28       _ActivateOI_FromXML_File@20 1007dc28 f   KZOEXMLA.OBJ
 0001:0007cd3e       _fnWriteXML_ToFile@24      1007dd3e f   KZOEXMLA.OBJ
 0001:0007ce00       _CommitOI_ToXML_File@12    1007de00 f   KZOEXMLA.OBJ
 0001:0007cf9b       _CommitSubobjectToXML_File@16 1007df9b f   KZOEXMLA.OBJ
 0001:0007e500       _oKZWDLGXO_DerivedControlText@16 1007f500 f   KZWDLGXO.OBJ
 0001:0007e63a       _oKZWDLGXO_DerivedOptionText@16 1007f63a f   KZWDLGXO.OBJ
 0001:0007e756       _oKZWDLGXO_DerivedCaption@16 1007f756 f   KZWDLGXO.OBJ
 0001:0007e854       _oKZWDLGXO_DerivedDIL_Msg@16 1007f854 f   KZWDLGXO.OBJ
 0001:0007ea10       ??0ZDecimal@@QAE@XZ        1007fa10 f   KZOEDECA.OBJ
 0001:0007ea27       ??0ZDecimal@@QAE@UDecimalStruct@@@Z 1007fa27 f   KZOEDECA.OBJ
 0001:0007ea50       ??0ZDecimal@@QAE@PAUDecimalStruct@@@Z 1007fa50 f   KZOEDECA.OBJ
 0001:0007ea79       ??0ZDecimal@@QAE@PAD@Z     1007fa79 f   KZOEDECA.OBJ
 0001:0007ea96       ??0ZDecimal@@QAE@PBD@Z     1007fa96 f   KZOEDECA.OBJ
 0001:0007eab3       ??0ZDecimal@@QAE@J@Z       1007fab3 f   KZOEDECA.OBJ
 0001:0007ead0       ??0ZDecimal@@QAE@K@Z       1007fad0 f   KZOEDECA.OBJ
 0001:0007eaed       ??0ZDecimal@@QAE@F@Z       1007faed f   KZOEDECA.OBJ
 0001:0007eb0b       ??0ZDecimal@@QAE@G@Z       1007fb0b f   KZOEDECA.OBJ
 0001:0007eb2e       ??0ZDecimal@@QAE@N@Z       1007fb2e f   KZOEDECA.OBJ
 0001:0007eb4f       ??0ZDecimal@@QAE@H@Z       1007fb4f f   KZOEDECA.OBJ
 0001:0007eb6c       ??0ZDecimal@@QAE@I@Z       1007fb6c f   KZOEDECA.OBJ
 0001:0007eb89       ??1ZDecimal@@QAE@XZ        1007fb89 f   KZOEDECA.OBJ
 0001:0007eb94       ??4ZDecimal@@QAE?AV0@V0@@Z 1007fb94 f   KZOEDECA.OBJ
 0001:0007ebca       ??4ZDecimal@@QAE?AV0@UDecimalStruct@@@Z 1007fbca f   KZOEDECA.OBJ
 0001:0007ebf8       ??4ZDecimal@@QAE?AV0@PAUDecimalStruct@@@Z 1007fbf8 f   KZOEDECA.OBJ
 0001:0007ec26       ??4ZDecimal@@QAE?AV0@PAX@Z 1007fc26 f   KZOEDECA.OBJ
 0001:0007ec54       ??4ZDecimal@@QAE?AV0@J@Z   1007fc54 f   KZOEDECA.OBJ
 0001:0007ec82       ??4ZDecimal@@QAE?AV0@K@Z   1007fc82 f   KZOEDECA.OBJ
 0001:0007ecb0       ??4ZDecimal@@QAE?AV0@F@Z   1007fcb0 f   KZOEDECA.OBJ
 0001:0007ecdf       ??4ZDecimal@@QAE?AV0@G@Z   1007fcdf f   KZOEDECA.OBJ
 0001:0007ed13       ??4ZDecimal@@QAE?AV0@H@Z   1007fd13 f   KZOEDECA.OBJ
 0001:0007ed41       ??4ZDecimal@@QAE?AV0@I@Z   1007fd41 f   KZOEDECA.OBJ
 0001:0007ed6f       ??4ZDecimal@@QAE?AV0@N@Z   1007fd6f f   KZOEDECA.OBJ
 0001:0007eda1       ??4ZDecimal@@QBE?AV0@N@Z   1007fda1 f   KZOEDECA.OBJ
 0001:0007edd3       ??4ZDecimal@@QAE?AV0@PAD@Z 1007fdd3 f   KZOEDECA.OBJ
 0001:0007ee01       ??4ZDecimal@@QAE?AV0@PBD@Z 1007fe01 f   KZOEDECA.OBJ
 0001:0007ee2f       ??BZDecimal@@QAENXZ        1007fe2f f   KZOEDECA.OBJ
 0001:0007ee4c       ??BZDecimal@@QAEJXZ        1007fe4c f   KZOEDECA.OBJ
 0001:0007ee69       ??BZDecimal@@QAEKXZ        1007fe69 f   KZOEDECA.OBJ
 0001:0007ee86       ??BZDecimal@@QAEFXZ        1007fe86 f   KZOEDECA.OBJ
 0001:0007eea4       ??BZDecimal@@QAEGXZ        1007fea4 f   KZOEDECA.OBJ
 0001:0007eec2       ??BZDecimal@@QAEPADXZ      1007fec2 f   KZOEDECA.OBJ
 0001:0007eee5       ?IsNull@ZDecimal@@QAEEXZ   1007fee5 f   KZOEDECA.OBJ
 0001:0007ef01       ??N@YGDVZDecimal@@0@Z      1007ff01 f   KZOEDECA.OBJ
 0001:0007ef3e       ??M@YGDVZDecimal@@0@Z      1007ff3e f   KZOEDECA.OBJ
 0001:0007ef7b       ??P@YGDVZDecimal@@0@Z      1007ff7b f   KZOEDECA.OBJ
 0001:0007efb8       ??O@YGDVZDecimal@@0@Z      1007ffb8 f   KZOEDECA.OBJ
 0001:0007eff5       ??8@YGDVZDecimal@@0@Z      1007fff5 f   KZOEDECA.OBJ
 0001:0007f030       ??9@YGDVZDecimal@@0@Z      10080030 f   KZOEDECA.OBJ
 0001:0007f06c       ??7@YGDVZDecimal@@@Z       1008006c f   KZOEDECA.OBJ
 0001:0007f0bf       ??H@YG?AVZDecimal@@V0@0@Z  100800bf f   KZOEDECA.OBJ
 0001:0007f125       ??H@YG?AVZDecimal@@V0@J@Z  10080125 f   KZOEDECA.OBJ
 0001:0007f1ad       ??H@YG?AVZDecimal@@JV0@@Z  100801ad f   KZOEDECA.OBJ
 0001:0007f232       ??H@YG?AVZDecimal@@V0@K@Z  10080232 f   KZOEDECA.OBJ
 0001:0007f2ba       ??H@YG?AVZDecimal@@KV0@@Z  100802ba f   KZOEDECA.OBJ
 0001:0007f33f       ??H@YG?AVZDecimal@@V0@F@Z  1008033f f   KZOEDECA.OBJ
 0001:0007f3c8       ??H@YG?AVZDecimal@@FV0@@Z  100803c8 f   KZOEDECA.OBJ
 0001:0007f44e       ??H@YG?AVZDecimal@@V0@G@Z  1008044e f   KZOEDECA.OBJ
 0001:0007f4d7       ??H@YG?AVZDecimal@@GV0@@Z  100804d7 f   KZOEDECA.OBJ
 0001:0007f55d       ??H@YG?AVZDecimal@@V0@H@Z  1008055d f   KZOEDECA.OBJ
 0001:0007f5e5       ??H@YG?AVZDecimal@@HV0@@Z  100805e5 f   KZOEDECA.OBJ
 0001:0007f66a       ??H@YG?AVZDecimal@@V0@I@Z  1008066a f   KZOEDECA.OBJ
 0001:0007f6f2       ??H@YG?AVZDecimal@@IV0@@Z  100806f2 f   KZOEDECA.OBJ
 0001:0007f777       ??H@YG?AVZDecimal@@V0@D@Z  10080777 f   KZOEDECA.OBJ
 0001:0007f801       ??H@YG?AVZDecimal@@DV0@@Z  10080801 f   KZOEDECA.OBJ
 0001:0007f888       ??H@YG?AVZDecimal@@V0@E@Z  10080888 f   KZOEDECA.OBJ
 0001:0007f912       ??H@YG?AVZDecimal@@EV0@@Z  10080912 f   KZOEDECA.OBJ
 0001:0007f999       ??H@YG?AVZDecimal@@V0@N@Z  10080999 f   KZOEDECA.OBJ
 0001:0007fa28       ??H@YG?AVZDecimal@@NV0@@Z  10080a28 f   KZOEDECA.OBJ
 0001:0007fab1       ??H@YG?AVZDecimal@@V0@M@Z  10080ab1 f   KZOEDECA.OBJ
 0001:0007fb3e       ??H@YG?AVZDecimal@@MV0@@Z  10080b3e f   KZOEDECA.OBJ
 0001:0007fbc8       ??G@YG?AVZDecimal@@V0@0@Z  10080bc8 f   KZOEDECA.OBJ
 0001:0007fc2e       ??G@YG?AVZDecimal@@V0@J@Z  10080c2e f   KZOEDECA.OBJ
 0001:0007fcb6       ??G@YG?AVZDecimal@@JV0@@Z  10080cb6 f   KZOEDECA.OBJ
 0001:0007fd3b       ??G@YG?AVZDecimal@@V0@K@Z  10080d3b f   KZOEDECA.OBJ
 0001:0007fdc3       ??G@YG?AVZDecimal@@KV0@@Z  10080dc3 f   KZOEDECA.OBJ
 0001:0007fe48       ??G@YG?AVZDecimal@@V0@F@Z  10080e48 f   KZOEDECA.OBJ
 0001:0007fed1       ??G@YG?AVZDecimal@@FV0@@Z  10080ed1 f   KZOEDECA.OBJ
 0001:0007ff57       ??G@YG?AVZDecimal@@V0@G@Z  10080f57 f   KZOEDECA.OBJ
 0001:0007ffe0       ??G@YG?AVZDecimal@@GV0@@Z  10080fe0 f   KZOEDECA.OBJ
 0001:00080066       ??G@YG?AVZDecimal@@V0@H@Z  10081066 f   KZOEDECA.OBJ
 0001:000800ee       ??G@YG?AVZDecimal@@HV0@@Z  100810ee f   KZOEDECA.OBJ
 0001:00080173       ??G@YG?AVZDecimal@@V0@I@Z  10081173 f   KZOEDECA.OBJ
 0001:000801fb       ??G@YG?AVZDecimal@@IV0@@Z  100811fb f   KZOEDECA.OBJ
 0001:00080280       ??G@YG?AVZDecimal@@V0@D@Z  10081280 f   KZOEDECA.OBJ
 0001:0008030a       ??G@YG?AVZDecimal@@DV0@@Z  1008130a f   KZOEDECA.OBJ
 0001:00080391       ??G@YG?AVZDecimal@@V0@E@Z  10081391 f   KZOEDECA.OBJ
 0001:0008041b       ??G@YG?AVZDecimal@@EV0@@Z  1008141b f   KZOEDECA.OBJ
 0001:000804a2       ??G@YG?AVZDecimal@@V0@N@Z  100814a2 f   KZOEDECA.OBJ
 0001:00080531       ??G@YG?AVZDecimal@@NV0@@Z  10081531 f   KZOEDECA.OBJ
 0001:000805ba       ??G@YG?AVZDecimal@@V0@M@Z  100815ba f   KZOEDECA.OBJ
 0001:00080647       ??G@YG?AVZDecimal@@MV0@@Z  10081647 f   KZOEDECA.OBJ
 0001:000806d1       ??D@YG?AVZDecimal@@V0@0@Z  100816d1 f   KZOEDECA.OBJ
 0001:00080737       ??D@YG?AVZDecimal@@V0@J@Z  10081737 f   KZOEDECA.OBJ
 0001:000807bf       ??D@YG?AVZDecimal@@JV0@@Z  100817bf f   KZOEDECA.OBJ
 0001:00080844       ??D@YG?AVZDecimal@@V0@K@Z  10081844 f   KZOEDECA.OBJ
 0001:000808cc       ??D@YG?AVZDecimal@@KV0@@Z  100818cc f   KZOEDECA.OBJ
 0001:00080951       ??D@YG?AVZDecimal@@V0@F@Z  10081951 f   KZOEDECA.OBJ
 0001:000809da       ??D@YG?AVZDecimal@@FV0@@Z  100819da f   KZOEDECA.OBJ
 0001:00080a60       ??D@YG?AVZDecimal@@V0@G@Z  10081a60 f   KZOEDECA.OBJ
 0001:00080ae9       ??D@YG?AVZDecimal@@GV0@@Z  10081ae9 f   KZOEDECA.OBJ
 0001:00080b6f       ??D@YG?AVZDecimal@@V0@H@Z  10081b6f f   KZOEDECA.OBJ
 0001:00080bf7       ??D@YG?AVZDecimal@@HV0@@Z  10081bf7 f   KZOEDECA.OBJ
 0001:00080c7c       ??D@YG?AVZDecimal@@V0@I@Z  10081c7c f   KZOEDECA.OBJ
 0001:00080d04       ??D@YG?AVZDecimal@@IV0@@Z  10081d04 f   KZOEDECA.OBJ
 0001:00080d89       ??D@YG?AVZDecimal@@V0@D@Z  10081d89 f   KZOEDECA.OBJ
 0001:00080e13       ??D@YG?AVZDecimal@@DV0@@Z  10081e13 f   KZOEDECA.OBJ
 0001:00080e9a       ??D@YG?AVZDecimal@@V0@E@Z  10081e9a f   KZOEDECA.OBJ
 0001:00080f24       ??D@YG?AVZDecimal@@EV0@@Z  10081f24 f   KZOEDECA.OBJ
 0001:00080fab       ??D@YG?AVZDecimal@@V0@N@Z  10081fab f   KZOEDECA.OBJ
 0001:0008103a       ??D@YG?AVZDecimal@@NV0@@Z  1008203a f   KZOEDECA.OBJ
 0001:000810c3       ??D@YG?AVZDecimal@@V0@M@Z  100820c3 f   KZOEDECA.OBJ
 0001:00081150       ??D@YG?AVZDecimal@@MV0@@Z  10082150 f   KZOEDECA.OBJ
 0001:000811da       ??K@YG?AVZDecimal@@V0@0@Z  100821da f   KZOEDECA.OBJ
 0001:00081240       ??K@YG?AVZDecimal@@V0@J@Z  10082240 f   KZOEDECA.OBJ
 0001:000812c8       ??K@YG?AVZDecimal@@JV0@@Z  100822c8 f   KZOEDECA.OBJ
 0001:0008134d       ??K@YG?AVZDecimal@@V0@K@Z  1008234d f   KZOEDECA.OBJ
 0001:000813d5       ??K@YG?AVZDecimal@@KV0@@Z  100823d5 f   KZOEDECA.OBJ
 0001:0008145a       ??K@YG?AVZDecimal@@V0@F@Z  1008245a f   KZOEDECA.OBJ
 0001:000814e3       ??K@YG?AVZDecimal@@FV0@@Z  100824e3 f   KZOEDECA.OBJ
 0001:00081569       ??K@YG?AVZDecimal@@V0@G@Z  10082569 f   KZOEDECA.OBJ
 0001:000815f2       ??K@YG?AVZDecimal@@GV0@@Z  100825f2 f   KZOEDECA.OBJ
 0001:00081678       ??K@YG?AVZDecimal@@V0@H@Z  10082678 f   KZOEDECA.OBJ
 0001:00081700       ??K@YG?AVZDecimal@@HV0@@Z  10082700 f   KZOEDECA.OBJ
 0001:00081785       ??K@YG?AVZDecimal@@V0@I@Z  10082785 f   KZOEDECA.OBJ
 0001:0008180d       ??K@YG?AVZDecimal@@IV0@@Z  1008280d f   KZOEDECA.OBJ
 0001:00081892       ??K@YG?AVZDecimal@@V0@D@Z  10082892 f   KZOEDECA.OBJ
 0001:0008191c       ??K@YG?AVZDecimal@@DV0@@Z  1008291c f   KZOEDECA.OBJ
 0001:000819a3       ??K@YG?AVZDecimal@@V0@E@Z  100829a3 f   KZOEDECA.OBJ
 0001:00081a2d       ??K@YG?AVZDecimal@@EV0@@Z  10082a2d f   KZOEDECA.OBJ
 0001:00081ab4       ??K@YG?AVZDecimal@@V0@N@Z  10082ab4 f   KZOEDECA.OBJ
 0001:00081b43       ??K@YG?AVZDecimal@@NV0@@Z  10082b43 f   KZOEDECA.OBJ
 0001:00081bcc       ??K@YG?AVZDecimal@@V0@M@Z  10082bcc f   KZOEDECA.OBJ
 0001:00081c59       ??K@YG?AVZDecimal@@MV0@@Z  10082c59 f   KZOEDECA.OBJ
 0001:00081ce3       ??P@YGDJVZDecimal@@@Z      10082ce3 f   KZOEDECA.OBJ
 0001:00081d6d       ??P@YGDVZDecimal@@J@Z      10082d6d f   KZOEDECA.OBJ
 0001:00081dfa       ??P@YGDKVZDecimal@@@Z      10082dfa f   KZOEDECA.OBJ
 0001:00081e84       ??P@YGDVZDecimal@@K@Z      10082e84 f   KZOEDECA.OBJ
 0001:00081f11       ??P@YGDFVZDecimal@@@Z      10082f11 f   KZOEDECA.OBJ
 0001:00081f9c       ??P@YGDVZDecimal@@F@Z      10082f9c f   KZOEDECA.OBJ
 0001:0008202a       ??P@YGDGVZDecimal@@@Z      1008302a f   KZOEDECA.OBJ
 0001:000820b5       ??P@YGDVZDecimal@@G@Z      100830b5 f   KZOEDECA.OBJ
 0001:00082143       ??P@YGDVZDecimal@@H@Z      10083143 f   KZOEDECA.OBJ
 0001:000821d0       ??P@YGDHVZDecimal@@@Z      100831d0 f   KZOEDECA.OBJ
 0001:0008225a       ??P@YGDVZDecimal@@I@Z      1008325a f   KZOEDECA.OBJ
 0001:000822e7       ??P@YGDIVZDecimal@@@Z      100832e7 f   KZOEDECA.OBJ
 0001:00082371       ??P@YGDVZDecimal@@D@Z      10083371 f   KZOEDECA.OBJ
 0001:00082400       ??P@YGDDVZDecimal@@@Z      10083400 f   KZOEDECA.OBJ
 0001:0008248c       ??P@YGDEVZDecimal@@@Z      1008348c f   KZOEDECA.OBJ
 0001:00082518       ??P@YGDVZDecimal@@E@Z      10083518 f   KZOEDECA.OBJ
 0001:000825a7       ??P@YGDNVZDecimal@@@Z      100835a7 f   KZOEDECA.OBJ
 0001:00082635       ??P@YGDVZDecimal@@N@Z      10083635 f   KZOEDECA.OBJ
 0001:000826c9       ??P@YGDMVZDecimal@@@Z      100836c9 f   KZOEDECA.OBJ
 0001:00082758       ??P@YGDVZDecimal@@M@Z      10083758 f   KZOEDECA.OBJ
 0001:000827ea       ??O@YGDJVZDecimal@@@Z      100837ea f   KZOEDECA.OBJ
 0001:00082874       ??O@YGDVZDecimal@@J@Z      10083874 f   KZOEDECA.OBJ
 0001:00082901       ??O@YGDKVZDecimal@@@Z      10083901 f   KZOEDECA.OBJ
 0001:0008298b       ??O@YGDVZDecimal@@K@Z      1008398b f   KZOEDECA.OBJ
 0001:00082a18       ??O@YGDFVZDecimal@@@Z      10083a18 f   KZOEDECA.OBJ
 0001:00082aa3       ??O@YGDVZDecimal@@F@Z      10083aa3 f   KZOEDECA.OBJ
 0001:00082b31       ??O@YGDGVZDecimal@@@Z      10083b31 f   KZOEDECA.OBJ
 0001:00082bbc       ??O@YGDVZDecimal@@G@Z      10083bbc f   KZOEDECA.OBJ
 0001:00082c4a       ??O@YGDVZDecimal@@H@Z      10083c4a f   KZOEDECA.OBJ
 0001:00082cd7       ??O@YGDHVZDecimal@@@Z      10083cd7 f   KZOEDECA.OBJ
 0001:00082d61       ??O@YGDVZDecimal@@I@Z      10083d61 f   KZOEDECA.OBJ
 0001:00082dee       ??O@YGDIVZDecimal@@@Z      10083dee f   KZOEDECA.OBJ
 0001:00082e78       ??O@YGDVZDecimal@@D@Z      10083e78 f   KZOEDECA.OBJ
 0001:00082f07       ??O@YGDDVZDecimal@@@Z      10083f07 f   KZOEDECA.OBJ
 0001:00082f93       ??O@YGDEVZDecimal@@@Z      10083f93 f   KZOEDECA.OBJ
 0001:0008301f       ??O@YGDVZDecimal@@E@Z      1008401f f   KZOEDECA.OBJ
 0001:000830ae       ??O@YGDNVZDecimal@@@Z      100840ae f   KZOEDECA.OBJ
 0001:0008313c       ??O@YGDVZDecimal@@N@Z      1008413c f   KZOEDECA.OBJ
 0001:000831d0       ??O@YGDMVZDecimal@@@Z      100841d0 f   KZOEDECA.OBJ
 0001:0008325f       ??O@YGDVZDecimal@@M@Z      1008425f f   KZOEDECA.OBJ
 0001:000832f1       ??N@YGDJVZDecimal@@@Z      100842f1 f   KZOEDECA.OBJ
 0001:0008337b       ??N@YGDVZDecimal@@J@Z      1008437b f   KZOEDECA.OBJ
 0001:00083408       ??N@YGDKVZDecimal@@@Z      10084408 f   KZOEDECA.OBJ
 0001:00083492       ??N@YGDVZDecimal@@K@Z      10084492 f   KZOEDECA.OBJ
 0001:0008351f       ??N@YGDFVZDecimal@@@Z      1008451f f   KZOEDECA.OBJ
 0001:000835aa       ??N@YGDVZDecimal@@F@Z      100845aa f   KZOEDECA.OBJ
 0001:00083638       ??N@YGDGVZDecimal@@@Z      10084638 f   KZOEDECA.OBJ
 0001:000836c3       ??N@YGDVZDecimal@@G@Z      100846c3 f   KZOEDECA.OBJ
 0001:00083751       ??N@YGDVZDecimal@@H@Z      10084751 f   KZOEDECA.OBJ
 0001:000837de       ??N@YGDHVZDecimal@@@Z      100847de f   KZOEDECA.OBJ
 0001:00083868       ??N@YGDVZDecimal@@I@Z      10084868 f   KZOEDECA.OBJ
 0001:000838f5       ??N@YGDIVZDecimal@@@Z      100848f5 f   KZOEDECA.OBJ
 0001:0008397f       ??N@YGDVZDecimal@@D@Z      1008497f f   KZOEDECA.OBJ
 0001:00083a0e       ??N@YGDDVZDecimal@@@Z      10084a0e f   KZOEDECA.OBJ
 0001:00083a9a       ??N@YGDEVZDecimal@@@Z      10084a9a f   KZOEDECA.OBJ
 0001:00083b26       ??N@YGDVZDecimal@@E@Z      10084b26 f   KZOEDECA.OBJ
 0001:00083bb5       ??N@YGDNVZDecimal@@@Z      10084bb5 f   KZOEDECA.OBJ
 0001:00083c43       ??N@YGDVZDecimal@@N@Z      10084c43 f   KZOEDECA.OBJ
 0001:00083cd7       ??N@YGDMVZDecimal@@@Z      10084cd7 f   KZOEDECA.OBJ
 0001:00083d66       ??N@YGDVZDecimal@@M@Z      10084d66 f   KZOEDECA.OBJ
 0001:00083df8       ??M@YGDJVZDecimal@@@Z      10084df8 f   KZOEDECA.OBJ
 0001:00083e82       ??M@YGDVZDecimal@@J@Z      10084e82 f   KZOEDECA.OBJ
 0001:00083f0f       ??M@YGDKVZDecimal@@@Z      10084f0f f   KZOEDECA.OBJ
 0001:00083f99       ??M@YGDVZDecimal@@K@Z      10084f99 f   KZOEDECA.OBJ
 0001:00084026       ??M@YGDFVZDecimal@@@Z      10085026 f   KZOEDECA.OBJ
 0001:000840b1       ??M@YGDVZDecimal@@F@Z      100850b1 f   KZOEDECA.OBJ
 0001:0008413f       ??M@YGDGVZDecimal@@@Z      1008513f f   KZOEDECA.OBJ
 0001:000841ca       ??M@YGDVZDecimal@@G@Z      100851ca f   KZOEDECA.OBJ
 0001:00084258       ??M@YGDVZDecimal@@H@Z      10085258 f   KZOEDECA.OBJ
 0001:000842e5       ??M@YGDHVZDecimal@@@Z      100852e5 f   KZOEDECA.OBJ
 0001:0008436f       ??M@YGDVZDecimal@@I@Z      1008536f f   KZOEDECA.OBJ
 0001:000843fc       ??M@YGDIVZDecimal@@@Z      100853fc f   KZOEDECA.OBJ
 0001:00084486       ??M@YGDVZDecimal@@D@Z      10085486 f   KZOEDECA.OBJ
 0001:00084515       ??M@YGDDVZDecimal@@@Z      10085515 f   KZOEDECA.OBJ
 0001:000845a1       ??M@YGDEVZDecimal@@@Z      100855a1 f   KZOEDECA.OBJ
 0001:0008462d       ??M@YGDVZDecimal@@E@Z      1008562d f   KZOEDECA.OBJ
 0001:000846bc       ??M@YGDNVZDecimal@@@Z      100856bc f   KZOEDECA.OBJ
 0001:0008474a       ??M@YGDVZDecimal@@N@Z      1008574a f   KZOEDECA.OBJ
 0001:000847de       ??M@YGDMVZDecimal@@@Z      100857de f   KZOEDECA.OBJ
 0001:0008486d       ??M@YGDVZDecimal@@M@Z      1008586d f   KZOEDECA.OBJ
 0001:000848ff       ??8@YGDJVZDecimal@@@Z      100858ff f   KZOEDECA.OBJ
 0001:00084989       ??8@YGDVZDecimal@@J@Z      10085989 f   KZOEDECA.OBJ
 0001:00084a16       ??8@YGDKVZDecimal@@@Z      10085a16 f   KZOEDECA.OBJ
 0001:00084aa0       ??8@YGDVZDecimal@@K@Z      10085aa0 f   KZOEDECA.OBJ
 0001:00084b2d       ??8@YGDFVZDecimal@@@Z      10085b2d f   KZOEDECA.OBJ
 0001:00084bb8       ??8@YGDVZDecimal@@F@Z      10085bb8 f   KZOEDECA.OBJ
 0001:00084c46       ??8@YGDGVZDecimal@@@Z      10085c46 f   KZOEDECA.OBJ
 0001:00084cd1       ??8@YGDVZDecimal@@G@Z      10085cd1 f   KZOEDECA.OBJ
 0001:00084d5f       ??8@YGDVZDecimal@@H@Z      10085d5f f   KZOEDECA.OBJ
 0001:00084dec       ??8@YGDHVZDecimal@@@Z      10085dec f   KZOEDECA.OBJ
 0001:00084e76       ??8@YGDVZDecimal@@I@Z      10085e76 f   KZOEDECA.OBJ
 0001:00084f03       ??8@YGDIVZDecimal@@@Z      10085f03 f   KZOEDECA.OBJ
 0001:00084f8d       ??8@YGDVZDecimal@@D@Z      10085f8d f   KZOEDECA.OBJ
 0001:0008501c       ??8@YGDDVZDecimal@@@Z      1008601c f   KZOEDECA.OBJ
 0001:000850a8       ??8@YGDEVZDecimal@@@Z      100860a8 f   KZOEDECA.OBJ
 0001:00085134       ??8@YGDVZDecimal@@E@Z      10086134 f   KZOEDECA.OBJ
 0001:000851c3       ??8@YGDNVZDecimal@@@Z      100861c3 f   KZOEDECA.OBJ
 0001:00085251       ??8@YGDVZDecimal@@N@Z      10086251 f   KZOEDECA.OBJ
 0001:000852e5       ??8@YGDMVZDecimal@@@Z      100862e5 f   KZOEDECA.OBJ
 0001:00085374       ??8@YGDVZDecimal@@M@Z      10086374 f   KZOEDECA.OBJ
 0001:00085406       ??9@YGDJVZDecimal@@@Z      10086406 f   KZOEDECA.OBJ
 0001:00085490       ??9@YGDVZDecimal@@J@Z      10086490 f   KZOEDECA.OBJ
 0001:0008551d       ??9@YGDKVZDecimal@@@Z      1008651d f   KZOEDECA.OBJ
 0001:000855a7       ??9@YGDVZDecimal@@K@Z      100865a7 f   KZOEDECA.OBJ
 0001:00085634       ??9@YGDFVZDecimal@@@Z      10086634 f   KZOEDECA.OBJ
 0001:000856bf       ??9@YGDVZDecimal@@F@Z      100866bf f   KZOEDECA.OBJ
 0001:0008574d       ??9@YGDGVZDecimal@@@Z      1008674d f   KZOEDECA.OBJ
 0001:000857d8       ??9@YGDVZDecimal@@G@Z      100867d8 f   KZOEDECA.OBJ
 0001:00085866       ??9@YGDVZDecimal@@H@Z      10086866 f   KZOEDECA.OBJ
 0001:000858f3       ??9@YGDHVZDecimal@@@Z      100868f3 f   KZOEDECA.OBJ
 0001:0008597d       ??9@YGDVZDecimal@@I@Z      1008697d f   KZOEDECA.OBJ
 0001:00085a0a       ??9@YGDIVZDecimal@@@Z      10086a0a f   KZOEDECA.OBJ
 0001:00085a94       ??9@YGDVZDecimal@@D@Z      10086a94 f   KZOEDECA.OBJ
 0001:00085b23       ??9@YGDDVZDecimal@@@Z      10086b23 f   KZOEDECA.OBJ
 0001:00085baf       ??9@YGDEVZDecimal@@@Z      10086baf f   KZOEDECA.OBJ
 0001:00085c3b       ??9@YGDVZDecimal@@E@Z      10086c3b f   KZOEDECA.OBJ
 0001:00085cca       ??9@YGDNVZDecimal@@@Z      10086cca f   KZOEDECA.OBJ
 0001:00085d58       ??9@YGDVZDecimal@@N@Z      10086d58 f   KZOEDECA.OBJ
 0001:00085dec       ??9@YGDMVZDecimal@@@Z      10086dec f   KZOEDECA.OBJ
 0001:00085e7b       ??9@YGDVZDecimal@@M@Z      10086e7b f   KZOEDECA.OBJ
 0001:00085f0d       ??Y@YG?AVZDecimal@@AAV0@V0@@Z 10086f0d f   KZOEDECA.OBJ
 0001:00085f9e       ??Y@YG?AVZDecimal@@V0@J@Z  10086f9e f   KZOEDECA.OBJ
 0001:0008606c       ??Y@YGJAAJVZDecimal@@@Z    1008706c f   KZOEDECA.OBJ
 0001:0008609d       ??Y@YG?AVZDecimal@@V0@K@Z  1008709d f   KZOEDECA.OBJ
 0001:0008616b       ??Y@YGKKVZDecimal@@@Z      1008716b f   KZOEDECA.OBJ
 0001:00086196       ??Y@YG?AVZDecimal@@V0@F@Z  10087196 f   KZOEDECA.OBJ
 0001:00086265       ??Y@YGFFVZDecimal@@@Z      10087265 f   KZOEDECA.OBJ
 0001:0008629a       ??Y@YG?AVZDecimal@@V0@G@Z  1008729a f   KZOEDECA.OBJ
 0001:00086369       ??Y@YGGGVZDecimal@@@Z      10087369 f   KZOEDECA.OBJ
 0001:000863a5       ??Y@YG?AVZDecimal@@V0@H@Z  100873a5 f   KZOEDECA.OBJ
 0001:00086473       ??Y@YG?AVZDecimal@@V0@I@Z  10087473 f   KZOEDECA.OBJ
 0001:00086541       ??Y@YG?AVZDecimal@@V0@D@Z  10087541 f   KZOEDECA.OBJ
 0001:00086610       ??Y@YG?AVZDecimal@@V0@E@Z  10087610 f   KZOEDECA.OBJ
 0001:000866e3       ??Y@YG?AVZDecimal@@V0@N@Z  100876e3 f   KZOEDECA.OBJ
 0001:000867b8       ??Z@YG?AVZDecimal@@AAV0@V0@@Z 100877b8 f   KZOEDECA.OBJ
 0001:00086849       ??Z@YG?AVZDecimal@@V0@J@Z  10087849 f   KZOEDECA.OBJ
 0001:00086917       ??Z@YGJAAJVZDecimal@@@Z    10087917 f   KZOEDECA.OBJ
 0001:00086948       ??Z@YG?AVZDecimal@@V0@K@Z  10087948 f   KZOEDECA.OBJ
 0001:00086a16       ??Z@YGKKVZDecimal@@@Z      10087a16 f   KZOEDECA.OBJ
 0001:00086a41       ??Z@YG?AVZDecimal@@V0@F@Z  10087a41 f   KZOEDECA.OBJ
 0001:00086b10       ??Z@YGFFVZDecimal@@@Z      10087b10 f   KZOEDECA.OBJ
 0001:00086b45       ??Z@YG?AVZDecimal@@V0@G@Z  10087b45 f   KZOEDECA.OBJ
 0001:00086c14       ??Z@YGGGVZDecimal@@@Z      10087c14 f   KZOEDECA.OBJ
 0001:00086c50       ??Z@YG?AVZDecimal@@V0@H@Z  10087c50 f   KZOEDECA.OBJ
 0001:00086d1e       ??Z@YG?AVZDecimal@@V0@I@Z  10087d1e f   KZOEDECA.OBJ
 0001:00086dec       ??Z@YG?AVZDecimal@@V0@D@Z  10087dec f   KZOEDECA.OBJ
 0001:00086ebb       ??Z@YG?AVZDecimal@@V0@E@Z  10087ebb f   KZOEDECA.OBJ
 0001:00086f8e       ??Z@YG?AVZDecimal@@V0@N@Z  10087f8e f   KZOEDECA.OBJ
 0001:00087063       ??X@YG?AVZDecimal@@AAV0@V0@@Z 10088063 f   KZOEDECA.OBJ
 0001:000870f4       ??X@YG?AVZDecimal@@V0@J@Z  100880f4 f   KZOEDECA.OBJ
 0001:000871c2       ??X@YGJAAJVZDecimal@@@Z    100881c2 f   KZOEDECA.OBJ
 0001:000871f4       ??X@YG?AVZDecimal@@V0@K@Z  100881f4 f   KZOEDECA.OBJ
 0001:000872c2       ??X@YGKKVZDecimal@@@Z      100882c2 f   KZOEDECA.OBJ
 0001:000872ee       ??X@YG?AVZDecimal@@V0@F@Z  100882ee f   KZOEDECA.OBJ
 0001:000873bd       ??X@YGFFVZDecimal@@@Z      100883bd f   KZOEDECA.OBJ
 0001:000873f3       ??X@YG?AVZDecimal@@V0@G@Z  100883f3 f   KZOEDECA.OBJ
 0001:000874c2       ??X@YGGGVZDecimal@@@Z      100884c2 f   KZOEDECA.OBJ
 0001:000874ff       ??X@YG?AVZDecimal@@V0@H@Z  100884ff f   KZOEDECA.OBJ
 0001:000875cd       ??X@YG?AVZDecimal@@V0@I@Z  100885cd f   KZOEDECA.OBJ
 0001:0008769b       ??X@YG?AVZDecimal@@V0@D@Z  1008869b f   KZOEDECA.OBJ
 0001:0008776a       ??X@YG?AVZDecimal@@V0@E@Z  1008876a f   KZOEDECA.OBJ
 0001:0008783d       ??X@YG?AVZDecimal@@V0@N@Z  1008883d f   KZOEDECA.OBJ
 0001:00087912       ??_0@YG?AVZDecimal@@AAV0@V0@@Z 10088912 f   KZOEDECA.OBJ
 0001:000879a3       ??_0@YG?AVZDecimal@@V0@J@Z 100889a3 f   KZOEDECA.OBJ
 0001:00087a71       ??_0@YGJAAJVZDecimal@@@Z   10088a71 f   KZOEDECA.OBJ
 0001:00087aa5       ??_0@YG?AVZDecimal@@V0@K@Z 10088aa5 f   KZOEDECA.OBJ
 0001:00087b73       ??_0@YGKKVZDecimal@@@Z     10088b73 f   KZOEDECA.OBJ
 0001:00087ba2       ??_0@YG?AVZDecimal@@V0@F@Z 10088ba2 f   KZOEDECA.OBJ
 0001:00087c71       ??_0@YGFFVZDecimal@@@Z     10088c71 f   KZOEDECA.OBJ
 0001:00087ca9       ??_0@YG?AVZDecimal@@V0@G@Z 10088ca9 f   KZOEDECA.OBJ
 0001:00087d78       ??_0@YGGGVZDecimal@@@Z     10088d78 f   KZOEDECA.OBJ
 0001:00087dbb       ??_0@YG?AVZDecimal@@V0@H@Z 10088dbb f   KZOEDECA.OBJ
 0001:00087e89       ??_0@YG?AVZDecimal@@V0@I@Z 10088e89 f   KZOEDECA.OBJ
 0001:00087f57       ??_0@YG?AVZDecimal@@V0@D@Z 10088f57 f   KZOEDECA.OBJ
 0001:00088026       ??_0@YG?AVZDecimal@@V0@E@Z 10089026 f   KZOEDECA.OBJ
 0001:000880f9       ??_0@YG?AVZDecimal@@V0@N@Z 100890f9 f   KZOEDECA.OBJ
 0001:000881ce       ??0ARACrypt@@QAE@XZ        100891ce f   KZOEDECA.OBJ
 0001:00088271       ??1ARACrypt@@UAE@XZ        10089271 f   KZOEDECA.OBJ
 0001:00088285       ?SetKey@ARACrypt@@UAEXPBD@Z 10089285 f   KZOEDECA.OBJ
 0001:000883e9       ?GetKey@ARACrypt@@UAEXPAD@Z 100893e9 f   KZOEDECA.OBJ
 0001:00088409       ?TransformChar@ARACrypt@@UAEXAAE@Z 10089409 f   KZOEDECA.OBJ
 0001:0008857c       ?TransformString@ARACrypt@@UAEXPADPBD@Z 1008957c f   KZOEDECA.OBJ
 0001:000885fa       ?fnEncryptStringUL@@YAFPAD00GE@Z 100895fa f   KZOEDECA.OBJ
 0001:00088abe       _UfEncryptStringUL@16      10089abe f   KZOEDECA.OBJ
 0001:00088ae0       _UfEncryptStringLong@16    10089ae0 f   KZOEDECA.OBJ
 0001:00088bfd       ?fnDecryptStringUL@@YGFPAD00GE@Z 10089bfd f   KZOEDECA.OBJ
 0001:00088fd4       _UfDecryptStringUL@16      10089fd4 f   KZOEDECA.OBJ
 0001:00088ff3       _UfDecryptStringLong@16    10089ff3 f   KZOEDECA.OBJ
 0001:0008910f       ?CommitMultipleOIs@@YGFJFPAFJ@Z 1008a10f f   KZOEDECA.OBJ
 0001:0008912c       _fnCallDecOper@16          1008a12c f   KZOEDECA.OBJ
 0001:00089179       _SysCallDecimalOperation@16 1008a179 f   KZOEDECA.OBJ
 0001:00089195       _SysAssignDecimalFromDecimal@8 1008a195 f   KZOEDECA.OBJ
 0001:000891ad       _SysAssignDecimalFromNull@4 1008a1ad f   KZOEDECA.OBJ
 0001:000891c3       _SysCompareDecimalToDecimal@8 1008a1c3 f   KZOEDECA.OBJ
 0001:000891db       _SysCompareDecimalToDouble@12 1008a1db f   KZOEDECA.OBJ
 0001:000891f3       _SysCompareDecimalToNull@4 1008a1f3 f   KZOEDECA.OBJ
 0001:00089209       _SysConvertDecimalToString@12 1008a209 f   KZOEDECA.OBJ
 0001:00089223       _SysConvertStringToDecimal@8 1008a223 f   KZOEDECA.OBJ
 0001:0008923b       _SysConvertLongToDecimal@8 1008a23b f   KZOEDECA.OBJ
 0001:00089253       _SysConvertDecimalToLong@8 1008a253 f   KZOEDECA.OBJ
 0001:0008926b       _SysConvertDecimalToDouble@8 1008a26b f   KZOEDECA.OBJ
 0001:00089283       _SysConvertDoubleToDecimal@12 1008a283 f   KZOEDECA.OBJ
 0001:0008929b       _SysAddDecimalToDecimal@12 1008a29b f   KZOEDECA.OBJ
 0001:000892b5       _SysSubtractDecimalFromDecimal@12 1008a2b5 f   KZOEDECA.OBJ
 0001:000892cf       _SysMultiplyDecimalByDecimal@12 1008a2cf f   KZOEDECA.OBJ
 0001:000892e9       _SysDivideDecimalByDecimal@12 1008a2e9 f   KZOEDECA.OBJ
 0001:00089303       _SysRoundDecimal@8         1008a303 f   KZOEDECA.OBJ
 0001:0008bd60       ??_GARACrypt@@UAEPAXI@Z    1008cd60 f i KZOEDECA.OBJ
 0001:0008bd60       ??_EARACrypt@@UAEPAXI@Z    1008cd60 f i KZOEDECA.OBJ
 0001:0008bda0       _fnSetProcessIdx           1008cda0 f   KZOESYAA.OBJ
 0001:0008be4c       _FindWebSubtask@4          1008ce4c f   KZOESYAA.OBJ
 0001:0008bf47       _SysGetProcessID@4         1008cf47 f   KZOESYAA.OBJ
 0001:0008bf6e       _SysGetTaskFromView@4      1008cf6e f   KZOESYAA.OBJ
 0001:0008bf85       _SysSetDefaultTaskForProcess@4 1008cf85 f   KZOESYAA.OBJ
 0001:0008bfa5       _SetTransientTaskProcess@16 1008cfa5 f   KZOESYAA.OBJ
 0001:0008c133       _SysMakeWebFileName@12     1008d133 f   KZOESYAA.OBJ
 0001:0008c275       _SysSetFocusToWebCtrl@20   1008d275 f   KZOESYAA.OBJ
 0001:0008c3d6       _SysSetWebBannerName@12    1008d3d6 f   KZOESYAA.OBJ
 0001:0008c464       _SysGetWebBannerName@12    1008d464 f   KZOESYAA.OBJ
 0001:0008c4d1       _RegisterZeidonApplication@28 1008d4d1 f   KZOESYAA.OBJ
 0001:0008c9a4       _UnregisterZeidonApplication@4 1008d9a4 f   KZOESYAA.OBJ
 0001:0008cb26       _SysFreeInternational@4    1008db26 f   KZOESYAA.OBJ
 0001:0008cb8f       _fnConvertToZeidonFormat   1008db8f f   KZOESYAA.OBJ
 0001:0008d250       _SysCreateInternational@0  1008e250 f   KZOESYAA.OBJ
 0001:0008d7e6       _SysGetLanguageCode@4      1008e7e6 f   KZOESYAA.OBJ
 0001:0008d815       _SysSetLanguageCode@4      1008e815 f   KZOESYAA.OBJ
 0001:0008d842       _SysGetNumberFormat@12     1008e842 f   KZOESYAA.OBJ
 0001:0008d8ba       _SysGetTimeFormat@4        1008e8ba f   KZOESYAA.OBJ
 0001:0008d91b       _SysGetLongDateFormat@4    1008e91b f   KZOESYAA.OBJ
 0001:0008d97c       _SysGetShortDateFormat@4   1008e97c f   KZOESYAA.OBJ
 0001:0008d9dd       _fnConvertEnvironmentString@8 1008e9dd f   KZOESYAA.OBJ
 0001:0008dad5       _SysConvertEnvironmentString@8 1008ead5 f   KZOESYAA.OBJ
 0001:0008dae9       _fnBuildZeidonIni          1008eae9 f   KZOESYAA.OBJ
 0001:0008db4c       _InitializeAnchorBlock@16  1008eb4c f   KZOESYAA.OBJ
 0001:0008e65e       _fnFreeLocalAnchorBlock@4  1008f65e f   KZOESYAA.OBJ
 0001:0008e72c       _FreeAnchorBlock@4         1008f72c f   KZOESYAA.OBJ
 0001:0008e7e1       _ProcessZeidonMessage@8    1008f7e1 f   KZOESYAA.OBJ
 0001:0008ed3d       _fnAllocSharedMemory@16    1008fd3d f   KZOESYAA.OBJ
 0001:0008eed8       _CheckPointer              1008fed8 f   KZOESYAA.OBJ
 0001:0008ef5c       _fnFreeSharedMemory@8      1008ff5c f   KZOESYAA.OBJ
 0001:0008f14b       _SysMalloc@4               1009014b f   KZOESYAA.OBJ
 0001:0008f16a       _SysFree@4                 1009016a f   KZOESYAA.OBJ
 0001:0008f184       _SysMemSize@4              10090184 f   KZOESYAA.OBJ
 0001:0008f198       _SysAllocMemory@20         10090198 f   KZOESYAA.OBJ
 0001:0008f1fb       _SysFreeMemory@4           100901fb f   KZOESYAA.OBJ
 0001:0008f21a       _SysAddressMemory@4        1009021a f   KZOESYAA.OBJ
 0001:0008f232       _SysValidAddress@12        10090232 f   KZOESYAA.OBJ
 0001:0008f278       _SysCheckTaskMemory@0      10090278 f   KZOESYAA.OBJ
 0001:0008f27f       _fnGetAnchorBlock@8        1009027f f   KZOESYAA.OBJ
 0001:0008f489       _SysGetAnchorBlock@0       10090489 f   KZOESYAA.OBJ
 0001:0008f493       _SysGetAnchorBlockData@4   10090493 f   KZOESYAA.OBJ
 0001:0008f547       _SysStartObjectServices    10090547 f   KZOESYAA.OBJ
 0001:0008fa64       _fnSysGetPointerFromHandleServerMode@4 10090a64 f   KZOESYAA.OBJ
 0001:0008fa6e       _fnSysGetPointerFromHandleShared@4 10090a6e f   KZOESYAA.OBJ
 0001:0008fbb9       _SysGetPointerFromHandle@4 10090bb9 f   KZOESYAA.OBJ
 0001:0008fbca       _fnSysGetHandleFromPointerServerMode@4 10090bca f   KZOESYAA.OBJ
 0001:0008fbd4       _fnSysGetHandleFromPointerShared@4 10090bd4 f   KZOESYAA.OBJ
 0001:0008fc2b       _SysGetHandleFromPointer@4 10090c2b f   KZOESYAA.OBJ
 0001:0008fc3c       _fnSysCreateHandle@8       10090c3c f   KZOESYAA.OBJ
 0001:0008fcaf       _fnMapFile@16              10090caf f   KZOESYAA.OBJ
 0001:0008fe48       _SysGetEnvVar@12           10090e48 f   KZOESYAA.OBJ
 0001:0008fe74       _SysWait@4                 10090e74 f   KZOESYAA.OBJ
 0001:0008fe8a       _SysDiagnosticMessage@16   10090e8a f   KZOESYAA.OBJ
 0001:0008fedd       _fnSysMessageBox@16        10090edd f   KZOESYAA.OBJ
 0001:000900ab       _SysMessageBox@16          100910ab f   KZOESYAA.OBJ
 0001:00090156       _SysMessageList@4          10091156 f   KZOESYAA.OBJ
 0001:00090369       _SysSetUserID@12           10091369 f   KZOESYAA.OBJ
 0001:000904e0       _SysSetDB_UserID@12        100914e0 f   KZOESYAA.OBJ
 0001:00090593       _SysGetUserID@12           10091593 f   KZOESYAA.OBJ
 0001:000906a8       _SysGetDB_UserID@12        100916a8 f   KZOESYAA.OBJ
 0001:00090746       _SysCreateTempFileName@4   10091746 f   KZOESYAA.OBJ
 0001:00090791       _fnSysCopyFile@16          10091791 f   KZOESYAA.OBJ
 0001:000908cd       _SysCopyFile@16            100918cd f   KZOESYAA.OBJ
 0001:00090913       _fnSysRenameFile@16        10091913 f   KZOESYAA.OBJ
 0001:000909fc       _SysRenameFile@16          100919fc f   KZOESYAA.OBJ
 0001:00090a42       _fnSysOpenFile@12          10091a42 f   KZOESYAA.OBJ
 0001:00090ff7       _SysOpenFile@12            10091ff7 f   KZOESYAA.OBJ
 0001:00091039       _fnSysReadFile@16          10092039 f   KZOESYAA.OBJ
 0001:00091066       _SysReadFile@16            10092066 f   KZOESYAA.OBJ
 0001:000910ac       _fnSysReadLine@16          100920ac f   KZOESYAA.OBJ
 0001:00091518       _SysReadLine@12            10092518 f   KZOESYAA.OBJ
 0001:0009155c       _fnSysReadLineLth@20       1009255c f   KZOESYAA.OBJ
 0001:000918dd       _SysReadLineLth@16         100928dd f   KZOESYAA.OBJ
 0001:00091925       _fnSysWriteFile@16         10092925 f   KZOESYAA.OBJ
 0001:000919ac       _SysWriteFile@16           100929ac f   KZOESYAA.OBJ
 0001:000919f2       _fnSysWriteLine@16         100929f2 f   KZOESYAA.OBJ
 0001:00091c44       _SysWriteLine@12           10092c44 f   KZOESYAA.OBJ
 0001:00091c88       _fnSysWriteLineLth@24      10092c88 f   KZOESYAA.OBJ
 0001:00091ef7       _SysWriteLineLth@20        10092ef7 f   KZOESYAA.OBJ
 0001:00091f43       _fnSysCloseFileWithControl@16 10092f43 f   KZOESYAA.OBJ
 0001:0009214c       _SysCloseFileWithControl@16 1009314c f   KZOESYAA.OBJ
[...]
 0003:0001347c       ??_C@_0CC@GDM@?$CIZDecimal?$CJ?5Precision?5?$CIin?5bits?$CJ?5?$DN@ 100b647c     KZOESYAA.OBJ
 0003:000134a4       ??_C@_0CO@IFCF@?$CIZDecimal?$CJ?5Using?5default?5zDecima@ 100b64a4     KZOESYAA.OBJ
 0003:000134dc       ??_C@_0BI@NCB@Error?5creating?5mutex?5?$CFs?$AA@ 100b64dc     KZOESYAA.OBJ
 0003:000134f8       ??_C@_0BL@OJCG@Mutex?5?8?$CFs?8?5already?5created?$AA@ 100b64f8     KZOESYAA.OBJ
 0003:00013518       ??_C@_0BK@ODA@Error?5destroying?5mutex?5?$CFs?$AA@ 100b6518     KZOESYAA.OBJ
 0003:00013538       ??_C@_0CA@JEKI@Trying?5to?5destroy?5NULL?5Mutex?5?$CFs?$AA@ 100b6538     KZOESYAA.OBJ
 0003:00013560       ??_C@_0BN@NAII@Trying?5to?5lock?5NULL?5Mutex?5?$CFs?$AA@ 100b6560     KZOESYAA.OBJ
 0003:00013584       ??_C@_0BJ@HDOA@Error?5releasing?5mutex?5?$CFs?$AA@ 100b6584     KZOESYAA.OBJ
 0003:000135a4       ??_C@_0BP@PNEP@Trying?5to?5unlock?5NULL?5Mutex?5?$CFs?$AA@ 100b65a4     KZOESYAA.OBJ
 0003:000135cc       ??_C@_09PEMB@MutexFind?$AA@ 100b65cc     KZOESYAA.OBJ
 0003:000135d8       ??_C@_09KKLG@Null?5task?$AA@ 100b65d8     KZOESYAA.OBJ
 0003:000135e4       ??_C@_0CD@KDEH@fnMutexCreate?5Invalid?5mutex?5name@ 100b65e4     KZOESYAA.OBJ
 0003:00013610       ??_C@_0BE@IMPM@Error?5locking?5mutex?$AA@ 100b6610     KZOESYAA.OBJ
 0003:00013628       ??_C@_0CB@MGPE@?$CItm?$CJ?5Error?5trying?5to?5lock?5mutex?5@ 100b6628     KZOESYAA.OBJ
 0003:00013650       ??_C@_0EG@GHCJ@Task?50x?$CF08x?5?$CIprocess?5id?3?$CFd?$CJ?5is?5w@ 100b6650     KZOESYAA.OBJ
 0003:000136a4       ??_C@_0CH@OFLB@Mutex?5?8?$CFs?8?5is?5unlocked?5?5?5Process@ 100b66a4     KZOESYAA.OBJ
 0003:000136d4       ??_C@_0CN@GMLN@Mutex?5?8?$CFs?8?5locked?5by?5Task?3?5?$CFd?5?5P@ 100b66d4     KZOESYAA.OBJ
 0003:0001370c       ??_C@_0BK@INMI@MutexQueryStatus?5?$CFs?5?9?9?5OK?$AA@ 100b670c     KZOESYAA.OBJ
 0003:0001372c       ??_C@_0CD@LOL@MutexQueryStatus?5?$CFs?5?9?9?5FAILED?5?$CI?$CF@ 100b672c     KZOESYAA.OBJ
 0003:00013758       ??_C@_0CE@DCCM@MutexQueryStatus?5?$CFs?5?9?9?5Checking?5@ 100b6758     KZOESYAA.OBJ
 0003:00013784       ??_C@_0BH@FCNG@?5?9?9?9?9?5MUTEX?5LIST?5?9?9?9?9?5?$AA@ 100b6784     KZOESYAA.OBJ
 0003:000137a0       ??_C@_08EIPD@KZOESYAA?$AA@ 100b67a0     KZOESYAA.OBJ
 0003:000137ac       ??_C@_0CI@DLDL@SysMainWndProc?5for?5Tomcat?5sessio@ 100b67ac     KZOESYAA.OBJ
 0003:000137dc       ??_C@_0DP@DCII@SysInitApplicationWindow?5Class?3?5@ 100b67dc     KZOESYAA.OBJ
 0003:00013828       ??_C@_0N@JELK@ObjectEngine?$AA@ 100b6828     KZOESYAA.OBJ
 0003:00013838       ??_C@_0L@EMHA@ServerMode?$AA@ 100b6838     KZOESYAA.OBJ
 0003:00013848       ??_C@_08HAKP@KZOESRVC?$AA@ 100b6848     KZOESYAA.OBJ
 0003:00013854       ??_C@_0BB@PIKC@DKC_MSECT_EVT_?$CFs?$AA@ 100b6854     METERSEC.OBJ
 0003:00013868       ??_C@_0BB@KJDG@DKC_MSECT_MMF_?$CFs?$AA@ 100b6868     METERSEC.OBJ
 0003:0001387c       ??_C@_0BN@FBPI@Compile?5Date?1Time?5for?5OE?5is?5?$AA@ 100b687c     KZOETSAA.OBJ
 0003:000138a0       ??_C@_0BF@IFEK@Apr?522?52014?516?304?346?$AA@ 100b68a0     KZOETSAA.OBJ
 0003:00013fb8       ??_C@_00A@?$AA@            100b6fb8     KZOEAPAA.OBJ
 0003:00013ff4       _g_chNetSendCompressed     100b6ff4     KZOENETA.OBJ
 0003:00014000       _g_pProbeArea              100b7000     KZOEUFAA.OBJ
 0003:00014040       _g_ZeidonPageTable         100b7040     KZOESYAA.OBJ
 0003:00014440       _g_FileMappingHandles      100b7440     KZOESYAA.OBJ
 0003:00014840       _g_nOE_TraceWarning        100b7840     KZOESYAA.OBJ
 0003:00014844       _g_vRealTaskView           100b7844     KZOESYAA.OBJ
 0003:00014848       _g_vDefaultTaskView        100b7848     KZOESYAA.OBJ
 0003:0001484c       _g_lProcessID              100b784c     KZOESYAA.OBJ
 0003:00014850       _g_ZeidonMutexTable        100b7850     KZOESYAA.OBJ
 0003:00014890       _g_hAnchorBlock            100b7890     KZOESYAA.OBJ
 0003:00014894       _AnchorBlock               100b7894     KZOESYAA.OBJ
 0003:00014898       _g_bServerMode             100b7898     KZOESYAA.OBJ
 0003:0001489c       _lpNullP                   100b789c     KZOESYAA.OBJ
 0003:000148a0       _pHab                      100b78a0     KZOESYAA.OBJ
 0003:000148a4       _hModule                   100b78a4     KZOESYAA.OBJ
 0003:000148a8       _g_wOENG_Message           100b78a8     KZOESYAA.OBJ
 0003:000148ac       _g_wClientMessage          100b78ac     KZOESYAA.OBJ
 0003:000148b0       _g_ZeidonMutexLockCnt      100b78b0     KZOESYAA.OBJ
 0003:000148f0       _g_hInstance               100b78f0     KZOESYAA.OBJ
 0003:000148f4       _g_bProcessRegistered      100b78f4     KZOESYAA.OBJ
 0003:00014ad0       ??_C@_08A@?$AA?$AA?$AA?$AA?$AA?$AA?$AA?$AA?$AA@ 100b7ad0     KZOESYAA.OBJ
 0003:00014aec       ?pHtmlHelpW@@3P6GPAUHWND__@@PAU1@PBGIK@ZA 100b7aec     htmlhelp:init.obj
 0003:00014af0       ?pHtmlHelpA@@3P6GPAUHWND__@@PAU1@PBDIK@ZA 100b7af0     htmlhelp:init.obj
 0003:00014af4       __hmod__XMLPARSE           100b7af4     xmlparse:xmlparse.dll
 0003:00014af8       ___puiHead                 100b7af8     DelayImp:delayhlp.obj
 0003:00014afc       ___pfnDliFailureHook       100b7afc     DelayImp:delayhk1.obj
 0003:00014b00       ___pfnDliNotifyHook        100b7b00     DelayImp:delayhk2.obj
 0003:00014b08       _g_pfnGetHndl              100b7b08     <common>
 0003:00014b80       _g_lTable                  100b7b80     <common>
 0003:00014bc0       _g_csReuseEntity           100b7bc0     <common>
 0003:00014bd8       _g_lCurrentProcessID       100b7bd8     <common>
 0003:00014bdc       _g_hThreadInfo             100b7bdc     <common>
 0003:00014be0       _g_pfnGetPtr               100b7be0     <common>
 0003:00014c00       _g_ZeidonCritTable         100b7c00     <common>
 0003:00014d80       _g_csSysLoadLibrary        100b7d80     <common>
 0003:00014da0       _jbEmergencyExit           100b7da0     <common>
 0003:00014df4       _g_bTraceDataspace         100b7df4     <common>
 0003:00014e00       __adjust_fdiv              100b7e00     <common>
 0003:00014e0c       ___onexitend               100b7e0c     <common>
 0003:00014e1c       ___onexitbegin             100b7e1c     <common>
 0003:00014e20       __pRawDllMain              100b7e20     <common>
 0004:00000000       __IMPORT_DESCRIPTOR_USER32 100b8000     user32:USER32.dll
 0004:00000014       __IMPORT_DESCRIPTOR_KERNEL32 100b8014     kernel32:KERNEL32.dll
 0004:00000028       __IMPORT_DESCRIPTOR_GDI32  100b8028     gdi32:GDI32.dll
 0004:0000003c       __IMPORT_DESCRIPTOR_ZDECIMAL 100b803c     zdecimal:ZDECIMAL.dll
 0004:00000050       __IMPORT_DESCRIPTOR_MSVCRTD 100b8050     MSVCRTD:MSVCRTD.dll
 0004:00000064       __IMPORT_DESCRIPTOR_ADVAPI32 100b8064     advapi32:ADVAPI32.dll
 0004:00000078       __NULL_IMPORT_DESCRIPTOR   100b8078     user32:USER32.dll
 0004:00000424       __imp__RegQueryValueExA@24 100b8424     advapi32:ADVAPI32.dll
 0004:00000428       __imp__RegOpenKeyExA@20    100b8428     advapi32:ADVAPI32.dll
 0004:0000042c       __imp__RegCloseKey@4       100b842c     advapi32:ADVAPI32.dll
 0004:00000430       \177ADVAPI32_NULL_THUNK_DATA 100b8430     advapi32:ADVAPI32.dll
 0004:0000045c       __imp__GetStockObject@4    100b845c     gdi32:GDI32.dll
 0004:00000460       \177GDI32_NULL_THUNK_DATA  100b8460     gdi32:GDI32.dll
 0004:0000048c       __imp__LocalAlloc@8        100b848c     kernel32:KERNEL32.dll
 0004:00000490       __imp__GetFileAttributesA@4 100b8490     kernel32:KERNEL32.dll
 0004:00000494       __imp__InterlockedExchange@8 100b8494     kernel32:KERNEL32.dll
 0004:00000498       __imp__OpenEventA@12       100b8498     kernel32:KERNEL32.dll
 0004:0000049c       __imp__SetEvent@4          100b849c     kernel32:KERNEL32.dll
 0004:000004a0       __imp__ResetEvent@4        100b84a0     kernel32:KERNEL32.dll
 0004:000004a4       __imp__SetLastError@4      100b84a4     kernel32:KERNEL32.dll
 0004:000004a8       __imp__GetVersionExA@4     100b84a8     kernel32:KERNEL32.dll
 0004:000004ac       __imp__GetPrivateProfileStringA@24 100b84ac     kernel32:KERNEL32.dll
 0004:000004b0       __imp__ReleaseMutex@4      100b84b0     kernel32:KERNEL32.dll
 0004:000004b4       __imp__CreateMutexA@12     100b84b4     kernel32:KERNEL32.dll
 0004:000004b8       __imp__GetTickCount@0      100b84b8     kernel32:KERNEL32.dll
 0004:000004bc       __imp__GetFullPathNameA@16 100b84bc     kernel32:KERNEL32.dll
 0004:000004c0       __imp__RaiseException@16   100b84c0     kernel32:KERNEL32.dll
 0004:000004c4       __imp__CreateDirectoryA@8  100b84c4     kernel32:KERNEL32.dll
 0004:000004c8       __imp__GetProcAddress@8    100b84c8     kernel32:KERNEL32.dll
 0004:000004cc       __imp__GetCurrentProcessId@0 100b84cc     kernel32:KERNEL32.dll
 0004:000004d0       __imp__GetCurrentThreadId@0 100b84d0     kernel32:KERNEL32.dll
 0004:000004d4       __imp__LeaveCriticalSection@4 100b84d4     kernel32:KERNEL32.dll
 0004:000004d8       __imp__EnterCriticalSection@4 100b84d8     kernel32:KERNEL32.dll
 0004:000004dc       __imp__InitializeCriticalSection@4 100b84dc     kernel32:KERNEL32.dll
 0004:000004e0       __imp__CloseHandle@4       100b84e0     kernel32:KERNEL32.dll
 0004:000004e4       __imp__OpenMutexA@12       100b84e4     kernel32:KERNEL32.dll
 0004:000004e8       __imp__GetLastError@0      100b84e8     kernel32:KERNEL32.dll
 0004:000004ec       __imp__DeleteCriticalSection@4 100b84ec     kernel32:KERNEL32.dll
 0004:000004f0       __imp__GetProfileStringA@20 100b84f0     kernel32:KERNEL32.dll
 0004:000004f4       __imp__GetProfileIntA@12   100b84f4     kernel32:KERNEL32.dll
 0004:000004f8       __imp__GetPrivateProfileIntA@16 100b84f8     kernel32:KERNEL32.dll
 0004:000004fc       __imp__UnmapViewOfFile@4   100b84fc     kernel32:KERNEL32.dll
 0004:00000500       __imp__FreeLibrary@4       100b8500     kernel32:KERNEL32.dll
 0004:00000504       __imp__LocalFree@4         100b8504     kernel32:KERNEL32.dll
 0004:00000508       __imp__FormatMessageA@28   100b8508     kernel32:KERNEL32.dll
 0004:0000050c       __imp__GetHandleInformation@8 100b850c     kernel32:KERNEL32.dll
 0004:00000510       __imp__DuplicateHandle@28  100b8510     kernel32:KERNEL32.dll
 0004:00000514       __imp__OpenProcess@12      100b8514     kernel32:KERNEL32.dll
 0004:00000518       __imp__GetCurrentProcess@0 100b8518     kernel32:KERNEL32.dll
 0004:0000051c       __imp__IsBadReadPtr@8      100b851c     kernel32:KERNEL32.dll
 0004:00000520       __imp__IsBadWritePtr@8     100b8520     kernel32:KERNEL32.dll
 0004:00000524       __imp__MapViewOfFile@20    100b8524     kernel32:KERNEL32.dll
 0004:00000528       __imp__OpenFileMappingA@12 100b8528     kernel32:KERNEL32.dll
 0004:0000052c       __imp__WaitForSingleObject@8 100b852c     kernel32:KERNEL32.dll
 0004:00000530       __imp__CreateProcessA@40   100b8530     kernel32:KERNEL32.dll
 0004:00000534       __imp__CreateEventA@16     100b8534     kernel32:KERNEL32.dll
 0004:00000538       __imp__ReadFile@20         100b8538     kernel32:KERNEL32.dll
 0004:0000053c       __imp__CreateFileA@28      100b853c     kernel32:KERNEL32.dll
 0004:00000540       __imp__CreateFileMappingA@24 100b8540     kernel32:KERNEL32.dll
 0004:00000544       __imp__GetEnvironmentVariableA@12 100b8544     kernel32:KERNEL32.dll
 0004:00000548       __imp__Sleep@4             100b8548     kernel32:KERNEL32.dll
 0004:0000054c       __imp__MoveFileA@8         100b854c     kernel32:KERNEL32.dll
 0004:00000550       __imp__DeleteFileA@4       100b8550     kernel32:KERNEL32.dll
 0004:00000554       __imp__SearchPathA@24      100b8554     kernel32:KERNEL32.dll
 0004:00000558       __imp__SetFilePointer@16   100b8558     kernel32:KERNEL32.dll
 0004:0000055c       __imp__WriteFile@20        100b855c     kernel32:KERNEL32.dll
 0004:00000560       __imp__SetFileTime@16      100b8560     kernel32:KERNEL32.dll
 0004:00000564       __imp__SystemTimeToFileTime@8 100b8564     kernel32:KERNEL32.dll
 0004:00000568       __imp__GetFileSize@8       100b8568     kernel32:KERNEL32.dll
 0004:0000056c       __imp__FileTimeToSystemTime@8 100b856c     kernel32:KERNEL32.dll
 0004:00000570       __imp__GetFileTime@16      100b8570     kernel32:KERNEL32.dll
 0004:00000574       __imp__GetLocalTime@4      100b8574     kernel32:KERNEL32.dll
 0004:00000578       __imp__LoadLibraryA@4      100b8578     kernel32:KERNEL32.dll
 0004:0000057c       __imp__LoadLibraryExA@12   100b857c     kernel32:KERNEL32.dll
 0004:00000580       __imp__SetCurrentDirectoryA@4 100b8580     kernel32:KERNEL32.dll
 0004:00000584       __imp__GetCurrentDirectoryA@8 100b8584     kernel32:KERNEL32.dll
 0004:00000588       \177KERNEL32_NULL_THUNK_DATA 100b8588     kernel32:KERNEL32.dll
 0004:000005e4       __imp__strtoul             100b85e4     MSVCRTD:MSVCRTD.dll
 0004:000005e8       __imp____dllonexit         100b85e8     MSVCRTD:MSVCRTD.dll
 0004:000005ec       __imp___adjust_fdiv        100b85ec     MSVCRTD:MSVCRTD.dll
 0004:000005f0       __imp___malloc_dbg         100b85f0     MSVCRTD:MSVCRTD.dll
 0004:000005f4       __imp___initterm           100b85f4     MSVCRTD:MSVCRTD.dll
 0004:000005f8       __imp___free_dbg           100b85f8     MSVCRTD:MSVCRTD.dll
 0004:000005fc       __imp___ftol               100b85fc     MSVCRTD:MSVCRTD.dll
 0004:00000600       __imp__atof                100b8600     MSVCRTD:MSVCRTD.dll
 0004:00000604       __imp__floor               100b8604     MSVCRTD:MSVCRTD.dll
 0004:00000608       __imp___strupr             100b8608     MSVCRTD:MSVCRTD.dll
 0004:0000060c       __imp___msize              100b860c     MSVCRTD:MSVCRTD.dll
 0004:00000610       __imp__atoi                100b8610     MSVCRTD:MSVCRTD.dll
 0004:00000614       __imp__calloc              100b8614     MSVCRTD:MSVCRTD.dll
 0004:00000618       __imp_??2@YAPAXI@Z         100b8618     MSVCRTD:MSVCRTD.dll
 0004:0000061c       __imp__srand               100b861c     MSVCRTD:MSVCRTD.dll
 0004:00000620       __imp__rand                100b8620     MSVCRTD:MSVCRTD.dll
 0004:00000624       __imp_??3@YAXPAX@Z         100b8624     MSVCRTD:MSVCRTD.dll
 0004:00000628       __imp___strrev             100b8628     MSVCRTD:MSVCRTD.dll
 0004:0000062c       __imp__strcpy              100b862c     MSVCRTD:MSVCRTD.dll
 0004:00000630       __imp__strlen              100b8630     MSVCRTD:MSVCRTD.dll
 0004:00000634       __imp___pctype             100b8634     MSVCRTD:MSVCRTD.dll
 0004:00000638       __imp___isctype            100b8638     MSVCRTD:MSVCRTD.dll
 0004:0000063c       __imp____mb_cur_max        100b863c     MSVCRTD:MSVCRTD.dll
 0004:00000640       __imp__strchr              100b8640     MSVCRTD:MSVCRTD.dll
 0004:00000644       __imp__atol                100b8644     MSVCRTD:MSVCRTD.dll
 0004:00000648       __imp__strcmp              100b8648     MSVCRTD:MSVCRTD.dll
 0004:0000064c       __imp__strncmp             100b864c     MSVCRTD:MSVCRTD.dll
 0004:00000650       __imp__strcat              100b8650     MSVCRTD:MSVCRTD.dll
 0004:00000654       __imp___stricmp            100b8654     MSVCRTD:MSVCRTD.dll
 0004:00000658       __imp__memcpy              100b8658     MSVCRTD:MSVCRTD.dll
 0004:0000065c       __imp__memcmp              100b865c     MSVCRTD:MSVCRTD.dll
 0004:00000660       __imp___ltoa               100b8660     MSVCRTD:MSVCRTD.dll
 0004:00000664       __imp__strncat             100b8664     MSVCRTD:MSVCRTD.dll
 0004:00000668       __imp__strncpy             100b8668     MSVCRTD:MSVCRTD.dll
 0004:0000066c       __imp__memset              100b866c     MSVCRTD:MSVCRTD.dll
 0004:00000670       __imp__sprintf             100b8670     MSVCRTD:MSVCRTD.dll
 0004:00000674       __imp__strstr              100b8674     MSVCRTD:MSVCRTD.dll
 0004:00000678       __imp___setjmp3            100b8678     MSVCRTD:MSVCRTD.dll
 0004:0000067c       __imp__toupper             100b867c     MSVCRTD:MSVCRTD.dll
 0004:00000680       __imp__strtol              100b8680     MSVCRTD:MSVCRTD.dll
 0004:00000684       __imp___strlwr             100b8684     MSVCRTD:MSVCRTD.dll
 0004:00000688       __imp__free                100b8688     MSVCRTD:MSVCRTD.dll
 0004:0000068c       __imp__malloc              100b868c     MSVCRTD:MSVCRTD.dll
 0004:00000690       __imp___strnicmp           100b8690     MSVCRTD:MSVCRTD.dll
 0004:00000694       __imp__strrchr             100b8694     MSVCRTD:MSVCRTD.dll
 0004:00000698       __imp___vsnprintf          100b8698     MSVCRTD:MSVCRTD.dll
 0004:0000069c       __imp__tolower             100b869c     MSVCRTD:MSVCRTD.dll
 0004:000006a0       __imp__labs                100b86a0     MSVCRTD:MSVCRTD.dll
 0004:000006a4       __imp___onexit             100b86a4     MSVCRTD:MSVCRTD.dll
 0004:000006a8       \177MSVCRTD_NULL_THUNK_DATA 100b86a8     MSVCRTD:MSVCRTD.dll
 0004:000006f8       __imp__UnregisterClassA@8  100b86f8     user32:USER32.dll
 0004:000006fc       __imp__GetActiveWindow@0   100b86fc     user32:USER32.dll
 0004:00000700       __imp__IsWindow@4          100b8700     user32:USER32.dll
 0004:00000704       __imp__CharUpperA@4        100b8704     user32:USER32.dll
 0004:00000708       __imp__CharLowerA@4        100b8708     user32:USER32.dll
 0004:0000070c       __imp__MessageBeep@4       100b870c     user32:USER32.dll
 0004:00000710       __imp__GetDesktopWindow@0  100b8710     user32:USER32.dll
 0004:00000714       __imp__WinHelpA@16         100b8714     user32:USER32.dll
 0004:00000718       __imp__RegisterWindowMessageA@4 100b8718     user32:USER32.dll
 0004:0000071c       __imp__DefWindowProcA@16   100b871c     user32:USER32.dll
 0004:00000720       __imp__PostQuitMessage@4   100b8720     user32:USER32.dll
 0004:00000724       __imp__ShowWindow@8        100b8724     user32:USER32.dll
 0004:00000728       __imp__CreateWindowExA@48  100b8728     user32:USER32.dll
 0004:0000072c       __imp__GetSystemMetrics@4  100b872c     user32:USER32.dll
 0004:00000730       __imp__RegisterClassA@4    100b8730     user32:USER32.dll
 0004:00000734       __imp__LoadCursorA@8       100b8734     user32:USER32.dll
 0004:00000738       __imp__LoadIconA@8         100b8738     user32:USER32.dll
 0004:0000073c       __imp__wsprintfA           100b873c     user32:USER32.dll
 0004:00000740       __imp__GetWindowTextA@12   100b8740     user32:USER32.dll
 0004:00000744       __imp__SendMessageA@16     100b8744     user32:USER32.dll
 0004:00000748       __imp__PostMessageA@16     100b8748     user32:USER32.dll
 0004:0000074c       __imp__MessageBoxA@16      100b874c     user32:USER32.dll
 0004:00000750       \177USER32_NULL_THUNK_DATA 100b8750     user32:USER32.dll
 0004:0000078c       __imp__DecimalOperation@16 100b878c     zdecimal:ZDECIMAL.dll
 0004:00000790       \177ZDECIMAL_NULL_THUNK_DATA 100b8790     zdecimal:ZDECIMAL.dll
 0005:00000000       __DELAY_IMPORT_DESCRIPTOR_xmlparse 100ba000     xmlparse:xmlparse.dll
 0005:00000128       __NULL_DELAY_IMPORT_DESCRIPTOR 100ba128     xmlparse:xmlparse.dll
 0005:00000278       \177xmlparse_NULL_THUNK_DATA_DLN 100ba278     xmlparse:xmlparse.dll
 0005:00000384       __imp__XML_ParserFree      100ba384     xmlparse:xmlparse.dll
 0005:00000388       __imp__XML_ErrorString     100ba388     xmlparse:xmlparse.dll
 0005:0000038c       __imp__XML_GetErrorCode    100ba38c     xmlparse:xmlparse.dll
 0005:00000390       __imp__XML_GetCurrentLineNumber 100ba390     xmlparse:xmlparse.dll
 0005:00000394       __imp__XML_Parse           100ba394     xmlparse:xmlparse.dll
 0005:00000398       __imp__XML_SetUnknownEncodingHandler 100ba398     xmlparse:xmlparse.dll
 0005:0000039c       __imp__XML_SetCharacterDataHandler 100ba39c     xmlparse:xmlparse.dll
 0005:000003a0       __imp__XML_SetElementHandler 100ba3a0     xmlparse:xmlparse.dll
 0005:000003a4       __imp__XML_SetUserData     100ba3a4     xmlparse:xmlparse.dll
 0005:000003a8       __imp__XML_ParserCreate    100ba3a8     xmlparse:xmlparse.dll
 0005:000003ac       \177xmlparse_NULL_THUNK_DATA_DLA 100ba3ac     xmlparse:xmlparse.dll
 0005:000006c4       \177xmlparse_NULL_THUNK_DATA_DLB 100ba6c4     xmlparse:xmlparse.dll

 entry point at        0001:000991f0

